datasets/sample_data/sales_sample.csv
Product Name,Category,Price,Units Sold,Revenue,Cost,Date,Region
Chicken Biryani,Biryani,179.0,125,22375.0,100.0,2025-12-10,Chennai
Chicken Biryani,Biryani,179.0,120,21480.0,100.0,2025-12-11,Chennai
Chicken Biryani,Biryani,219.0,85,18615.0,100.0,2025-12-12,Chennai
Chicken Biryani,Biryani,199.0,137,27263.0,100.0,2025-12-13,Chennai
Chicken Biryani,Biryani,199.0,149,29651.0,100.0,2025-12-14,Chennai
Chicken Biryani,Biryani,219.0,94,20586.0,100.0,2025-12-15,Chennai
Chicken Biryani,Biryani,209.0,82,17138.0,100.0,2025-12-16,Chennai
Chicken Biryani,Biryani,179.0,154,27566.0,100.0,2025-12-17,Chennai
Chicken Biryani,Biryani,219.0,90,19710.0,100.0,2025-12-18,Chennai
Chicken Biryani,Biryani,179.0,99,17721.0,100.0,2025-12-19,Chennai
Chicken Biryani,Biryani,209.0,133,27797.0,100.0,2025-12-20,Chennai
Chicken Biryani,Biryani,199.0,107,21293.0,100.0,2025-12-21,Chennai
Chicken Biryani,Biryani,209.0,89,18601.0,100.0,2025-12-22,Chennai
Chicken Biryani,Biryani,199.0,92,18308.0,100.0,2025-12-23,Chennai
Chicken Biryani,Biryani,219.0,78,17082.0,100.0,2025-12-24,Chennai
Chicken Biryani,Biryani,209.0,105,21945.0,100.0,2025-12-25,Chennai
Chicken Biryani,Biryani,179.0,122,21838.0,100.0,2025-12-26,Chennai
Chicken Biryani,Biryani,189.0,151,28539.0,100.0,2025-12-27,Chennai
Chicken Biryani,Biryani,189.0,152,28728.0,100.0,2025-12-28,Chennai
Chicken Biryani,Biryani,199.0,82,16318.0,100.0,2025-12-29,Chennai
Chicken Biryani,Biryani,199.0,105,20895.0,100.0,2025-12-30,Chennai
Chicken Biryani,Biryani,219.0,94,20586.0,100.0,2025-12-31,Chennai
Chicken Biryani,Biryani,199.0,83,16517.0,100.0,2026-01-01,Chennai
Chicken Biryani,Biryani,219.0,65,14235.0,100.0,2026-01-02,Chennai
Chicken Biryani,Biryani,209.0,90,18810.0,100.0,2026-01-03,Chennai
Chicken Biryani,Biryani,199.0,122,24278.0,100.0,2026-01-04,Chennai
Chicken Biryani,Biryani,199.0,68,13532.0,100.0,2026-01-05,Chennai
Chicken Biryani,Biryani,189.0,98,18522.0,100.0,2026-01-06,Chennai
Chicken Biryani,Biryani,209.0,87,18183.0,100.0,2026-01-07,Chennai
Chicken Biryani,Biryani,209.0,73,15257.0,100.0,2026-01-08,Chennai
Chicken Biryani,Biryani,239.0,58,13862.0,100.0,2026-01-09,Chennai
Chicken Biryani,Biryani,219.0,127,27813.0,100.0,2026-01-10,Chennai
Chicken Biryani,Biryani,219.0,91,19929.0,100.0,2026-01-11,Chennai
Chicken Biryani,Biryani,209.0,81,16929.0,100.0,2026-01-12,Chennai
Chicken Biryani,Biryani,219.0,68,14892.0,100.0,2026-01-13,Chennai
Chicken Biryani,Biryani,219.0,76,16644.0,100.0,2026-01-14,Chennai
Chicken Biryani,Biryani,209.0,86,17974.0,100.0,2026-01-15,Chennai
Chicken Biryani,Biryani,229.0,64,14656.0,100.0,2026-01-16,Chennai
Chicken Biryani,Biryani,249.0,72,17928.0,100.0,2026-01-17,Chennai
Chicken Biryani,Biryani,209.0,125,26125.0,100.0,2026-01-18,Chennai
Chicken Biryani,Biryani,239.0,68,16252.0,100.0,2026-01-19,Chennai
Chicken Biryani,Biryani,249.0,57,14193.0,100.0,2026-01-20,Chennai
Chicken Biryani,Biryani,229.0,59,13511.0,100.0,2026-01-21,Chennai
Chicken Biryani,Biryani,209.0,85,17765.0,100.0,2026-01-22,Chennai
Chicken Biryani,Biryani,219.0,75,16425.0,100.0,2026-01-23,Chennai
Chicken Biryani,Biryani,239.0,84,20076.0,100.0,2026-01-24,Chennai
Chicken Biryani,Biryani,239.0,92,21988.0,100.0,2026-01-25,Chennai
Chicken Biryani,Biryani,249.0,66,16434.0,100.0,2026-01-26,Chennai
Chicken Biryani,Biryani,219.0,75,16425.0,100.0,2026-01-27,Chennai
Chicken Biryani,Biryani,229.0,64,14656.0,100.0,2026-01-28,Chennai
Chicken Biryani,Biryani,219.0,91,19929.0,100.0,2026-01-29,Chennai
Chicken Biryani,Biryani,219.0,59,12921.0,100.0,2026-01-30,Chennai
Chicken Biryani,Biryani,229.0,85,19465.0,100.0,2026-01-31,Chennai
Chicken Biryani,Biryani,219.0,85,18615.0,100.0,2026-02-01,Chennai
Chicken Biryani,Biryani,239.0,69,16491.0,100.0,2026-02-02,Chennai
Chicken Biryani,Biryani,229.0,57,13053.0,100.0,2026-02-03,Chennai
Chicken Biryani,Biryani,209.0,74,15466.0,100.0,2026-02-04,Chennai
Chicken Biryani,Biryani,229.0,60,13740.0,100.0,2026-02-05,Chennai
Chicken Biryani,Biryani,209.0,72,15048.0,100.0,2026-02-06,Chennai
Chicken Biryani,Biryani,239.0,84,20076.0,100.0,2026-02-07,Chennai
Chicken Biryani,Biryani,240.0,75,18000.0,100.0,2026-02-08,Chennai
Chicken Biryani,Biryani,260.0,59,15340.0,100.0,2026-02-09,Chennai
Chicken Biryani,Biryani,260.0,39,10140.0,100.0,2026-02-10,Chennai
Chicken Biryani,Biryani,230.0,62,14260.0,100.0,2026-02-11,Chennai
Chicken Biryani,Biryani,240.0,82,19680.0,100.0,2026-02-12,Chennai
Chicken Biryani,Biryani,260.0,62,16120.0,100.0,2026-02-13,Chennai
Chicken Biryani,Biryani,240.0,79,18960.0,100.0,2026-02-14,Chennai
Chicken Biryani,Biryani,230.0,81,18630.0,100.0,2026-02-15,Chennai
Chicken Biryani,Biryani,240.0,56,13440.0,100.0,2026-02-16,Chennai
Chicken Biryani,Biryani,250.0,55,13750.0,100.0,2026-02-17,Chennai
Chicken Biryani,Biryani,260.0,58,15080.0,100.0,2026-02-18,Chennai
Chicken Biryani,Biryani,240.0,38,9120.0,100.0,2026-02-19,Chennai
Chicken Biryani,Biryani,240.0,63,15120.0,100.0,2026-02-20,Chennai
Chicken Biryani,Biryani,260.0,70,18200.0,100.0,2026-02-21,Chennai
Chicken Biryani,Biryani,260.0,87,22620.0,100.0,2026-02-22,Chennai
Chicken Biryani,Biryani,240.0,67,16080.0,100.0,2026-02-23,Chennai
Chicken Biryani,Biryani,240.0,60,14400.0,100.0,2026-02-24,Chennai
Chicken Biryani,Biryani,270.0,52,14040.0,100.0,2026-02-25,Chennai
Chicken Biryani,Biryani,260.0,64,16640.0,100.0,2026-02-26,Chennai
Chicken Biryani,Biryani,240.0,66,15840.0,100.0,2026-02-27,Chennai
Chicken Biryani,Biryani,260.0,50,13000.0,100.0,2026-02-28,Chennai
Chicken Biryani,Biryani,230.0,96,22080.0,100.0,2026-03-01,Chennai
Chicken Biryani,Biryani,260.0,61,15860.0,100.0,2026-03-02,Chennai
Chicken Biryani,Biryani,260.0,47,12220.0,100.0,2026-03-03,Chennai
Chicken Biryani,Biryani,250.0,43,10750.0,100.0,2026-03-04,Chennai
Chicken Biryani,Biryani,270.0,56,15120.0,100.0,2026-03-05,Chennai
Chicken Biryani,Biryani,270.0,62,16740.0,100.0,2026-03-06,Chennai
Chicken Biryani,Biryani,250.0,60,15000.0,100.0,2026-03-07,Chennai
Chicken Biryani,Biryani,230.0,98,22540.0,100.0,2026-03-08,Chennai
Chicken Biryani,Biryani,230.0,59,13570.0,100.0,2026-03-09,Chennai
Chicken Biryani,Biryani,269.0,54,14526.0,100.0,2026-03-10,Chennai
Chicken Biryani,Biryani,279.0,60,16740.0,100.0,2026-03-11,Chennai
Chicken Biryani,Biryani,259.0,76,19684.0,100.0,2026-03-12,Chennai
Chicken Biryani,Biryani,279.0,57,15903.0,100.0,2026-03-13,Chennai
Chicken Biryani,Biryani,279.0,80,22320.0,100.0,2026-03-14,Chennai
Chicken Biryani,Biryani,269.0,72,19368.0,100.0,2026-03-15,Chennai
Chicken Biryani,Biryani,299.0,54,16146.0,100.0,2026-03-16,Chennai
Chicken Biryani,Biryani,269.0,59,15871.0,100.0,2026-03-17,Chennai
Chicken Biryani,Biryani,299.0,34,10166.0,100.0,2026-03-18,Chennai
Chicken Biryani,Biryani,289.0,56,16184.0,100.0,2026-03-19,Chennai
Chicken Biryani,Biryani,279.0,45,12555.0,100.0,2026-03-20,Chennai
Chicken Biryani,Biryani,269.0,69,18561.0,100.0,2026-03-21,Chennai
Chicken Biryani,Biryani,299.0,56,16744.0,100.0,2026-03-22,Chennai
Chicken Biryani,Biryani,269.0,58,15602.0,100.0,2026-03-23,Chennai
Chicken Biryani,Biryani,259.0,49,12691.0,100.0,2026-03-24,Chennai
Chicken Biryani,Biryani,259.0,57,14763.0,100.0,2026-03-25,Chennai
Chicken Biryani,Biryani,269.0,52,13988.0,100.0,2026-03-26,Chennai
Chicken Biryani,Biryani,289.0,59,17051.0,100.0,2026-03-27,Chennai
Chicken Biryani,Biryani,279.0,71,19809.0,100.0,2026-03-28,Chennai
Chicken Biryani,Biryani,279.0,73,20367.0,100.0,2026-03-29,Chennai
Chicken Biryani,Biryani,289.0,44,12716.0,100.0,2026-03-30,Chennai
Chicken Biryani,Biryani,259.0,40,10360.0,100.0,2026-03-31,Chennai
Chicken Biryani,Biryani,269.0,46,12374.0,100.0,2026-04-01,Chennai
Chicken Biryani,Biryani,269.0,46,12374.0,100.0,2026-04-02,Chennai
Chicken Biryani,Biryani,289.0,49,14161.0,100.0,2026-04-03,Chennai
Chicken Biryani,Biryani,259.0,86,22274.0,100.0,2026-04-04,Chennai
Chicken Biryani,Biryani,299.0,68,20332.0,100.0,2026-04-05,Chennai
Chicken Biryani,Biryani,259.0,66,17094.0,100.0,2026-04-06,Chennai
Chicken Biryani,Biryani,279.0,57,15903.0,100.0,2026-04-07,Chennai
Chicken Biryani,Biryani,289.0,44,12716.0,100.0,2026-04-08,Chennai
Chicken Biryani,Biryani,319.0,43,13717.0,100.0,2026-04-09,Chennai
Chicken Biryani,Biryani,309.0,47,14523.0,100.0,2026-04-10,Chennai
Chicken Biryani,Biryani,279.0,74,20646.0,100.0,2026-04-11,Chennai
Chicken Biryani,Biryani,319.0,64,20416.0,100.0,2026-04-12,Chennai
Chicken Biryani,Biryani,289.0,46,13294.0,100.0,2026-04-13,Chennai
Chicken Biryani,Biryani,289.0,43,12427.0,100.0,2026-04-14,Chennai
Chicken Biryani,Biryani,279.0,55,15345.0,100.0,2026-04-15,Chennai
Chicken Biryani,Biryani,279.0,60,16740.0,100.0,2026-04-16,Chennai
Chicken Biryani,Biryani,279.0,59,16461.0,100.0,2026-04-17,Chennai
Chicken Biryani,Biryani,299.0,70,20930.0,100.0,2026-04-18,Chennai
Chicken Biryani,Biryani,319.0,61,19459.0,100.0,2026-04-19,Chennai
Chicken Biryani,Biryani,289.0,69,19941.0,100.0,2026-04-20,Chennai
Chicken Biryani,Biryani,289.0,49,14161.0,100.0,2026-04-21,Chennai
Chicken Biryani,Biryani,279.0,37,10323.0,100.0,2026-04-22,Chennai
Chicken Biryani,Biryani,309.0,45,13905.0,100.0,2026-04-23,Chennai
Chicken Biryani,Biryani,299.0,45,13455.0,100.0,2026-04-24,Chennai
Chicken Biryani,Biryani,319.0,44,14036.0,100.0,2026-04-25,Chennai
Chicken Biryani,Biryani,319.0,78,24882.0,100.0,2026-04-26,Chennai
Chicken Biryani,Biryani,309.0,44,13596.0,100.0,2026-04-27,Chennai
Chicken Biryani,Biryani,299.0,54,16146.0,100.0,2026-04-28,Chennai
Chicken Biryani,Biryani,279.0,58,16182.0,100.0,2026-04-29,Chennai
Chicken Biryani,Biryani,289.0,51,14739.0,100.0,2026-04-30,Chennai
Chicken Biryani,Biryani,309.0,58,17922.0,100.0,2026-05-01,Chennai
Chicken Biryani,Biryani,279.0,101,28179.0,100.0,2026-05-02,Chennai
Chicken Biryani,Biryani,319.0,93,29667.0,100.0,2026-05-03,Chennai
Chicken Biryani,Biryani,319.0,71,22649.0,100.0,2026-05-04,Chennai
Chicken Biryani,Biryani,289.0,61,17629.0,100.0,2026-05-05,Chennai
Chicken Biryani,Biryani,309.0,45,13905.0,100.0,2026-05-06,Chennai
Chicken Biryani,Biryani,319.0,60,19140.0,100.0,2026-05-07,Chennai
Chicken Biryani,Biryani,289.0,63,18207.0,100.0,2026-05-08,Chennai
Chicken Biryani,Biryani,199.0,125,24875.0,100.0,2026-05-09,Chennai
Chicken Biryani,Biryani,179.0,191,34189.0,100.0,2026-05-10,Chennai
Chicken Biryani,Biryani,189.0,116,21924.0,100.0,2026-05-11,Chennai
Chicken Biryani,Biryani,219.0,95,20805.0,100.0,2026-05-12,Chennai
Chicken Biryani,Biryani,179.0,126,22554.0,100.0,2026-05-13,Chennai
Chicken Biryani,Biryani,219.0,127,27813.0,100.0,2026-05-14,Chennai
Chicken Biryani,Biryani,199.0,111,22089.0,100.0,2026-05-15,Chennai
Chicken Biryani,Biryani,199.0,149,29651.0,100.0,2026-05-16,Chennai
Chicken Biryani,Biryani,219.0,116,25404.0,100.0,2026-05-17,Chennai
Chicken Biryani,Biryani,179.0,125,22375.0,100.0,2026-05-18,Chennai
Chicken Biryani,Biryani,219.0,100,21900.0,100.0,2026-05-19,Chennai
Chicken Biryani,Biryani,179.0,197,35263.0,100.0,2026-05-20,Chennai
Chicken Biryani,Biryani,199.0,96,19104.0,100.0,2026-05-21,Chennai
Chicken Biryani,Biryani,199.0,104,20696.0,100.0,2026-05-22,Chennai
Chicken Biryani,Biryani,179.0,156,27924.0,100.0,2026-05-23,Chennai
Chicken Biryani,Biryani,209.0,124,25916.0,100.0,2026-05-24,Chennai
Chicken Biryani,Biryani,219.0,125,27375.0,100.0,2026-05-25,Chennai
Chicken Biryani,Biryani,209.0,110,22990.0,100.0,2026-05-26,Chennai
Chicken Biryani,Biryani,209.0,86,17974.0,100.0,2026-05-27,Chennai
Chicken Biryani,Biryani,209.0,106,22154.0,100.0,2026-05-28,Chennai
Chicken Biryani,Biryani,179.0,133,23807.0,100.0,2026-05-29,Chennai
Chicken Biryani,Biryani,179.0,177,31683.0,100.0,2026-05-30,Chennai
Chicken Biryani,Biryani,199.0,150,29850.0,100.0,2026-05-31,Chennai
Chicken Biryani,Biryani,219.0,113,24747.0,100.0,2026-06-01,Chennai
Chicken Biryani,Biryani,219.0,91,19929.0,100.0,2026-06-02,Chennai
Chicken Biryani,Biryani,199.0,112,22288.0,100.0,2026-06-03,Chennai
Chicken Biryani,Biryani,209.0,119,24871.0,100.0,2026-06-04,Chennai
Chicken Biryani,Biryani,189.0,147,27783.0,100.0,2026-06-05,Chennai
Chicken Biryani,Biryani,209.0,135,28215.0,100.0,2026-06-06,Chennai
