datasets/sample_data/sales_sample.csv
Product Name,Category,Price,Units Sold,Revenue,Cost,Date,Region
Chicken Biryani,Biryani,179.0,113,20227.0,100.0,2025-12-10,Bangalore
Chicken Biryani,Biryani,209.0,65,13585.0,100.0,2025-12-11,Bangalore
Chicken Biryani,Biryani,189.0,132,24948.0,100.0,2025-12-12,Bangalore
Chicken Biryani,Biryani,189.0,141,26649.0,100.0,2025-12-13,Bangalore
Chicken Biryani,Biryani,219.0,139,30441.0,100.0,2025-12-14,Bangalore
Chicken Biryani,Biryani,189.0,94,17766.0,100.0,2025-12-15,Bangalore
Chicken Biryani,Biryani,189.0,104,19656.0,100.0,2025-12-16,Bangalore
Chicken Biryani,Biryani,189.0,124,23436.0,100.0,2025-12-17,Bangalore
Chicken Biryani,Biryani,179.0,106,18974.0,100.0,2025-12-18,Bangalore
Chicken Biryani,Biryani,179.0,96,17184.0,100.0,2025-12-19,Bangalore
Chicken Biryani,Biryani,199.0,164,32636.0,100.0,2025-12-20,Bangalore
Chicken Biryani,Biryani,219.0,150,32850.0,100.0,2025-12-21,Bangalore
Chicken Biryani,Biryani,219.0,96,21024.0,100.0,2025-12-22,Bangalore
Chicken Biryani,Biryani,219.0,79,17301.0,100.0,2025-12-23,Bangalore
Chicken Biryani,Biryani,199.0,93,18507.0,100.0,2025-12-24,Bangalore
Chicken Biryani,Biryani,219.0,72,15768.0,100.0,2025-12-25,Bangalore
Chicken Biryani,Biryani,209.0,104,21736.0,100.0,2025-12-26,Bangalore
Chicken Biryani,Biryani,219.0,97,21243.0,100.0,2025-12-27,Bangalore
Chicken Biryani,Biryani,179.0,188,33652.0,100.0,2025-12-28,Bangalore
Chicken Biryani,Biryani,219.0,97,21243.0,100.0,2025-12-29,Bangalore
Chicken Biryani,Biryani,179.0,88,15752.0,100.0,2025-12-30,Bangalore
Chicken Biryani,Biryani,219.0,90,19710.0,100.0,2025-12-31,Bangalore
Chicken Biryani,Biryani,179.0,76,13604.0,100.0,2026-01-01,Bangalore
Chicken Biryani,Biryani,219.0,66,14454.0,100.0,2026-01-02,Bangalore
Chicken Biryani,Biryani,179.0,118,21122.0,100.0,2026-01-03,Bangalore
Chicken Biryani,Biryani,179.0,128,22912.0,100.0,2026-01-04,Bangalore
Chicken Biryani,Biryani,199.0,89,17711.0,100.0,2026-01-05,Bangalore
Chicken Biryani,Biryani,179.0,85,15215.0,100.0,2026-01-06,Bangalore
Chicken Biryani,Biryani,199.0,74,14726.0,100.0,2026-01-07,Bangalore
Chicken Biryani,Biryani,199.0,91,18109.0,100.0,2026-01-08,Bangalore
Chicken Biryani,Biryani,249.0,55,13695.0,100.0,2026-01-09,Bangalore
Chicken Biryani,Biryani,239.0,81,19359.0,100.0,2026-01-10,Bangalore
Chicken Biryani,Biryani,219.0,81,17739.0,100.0,2026-01-11,Bangalore
Chicken Biryani,Biryani,249.0,49,12201.0,100.0,2026-01-12,Bangalore
Chicken Biryani,Biryani,239.0,60,14340.0,100.0,2026-01-13,Bangalore
Chicken Biryani,Biryani,219.0,71,15549.0,100.0,2026-01-14,Bangalore
Chicken Biryani,Biryani,209.0,72,15048.0,100.0,2026-01-15,Bangalore
Chicken Biryani,Biryani,239.0,75,17925.0,100.0,2026-01-16,Bangalore
Chicken Biryani,Biryani,249.0,67,16683.0,100.0,2026-01-17,Bangalore
Chicken Biryani,Biryani,249.0,74,18426.0,100.0,2026-01-18,Bangalore
Chicken Biryani,Biryani,249.0,68,16932.0,100.0,2026-01-19,Bangalore
Chicken Biryani,Biryani,239.0,66,15774.0,100.0,2026-01-20,Bangalore
Chicken Biryani,Biryani,219.0,51,11169.0,100.0,2026-01-21,Bangalore
Chicken Biryani,Biryani,209.0,90,18810.0,100.0,2026-01-22,Bangalore
Chicken Biryani,Biryani,229.0,73,16717.0,100.0,2026-01-23,Bangalore
Chicken Biryani,Biryani,249.0,61,15189.0,100.0,2026-01-24,Bangalore
Chicken Biryani,Biryani,249.0,101,25149.0,100.0,2026-01-25,Bangalore
Chicken Biryani,Biryani,219.0,57,12483.0,100.0,2026-01-26,Bangalore
Chicken Biryani,Biryani,249.0,75,18675.0,100.0,2026-01-27,Bangalore
Chicken Biryani,Biryani,209.0,67,14003.0,100.0,2026-01-28,Bangalore
Chicken Biryani,Biryani,209.0,76,15884.0,100.0,2026-01-29,Bangalore
Chicken Biryani,Biryani,249.0,60,14940.0,100.0,2026-01-30,Bangalore
Chicken Biryani,Biryani,239.0,93,22227.0,100.0,2026-01-31,Bangalore
Chicken Biryani,Biryani,209.0,113,23617.0,100.0,2026-02-01,Bangalore
Chicken Biryani,Biryani,249.0,56,13944.0,100.0,2026-02-02,Bangalore
Chicken Biryani,Biryani,219.0,57,12483.0,100.0,2026-02-03,Bangalore
Chicken Biryani,Biryani,209.0,54,11286.0,100.0,2026-02-04,Bangalore
Chicken Biryani,Biryani,249.0,56,13944.0,100.0,2026-02-05,Bangalore
Chicken Biryani,Biryani,239.0,77,18403.0,100.0,2026-02-06,Bangalore
Chicken Biryani,Biryani,249.0,85,21165.0,100.0,2026-02-07,Bangalore
Chicken Biryani,Biryani,230.0,100,23000.0,100.0,2026-02-08,Bangalore
Chicken Biryani,Biryani,270.0,53,14310.0,100.0,2026-02-09,Bangalore
Chicken Biryani,Biryani,250.0,67,16750.0,100.0,2026-02-10,Bangalore
Chicken Biryani,Biryani,230.0,66,15180.0,100.0,2026-02-11,Bangalore
Chicken Biryani,Biryani,230.0,98,22540.0,100.0,2026-02-12,Bangalore
Chicken Biryani,Biryani,250.0,63,15750.0,100.0,2026-02-13,Bangalore
Chicken Biryani,Biryani,270.0,56,15120.0,100.0,2026-02-14,Bangalore
Chicken Biryani,Biryani,270.0,66,17820.0,100.0,2026-02-15,Bangalore
Chicken Biryani,Biryani,260.0,50,13000.0,100.0,2026-02-16,Bangalore
Chicken Biryani,Biryani,240.0,71,17040.0,100.0,2026-02-17,Bangalore
Chicken Biryani,Biryani,260.0,81,21060.0,100.0,2026-02-18,Bangalore
Chicken Biryani,Biryani,270.0,53,14310.0,100.0,2026-02-19,Bangalore
Chicken Biryani,Biryani,240.0,64,15360.0,100.0,2026-02-20,Bangalore
Chicken Biryani,Biryani,250.0,74,18500.0,100.0,2026-02-21,Bangalore
Chicken Biryani,Biryani,260.0,65,16900.0,100.0,2026-02-22,Bangalore
Chicken Biryani,Biryani,250.0,70,17500.0,100.0,2026-02-23,Bangalore
Chicken Biryani,Biryani,250.0,63,15750.0,100.0,2026-02-24,Bangalore
Chicken Biryani,Biryani,260.0,43,11180.0,100.0,2026-02-25,Bangalore
Chicken Biryani,Biryani,230.0,62,14260.0,100.0,2026-02-26,Bangalore
Chicken Biryani,Biryani,250.0,50,12500.0,100.0,2026-02-27,Bangalore
Chicken Biryani,Biryani,270.0,49,13230.0,100.0,2026-02-28,Bangalore
Chicken Biryani,Biryani,260.0,90,23400.0,100.0,2026-03-01,Bangalore
Chicken Biryani,Biryani,260.0,70,18200.0,100.0,2026-03-02,Bangalore
Chicken Biryani,Biryani,270.0,73,19710.0,100.0,2026-03-03,Bangalore
Chicken Biryani,Biryani,240.0,60,14400.0,100.0,2026-03-04,Bangalore
Chicken Biryani,Biryani,270.0,51,13770.0,100.0,2026-03-05,Bangalore
Chicken Biryani,Biryani,250.0,66,16500.0,100.0,2026-03-06,Bangalore
Chicken Biryani,Biryani,250.0,99,24750.0,100.0,2026-03-07,Bangalore
Chicken Biryani,Biryani,260.0,77,20020.0,100.0,2026-03-08,Bangalore
Chicken Biryani,Biryani,240.0,58,13920.0,100.0,2026-03-09,Bangalore
Chicken Biryani,Biryani,269.0,78,20982.0,100.0,2026-03-10,Bangalore
Chicken Biryani,Biryani,299.0,47,14053.0,100.0,2026-03-11,Bangalore
Chicken Biryani,Biryani,279.0,44,12276.0,100.0,2026-03-12,Bangalore
Chicken Biryani,Biryani,299.0,45,13455.0,100.0,2026-03-13,Bangalore
Chicken Biryani,Biryani,279.0,63,17577.0,100.0,2026-03-14,Bangalore
Chicken Biryani,Biryani,259.0,82,21238.0,100.0,2026-03-15,Bangalore
Chicken Biryani,Biryani,259.0,55,14245.0,100.0,2026-03-16,Bangalore
Chicken Biryani,Biryani,279.0,48,13392.0,100.0,2026-03-17,Bangalore
Chicken Biryani,Biryani,279.0,44,12276.0,100.0,2026-03-18,Bangalore
Chicken Biryani,Biryani,289.0,50,14450.0,100.0,2026-03-19,Bangalore
Chicken Biryani,Biryani,299.0,42,12558.0,100.0,2026-03-20,Bangalore
Chicken Biryani,Biryani,299.0,66,19734.0,100.0,2026-03-21,Bangalore
Chicken Biryani,Biryani,299.0,76,22724.0,100.0,2026-03-22,Bangalore
Chicken Biryani,Biryani,269.0,55,14795.0,100.0,2026-03-23,Bangalore
Chicken Biryani,Biryani,299.0,46,13754.0,100.0,2026-03-24,Bangalore
Chicken Biryani,Biryani,279.0,50,13950.0,100.0,2026-03-25,Bangalore
Chicken Biryani,Biryani,259.0,57,14763.0,100.0,2026-03-26,Bangalore
Chicken Biryani,Biryani,259.0,49,12691.0,100.0,2026-03-27,Bangalore
Chicken Biryani,Biryani,289.0,74,21386.0,100.0,2026-03-28,Bangalore
Chicken Biryani,Biryani,289.0,68,19652.0,100.0,2026-03-29,Bangalore
Chicken Biryani,Biryani,259.0,75,19425.0,100.0,2026-03-30,Bangalore
Chicken Biryani,Biryani,269.0,53,14257.0,100.0,2026-03-31,Bangalore
Chicken Biryani,Biryani,269.0,32,8608.0,100.0,2026-04-01,Bangalore
Chicken Biryani,Biryani,279.0,61,17019.0,100.0,2026-04-02,Bangalore
Chicken Biryani,Biryani,269.0,57,15333.0,100.0,2026-04-03,Bangalore
Chicken Biryani,Biryani,259.0,98,25382.0,100.0,2026-04-04,Bangalore
Chicken Biryani,Biryani,299.0,72,21528.0,100.0,2026-04-05,Bangalore
Chicken Biryani,Biryani,299.0,34,10166.0,100.0,2026-04-06,Bangalore
Chicken Biryani,Biryani,269.0,55,14795.0,100.0,2026-04-07,Bangalore
Chicken Biryani,Biryani,269.0,57,15333.0,100.0,2026-04-08,Bangalore
Chicken Biryani,Biryani,279.0,52,14508.0,100.0,2026-04-09,Bangalore
Chicken Biryani,Biryani,309.0,43,13287.0,100.0,2026-04-10,Bangalore
Chicken Biryani,Biryani,299.0,58,17342.0,100.0,2026-04-11,Bangalore
Chicken Biryani,Biryani,279.0,71,19809.0,100.0,2026-04-12,Bangalore
Chicken Biryani,Biryani,289.0,42,12138.0,100.0,2026-04-13,Bangalore
Chicken Biryani,Biryani,319.0,35,11165.0,100.0,2026-04-14,Bangalore
Chicken Biryani,Biryani,289.0,48,13872.0,100.0,2026-04-15,Bangalore
Chicken Biryani,Biryani,319.0,40,12760.0,100.0,2026-04-16,Bangalore
Chicken Biryani,Biryani,319.0,38,12122.0,100.0,2026-04-17,Bangalore
Chicken Biryani,Biryani,319.0,72,22968.0,100.0,2026-04-18,Bangalore
Chicken Biryani,Biryani,289.0,67,19363.0,100.0,2026-04-19,Bangalore
Chicken Biryani,Biryani,319.0,51,16269.0,100.0,2026-04-20,Bangalore
Chicken Biryani,Biryani,279.0,50,13950.0,100.0,2026-04-21,Bangalore
Chicken Biryani,Biryani,319.0,43,13717.0,100.0,2026-04-22,Bangalore
Chicken Biryani,Biryani,289.0,53,15317.0,100.0,2026-04-23,Bangalore
Chicken Biryani,Biryani,309.0,40,12360.0,100.0,2026-04-24,Bangalore
Chicken Biryani,Biryani,289.0,56,16184.0,100.0,2026-04-25,Bangalore
Chicken Biryani,Biryani,319.0,74,23606.0,100.0,2026-04-26,Bangalore
Chicken Biryani,Biryani,289.0,62,17918.0,100.0,2026-04-27,Bangalore
Chicken Biryani,Biryani,299.0,39,11661.0,100.0,2026-04-28,Bangalore
Chicken Biryani,Biryani,289.0,38,10982.0,100.0,2026-04-29,Bangalore
Chicken Biryani,Biryani,319.0,51,16269.0,100.0,2026-04-30,Bangalore
Chicken Biryani,Biryani,319.0,44,14036.0,100.0,2026-05-01,Bangalore
Chicken Biryani,Biryani,299.0,86,25714.0,100.0,2026-05-02,Bangalore
Chicken Biryani,Biryani,279.0,70,19530.0,100.0,2026-05-03,Bangalore
Chicken Biryani,Biryani,279.0,68,18972.0,100.0,2026-05-04,Bangalore
Chicken Biryani,Biryani,289.0,58,16762.0,100.0,2026-05-05,Bangalore
Chicken Biryani,Biryani,279.0,59,16461.0,100.0,2026-05-06,Bangalore
Chicken Biryani,Biryani,309.0,43,13287.0,100.0,2026-05-07,Bangalore
Chicken Biryani,Biryani,289.0,50,14450.0,100.0,2026-05-08,Bangalore
Chicken Biryani,Biryani,209.0,132,27588.0,100.0,2026-05-09,Bangalore
Chicken Biryani,Biryani,209.0,180,37620.0,100.0,2026-05-10,Bangalore
Chicken Biryani,Biryani,179.0,123,22017.0,100.0,2026-05-11,Bangalore
Chicken Biryani,Biryani,189.0,121,22869.0,100.0,2026-05-12,Bangalore
Chicken Biryani,Biryani,189.0,92,17388.0,100.0,2026-05-13,Bangalore
Chicken Biryani,Biryani,199.0,132,26268.0,100.0,2026-05-14,Bangalore
Chicken Biryani,Biryani,199.0,109,21691.0,100.0,2026-05-15,Bangalore
Chicken Biryani,Biryani,219.0,154,33726.0,100.0,2026-05-16,Bangalore
Chicken Biryani,Biryani,209.0,150,31350.0,100.0,2026-05-17,Bangalore
Chicken Biryani,Biryani,199.0,94,18706.0,100.0,2026-05-18,Bangalore
Chicken Biryani,Biryani,179.0,145,25955.0,100.0,2026-05-19,Bangalore
Chicken Biryani,Biryani,189.0,119,22491.0,100.0,2026-05-20,Bangalore
Chicken Biryani,Biryani,219.0,112,24528.0,100.0,2026-05-21,Bangalore
Chicken Biryani,Biryani,209.0,101,21109.0,100.0,2026-05-22,Bangalore
Chicken Biryani,Biryani,199.0,144,28656.0,100.0,2026-05-23,Bangalore
Chicken Biryani,Biryani,179.0,218,39022.0,100.0,2026-05-24,Bangalore
Chicken Biryani,Biryani,189.0,136,25704.0,100.0,2026-05-25,Bangalore
Chicken Biryani,Biryani,189.0,145,27405.0,100.0,2026-05-26,Bangalore
Chicken Biryani,Biryani,219.0,87,19053.0,100.0,2026-05-27,Bangalore
Chicken Biryani,Biryani,179.0,129,23091.0,100.0,2026-05-28,Bangalore
Chicken Biryani,Biryani,189.0,128,24192.0,100.0,2026-05-29,Bangalore
Chicken Biryani,Biryani,219.0,115,25185.0,100.0,2026-05-30,Bangalore
Chicken Biryani,Biryani,179.0,224,40096.0,100.0,2026-05-31,Bangalore
Chicken Biryani,Biryani,219.0,91,19929.0,100.0,2026-06-01,Bangalore
Chicken Biryani,Biryani,219.0,103,22557.0,100.0,2026-06-02,Bangalore
Chicken Biryani,Biryani,199.0,91,18109.0,100.0,2026-06-03,Bangalore
Chicken Biryani,Biryani,219.0,94,20586.0,100.0,2026-06-04,Bangalore
Chicken Biryani,Biryani,199.0,139,27661.0,100.0,2026-06-05,Bangalore
Chicken Biryani,Biryani,179.0,187,33473.0,100.0,2026-06-06,Bangalore
