datasets/sample_data/sales_sample.csv
Product Name,Category,Price,Units Sold,Revenue,Cost,Date,Region
Chicken Biryani,Biryani,199.0,108,21492.0,100.0,2025-12-10,Mumbai
Chicken Biryani,Biryani,179.0,93,16647.0,100.0,2025-12-11,Mumbai
Chicken Biryani,Biryani,219.0,52,11388.0,100.0,2025-12-12,Mumbai
Chicken Biryani,Biryani,189.0,102,19278.0,100.0,2025-12-13,Mumbai
Chicken Biryani,Biryani,219.0,101,22119.0,100.0,2025-12-14,Mumbai
Chicken Biryani,Biryani,199.0,83,16517.0,100.0,2025-12-15,Mumbai
Chicken Biryani,Biryani,209.0,86,17974.0,100.0,2025-12-16,Mumbai
Chicken Biryani,Biryani,189.0,83,15687.0,100.0,2025-12-17,Mumbai
Chicken Biryani,Biryani,189.0,104,19656.0,100.0,2025-12-18,Mumbai
Chicken Biryani,Biryani,219.0,101,22119.0,100.0,2025-12-19,Mumbai
Chicken Biryani,Biryani,179.0,153,27387.0,100.0,2025-12-20,Mumbai
Chicken Biryani,Biryani,209.0,132,27588.0,100.0,2025-12-21,Mumbai
Chicken Biryani,Biryani,199.0,123,24477.0,100.0,2025-12-22,Mumbai
Chicken Biryani,Biryani,199.0,96,19104.0,100.0,2025-12-23,Mumbai
Chicken Biryani,Biryani,179.0,107,19153.0,100.0,2025-12-24,Mumbai
Chicken Biryani,Biryani,219.0,94,20586.0,100.0,2025-12-25,Mumbai
Chicken Biryani,Biryani,209.0,73,15257.0,100.0,2025-12-26,Mumbai
Chicken Biryani,Biryani,219.0,159,34821.0,100.0,2025-12-27,Mumbai
Chicken Biryani,Biryani,219.0,161,35259.0,100.0,2025-12-28,Mumbai
Chicken Biryani,Biryani,209.0,90,18810.0,100.0,2025-12-29,Mumbai
Chicken Biryani,Biryani,209.0,75,15675.0,100.0,2025-12-30,Mumbai
Chicken Biryani,Biryani,199.0,88,17512.0,100.0,2025-12-31,Mumbai
Chicken Biryani,Biryani,179.0,79,14141.0,100.0,2026-01-01,Mumbai
Chicken Biryani,Biryani,189.0,69,13041.0,100.0,2026-01-02,Mumbai
Chicken Biryani,Biryani,189.0,120,22680.0,100.0,2026-01-03,Mumbai
Chicken Biryani,Biryani,179.0,136,24344.0,100.0,2026-01-04,Mumbai
Chicken Biryani,Biryani,199.0,83,16517.0,100.0,2026-01-05,Mumbai
Chicken Biryani,Biryani,209.0,70,14630.0,100.0,2026-01-06,Mumbai
Chicken Biryani,Biryani,199.0,96,19104.0,100.0,2026-01-07,Mumbai
Chicken Biryani,Biryani,199.0,88,17512.0,100.0,2026-01-08,Mumbai
Chicken Biryani,Biryani,219.0,66,14454.0,100.0,2026-01-09,Mumbai
Chicken Biryani,Biryani,249.0,79,19671.0,100.0,2026-01-10,Mumbai
Chicken Biryani,Biryani,219.0,126,27594.0,100.0,2026-01-11,Mumbai
Chicken Biryani,Biryani,249.0,59,14691.0,100.0,2026-01-12,Mumbai
Chicken Biryani,Biryani,239.0,62,14818.0,100.0,2026-01-13,Mumbai
Chicken Biryani,Biryani,249.0,63,15687.0,100.0,2026-01-14,Mumbai
Chicken Biryani,Biryani,239.0,64,15296.0,100.0,2026-01-15,Mumbai
Chicken Biryani,Biryani,239.0,63,15057.0,100.0,2026-01-16,Mumbai
Chicken Biryani,Biryani,219.0,91,19929.0,100.0,2026-01-17,Mumbai
Chicken Biryani,Biryani,219.0,80,17520.0,100.0,2026-01-18,Mumbai
Chicken Biryani,Biryani,229.0,68,15572.0,100.0,2026-01-19,Mumbai
Chicken Biryani,Biryani,249.0,50,12450.0,100.0,2026-01-20,Mumbai
Chicken Biryani,Biryani,219.0,70,15330.0,100.0,2026-01-21,Mumbai
Chicken Biryani,Biryani,229.0,65,14885.0,100.0,2026-01-22,Mumbai
Chicken Biryani,Biryani,229.0,68,15572.0,100.0,2026-01-23,Mumbai
Chicken Biryani,Biryani,229.0,101,23129.0,100.0,2026-01-24,Mumbai
Chicken Biryani,Biryani,229.0,81,18549.0,100.0,2026-01-25,Mumbai
Chicken Biryani,Biryani,239.0,63,15057.0,100.0,2026-01-26,Mumbai
Chicken Biryani,Biryani,249.0,57,14193.0,100.0,2026-01-27,Mumbai
Chicken Biryani,Biryani,249.0,78,19422.0,100.0,2026-01-28,Mumbai
Chicken Biryani,Biryani,219.0,64,14016.0,100.0,2026-01-29,Mumbai
Chicken Biryani,Biryani,229.0,66,15114.0,100.0,2026-01-30,Mumbai
Chicken Biryani,Biryani,249.0,94,23406.0,100.0,2026-01-31,Mumbai
Chicken Biryani,Biryani,239.0,114,27246.0,100.0,2026-02-01,Mumbai
Chicken Biryani,Biryani,239.0,66,15774.0,100.0,2026-02-02,Mumbai
Chicken Biryani,Biryani,229.0,61,13969.0,100.0,2026-02-03,Mumbai
Chicken Biryani,Biryani,219.0,78,17082.0,100.0,2026-02-04,Mumbai
Chicken Biryani,Biryani,229.0,53,12137.0,100.0,2026-02-05,Mumbai
Chicken Biryani,Biryani,209.0,81,16929.0,100.0,2026-02-06,Mumbai
Chicken Biryani,Biryani,239.0,69,16491.0,100.0,2026-02-07,Mumbai
Chicken Biryani,Biryani,270.0,81,21870.0,100.0,2026-02-08,Mumbai
Chicken Biryani,Biryani,250.0,53,13250.0,100.0,2026-02-09,Mumbai
Chicken Biryani,Biryani,260.0,46,11960.0,100.0,2026-02-10,Mumbai
Chicken Biryani,Biryani,270.0,55,14850.0,100.0,2026-02-11,Mumbai
Chicken Biryani,Biryani,250.0,65,16250.0,100.0,2026-02-12,Mumbai
Chicken Biryani,Biryani,240.0,68,16320.0,100.0,2026-02-13,Mumbai
Chicken Biryani,Biryani,270.0,66,17820.0,100.0,2026-02-14,Mumbai
Chicken Biryani,Biryani,230.0,112,25760.0,100.0,2026-02-15,Mumbai
Chicken Biryani,Biryani,250.0,51,12750.0,100.0,2026-02-16,Mumbai
Chicken Biryani,Biryani,250.0,56,14000.0,100.0,2026-02-17,Mumbai
Chicken Biryani,Biryani,270.0,56,15120.0,100.0,2026-02-18,Mumbai
Chicken Biryani,Biryani,240.0,66,15840.0,100.0,2026-02-19,Mumbai
Chicken Biryani,Biryani,250.0,67,16750.0,100.0,2026-02-20,Mumbai
Chicken Biryani,Biryani,230.0,94,21620.0,100.0,2026-02-21,Mumbai
Chicken Biryani,Biryani,270.0,87,23490.0,100.0,2026-02-22,Mumbai
Chicken Biryani,Biryani,230.0,88,20240.0,100.0,2026-02-23,Mumbai
Chicken Biryani,Biryani,270.0,66,17820.0,100.0,2026-02-24,Mumbai
Chicken Biryani,Biryani,230.0,63,14490.0,100.0,2026-02-25,Mumbai
Chicken Biryani,Biryani,250.0,59,14750.0,100.0,2026-02-26,Mumbai
Chicken Biryani,Biryani,260.0,52,13520.0,100.0,2026-02-27,Mumbai
Chicken Biryani,Biryani,230.0,82,18860.0,100.0,2026-02-28,Mumbai
Chicken Biryani,Biryani,230.0,100,23000.0,100.0,2026-03-01,Mumbai
Chicken Biryani,Biryani,240.0,55,13200.0,100.0,2026-03-02,Mumbai
Chicken Biryani,Biryani,230.0,84,19320.0,100.0,2026-03-03,Mumbai
Chicken Biryani,Biryani,240.0,66,15840.0,100.0,2026-03-04,Mumbai
Chicken Biryani,Biryani,230.0,67,15410.0,100.0,2026-03-05,Mumbai
Chicken Biryani,Biryani,270.0,53,14310.0,100.0,2026-03-06,Mumbai
Chicken Biryani,Biryani,260.0,76,19760.0,100.0,2026-03-07,Mumbai
Chicken Biryani,Biryani,240.0,80,19200.0,100.0,2026-03-08,Mumbai
Chicken Biryani,Biryani,260.0,50,13000.0,100.0,2026-03-09,Mumbai
Chicken Biryani,Biryani,279.0,39,10881.0,100.0,2026-03-10,Mumbai
Chicken Biryani,Biryani,269.0,55,14795.0,100.0,2026-03-11,Mumbai
Chicken Biryani,Biryani,289.0,46,13294.0,100.0,2026-03-12,Mumbai
Chicken Biryani,Biryani,259.0,53,13727.0,100.0,2026-03-13,Mumbai
Chicken Biryani,Biryani,259.0,67,17353.0,100.0,2026-03-14,Mumbai
Chicken Biryani,Biryani,289.0,75,21675.0,100.0,2026-03-15,Mumbai
Chicken Biryani,Biryani,289.0,49,14161.0,100.0,2026-03-16,Mumbai
Chicken Biryani,Biryani,299.0,50,14950.0,100.0,2026-03-17,Mumbai
Chicken Biryani,Biryani,259.0,71,18389.0,100.0,2026-03-18,Mumbai
Chicken Biryani,Biryani,299.0,48,14352.0,100.0,2026-03-19,Mumbai
Chicken Biryani,Biryani,269.0,72,19368.0,100.0,2026-03-20,Mumbai
Chicken Biryani,Biryani,269.0,72,19368.0,100.0,2026-03-21,Mumbai
Chicken Biryani,Biryani,279.0,74,20646.0,100.0,2026-03-22,Mumbai
Chicken Biryani,Biryani,259.0,46,11914.0,100.0,2026-03-23,Mumbai
Chicken Biryani,Biryani,259.0,39,10101.0,100.0,2026-03-24,Mumbai
Chicken Biryani,Biryani,299.0,40,11960.0,100.0,2026-03-25,Mumbai
Chicken Biryani,Biryani,259.0,55,14245.0,100.0,2026-03-26,Mumbai
Chicken Biryani,Biryani,289.0,47,13583.0,100.0,2026-03-27,Mumbai
Chicken Biryani,Biryani,279.0,77,21483.0,100.0,2026-03-28,Mumbai
Chicken Biryani,Biryani,299.0,78,23322.0,100.0,2026-03-29,Mumbai
Chicken Biryani,Biryani,259.0,59,15281.0,100.0,2026-03-30,Mumbai
Chicken Biryani,Biryani,279.0,65,18135.0,100.0,2026-03-31,Mumbai
Chicken Biryani,Biryani,299.0,42,12558.0,100.0,2026-04-01,Mumbai
Chicken Biryani,Biryani,259.0,64,16576.0,100.0,2026-04-02,Mumbai
Chicken Biryani,Biryani,279.0,50,13950.0,100.0,2026-04-03,Mumbai
Chicken Biryani,Biryani,269.0,78,20982.0,100.0,2026-04-04,Mumbai
Chicken Biryani,Biryani,269.0,102,27438.0,100.0,2026-04-05,Mumbai
Chicken Biryani,Biryani,299.0,48,14352.0,100.0,2026-04-06,Mumbai
Chicken Biryani,Biryani,289.0,58,16762.0,100.0,2026-04-07,Mumbai
Chicken Biryani,Biryani,259.0,55,14245.0,100.0,2026-04-08,Mumbai
Chicken Biryani,Biryani,309.0,54,16686.0,100.0,2026-04-09,Mumbai
Chicken Biryani,Biryani,299.0,52,15548.0,100.0,2026-04-10,Mumbai
Chicken Biryani,Biryani,299.0,72,21528.0,100.0,2026-04-11,Mumbai
Chicken Biryani,Biryani,319.0,46,14674.0,100.0,2026-04-12,Mumbai
Chicken Biryani,Biryani,319.0,49,15631.0,100.0,2026-04-13,Mumbai
Chicken Biryani,Biryani,279.0,40,11160.0,100.0,2026-04-14,Mumbai
Chicken Biryani,Biryani,289.0,49,14161.0,100.0,2026-04-15,Mumbai
Chicken Biryani,Biryani,289.0,45,13005.0,100.0,2026-04-16,Mumbai
Chicken Biryani,Biryani,299.0,48,14352.0,100.0,2026-04-17,Mumbai
Chicken Biryani,Biryani,279.0,56,15624.0,100.0,2026-04-18,Mumbai
Chicken Biryani,Biryani,289.0,89,25721.0,100.0,2026-04-19,Mumbai
Chicken Biryani,Biryani,279.0,59,16461.0,100.0,2026-04-20,Mumbai
Chicken Biryani,Biryani,299.0,44,13156.0,100.0,2026-04-21,Mumbai
Chicken Biryani,Biryani,299.0,46,13754.0,100.0,2026-04-22,Mumbai
Chicken Biryani,Biryani,279.0,54,15066.0,100.0,2026-04-23,Mumbai
Chicken Biryani,Biryani,309.0,41,12669.0,100.0,2026-04-24,Mumbai
Chicken Biryani,Biryani,289.0,75,21675.0,100.0,2026-04-25,Mumbai
Chicken Biryani,Biryani,279.0,72,20088.0,100.0,2026-04-26,Mumbai
Chicken Biryani,Biryani,309.0,57,17613.0,100.0,2026-04-27,Mumbai
Chicken Biryani,Biryani,319.0,51,16269.0,100.0,2026-04-28,Mumbai
Chicken Biryani,Biryani,309.0,45,13905.0,100.0,2026-04-29,Mumbai
Chicken Biryani,Biryani,289.0,54,15606.0,100.0,2026-04-30,Mumbai
Chicken Biryani,Biryani,279.0,67,18693.0,100.0,2026-05-01,Mumbai
Chicken Biryani,Biryani,289.0,115,33235.0,100.0,2026-05-02,Mumbai
Chicken Biryani,Biryani,309.0,80,24720.0,100.0,2026-05-03,Mumbai
Chicken Biryani,Biryani,299.0,59,17641.0,100.0,2026-05-04,Mumbai
Chicken Biryani,Biryani,289.0,49,14161.0,100.0,2026-05-05,Mumbai
Chicken Biryani,Biryani,299.0,74,22126.0,100.0,2026-05-06,Mumbai
Chicken Biryani,Biryani,299.0,57,17043.0,100.0,2026-05-07,Mumbai
Chicken Biryani,Biryani,299.0,74,22126.0,100.0,2026-05-08,Mumbai
Chicken Biryani,Biryani,199.0,164,32636.0,100.0,2026-05-09,Mumbai
Chicken Biryani,Biryani,189.0,187,35343.0,100.0,2026-05-10,Mumbai
Chicken Biryani,Biryani,189.0,120,22680.0,100.0,2026-05-11,Mumbai
Chicken Biryani,Biryani,209.0,108,22572.0,100.0,2026-05-12,Mumbai
Chicken Biryani,Biryani,189.0,161,30429.0,100.0,2026-05-13,Mumbai
Chicken Biryani,Biryani,199.0,142,28258.0,100.0,2026-05-14,Mumbai
Chicken Biryani,Biryani,209.0,112,23408.0,100.0,2026-05-15,Mumbai
Chicken Biryani,Biryani,209.0,123,25707.0,100.0,2026-05-16,Mumbai
Chicken Biryani,Biryani,219.0,145,31755.0,100.0,2026-05-17,Mumbai
Chicken Biryani,Biryani,189.0,83,15687.0,100.0,2026-05-18,Mumbai
Chicken Biryani,Biryani,219.0,85,18615.0,100.0,2026-05-19,Mumbai
Chicken Biryani,Biryani,209.0,115,24035.0,100.0,2026-05-20,Mumbai
Chicken Biryani,Biryani,179.0,138,24702.0,100.0,2026-05-21,Mumbai
Chicken Biryani,Biryani,209.0,97,20273.0,100.0,2026-05-22,Mumbai
Chicken Biryani,Biryani,209.0,139,29051.0,100.0,2026-05-23,Mumbai
Chicken Biryani,Biryani,219.0,144,31536.0,100.0,2026-05-24,Mumbai
Chicken Biryani,Biryani,199.0,119,23681.0,100.0,2026-05-25,Mumbai
Chicken Biryani,Biryani,219.0,107,23433.0,100.0,2026-05-26,Mumbai
Chicken Biryani,Biryani,219.0,121,26499.0,100.0,2026-05-27,Mumbai
Chicken Biryani,Biryani,219.0,95,20805.0,100.0,2026-05-28,Mumbai
Chicken Biryani,Biryani,199.0,102,20298.0,100.0,2026-05-29,Mumbai
Chicken Biryani,Biryani,219.0,136,29784.0,100.0,2026-05-30,Mumbai
Chicken Biryani,Biryani,179.0,116,20764.0,100.0,2026-05-31,Mumbai
Chicken Biryani,Biryani,199.0,121,24079.0,100.0,2026-06-01,Mumbai
Chicken Biryani,Biryani,199.0,117,23283.0,100.0,2026-06-02,Mumbai
Chicken Biryani,Biryani,179.0,156,27924.0,100.0,2026-06-03,Mumbai
Chicken Biryani,Biryani,179.0,139,24881.0,100.0,2026-06-04,Mumbai
Chicken Biryani,Biryani,189.0,122,23058.0,100.0,2026-06-05,Mumbai
Chicken Biryani,Biryani,189.0,179,33831.0,100.0,2026-06-06,Mumbai
