datasets/sample_data/sales_sample.csv
Product Name,Category,Price,Units Sold,Revenue,Cost,Date,Region
Chicken Biryani,Biryani,189.0,131,24759.0,100.0,2025-12-10,Delhi
Chicken Biryani,Biryani,199.0,102,20298.0,100.0,2025-12-11,Delhi
Chicken Biryani,Biryani,189.0,120,22680.0,100.0,2025-12-12,Delhi
Chicken Biryani,Biryani,219.0,114,24966.0,100.0,2025-12-13,Delhi
Chicken Biryani,Biryani,189.0,124,23436.0,100.0,2025-12-14,Delhi
Chicken Biryani,Biryani,209.0,99,20691.0,100.0,2025-12-15,Delhi
Chicken Biryani,Biryani,209.0,94,19646.0,100.0,2025-12-16,Delhi
Chicken Biryani,Biryani,209.0,86,17974.0,100.0,2025-12-17,Delhi
Chicken Biryani,Biryani,179.0,108,19332.0,100.0,2025-12-18,Delhi
Chicken Biryani,Biryani,189.0,121,22869.0,100.0,2025-12-19,Delhi
Chicken Biryani,Biryani,179.0,165,29535.0,100.0,2025-12-20,Delhi
Chicken Biryani,Biryani,219.0,148,32412.0,100.0,2025-12-21,Delhi
Chicken Biryani,Biryani,179.0,119,21301.0,100.0,2025-12-22,Delhi
Chicken Biryani,Biryani,209.0,61,12749.0,100.0,2025-12-23,Delhi
Chicken Biryani,Biryani,189.0,94,17766.0,100.0,2025-12-24,Delhi
Chicken Biryani,Biryani,219.0,106,23214.0,100.0,2025-12-25,Delhi
Chicken Biryani,Biryani,199.0,118,23482.0,100.0,2025-12-26,Delhi
Chicken Biryani,Biryani,179.0,160,28640.0,100.0,2025-12-27,Delhi
Chicken Biryani,Biryani,189.0,184,34776.0,100.0,2025-12-28,Delhi
Chicken Biryani,Biryani,199.0,95,18905.0,100.0,2025-12-29,Delhi
Chicken Biryani,Biryani,199.0,112,22288.0,100.0,2025-12-30,Delhi
Chicken Biryani,Biryani,209.0,104,21736.0,100.0,2025-12-31,Delhi
Chicken Biryani,Biryani,219.0,80,17520.0,100.0,2026-01-01,Delhi
Chicken Biryani,Biryani,219.0,60,13140.0,100.0,2026-01-02,Delhi
Chicken Biryani,Biryani,199.0,112,22288.0,100.0,2026-01-03,Delhi
Chicken Biryani,Biryani,189.0,149,28161.0,100.0,2026-01-04,Delhi
Chicken Biryani,Biryani,179.0,86,15394.0,100.0,2026-01-05,Delhi
Chicken Biryani,Biryani,179.0,68,12172.0,100.0,2026-01-06,Delhi
Chicken Biryani,Biryani,219.0,72,15768.0,100.0,2026-01-07,Delhi
Chicken Biryani,Biryani,219.0,53,11607.0,100.0,2026-01-08,Delhi
Chicken Biryani,Biryani,219.0,92,20148.0,100.0,2026-01-09,Delhi
Chicken Biryani,Biryani,229.0,101,23129.0,100.0,2026-01-10,Delhi
Chicken Biryani,Biryani,249.0,96,23904.0,100.0,2026-01-11,Delhi
Chicken Biryani,Biryani,229.0,52,11908.0,100.0,2026-01-12,Delhi
Chicken Biryani,Biryani,219.0,69,15111.0,100.0,2026-01-13,Delhi
Chicken Biryani,Biryani,229.0,57,13053.0,100.0,2026-01-14,Delhi
Chicken Biryani,Biryani,239.0,65,15535.0,100.0,2026-01-15,Delhi
Chicken Biryani,Biryani,239.0,59,14101.0,100.0,2026-01-16,Delhi
Chicken Biryani,Biryani,219.0,118,25842.0,100.0,2026-01-17,Delhi
Chicken Biryani,Biryani,239.0,109,26051.0,100.0,2026-01-18,Delhi
Chicken Biryani,Biryani,209.0,61,12749.0,100.0,2026-01-19,Delhi
Chicken Biryani,Biryani,239.0,58,13862.0,100.0,2026-01-20,Delhi
Chicken Biryani,Biryani,209.0,74,15466.0,100.0,2026-01-21,Delhi
Chicken Biryani,Biryani,229.0,64,14656.0,100.0,2026-01-22,Delhi
Chicken Biryani,Biryani,229.0,63,14427.0,100.0,2026-01-23,Delhi
Chicken Biryani,Biryani,209.0,91,19019.0,100.0,2026-01-24,Delhi
Chicken Biryani,Biryani,239.0,105,25095.0,100.0,2026-01-25,Delhi
Chicken Biryani,Biryani,209.0,98,20482.0,100.0,2026-01-26,Delhi
Chicken Biryani,Biryani,249.0,56,13944.0,100.0,2026-01-27,Delhi
Chicken Biryani,Biryani,249.0,57,14193.0,100.0,2026-01-28,Delhi
Chicken Biryani,Biryani,209.0,59,12331.0,100.0,2026-01-29,Delhi
Chicken Biryani,Biryani,229.0,65,14885.0,100.0,2026-01-30,Delhi
Chicken Biryani,Biryani,209.0,123,25707.0,100.0,2026-01-31,Delhi
Chicken Biryani,Biryani,219.0,138,30222.0,100.0,2026-02-01,Delhi
Chicken Biryani,Biryani,239.0,62,14818.0,100.0,2026-02-02,Delhi
Chicken Biryani,Biryani,249.0,67,16683.0,100.0,2026-02-03,Delhi
Chicken Biryani,Biryani,239.0,51,12189.0,100.0,2026-02-04,Delhi
Chicken Biryani,Biryani,219.0,63,13797.0,100.0,2026-02-05,Delhi
Chicken Biryani,Biryani,249.0,62,15438.0,100.0,2026-02-06,Delhi
Chicken Biryani,Biryani,219.0,112,24528.0,100.0,2026-02-07,Delhi
Chicken Biryani,Biryani,260.0,94,24440.0,100.0,2026-02-08,Delhi
Chicken Biryani,Biryani,270.0,56,15120.0,100.0,2026-02-09,Delhi
Chicken Biryani,Biryani,240.0,70,16800.0,100.0,2026-02-10,Delhi
Chicken Biryani,Biryani,240.0,58,13920.0,100.0,2026-02-11,Delhi
Chicken Biryani,Biryani,250.0,58,14500.0,100.0,2026-02-12,Delhi
Chicken Biryani,Biryani,260.0,51,13260.0,100.0,2026-02-13,Delhi
Chicken Biryani,Biryani,240.0,87,20880.0,100.0,2026-02-14,Delhi
Chicken Biryani,Biryani,230.0,101,23230.0,100.0,2026-02-15,Delhi
Chicken Biryani,Biryani,240.0,55,13200.0,100.0,2026-02-16,Delhi
Chicken Biryani,Biryani,240.0,63,15120.0,100.0,2026-02-17,Delhi
Chicken Biryani,Biryani,270.0,50,13500.0,100.0,2026-02-18,Delhi
Chicken Biryani,Biryani,260.0,64,16640.0,100.0,2026-02-19,Delhi
Chicken Biryani,Biryani,240.0,42,10080.0,100.0,2026-02-20,Delhi
Chicken Biryani,Biryani,270.0,76,20520.0,100.0,2026-02-21,Delhi
Chicken Biryani,Biryani,240.0,75,18000.0,100.0,2026-02-22,Delhi
Chicken Biryani,Biryani,240.0,73,17520.0,100.0,2026-02-23,Delhi
Chicken Biryani,Biryani,260.0,64,16640.0,100.0,2026-02-24,Delhi
Chicken Biryani,Biryani,230.0,65,14950.0,100.0,2026-02-25,Delhi
Chicken Biryani,Biryani,250.0,54,13500.0,100.0,2026-02-26,Delhi
Chicken Biryani,Biryani,250.0,52,13000.0,100.0,2026-02-27,Delhi
Chicken Biryani,Biryani,250.0,86,21500.0,100.0,2026-02-28,Delhi
Chicken Biryani,Biryani,250.0,104,26000.0,100.0,2026-03-01,Delhi
Chicken Biryani,Biryani,260.0,72,18720.0,100.0,2026-03-02,Delhi
Chicken Biryani,Biryani,250.0,66,16500.0,100.0,2026-03-03,Delhi
Chicken Biryani,Biryani,250.0,64,16000.0,100.0,2026-03-04,Delhi
Chicken Biryani,Biryani,270.0,49,13230.0,100.0,2026-03-05,Delhi
Chicken Biryani,Biryani,250.0,66,16500.0,100.0,2026-03-06,Delhi
Chicken Biryani,Biryani,260.0,81,21060.0,100.0,2026-03-07,Delhi
Chicken Biryani,Biryani,240.0,101,24240.0,100.0,2026-03-08,Delhi
Chicken Biryani,Biryani,230.0,77,17710.0,100.0,2026-03-09,Delhi
Chicken Biryani,Biryani,259.0,67,17353.0,100.0,2026-03-10,Delhi
Chicken Biryani,Biryani,289.0,53,15317.0,100.0,2026-03-11,Delhi
Chicken Biryani,Biryani,269.0,58,15602.0,100.0,2026-03-12,Delhi
Chicken Biryani,Biryani,289.0,46,13294.0,100.0,2026-03-13,Delhi
Chicken Biryani,Biryani,299.0,63,18837.0,100.0,2026-03-14,Delhi
Chicken Biryani,Biryani,259.0,89,23051.0,100.0,2026-03-15,Delhi
Chicken Biryani,Biryani,269.0,45,12105.0,100.0,2026-03-16,Delhi
Chicken Biryani,Biryani,259.0,75,19425.0,100.0,2026-03-17,Delhi
Chicken Biryani,Biryani,259.0,74,19166.0,100.0,2026-03-18,Delhi
Chicken Biryani,Biryani,289.0,57,16473.0,100.0,2026-03-19,Delhi
Chicken Biryani,Biryani,269.0,55,14795.0,100.0,2026-03-20,Delhi
Chicken Biryani,Biryani,259.0,83,21497.0,100.0,2026-03-21,Delhi
Chicken Biryani,Biryani,269.0,80,21520.0,100.0,2026-03-22,Delhi
Chicken Biryani,Biryani,279.0,42,11718.0,100.0,2026-03-23,Delhi
Chicken Biryani,Biryani,279.0,53,14787.0,100.0,2026-03-24,Delhi
Chicken Biryani,Biryani,289.0,41,11849.0,100.0,2026-03-25,Delhi
Chicken Biryani,Biryani,279.0,43,11997.0,100.0,2026-03-26,Delhi
Chicken Biryani,Biryani,269.0,54,14526.0,100.0,2026-03-27,Delhi
Chicken Biryani,Biryani,289.0,72,20808.0,100.0,2026-03-28,Delhi
Chicken Biryani,Biryani,259.0,90,23310.0,100.0,2026-03-29,Delhi
Chicken Biryani,Biryani,269.0,62,16678.0,100.0,2026-03-30,Delhi
Chicken Biryani,Biryani,299.0,50,14950.0,100.0,2026-03-31,Delhi
Chicken Biryani,Biryani,269.0,63,16947.0,100.0,2026-04-01,Delhi
Chicken Biryani,Biryani,269.0,50,13450.0,100.0,2026-04-02,Delhi
Chicken Biryani,Biryani,269.0,67,18023.0,100.0,2026-04-03,Delhi
Chicken Biryani,Biryani,269.0,77,20713.0,100.0,2026-04-04,Delhi
Chicken Biryani,Biryani,259.0,81,20979.0,100.0,2026-04-05,Delhi
Chicken Biryani,Biryani,259.0,64,16576.0,100.0,2026-04-06,Delhi
Chicken Biryani,Biryani,279.0,54,15066.0,100.0,2026-04-07,Delhi
Chicken Biryani,Biryani,269.0,57,15333.0,100.0,2026-04-08,Delhi
Chicken Biryani,Biryani,289.0,42,12138.0,100.0,2026-04-09,Delhi
Chicken Biryani,Biryani,279.0,58,16182.0,100.0,2026-04-10,Delhi
Chicken Biryani,Biryani,299.0,51,15249.0,100.0,2026-04-11,Delhi
Chicken Biryani,Biryani,309.0,44,13596.0,100.0,2026-04-12,Delhi
Chicken Biryani,Biryani,299.0,51,15249.0,100.0,2026-04-13,Delhi
Chicken Biryani,Biryani,299.0,51,15249.0,100.0,2026-04-14,Delhi
Chicken Biryani,Biryani,319.0,48,15312.0,100.0,2026-04-15,Delhi
Chicken Biryani,Biryani,309.0,44,13596.0,100.0,2026-04-16,Delhi
Chicken Biryani,Biryani,319.0,30,9570.0,100.0,2026-04-17,Delhi
Chicken Biryani,Biryani,319.0,58,18502.0,100.0,2026-04-18,Delhi
Chicken Biryani,Biryani,309.0,59,18231.0,100.0,2026-04-19,Delhi
Chicken Biryani,Biryani,319.0,44,14036.0,100.0,2026-04-20,Delhi
Chicken Biryani,Biryani,289.0,53,15317.0,100.0,2026-04-21,Delhi
Chicken Biryani,Biryani,319.0,41,13079.0,100.0,2026-04-22,Delhi
Chicken Biryani,Biryani,299.0,54,16146.0,100.0,2026-04-23,Delhi
Chicken Biryani,Biryani,319.0,35,11165.0,100.0,2026-04-24,Delhi
Chicken Biryani,Biryani,319.0,64,20416.0,100.0,2026-04-25,Delhi
Chicken Biryani,Biryani,289.0,79,22831.0,100.0,2026-04-26,Delhi
Chicken Biryani,Biryani,309.0,45,13905.0,100.0,2026-04-27,Delhi
Chicken Biryani,Biryani,309.0,49,15141.0,100.0,2026-04-28,Delhi
Chicken Biryani,Biryani,279.0,47,13113.0,100.0,2026-04-29,Delhi
Chicken Biryani,Biryani,279.0,66,18414.0,100.0,2026-04-30,Delhi
Chicken Biryani,Biryani,319.0,60,19140.0,100.0,2026-05-01,Delhi
Chicken Biryani,Biryani,299.0,71,21229.0,100.0,2026-05-02,Delhi
Chicken Biryani,Biryani,299.0,92,27508.0,100.0,2026-05-03,Delhi
Chicken Biryani,Biryani,299.0,53,15847.0,100.0,2026-05-04,Delhi
Chicken Biryani,Biryani,309.0,76,23484.0,100.0,2026-05-05,Delhi
Chicken Biryani,Biryani,319.0,54,17226.0,100.0,2026-05-06,Delhi
Chicken Biryani,Biryani,309.0,56,17304.0,100.0,2026-05-07,Delhi
Chicken Biryani,Biryani,309.0,56,17304.0,100.0,2026-05-08,Delhi
Chicken Biryani,Biryani,189.0,166,31374.0,100.0,2026-05-09,Delhi
Chicken Biryani,Biryani,219.0,141,30879.0,100.0,2026-05-10,Delhi
Chicken Biryani,Biryani,179.0,166,29714.0,100.0,2026-05-11,Delhi
Chicken Biryani,Biryani,209.0,117,24453.0,100.0,2026-05-12,Delhi
Chicken Biryani,Biryani,209.0,113,23617.0,100.0,2026-05-13,Delhi
Chicken Biryani,Biryani,209.0,112,23408.0,100.0,2026-05-14,Delhi
Chicken Biryani,Biryani,199.0,112,22288.0,100.0,2026-05-15,Delhi
Chicken Biryani,Biryani,199.0,134,26666.0,100.0,2026-05-16,Delhi
Chicken Biryani,Biryani,199.0,122,24278.0,100.0,2026-05-17,Delhi
Chicken Biryani,Biryani,189.0,119,22491.0,100.0,2026-05-18,Delhi
Chicken Biryani,Biryani,199.0,91,18109.0,100.0,2026-05-19,Delhi
Chicken Biryani,Biryani,199.0,104,20696.0,100.0,2026-05-20,Delhi
Chicken Biryani,Biryani,179.0,126,22554.0,100.0,2026-05-21,Delhi
Chicken Biryani,Biryani,179.0,139,24881.0,100.0,2026-05-22,Delhi
Chicken Biryani,Biryani,189.0,94,17766.0,100.0,2026-05-23,Delhi
Chicken Biryani,Biryani,199.0,128,25472.0,100.0,2026-05-24,Delhi
Chicken Biryani,Biryani,179.0,145,25955.0,100.0,2026-05-25,Delhi
Chicken Biryani,Biryani,219.0,87,19053.0,100.0,2026-05-26,Delhi
Chicken Biryani,Biryani,219.0,115,25185.0,100.0,2026-05-27,Delhi
Chicken Biryani,Biryani,179.0,104,18616.0,100.0,2026-05-28,Delhi
Chicken Biryani,Biryani,219.0,103,22557.0,100.0,2026-05-29,Delhi
Chicken Biryani,Biryani,179.0,138,24702.0,100.0,2026-05-30,Delhi
Chicken Biryani,Biryani,199.0,164,32636.0,100.0,2026-05-31,Delhi
Chicken Biryani,Biryani,189.0,118,22302.0,100.0,2026-06-01,Delhi
Chicken Biryani,Biryani,179.0,156,27924.0,100.0,2026-06-02,Delhi
Chicken Biryani,Biryani,189.0,147,27783.0,100.0,2026-06-03,Delhi
Chicken Biryani,Biryani,209.0,107,22363.0,100.0,2026-06-04,Delhi
Chicken Biryani,Biryani,189.0,146,27594.0,100.0,2026-06-05,Delhi
Chicken Biryani,Biryani,179.0,179,32041.0,100.0,2026-06-06,Delhi
