datasets/sample_data/sales_sample.csv
Product Name,Category,Price,Units Sold,Revenue,Cost,Date,Region
Chicken Biryani,Biryani,189.0,103,19467.0,100.0,2025-12-10,Hyderabad
Chicken Biryani,Biryani,199.0,110,21890.0,100.0,2025-12-11,Hyderabad
Chicken Biryani,Biryani,189.0,108,20412.0,100.0,2025-12-12,Hyderabad
Chicken Biryani,Biryani,209.0,124,25916.0,100.0,2025-12-13,Hyderabad
Chicken Biryani,Biryani,189.0,167,31563.0,100.0,2025-12-14,Hyderabad
Chicken Biryani,Biryani,199.0,96,19104.0,100.0,2025-12-15,Hyderabad
Chicken Biryani,Biryani,189.0,145,27405.0,100.0,2025-12-16,Hyderabad
Chicken Biryani,Biryani,209.0,110,22990.0,100.0,2025-12-17,Hyderabad
Chicken Biryani,Biryani,219.0,79,17301.0,100.0,2025-12-18,Hyderabad
Chicken Biryani,Biryani,219.0,94,20586.0,100.0,2025-12-19,Hyderabad
Chicken Biryani,Biryani,209.0,136,28424.0,100.0,2025-12-20,Hyderabad
Chicken Biryani,Biryani,189.0,119,22491.0,100.0,2025-12-21,Hyderabad
Chicken Biryani,Biryani,179.0,146,26134.0,100.0,2025-12-22,Hyderabad
Chicken Biryani,Biryani,199.0,77,15323.0,100.0,2025-12-23,Hyderabad
Chicken Biryani,Biryani,199.0,101,20099.0,100.0,2025-12-24,Hyderabad
Chicken Biryani,Biryani,199.0,63,12537.0,100.0,2025-12-25,Hyderabad
Chicken Biryani,Biryani,219.0,91,19929.0,100.0,2025-12-26,Hyderabad
Chicken Biryani,Biryani,209.0,127,26543.0,100.0,2025-12-27,Hyderabad
Chicken Biryani,Biryani,189.0,151,28539.0,100.0,2025-12-28,Hyderabad
Chicken Biryani,Biryani,179.0,131,23449.0,100.0,2025-12-29,Hyderabad
Chicken Biryani,Biryani,189.0,112,21168.0,100.0,2025-12-30,Hyderabad
Chicken Biryani,Biryani,219.0,80,17520.0,100.0,2025-12-31,Hyderabad
Chicken Biryani,Biryani,199.0,80,15920.0,100.0,2026-01-01,Hyderabad
Chicken Biryani,Biryani,209.0,63,13167.0,100.0,2026-01-02,Hyderabad
Chicken Biryani,Biryani,219.0,102,22338.0,100.0,2026-01-03,Hyderabad
Chicken Biryani,Biryani,219.0,103,22557.0,100.0,2026-01-04,Hyderabad
Chicken Biryani,Biryani,209.0,60,12540.0,100.0,2026-01-05,Hyderabad
Chicken Biryani,Biryani,189.0,81,15309.0,100.0,2026-01-06,Hyderabad
Chicken Biryani,Biryani,219.0,91,19929.0,100.0,2026-01-07,Hyderabad
Chicken Biryani,Biryani,209.0,91,19019.0,100.0,2026-01-08,Hyderabad
Chicken Biryani,Biryani,219.0,74,16206.0,100.0,2026-01-09,Hyderabad
Chicken Biryani,Biryani,249.0,90,22410.0,100.0,2026-01-10,Hyderabad
Chicken Biryani,Biryani,229.0,85,19465.0,100.0,2026-01-11,Hyderabad
Chicken Biryani,Biryani,249.0,53,13197.0,100.0,2026-01-12,Hyderabad
Chicken Biryani,Biryani,229.0,75,17175.0,100.0,2026-01-13,Hyderabad
Chicken Biryani,Biryani,219.0,72,15768.0,100.0,2026-01-14,Hyderabad
Chicken Biryani,Biryani,239.0,55,13145.0,100.0,2026-01-15,Hyderabad
Chicken Biryani,Biryani,209.0,68,14212.0,100.0,2026-01-16,Hyderabad
Chicken Biryani,Biryani,239.0,65,15535.0,100.0,2026-01-17,Hyderabad
Chicken Biryani,Biryani,239.0,85,20315.0,100.0,2026-01-18,Hyderabad
Chicken Biryani,Biryani,219.0,75,16425.0,100.0,2026-01-19,Hyderabad
Chicken Biryani,Biryani,239.0,69,16491.0,100.0,2026-01-20,Hyderabad
Chicken Biryani,Biryani,219.0,87,19053.0,100.0,2026-01-21,Hyderabad
Chicken Biryani,Biryani,209.0,66,13794.0,100.0,2026-01-22,Hyderabad
Chicken Biryani,Biryani,239.0,54,12906.0,100.0,2026-01-23,Hyderabad
Chicken Biryani,Biryani,229.0,113,25877.0,100.0,2026-01-24,Hyderabad
Chicken Biryani,Biryani,219.0,123,26937.0,100.0,2026-01-25,Hyderabad
Chicken Biryani,Biryani,219.0,60,13140.0,100.0,2026-01-26,Hyderabad
Chicken Biryani,Biryani,239.0,62,14818.0,100.0,2026-01-27,Hyderabad
Chicken Biryani,Biryani,249.0,60,14940.0,100.0,2026-01-28,Hyderabad
Chicken Biryani,Biryani,229.0,49,11221.0,100.0,2026-01-29,Hyderabad
Chicken Biryani,Biryani,209.0,75,15675.0,100.0,2026-01-30,Hyderabad
Chicken Biryani,Biryani,249.0,72,17928.0,100.0,2026-01-31,Hyderabad
Chicken Biryani,Biryani,239.0,99,23661.0,100.0,2026-02-01,Hyderabad
Chicken Biryani,Biryani,249.0,69,17181.0,100.0,2026-02-02,Hyderabad
Chicken Biryani,Biryani,249.0,67,16683.0,100.0,2026-02-03,Hyderabad
Chicken Biryani,Biryani,239.0,63,15057.0,100.0,2026-02-04,Hyderabad
Chicken Biryani,Biryani,219.0,67,14673.0,100.0,2026-02-05,Hyderabad
Chicken Biryani,Biryani,249.0,65,16185.0,100.0,2026-02-06,Hyderabad
Chicken Biryani,Biryani,249.0,87,21663.0,100.0,2026-02-07,Hyderabad
Chicken Biryani,Biryani,240.0,112,26880.0,100.0,2026-02-08,Hyderabad
Chicken Biryani,Biryani,250.0,75,18750.0,100.0,2026-02-09,Hyderabad
Chicken Biryani,Biryani,240.0,63,15120.0,100.0,2026-02-10,Hyderabad
Chicken Biryani,Biryani,270.0,47,12690.0,100.0,2026-02-11,Hyderabad
Chicken Biryani,Biryani,270.0,57,15390.0,100.0,2026-02-12,Hyderabad
Chicken Biryani,Biryani,270.0,36,9720.0,100.0,2026-02-13,Hyderabad
Chicken Biryani,Biryani,240.0,72,17280.0,100.0,2026-02-14,Hyderabad
Chicken Biryani,Biryani,260.0,87,22620.0,100.0,2026-02-15,Hyderabad
Chicken Biryani,Biryani,250.0,59,14750.0,100.0,2026-02-16,Hyderabad
Chicken Biryani,Biryani,270.0,53,14310.0,100.0,2026-02-17,Hyderabad
Chicken Biryani,Biryani,240.0,72,17280.0,100.0,2026-02-18,Hyderabad
Chicken Biryani,Biryani,240.0,54,12960.0,100.0,2026-02-19,Hyderabad
Chicken Biryani,Biryani,260.0,51,13260.0,100.0,2026-02-20,Hyderabad
Chicken Biryani,Biryani,270.0,73,19710.0,100.0,2026-02-21,Hyderabad
Chicken Biryani,Biryani,240.0,99,23760.0,100.0,2026-02-22,Hyderabad
Chicken Biryani,Biryani,270.0,55,14850.0,100.0,2026-02-23,Hyderabad
Chicken Biryani,Biryani,260.0,60,15600.0,100.0,2026-02-24,Hyderabad
Chicken Biryani,Biryani,230.0,65,14950.0,100.0,2026-02-25,Hyderabad
Chicken Biryani,Biryani,240.0,80,19200.0,100.0,2026-02-26,Hyderabad
Chicken Biryani,Biryani,260.0,51,13260.0,100.0,2026-02-27,Hyderabad
Chicken Biryani,Biryani,270.0,42,11340.0,100.0,2026-02-28,Hyderabad
Chicken Biryani,Biryani,260.0,73,18980.0,100.0,2026-03-01,Hyderabad
Chicken Biryani,Biryani,240.0,73,17520.0,100.0,2026-03-02,Hyderabad
Chicken Biryani,Biryani,250.0,61,15250.0,100.0,2026-03-03,Hyderabad
Chicken Biryani,Biryani,260.0,52,13520.0,100.0,2026-03-04,Hyderabad
Chicken Biryani,Biryani,230.0,53,12190.0,100.0,2026-03-05,Hyderabad
Chicken Biryani,Biryani,270.0,48,12960.0,100.0,2026-03-06,Hyderabad
Chicken Biryani,Biryani,250.0,92,23000.0,100.0,2026-03-07,Hyderabad
Chicken Biryani,Biryani,250.0,70,17500.0,100.0,2026-03-08,Hyderabad
Chicken Biryani,Biryani,230.0,78,17940.0,100.0,2026-03-09,Hyderabad
Chicken Biryani,Biryani,269.0,53,14257.0,100.0,2026-03-10,Hyderabad
Chicken Biryani,Biryani,259.0,50,12950.0,100.0,2026-03-11,Hyderabad
Chicken Biryani,Biryani,259.0,57,14763.0,100.0,2026-03-12,Hyderabad
Chicken Biryani,Biryani,289.0,52,15028.0,100.0,2026-03-13,Hyderabad
Chicken Biryani,Biryani,279.0,78,21762.0,100.0,2026-03-14,Hyderabad
Chicken Biryani,Biryani,269.0,58,15602.0,100.0,2026-03-15,Hyderabad
Chicken Biryani,Biryani,269.0,68,18292.0,100.0,2026-03-16,Hyderabad
Chicken Biryani,Biryani,269.0,61,16409.0,100.0,2026-03-17,Hyderabad
Chicken Biryani,Biryani,259.0,57,14763.0,100.0,2026-03-18,Hyderabad
Chicken Biryani,Biryani,259.0,60,15540.0,100.0,2026-03-19,Hyderabad
Chicken Biryani,Biryani,259.0,65,16835.0,100.0,2026-03-20,Hyderabad
Chicken Biryani,Biryani,299.0,58,17342.0,100.0,2026-03-21,Hyderabad
Chicken Biryani,Biryani,299.0,68,20332.0,100.0,2026-03-22,Hyderabad
Chicken Biryani,Biryani,279.0,54,15066.0,100.0,2026-03-23,Hyderabad
Chicken Biryani,Biryani,299.0,57,17043.0,100.0,2026-03-24,Hyderabad
Chicken Biryani,Biryani,269.0,59,15871.0,100.0,2026-03-25,Hyderabad
Chicken Biryani,Biryani,299.0,44,13156.0,100.0,2026-03-26,Hyderabad
Chicken Biryani,Biryani,269.0,44,11836.0,100.0,2026-03-27,Hyderabad
Chicken Biryani,Biryani,289.0,58,16762.0,100.0,2026-03-28,Hyderabad
Chicken Biryani,Biryani,269.0,66,17754.0,100.0,2026-03-29,Hyderabad
Chicken Biryani,Biryani,279.0,48,13392.0,100.0,2026-03-30,Hyderabad
Chicken Biryani,Biryani,279.0,46,12834.0,100.0,2026-03-31,Hyderabad
Chicken Biryani,Biryani,259.0,63,16317.0,100.0,2026-04-01,Hyderabad
Chicken Biryani,Biryani,279.0,40,11160.0,100.0,2026-04-02,Hyderabad
Chicken Biryani,Biryani,259.0,57,14763.0,100.0,2026-04-03,Hyderabad
Chicken Biryani,Biryani,279.0,54,15066.0,100.0,2026-04-04,Hyderabad
Chicken Biryani,Biryani,279.0,79,22041.0,100.0,2026-04-05,Hyderabad
Chicken Biryani,Biryani,279.0,67,18693.0,100.0,2026-04-06,Hyderabad
Chicken Biryani,Biryani,279.0,54,15066.0,100.0,2026-04-07,Hyderabad
Chicken Biryani,Biryani,259.0,72,18648.0,100.0,2026-04-08,Hyderabad
Chicken Biryani,Biryani,309.0,40,12360.0,100.0,2026-04-09,Hyderabad
Chicken Biryani,Biryani,309.0,47,14523.0,100.0,2026-04-10,Hyderabad
Chicken Biryani,Biryani,319.0,50,15950.0,100.0,2026-04-11,Hyderabad
Chicken Biryani,Biryani,319.0,65,20735.0,100.0,2026-04-12,Hyderabad
Chicken Biryani,Biryani,299.0,49,14651.0,100.0,2026-04-13,Hyderabad
Chicken Biryani,Biryani,309.0,44,13596.0,100.0,2026-04-14,Hyderabad
Chicken Biryani,Biryani,279.0,45,12555.0,100.0,2026-04-15,Hyderabad
Chicken Biryani,Biryani,319.0,36,11484.0,100.0,2026-04-16,Hyderabad
Chicken Biryani,Biryani,319.0,53,16907.0,100.0,2026-04-17,Hyderabad
Chicken Biryani,Biryani,289.0,51,14739.0,100.0,2026-04-18,Hyderabad
Chicken Biryani,Biryani,319.0,53,16907.0,100.0,2026-04-19,Hyderabad
Chicken Biryani,Biryani,309.0,53,16377.0,100.0,2026-04-20,Hyderabad
Chicken Biryani,Biryani,289.0,39,11271.0,100.0,2026-04-21,Hyderabad
Chicken Biryani,Biryani,319.0,43,13717.0,100.0,2026-04-22,Hyderabad
Chicken Biryani,Biryani,299.0,55,16445.0,100.0,2026-04-23,Hyderabad
Chicken Biryani,Biryani,279.0,53,14787.0,100.0,2026-04-24,Hyderabad
Chicken Biryani,Biryani,279.0,67,18693.0,100.0,2026-04-25,Hyderabad
Chicken Biryani,Biryani,309.0,66,20394.0,100.0,2026-04-26,Hyderabad
Chicken Biryani,Biryani,299.0,41,12259.0,100.0,2026-04-27,Hyderabad
Chicken Biryani,Biryani,319.0,39,12441.0,100.0,2026-04-28,Hyderabad
Chicken Biryani,Biryani,279.0,60,16740.0,100.0,2026-04-29,Hyderabad
Chicken Biryani,Biryani,299.0,41,12259.0,100.0,2026-04-30,Hyderabad
Chicken Biryani,Biryani,279.0,85,23715.0,100.0,2026-05-01,Hyderabad
Chicken Biryani,Biryani,279.0,98,27342.0,100.0,2026-05-02,Hyderabad
Chicken Biryani,Biryani,319.0,69,22011.0,100.0,2026-05-03,Hyderabad
Chicken Biryani,Biryani,319.0,80,25520.0,100.0,2026-05-04,Hyderabad
Chicken Biryani,Biryani,279.0,81,22599.0,100.0,2026-05-05,Hyderabad
Chicken Biryani,Biryani,289.0,66,19074.0,100.0,2026-05-06,Hyderabad
Chicken Biryani,Biryani,299.0,64,19136.0,100.0,2026-05-07,Hyderabad
Chicken Biryani,Biryani,289.0,60,17340.0,100.0,2026-05-08,Hyderabad
Chicken Biryani,Biryani,199.0,132,26268.0,100.0,2026-05-09,Hyderabad
Chicken Biryani,Biryani,219.0,129,28251.0,100.0,2026-05-10,Hyderabad
Chicken Biryani,Biryani,209.0,103,21527.0,100.0,2026-05-11,Hyderabad
Chicken Biryani,Biryani,199.0,125,24875.0,100.0,2026-05-12,Hyderabad
Chicken Biryani,Biryani,179.0,124,22196.0,100.0,2026-05-13,Hyderabad
Chicken Biryani,Biryani,199.0,134,26666.0,100.0,2026-05-14,Hyderabad
Chicken Biryani,Biryani,179.0,128,22912.0,100.0,2026-05-15,Hyderabad
Chicken Biryani,Biryani,179.0,206,36874.0,100.0,2026-05-16,Hyderabad
Chicken Biryani,Biryani,189.0,188,35532.0,100.0,2026-05-17,Hyderabad
Chicken Biryani,Biryani,199.0,117,23283.0,100.0,2026-05-18,Hyderabad
Chicken Biryani,Biryani,179.0,137,24523.0,100.0,2026-05-19,Hyderabad
Chicken Biryani,Biryani,209.0,111,23199.0,100.0,2026-05-20,Hyderabad
Chicken Biryani,Biryani,209.0,76,15884.0,100.0,2026-05-21,Hyderabad
Chicken Biryani,Biryani,199.0,121,24079.0,100.0,2026-05-22,Hyderabad
Chicken Biryani,Biryani,209.0,178,37202.0,100.0,2026-05-23,Hyderabad
Chicken Biryani,Biryani,189.0,193,36477.0,100.0,2026-05-24,Hyderabad
Chicken Biryani,Biryani,219.0,85,18615.0,100.0,2026-05-25,Hyderabad
Chicken Biryani,Biryani,209.0,142,29678.0,100.0,2026-05-26,Hyderabad
Chicken Biryani,Biryani,219.0,95,20805.0,100.0,2026-05-27,Hyderabad
Chicken Biryani,Biryani,189.0,130,24570.0,100.0,2026-05-28,Hyderabad
Chicken Biryani,Biryani,189.0,154,29106.0,100.0,2026-05-29,Hyderabad
Chicken Biryani,Biryani,189.0,170,32130.0,100.0,2026-05-30,Hyderabad
Chicken Biryani,Biryani,199.0,131,26069.0,100.0,2026-05-31,Hyderabad
Chicken Biryani,Biryani,219.0,98,21462.0,100.0,2026-06-01,Hyderabad
Chicken Biryani,Biryani,179.0,156,27924.0,100.0,2026-06-02,Hyderabad
Chicken Biryani,Biryani,199.0,82,16318.0,100.0,2026-06-03,Hyderabad
Chicken Biryani,Biryani,219.0,87,19053.0,100.0,2026-06-04,Hyderabad
Chicken Biryani,Biryani,199.0,123,24477.0,100.0,2026-06-05,Hyderabad
