datasets/sample_data/sales_sample.csv
Product Name,Category,Price,Units Sold,Revenue,Cost,Date,Region
Chicken Biryani,Biryani,189.0,103,19467.0,100.0,2025-12-10,Pune
Chicken Biryani,Biryani,219.0,88,19272.0,100.0,2025-12-11,Pune
Chicken Biryani,Biryani,209.0,88,18392.0,100.0,2025-12-12,Pune
Chicken Biryani,Biryani,179.0,212,37948.0,100.0,2025-12-13,Pune
Chicken Biryani,Biryani,199.0,150,29850.0,100.0,2025-12-14,Pune
Chicken Biryani,Biryani,209.0,102,21318.0,100.0,2025-12-15,Pune
Chicken Biryani,Biryani,179.0,84,15036.0,100.0,2025-12-16,Pune
Chicken Biryani,Biryani,209.0,83,17347.0,100.0,2025-12-17,Pune
Chicken Biryani,Biryani,179.0,132,23628.0,100.0,2025-12-18,Pune
Chicken Biryani,Biryani,199.0,109,21691.0,100.0,2025-12-19,Pune
Chicken Biryani,Biryani,199.0,125,24875.0,100.0,2025-12-20,Pune
Chicken Biryani,Biryani,189.0,142,26838.0,100.0,2025-12-21,Pune
Chicken Biryani,Biryani,199.0,79,15721.0,100.0,2025-12-22,Pune
Chicken Biryani,Biryani,209.0,112,23408.0,100.0,2025-12-23,Pune
Chicken Biryani,Biryani,189.0,95,17955.0,100.0,2025-12-24,Pune
Chicken Biryani,Biryani,209.0,82,17138.0,100.0,2025-12-25,Pune
Chicken Biryani,Biryani,209.0,87,18183.0,100.0,2025-12-26,Pune
Chicken Biryani,Biryani,219.0,129,28251.0,100.0,2025-12-27,Pune
Chicken Biryani,Biryani,189.0,131,24759.0,100.0,2025-12-28,Pune
Chicken Biryani,Biryani,219.0,93,20367.0,100.0,2025-12-29,Pune
Chicken Biryani,Biryani,209.0,91,19019.0,100.0,2025-12-30,Pune
Chicken Biryani,Biryani,199.0,103,20497.0,100.0,2025-12-31,Pune
Chicken Biryani,Biryani,189.0,95,17955.0,100.0,2026-01-01,Pune
Chicken Biryani,Biryani,209.0,66,13794.0,100.0,2026-01-02,Pune
Chicken Biryani,Biryani,189.0,150,28350.0,100.0,2026-01-03,Pune
Chicken Biryani,Biryani,219.0,101,22119.0,100.0,2026-01-04,Pune
Chicken Biryani,Biryani,219.0,79,17301.0,100.0,2026-01-05,Pune
Chicken Biryani,Biryani,209.0,48,10032.0,100.0,2026-01-06,Pune
Chicken Biryani,Biryani,209.0,67,14003.0,100.0,2026-01-07,Pune
Chicken Biryani,Biryani,179.0,114,20406.0,100.0,2026-01-08,Pune
Chicken Biryani,Biryani,209.0,80,16720.0,100.0,2026-01-09,Pune
Chicken Biryani,Biryani,229.0,103,23587.0,100.0,2026-01-10,Pune
Chicken Biryani,Biryani,249.0,112,27888.0,100.0,2026-01-11,Pune
Chicken Biryani,Biryani,219.0,73,15987.0,100.0,2026-01-12,Pune
Chicken Biryani,Biryani,209.0,100,20900.0,100.0,2026-01-13,Pune
Chicken Biryani,Biryani,209.0,59,12331.0,100.0,2026-01-14,Pune
Chicken Biryani,Biryani,209.0,87,18183.0,100.0,2026-01-15,Pune
Chicken Biryani,Biryani,229.0,63,14427.0,100.0,2026-01-16,Pune
Chicken Biryani,Biryani,219.0,71,15549.0,100.0,2026-01-17,Pune
Chicken Biryani,Biryani,239.0,86,20554.0,100.0,2026-01-18,Pune
Chicken Biryani,Biryani,239.0,56,13384.0,100.0,2026-01-19,Pune
Chicken Biryani,Biryani,229.0,62,14198.0,100.0,2026-01-20,Pune
Chicken Biryani,Biryani,229.0,72,16488.0,100.0,2026-01-21,Pune
Chicken Biryani,Biryani,209.0,66,13794.0,100.0,2026-01-22,Pune
Chicken Biryani,Biryani,239.0,63,15057.0,100.0,2026-01-23,Pune
Chicken Biryani,Biryani,229.0,103,23587.0,100.0,2026-01-24,Pune
Chicken Biryani,Biryani,249.0,83,20667.0,100.0,2026-01-25,Pune
Chicken Biryani,Biryani,239.0,56,13384.0,100.0,2026-01-26,Pune
Chicken Biryani,Biryani,209.0,73,15257.0,100.0,2026-01-27,Pune
Chicken Biryani,Biryani,249.0,64,15936.0,100.0,2026-01-28,Pune
Chicken Biryani,Biryani,229.0,51,11679.0,100.0,2026-01-29,Pune
Chicken Biryani,Biryani,209.0,55,11495.0,100.0,2026-01-30,Pune
Chicken Biryani,Biryani,219.0,92,20148.0,100.0,2026-01-31,Pune
Chicken Biryani,Biryani,209.0,119,24871.0,100.0,2026-02-01,Pune
Chicken Biryani,Biryani,209.0,76,15884.0,100.0,2026-02-02,Pune
Chicken Biryani,Biryani,209.0,83,17347.0,100.0,2026-02-03,Pune
Chicken Biryani,Biryani,239.0,65,15535.0,100.0,2026-02-04,Pune
Chicken Biryani,Biryani,239.0,71,16969.0,100.0,2026-02-05,Pune
Chicken Biryani,Biryani,219.0,59,12921.0,100.0,2026-02-06,Pune
Chicken Biryani,Biryani,249.0,87,21663.0,100.0,2026-02-07,Pune
Chicken Biryani,Biryani,270.0,64,17280.0,100.0,2026-02-08,Pune
Chicken Biryani,Biryani,250.0,57,14250.0,100.0,2026-02-09,Pune
Chicken Biryani,Biryani,270.0,45,12150.0,100.0,2026-02-10,Pune
Chicken Biryani,Biryani,230.0,67,15410.0,100.0,2026-02-11,Pune
Chicken Biryani,Biryani,240.0,71,17040.0,100.0,2026-02-12,Pune
Chicken Biryani,Biryani,250.0,69,17250.0,100.0,2026-02-13,Pune
Chicken Biryani,Biryani,250.0,68,17000.0,100.0,2026-02-14,Pune
Chicken Biryani,Biryani,230.0,102,23460.0,100.0,2026-02-15,Pune
Chicken Biryani,Biryani,240.0,56,13440.0,100.0,2026-02-16,Pune
Chicken Biryani,Biryani,240.0,45,10800.0,100.0,2026-02-17,Pune
Chicken Biryani,Biryani,260.0,60,15600.0,100.0,2026-02-18,Pune
Chicken Biryani,Biryani,270.0,54,14580.0,100.0,2026-02-19,Pune
Chicken Biryani,Biryani,270.0,55,14850.0,100.0,2026-02-20,Pune
Chicken Biryani,Biryani,260.0,78,20280.0,100.0,2026-02-21,Pune
Chicken Biryani,Biryani,250.0,94,23500.0,100.0,2026-02-22,Pune
Chicken Biryani,Biryani,240.0,73,17520.0,100.0,2026-02-23,Pune
Chicken Biryani,Biryani,240.0,68,16320.0,100.0,2026-02-24,Pune
Chicken Biryani,Biryani,250.0,58,14500.0,100.0,2026-02-25,Pune
Chicken Biryani,Biryani,260.0,54,14040.0,100.0,2026-02-26,Pune
Chicken Biryani,Biryani,250.0,55,13750.0,100.0,2026-02-27,Pune
Chicken Biryani,Biryani,270.0,66,17820.0,100.0,2026-02-28,Pune
Chicken Biryani,Biryani,230.0,109,25070.0,100.0,2026-03-01,Pune
Chicken Biryani,Biryani,240.0,62,14880.0,100.0,2026-03-02,Pune
Chicken Biryani,Biryani,260.0,55,14300.0,100.0,2026-03-03,Pune
Chicken Biryani,Biryani,270.0,54,14580.0,100.0,2026-03-04,Pune
Chicken Biryani,Biryani,250.0,63,15750.0,100.0,2026-03-05,Pune
Chicken Biryani,Biryani,270.0,61,16470.0,100.0,2026-03-06,Pune
Chicken Biryani,Biryani,270.0,61,16470.0,100.0,2026-03-07,Pune
Chicken Biryani,Biryani,240.0,104,24960.0,100.0,2026-03-08,Pune
Chicken Biryani,Biryani,230.0,73,16790.0,100.0,2026-03-09,Pune
Chicken Biryani,Biryani,299.0,52,15548.0,100.0,2026-03-10,Pune
Chicken Biryani,Biryani,259.0,58,15022.0,100.0,2026-03-11,Pune
Chicken Biryani,Biryani,269.0,46,12374.0,100.0,2026-03-12,Pune
Chicken Biryani,Biryani,299.0,47,14053.0,100.0,2026-03-13,Pune
Chicken Biryani,Biryani,259.0,78,20202.0,100.0,2026-03-14,Pune
Chicken Biryani,Biryani,299.0,78,23322.0,100.0,2026-03-15,Pune
Chicken Biryani,Biryani,279.0,66,18414.0,100.0,2026-03-16,Pune
Chicken Biryani,Biryani,279.0,51,14229.0,100.0,2026-03-17,Pune
Chicken Biryani,Biryani,269.0,45,12105.0,100.0,2026-03-18,Pune
Chicken Biryani,Biryani,259.0,66,17094.0,100.0,2026-03-19,Pune
Chicken Biryani,Biryani,269.0,48,12912.0,100.0,2026-03-20,Pune
Chicken Biryani,Biryani,289.0,64,18496.0,100.0,2026-03-21,Pune
Chicken Biryani,Biryani,269.0,77,20713.0,100.0,2026-03-22,Pune
Chicken Biryani,Biryani,259.0,40,10360.0,100.0,2026-03-23,Pune
Chicken Biryani,Biryani,299.0,37,11063.0,100.0,2026-03-24,Pune
Chicken Biryani,Biryani,259.0,53,13727.0,100.0,2026-03-25,Pune
Chicken Biryani,Biryani,289.0,51,14739.0,100.0,2026-03-26,Pune
Chicken Biryani,Biryani,299.0,51,15249.0,100.0,2026-03-27,Pune
Chicken Biryani,Biryani,299.0,45,13455.0,100.0,2026-03-28,Pune
Chicken Biryani,Biryani,289.0,73,21097.0,100.0,2026-03-29,Pune
Chicken Biryani,Biryani,289.0,52,15028.0,100.0,2026-03-30,Pune
Chicken Biryani,Biryani,279.0,52,14508.0,100.0,2026-03-31,Pune
Chicken Biryani,Biryani,299.0,46,13754.0,100.0,2026-04-01,Pune
Chicken Biryani,Biryani,269.0,54,14526.0,100.0,2026-04-02,Pune
Chicken Biryani,Biryani,289.0,52,15028.0,100.0,2026-04-03,Pune
Chicken Biryani,Biryani,279.0,42,11718.0,100.0,2026-04-04,Pune
Chicken Biryani,Biryani,259.0,78,20202.0,100.0,2026-04-05,Pune
Chicken Biryani,Biryani,259.0,55,14245.0,100.0,2026-04-06,Pune
Chicken Biryani,Biryani,289.0,42,12138.0,100.0,2026-04-07,Pune
Chicken Biryani,Biryani,269.0,61,16409.0,100.0,2026-04-08,Pune
Chicken Biryani,Biryani,299.0,55,16445.0,100.0,2026-04-09,Pune
Chicken Biryani,Biryani,279.0,46,12834.0,100.0,2026-04-10,Pune
Chicken Biryani,Biryani,319.0,49,15631.0,100.0,2026-04-11,Pune
Chicken Biryani,Biryani,309.0,60,18540.0,100.0,2026-04-12,Pune
Chicken Biryani,Biryani,289.0,53,15317.0,100.0,2026-04-13,Pune
Chicken Biryani,Biryani,279.0,56,15624.0,100.0,2026-04-14,Pune
Chicken Biryani,Biryani,309.0,59,18231.0,100.0,2026-04-15,Pune
Chicken Biryani,Biryani,319.0,55,17545.0,100.0,2026-04-16,Pune
Chicken Biryani,Biryani,309.0,42,12978.0,100.0,2026-04-17,Pune
Chicken Biryani,Biryani,299.0,62,18538.0,100.0,2026-04-18,Pune
Chicken Biryani,Biryani,299.0,76,22724.0,100.0,2026-04-19,Pune
Chicken Biryani,Biryani,319.0,47,14993.0,100.0,2026-04-20,Pune
Chicken Biryani,Biryani,309.0,55,16995.0,100.0,2026-04-21,Pune
Chicken Biryani,Biryani,309.0,48,14832.0,100.0,2026-04-22,Pune
Chicken Biryani,Biryani,289.0,43,12427.0,100.0,2026-04-23,Pune
Chicken Biryani,Biryani,319.0,33,10527.0,100.0,2026-04-24,Pune
Chicken Biryani,Biryani,319.0,49,15631.0,100.0,2026-04-25,Pune
Chicken Biryani,Biryani,309.0,79,24411.0,100.0,2026-04-26,Pune
Chicken Biryani,Biryani,319.0,30,9570.0,100.0,2026-04-27,Pune
Chicken Biryani,Biryani,299.0,47,14053.0,100.0,2026-04-28,Pune
Chicken Biryani,Biryani,289.0,59,17051.0,100.0,2026-04-29,Pune
Chicken Biryani,Biryani,289.0,52,15028.0,100.0,2026-04-30,Pune
Chicken Biryani,Biryani,319.0,51,16269.0,100.0,2026-05-01,Pune
Chicken Biryani,Biryani,309.0,72,22248.0,100.0,2026-05-02,Pune
Chicken Biryani,Biryani,299.0,112,33488.0,100.0,2026-05-03,Pune
Chicken Biryani,Biryani,299.0,52,15548.0,100.0,2026-05-04,Pune
Chicken Biryani,Biryani,289.0,57,16473.0,100.0,2026-05-05,Pune
Chicken Biryani,Biryani,319.0,62,19778.0,100.0,2026-05-06,Pune
Chicken Biryani,Biryani,319.0,66,21054.0,100.0,2026-05-07,Pune
Chicken Biryani,Biryani,289.0,80,23120.0,100.0,2026-05-08,Pune
Chicken Biryani,Biryani,179.0,178,31862.0,100.0,2026-05-09,Pune
Chicken Biryani,Biryani,199.0,149,29651.0,100.0,2026-05-10,Pune
Chicken Biryani,Biryani,189.0,123,23247.0,100.0,2026-05-11,Pune
Chicken Biryani,Biryani,199.0,118,23482.0,100.0,2026-05-12,Pune
Chicken Biryani,Biryani,219.0,118,25842.0,100.0,2026-05-13,Pune
Chicken Biryani,Biryani,219.0,88,19272.0,100.0,2026-05-14,Pune
Chicken Biryani,Biryani,179.0,98,17542.0,100.0,2026-05-15,Pune
Chicken Biryani,Biryani,219.0,131,28689.0,100.0,2026-05-16,Pune
Chicken Biryani,Biryani,219.0,121,26499.0,100.0,2026-05-17,Pune
Chicken Biryani,Biryani,179.0,133,23807.0,100.0,2026-05-18,Pune
Chicken Biryani,Biryani,219.0,95,20805.0,100.0,2026-05-19,Pune
Chicken Biryani,Biryani,189.0,120,22680.0,100.0,2026-05-20,Pune
Chicken Biryani,Biryani,209.0,130,27170.0,100.0,2026-05-21,Pune
Chicken Biryani,Biryani,189.0,107,20223.0,100.0,2026-05-22,Pune
Chicken Biryani,Biryani,219.0,115,25185.0,100.0,2026-05-23,Pune
Chicken Biryani,Biryani,189.0,202,38178.0,100.0,2026-05-24,Pune
Chicken Biryani,Biryani,219.0,124,27156.0,100.0,2026-05-25,Pune
Chicken Biryani,Biryani,199.0,119,23681.0,100.0,2026-05-26,Pune
Chicken Biryani,Biryani,219.0,113,24747.0,100.0,2026-05-27,Pune
Chicken Biryani,Biryani,219.0,99,21681.0,100.0,2026-05-28,Pune
Chicken Biryani,Biryani,189.0,110,20790.0,100.0,2026-05-29,Pune
Chicken Biryani,Biryani,219.0,151,33069.0,100.0,2026-05-30,Pune
Chicken Biryani,Biryani,199.0,155,30845.0,100.0,2026-05-31,Pune
Chicken Biryani,Biryani,219.0,63,13797.0,100.0,2026-06-01,Pune
Chicken Biryani,Biryani,199.0,125,24875.0,100.0,2026-06-02,Pune
Chicken Biryani,Biryani,179.0,156,27924.0,100.0,2026-06-03,Pune
Chicken Biryani,Biryani,189.0,123,23247.0,100.0,2026-06-04,Pune
Chicken Biryani,Biryani,199.0,117,23283.0,100.0,2026-06-05,Pune
