datasets/sample_data/sales_sample.csv
Product Name,Category,Price,Units Sold,Revenue,Cost,Date,Region
Margherita Pizza,Pizza,229.0,116,26564.0,120.0,2025-12-10,Chennai
Margherita Pizza,Pizza,249.0,80,19920.0,120.0,2025-12-11,Chennai
Margherita Pizza,Pizza,259.0,77,19943.0,120.0,2025-12-12,Chennai
Margherita Pizza,Pizza,229.0,121,27709.0,120.0,2025-12-13,Chennai
Margherita Pizza,Pizza,239.0,131,31309.0,120.0,2025-12-14,Chennai
Margherita Pizza,Pizza,269.0,77,20713.0,120.0,2025-12-15,Chennai
Margherita Pizza,Pizza,229.0,104,23816.0,120.0,2025-12-16,Chennai
Margherita Pizza,Pizza,239.0,93,22227.0,120.0,2025-12-17,Chennai
Margherita Pizza,Pizza,239.0,92,21988.0,120.0,2025-12-18,Chennai
Margherita Pizza,Pizza,239.0,88,21032.0,120.0,2025-12-19,Chennai
Margherita Pizza,Pizza,229.0,130,29770.0,120.0,2025-12-20,Chennai
Margherita Pizza,Pizza,239.0,127,30353.0,120.0,2025-12-21,Chennai
Margherita Pizza,Pizza,239.0,65,15535.0,120.0,2025-12-22,Chennai
Margherita Pizza,Pizza,249.0,102,25398.0,120.0,2025-12-23,Chennai
Margherita Pizza,Pizza,239.0,92,21988.0,120.0,2025-12-24,Chennai
Margherita Pizza,Pizza,269.0,78,20982.0,120.0,2025-12-25,Chennai
Margherita Pizza,Pizza,259.0,84,21756.0,120.0,2025-12-26,Chennai
Margherita Pizza,Pizza,269.0,103,27707.0,120.0,2025-12-27,Chennai
Margherita Pizza,Pizza,259.0,155,40145.0,120.0,2025-12-28,Chennai
Margherita Pizza,Pizza,249.0,78,19422.0,120.0,2025-12-29,Chennai
Margherita Pizza,Pizza,239.0,89,21271.0,120.0,2025-12-30,Chennai
Margherita Pizza,Pizza,249.0,115,28635.0,120.0,2025-12-31,Chennai
Margherita Pizza,Pizza,259.0,62,16058.0,120.0,2026-01-01,Chennai
Margherita Pizza,Pizza,259.0,61,15799.0,120.0,2026-01-02,Chennai
Margherita Pizza,Pizza,259.0,80,20720.0,120.0,2026-01-03,Chennai
Margherita Pizza,Pizza,229.0,87,19923.0,120.0,2026-01-04,Chennai
Margherita Pizza,Pizza,229.0,83,19007.0,120.0,2026-01-05,Chennai
Margherita Pizza,Pizza,249.0,50,12450.0,120.0,2026-01-06,Chennai
Margherita Pizza,Pizza,259.0,78,20202.0,120.0,2026-01-07,Chennai
Margherita Pizza,Pizza,249.0,60,14940.0,120.0,2026-01-08,Chennai
Margherita Pizza,Pizza,299.0,56,16744.0,120.0,2026-01-09,Chennai
Margherita Pizza,Pizza,279.0,80,22320.0,120.0,2026-01-10,Chennai
Margherita Pizza,Pizza,299.0,80,23920.0,120.0,2026-01-11,Chennai
Margherita Pizza,Pizza,259.0,47,12173.0,120.0,2026-01-12,Chennai
Margherita Pizza,Pizza,279.0,50,13950.0,120.0,2026-01-13,Chennai
Margherita Pizza,Pizza,259.0,61,15799.0,120.0,2026-01-14,Chennai
Margherita Pizza,Pizza,289.0,50,14450.0,120.0,2026-01-15,Chennai
Margherita Pizza,Pizza,289.0,49,14161.0,120.0,2026-01-16,Chennai
Margherita Pizza,Pizza,259.0,101,26159.0,120.0,2026-01-17,Chennai
Margherita Pizza,Pizza,279.0,95,26505.0,120.0,2026-01-18,Chennai
Margherita Pizza,Pizza,299.0,45,13455.0,120.0,2026-01-19,Chennai
Margherita Pizza,Pizza,259.0,79,20461.0,120.0,2026-01-20,Chennai
Margherita Pizza,Pizza,269.0,50,13450.0,120.0,2026-01-21,Chennai
Margherita Pizza,Pizza,299.0,47,14053.0,120.0,2026-01-22,Chennai
Margherita Pizza,Pizza,279.0,46,12834.0,120.0,2026-01-23,Chennai
Margherita Pizza,Pizza,269.0,73,19637.0,120.0,2026-01-24,Chennai
Margherita Pizza,Pizza,269.0,58,15602.0,120.0,2026-01-25,Chennai
Margherita Pizza,Pizza,279.0,60,16740.0,120.0,2026-01-26,Chennai
Margherita Pizza,Pizza,279.0,62,17298.0,120.0,2026-01-27,Chennai
Margherita Pizza,Pizza,299.0,50,14950.0,120.0,2026-01-28,Chennai
Margherita Pizza,Pizza,299.0,51,15249.0,120.0,2026-01-29,Chennai
Margherita Pizza,Pizza,279.0,51,14229.0,120.0,2026-01-30,Chennai
Margherita Pizza,Pizza,289.0,52,15028.0,120.0,2026-01-31,Chennai
Margherita Pizza,Pizza,279.0,59,16461.0,120.0,2026-02-01,Chennai
Margherita Pizza,Pizza,269.0,44,11836.0,120.0,2026-02-02,Chennai
Margherita Pizza,Pizza,299.0,55,16445.0,120.0,2026-02-03,Chennai
Margherita Pizza,Pizza,289.0,63,18207.0,120.0,2026-02-04,Chennai
Margherita Pizza,Pizza,299.0,52,15548.0,120.0,2026-02-05,Chennai
Margherita Pizza,Pizza,279.0,65,18135.0,120.0,2026-02-06,Chennai
Margherita Pizza,Pizza,269.0,85,22865.0,120.0,2026-02-07,Chennai
Margherita Pizza,Pizza,319.0,57,18183.0,120.0,2026-02-08,Chennai
Margherita Pizza,Pizza,319.0,50,15950.0,120.0,2026-02-09,Chennai
Margherita Pizza,Pizza,299.0,47,14053.0,120.0,2026-02-10,Chennai
Margherita Pizza,Pizza,289.0,44,12716.0,120.0,2026-02-11,Chennai
Margherita Pizza,Pizza,289.0,50,14450.0,120.0,2026-02-12,Chennai
Margherita Pizza,Pizza,279.0,52,14508.0,120.0,2026-02-13,Chennai
Margherita Pizza,Pizza,319.0,63,20097.0,120.0,2026-02-14,Chennai
Margherita Pizza,Pizza,299.0,77,23023.0,120.0,2026-02-15,Chennai
Margherita Pizza,Pizza,279.0,62,17298.0,120.0,2026-02-16,Chennai
Margherita Pizza,Pizza,309.0,47,14523.0,120.0,2026-02-17,Chennai
Margherita Pizza,Pizza,289.0,57,16473.0,120.0,2026-02-18,Chennai
Margherita Pizza,Pizza,299.0,43,12857.0,120.0,2026-02-19,Chennai
Margherita Pizza,Pizza,289.0,63,18207.0,120.0,2026-02-20,Chennai
Margherita Pizza,Pizza,309.0,80,24720.0,120.0,2026-02-21,Chennai
Margherita Pizza,Pizza,279.0,73,20367.0,120.0,2026-02-22,Chennai
Margherita Pizza,Pizza,309.0,49,15141.0,120.0,2026-02-23,Chennai
Margherita Pizza,Pizza,319.0,46,14674.0,120.0,2026-02-24,Chennai
Margherita Pizza,Pizza,319.0,45,14355.0,120.0,2026-02-25,Chennai
Margherita Pizza,Pizza,319.0,58,18502.0,120.0,2026-02-26,Chennai
Margherita Pizza,Pizza,279.0,52,14508.0,120.0,2026-02-27,Chennai
Margherita Pizza,Pizza,279.0,70,19530.0,120.0,2026-02-28,Chennai
Margherita Pizza,Pizza,279.0,80,22320.0,120.0,2026-03-01,Chennai
Margherita Pizza,Pizza,309.0,56,17304.0,120.0,2026-03-02,Chennai
Margherita Pizza,Pizza,319.0,39,12441.0,120.0,2026-03-03,Chennai
Margherita Pizza,Pizza,279.0,36,10044.0,120.0,2026-03-04,Chennai
Margherita Pizza,Pizza,319.0,58,18502.0,120.0,2026-03-05,Chennai
Margherita Pizza,Pizza,289.0,67,19363.0,120.0,2026-03-06,Chennai
Margherita Pizza,Pizza,279.0,82,22878.0,120.0,2026-03-07,Chennai
Margherita Pizza,Pizza,299.0,63,18837.0,120.0,2026-03-08,Chennai
Margherita Pizza,Pizza,299.0,60,17940.0,120.0,2026-03-09,Chennai
Margherita Pizza,Pizza,349.0,42,14658.0,120.0,2026-03-10,Chennai
Margherita Pizza,Pizza,349.0,27,9423.0,120.0,2026-03-11,Chennai
Margherita Pizza,Pizza,309.0,57,17613.0,120.0,2026-03-12,Chennai
Margherita Pizza,Pizza,329.0,40,13160.0,120.0,2026-03-13,Chennai
Margherita Pizza,Pizza,349.0,40,13960.0,120.0,2026-03-14,Chennai
Margherita Pizza,Pizza,329.0,66,21714.0,120.0,2026-03-15,Chennai
Margherita Pizza,Pizza,329.0,45,14805.0,120.0,2026-03-16,Chennai
Margherita Pizza,Pizza,319.0,45,14355.0,120.0,2026-03-17,Chennai
Margherita Pizza,Pizza,339.0,55,18645.0,120.0,2026-03-18,Chennai
Margherita Pizza,Pizza,329.0,42,13818.0,120.0,2026-03-19,Chennai
Margherita Pizza,Pizza,319.0,41,13079.0,120.0,2026-03-20,Chennai
Margherita Pizza,Pizza,309.0,56,17304.0,120.0,2026-03-21,Chennai
Margherita Pizza,Pizza,339.0,71,24069.0,120.0,2026-03-22,Chennai
Margherita Pizza,Pizza,309.0,56,17304.0,120.0,2026-03-23,Chennai
Margherita Pizza,Pizza,339.0,38,12882.0,120.0,2026-03-24,Chennai
Margherita Pizza,Pizza,309.0,51,15759.0,120.0,2026-03-25,Chennai
Margherita Pizza,Pizza,349.0,40,13960.0,120.0,2026-03-26,Chennai
Margherita Pizza,Pizza,329.0,39,12831.0,120.0,2026-03-27,Chennai
Margherita Pizza,Pizza,349.0,50,17450.0,120.0,2026-03-28,Chennai
Margherita Pizza,Pizza,319.0,74,23606.0,120.0,2026-03-29,Chennai
Margherita Pizza,Pizza,349.0,42,14658.0,120.0,2026-03-30,Chennai
Margherita Pizza,Pizza,339.0,42,14238.0,120.0,2026-03-31,Chennai
Margherita Pizza,Pizza,339.0,42,14238.0,120.0,2026-04-01,Chennai
Margherita Pizza,Pizza,329.0,42,13818.0,120.0,2026-04-02,Chennai
Margherita Pizza,Pizza,329.0,52,17108.0,120.0,2026-04-03,Chennai
Margherita Pizza,Pizza,319.0,66,21054.0,120.0,2026-04-04,Chennai
Margherita Pizza,Pizza,339.0,53,17967.0,120.0,2026-04-05,Chennai
Margherita Pizza,Pizza,309.0,52,16068.0,120.0,2026-04-06,Chennai
Margherita Pizza,Pizza,309.0,51,15759.0,120.0,2026-04-07,Chennai
Margherita Pizza,Pizza,309.0,54,16686.0,120.0,2026-04-08,Chennai
Margherita Pizza,Pizza,359.0,35,12565.0,120.0,2026-04-09,Chennai
Margherita Pizza,Pizza,329.0,47,15463.0,120.0,2026-04-10,Chennai
Margherita Pizza,Pizza,349.0,63,21987.0,120.0,2026-04-11,Chennai
Margherita Pizza,Pizza,369.0,49,18081.0,120.0,2026-04-12,Chennai
Margherita Pizza,Pizza,339.0,45,15255.0,120.0,2026-04-13,Chennai
Margherita Pizza,Pizza,369.0,41,15129.0,120.0,2026-04-14,Chennai
Margherita Pizza,Pizza,329.0,33,10857.0,120.0,2026-04-15,Chennai
Margherita Pizza,Pizza,359.0,36,12924.0,120.0,2026-04-16,Chennai
Margherita Pizza,Pizza,359.0,39,14001.0,120.0,2026-04-17,Chennai
Margherita Pizza,Pizza,359.0,50,17950.0,120.0,2026-04-18,Chennai
Margherita Pizza,Pizza,339.0,55,18645.0,120.0,2026-04-19,Chennai
Margherita Pizza,Pizza,329.0,45,14805.0,120.0,2026-04-20,Chennai
Margherita Pizza,Pizza,349.0,37,12913.0,120.0,2026-04-21,Chennai
Margherita Pizza,Pizza,339.0,42,14238.0,120.0,2026-04-22,Chennai
Margherita Pizza,Pizza,329.0,51,16779.0,120.0,2026-04-23,Chennai
Margherita Pizza,Pizza,339.0,44,14916.0,120.0,2026-04-24,Chennai
Margherita Pizza,Pizza,339.0,49,16611.0,120.0,2026-04-25,Chennai
Margherita Pizza,Pizza,339.0,72,24408.0,120.0,2026-04-26,Chennai
Margherita Pizza,Pizza,369.0,29,10701.0,120.0,2026-04-27,Chennai
Margherita Pizza,Pizza,369.0,46,16974.0,120.0,2026-04-28,Chennai
Margherita Pizza,Pizza,359.0,27,9693.0,120.0,2026-04-29,Chennai
Margherita Pizza,Pizza,329.0,46,15134.0,120.0,2026-04-30,Chennai
Margherita Pizza,Pizza,349.0,40,13960.0,120.0,2026-05-01,Chennai
Margherita Pizza,Pizza,349.0,61,21289.0,120.0,2026-05-02,Chennai
Margherita Pizza,Pizza,359.0,65,23335.0,120.0,2026-05-03,Chennai
Margherita Pizza,Pizza,339.0,51,17289.0,120.0,2026-05-04,Chennai
Margherita Pizza,Pizza,359.0,52,18668.0,120.0,2026-05-05,Chennai
Margherita Pizza,Pizza,369.0,53,19557.0,120.0,2026-05-06,Chennai
Margherita Pizza,Pizza,369.0,42,15498.0,120.0,2026-05-07,Chennai
Margherita Pizza,Pizza,369.0,39,14391.0,120.0,2026-05-08,Chennai
Margherita Pizza,Pizza,229.0,110,25190.0,120.0,2026-05-09,Chennai
Margherita Pizza,Pizza,249.0,118,29382.0,120.0,2026-05-10,Chennai
Margherita Pizza,Pizza,249.0,87,21663.0,120.0,2026-05-11,Chennai
Margherita Pizza,Pizza,239.0,118,28202.0,120.0,2026-05-12,Chennai
Margherita Pizza,Pizza,249.0,80,19920.0,120.0,2026-05-13,Chennai
Margherita Pizza,Pizza,269.0,74,19906.0,120.0,2026-05-14,Chennai
Margherita Pizza,Pizza,269.0,71,19099.0,120.0,2026-05-15,Chennai
Margherita Pizza,Pizza,249.0,151,37599.0,120.0,2026-05-16,Chennai
Margherita Pizza,Pizza,269.0,149,40081.0,120.0,2026-05-17,Chennai
Margherita Pizza,Pizza,249.0,92,22908.0,120.0,2026-05-18,Chennai
Margherita Pizza,Pizza,259.0,96,24864.0,120.0,2026-05-19,Chennai
Margherita Pizza,Pizza,239.0,95,22705.0,120.0,2026-05-20,Chennai
Margherita Pizza,Pizza,249.0,77,19173.0,120.0,2026-05-21,Chennai
Margherita Pizza,Pizza,269.0,98,26362.0,120.0,2026-05-22,Chennai
Margherita Pizza,Pizza,229.0,156,35724.0,120.0,2026-05-23,Chennai
Margherita Pizza,Pizza,249.0,124,30876.0,120.0,2026-05-24,Chennai
Margherita Pizza,Pizza,229.0,142,32518.0,120.0,2026-05-25,Chennai
Margherita Pizza,Pizza,239.0,99,23661.0,120.0,2026-05-26,Chennai
Margherita Pizza,Pizza,229.0,115,26335.0,120.0,2026-05-27,Chennai
Margherita Pizza,Pizza,269.0,92,24748.0,120.0,2026-05-28,Chennai
Margherita Pizza,Pizza,239.0,120,28680.0,120.0,2026-05-29,Chennai
Margherita Pizza,Pizza,249.0,103,25647.0,120.0,2026-05-30,Chennai
Margherita Pizza,Pizza,259.0,123,31857.0,120.0,2026-05-31,Chennai
Margherita Pizza,Pizza,259.0,86,22274.0,120.0,2026-06-01,Chennai
Margherita Pizza,Pizza,249.0,90,22410.0,120.0,2026-06-02,Chennai
Margherita Pizza,Pizza,249.0,84,20916.0,120.0,2026-06-03,Chennai
Margherita Pizza,Pizza,239.0,100,23900.0,120.0,2026-06-04,Chennai
Margherita Pizza,Pizza,269.0,95,25555.0,120.0,2026-06-05,Chennai
