datasets/sample_data/sales_sample.csv
Product Name,Category,Price,Units Sold,Revenue,Cost,Date,Region
Margherita Pizza,Pizza,269.0,79,21251.0,120.0,2025-12-10,Bangalore
Margherita Pizza,Pizza,229.0,89,20381.0,120.0,2025-12-11,Bangalore
Margherita Pizza,Pizza,249.0,57,14193.0,120.0,2025-12-12,Bangalore
Margherita Pizza,Pizza,229.0,131,29999.0,120.0,2025-12-13,Bangalore
Margherita Pizza,Pizza,269.0,108,29052.0,120.0,2025-12-14,Bangalore
Margherita Pizza,Pizza,259.0,75,19425.0,120.0,2025-12-15,Bangalore
Margherita Pizza,Pizza,259.0,58,15022.0,120.0,2025-12-16,Bangalore
Margherita Pizza,Pizza,259.0,85,22015.0,120.0,2025-12-17,Bangalore
Margherita Pizza,Pizza,259.0,68,17612.0,120.0,2025-12-18,Bangalore
Margherita Pizza,Pizza,249.0,71,17679.0,120.0,2025-12-19,Bangalore
Margherita Pizza,Pizza,229.0,126,28854.0,120.0,2025-12-20,Bangalore
Margherita Pizza,Pizza,239.0,128,30592.0,120.0,2025-12-21,Bangalore
Margherita Pizza,Pizza,269.0,71,19099.0,120.0,2025-12-22,Bangalore
Margherita Pizza,Pizza,269.0,69,18561.0,120.0,2025-12-23,Bangalore
Margherita Pizza,Pizza,239.0,87,20793.0,120.0,2025-12-24,Bangalore
Margherita Pizza,Pizza,269.0,70,18830.0,120.0,2025-12-25,Bangalore
Margherita Pizza,Pizza,229.0,127,29083.0,120.0,2025-12-26,Bangalore
Margherita Pizza,Pizza,229.0,131,29999.0,120.0,2025-12-27,Bangalore
Margherita Pizza,Pizza,229.0,139,31831.0,120.0,2025-12-28,Bangalore
Margherita Pizza,Pizza,229.0,112,25648.0,120.0,2025-12-29,Bangalore
Margherita Pizza,Pizza,249.0,87,21663.0,120.0,2025-12-30,Bangalore
Margherita Pizza,Pizza,259.0,76,19684.0,120.0,2025-12-31,Bangalore
Margherita Pizza,Pizza,229.0,76,17404.0,120.0,2026-01-01,Bangalore
Margherita Pizza,Pizza,249.0,68,16932.0,120.0,2026-01-02,Bangalore
Margherita Pizza,Pizza,229.0,89,20381.0,120.0,2026-01-03,Bangalore
Margherita Pizza,Pizza,249.0,106,26394.0,120.0,2026-01-04,Bangalore
Margherita Pizza,Pizza,269.0,57,15333.0,120.0,2026-01-05,Bangalore
Margherita Pizza,Pizza,269.0,64,17216.0,120.0,2026-01-06,Bangalore
Margherita Pizza,Pizza,249.0,68,16932.0,120.0,2026-01-07,Bangalore
Margherita Pizza,Pizza,269.0,61,16409.0,120.0,2026-01-08,Bangalore
Margherita Pizza,Pizza,289.0,53,15317.0,120.0,2026-01-09,Bangalore
Margherita Pizza,Pizza,259.0,68,17612.0,120.0,2026-01-10,Bangalore
Margherita Pizza,Pizza,279.0,75,20925.0,120.0,2026-01-11,Bangalore
Margherita Pizza,Pizza,289.0,55,15895.0,120.0,2026-01-12,Bangalore
Margherita Pizza,Pizza,299.0,39,11661.0,120.0,2026-01-13,Bangalore
Margherita Pizza,Pizza,269.0,50,13450.0,120.0,2026-01-14,Bangalore
Margherita Pizza,Pizza,289.0,46,13294.0,120.0,2026-01-15,Bangalore
Margherita Pizza,Pizza,279.0,56,15624.0,120.0,2026-01-16,Bangalore
Margherita Pizza,Pizza,279.0,71,19809.0,120.0,2026-01-17,Bangalore
Margherita Pizza,Pizza,269.0,92,24748.0,120.0,2026-01-18,Bangalore
Margherita Pizza,Pizza,259.0,68,17612.0,120.0,2026-01-19,Bangalore
Margherita Pizza,Pizza,289.0,49,14161.0,120.0,2026-01-20,Bangalore
Margherita Pizza,Pizza,269.0,75,20175.0,120.0,2026-01-21,Bangalore
Margherita Pizza,Pizza,299.0,52,15548.0,120.0,2026-01-22,Bangalore
Margherita Pizza,Pizza,299.0,28,8372.0,120.0,2026-01-23,Bangalore
Margherita Pizza,Pizza,269.0,93,25017.0,120.0,2026-01-24,Bangalore
Margherita Pizza,Pizza,279.0,73,20367.0,120.0,2026-01-25,Bangalore
Margherita Pizza,Pizza,259.0,65,16835.0,120.0,2026-01-26,Bangalore
Margherita Pizza,Pizza,269.0,45,12105.0,120.0,2026-01-27,Bangalore
Margherita Pizza,Pizza,259.0,79,20461.0,120.0,2026-01-28,Bangalore
Margherita Pizza,Pizza,289.0,56,16184.0,120.0,2026-01-29,Bangalore
Margherita Pizza,Pizza,279.0,56,15624.0,120.0,2026-01-30,Bangalore
Margherita Pizza,Pizza,279.0,65,18135.0,120.0,2026-01-31,Bangalore
Margherita Pizza,Pizza,279.0,74,20646.0,120.0,2026-02-01,Bangalore
Margherita Pizza,Pizza,279.0,66,18414.0,120.0,2026-02-02,Bangalore
Margherita Pizza,Pizza,269.0,64,17216.0,120.0,2026-02-03,Bangalore
Margherita Pizza,Pizza,269.0,48,12912.0,120.0,2026-02-04,Bangalore
Margherita Pizza,Pizza,289.0,54,15606.0,120.0,2026-02-05,Bangalore
Margherita Pizza,Pizza,299.0,49,14651.0,120.0,2026-02-06,Bangalore
Margherita Pizza,Pizza,279.0,75,20925.0,120.0,2026-02-07,Bangalore
Margherita Pizza,Pizza,309.0,55,16995.0,120.0,2026-02-08,Bangalore
Margherita Pizza,Pizza,309.0,38,11742.0,120.0,2026-02-09,Bangalore
Margherita Pizza,Pizza,319.0,49,15631.0,120.0,2026-02-10,Bangalore
Margherita Pizza,Pizza,309.0,40,12360.0,120.0,2026-02-11,Bangalore
Margherita Pizza,Pizza,319.0,57,18183.0,120.0,2026-02-12,Bangalore
Margherita Pizza,Pizza,299.0,44,13156.0,120.0,2026-02-13,Bangalore
Margherita Pizza,Pizza,309.0,63,19467.0,120.0,2026-02-14,Bangalore
Margherita Pizza,Pizza,309.0,55,16995.0,120.0,2026-02-15,Bangalore
Margherita Pizza,Pizza,279.0,69,19251.0,120.0,2026-02-16,Bangalore
Margherita Pizza,Pizza,299.0,45,13455.0,120.0,2026-02-17,Bangalore
Margherita Pizza,Pizza,299.0,55,16445.0,120.0,2026-02-18,Bangalore
Margherita Pizza,Pizza,299.0,52,15548.0,120.0,2026-02-19,Bangalore
Margherita Pizza,Pizza,309.0,44,13596.0,120.0,2026-02-20,Bangalore
Margherita Pizza,Pizza,279.0,88,24552.0,120.0,2026-02-21,Bangalore
Margherita Pizza,Pizza,279.0,89,24831.0,120.0,2026-02-22,Bangalore
Margherita Pizza,Pizza,279.0,57,15903.0,120.0,2026-02-23,Bangalore
Margherita Pizza,Pizza,309.0,52,16068.0,120.0,2026-02-24,Bangalore
Margherita Pizza,Pizza,279.0,61,17019.0,120.0,2026-02-25,Bangalore
Margherita Pizza,Pizza,319.0,51,16269.0,120.0,2026-02-26,Bangalore
Margherita Pizza,Pizza,319.0,51,16269.0,120.0,2026-02-27,Bangalore
Margherita Pizza,Pizza,279.0,92,25668.0,120.0,2026-02-28,Bangalore
Margherita Pizza,Pizza,289.0,77,22253.0,120.0,2026-03-01,Bangalore
Margherita Pizza,Pizza,309.0,40,12360.0,120.0,2026-03-02,Bangalore
Margherita Pizza,Pizza,289.0,55,15895.0,120.0,2026-03-03,Bangalore
Margherita Pizza,Pizza,299.0,46,13754.0,120.0,2026-03-04,Bangalore
Margherita Pizza,Pizza,299.0,51,15249.0,120.0,2026-03-05,Bangalore
Margherita Pizza,Pizza,299.0,59,17641.0,120.0,2026-03-06,Bangalore
Margherita Pizza,Pizza,279.0,74,20646.0,120.0,2026-03-07,Bangalore
Margherita Pizza,Pizza,279.0,74,20646.0,120.0,2026-03-08,Bangalore
Margherita Pizza,Pizza,299.0,42,12558.0,120.0,2026-03-09,Bangalore
Margherita Pizza,Pizza,349.0,35,12215.0,120.0,2026-03-10,Bangalore
Margherita Pizza,Pizza,309.0,55,16995.0,120.0,2026-03-11,Bangalore
Margherita Pizza,Pizza,339.0,56,18984.0,120.0,2026-03-12,Bangalore
Margherita Pizza,Pizza,309.0,47,14523.0,120.0,2026-03-13,Bangalore
Margherita Pizza,Pizza,309.0,57,17613.0,120.0,2026-03-14,Bangalore
Margherita Pizza,Pizza,309.0,85,26265.0,120.0,2026-03-15,Bangalore
Margherita Pizza,Pizza,329.0,51,16779.0,120.0,2026-03-16,Bangalore
Margherita Pizza,Pizza,309.0,46,14214.0,120.0,2026-03-17,Bangalore
Margherita Pizza,Pizza,319.0,57,18183.0,120.0,2026-03-18,Bangalore
Margherita Pizza,Pizza,339.0,50,16950.0,120.0,2026-03-19,Bangalore
Margherita Pizza,Pizza,329.0,51,16779.0,120.0,2026-03-20,Bangalore
Margherita Pizza,Pizza,329.0,58,19082.0,120.0,2026-03-21,Bangalore
Margherita Pizza,Pizza,329.0,63,20727.0,120.0,2026-03-22,Bangalore
Margherita Pizza,Pizza,309.0,48,14832.0,120.0,2026-03-23,Bangalore
Margherita Pizza,Pizza,309.0,52,16068.0,120.0,2026-03-24,Bangalore
Margherita Pizza,Pizza,319.0,40,12760.0,120.0,2026-03-25,Bangalore
Margherita Pizza,Pizza,319.0,48,15312.0,120.0,2026-03-26,Bangalore
Margherita Pizza,Pizza,329.0,43,14147.0,120.0,2026-03-27,Bangalore
Margherita Pizza,Pizza,339.0,65,22035.0,120.0,2026-03-28,Bangalore
Margherita Pizza,Pizza,339.0,75,25425.0,120.0,2026-03-29,Bangalore
Margherita Pizza,Pizza,339.0,30,10170.0,120.0,2026-03-30,Bangalore
Margherita Pizza,Pizza,339.0,45,15255.0,120.0,2026-03-31,Bangalore
Margherita Pizza,Pizza,329.0,40,13160.0,120.0,2026-04-01,Bangalore
Margherita Pizza,Pizza,339.0,43,14577.0,120.0,2026-04-02,Bangalore
Margherita Pizza,Pizza,319.0,41,13079.0,120.0,2026-04-03,Bangalore
Margherita Pizza,Pizza,309.0,65,20085.0,120.0,2026-04-04,Bangalore
Margherita Pizza,Pizza,329.0,59,19411.0,120.0,2026-04-05,Bangalore
Margherita Pizza,Pizza,339.0,31,10509.0,120.0,2026-04-06,Bangalore
Margherita Pizza,Pizza,309.0,57,17613.0,120.0,2026-04-07,Bangalore
Margherita Pizza,Pizza,339.0,40,13560.0,120.0,2026-04-08,Bangalore
Margherita Pizza,Pizza,339.0,48,16272.0,120.0,2026-04-09,Bangalore
Margherita Pizza,Pizza,359.0,46,16514.0,120.0,2026-04-10,Bangalore
Margherita Pizza,Pizza,329.0,68,22372.0,120.0,2026-04-11,Bangalore
Margherita Pizza,Pizza,339.0,68,23052.0,120.0,2026-04-12,Bangalore
Margherita Pizza,Pizza,369.0,44,16236.0,120.0,2026-04-13,Bangalore
Margherita Pizza,Pizza,369.0,38,14022.0,120.0,2026-04-14,Bangalore
Margherita Pizza,Pizza,359.0,35,12565.0,120.0,2026-04-15,Bangalore
Margherita Pizza,Pizza,329.0,51,16779.0,120.0,2026-04-16,Bangalore
Margherita Pizza,Pizza,329.0,43,14147.0,120.0,2026-04-17,Bangalore
Margherita Pizza,Pizza,359.0,57,20463.0,120.0,2026-04-18,Bangalore
Margherita Pizza,Pizza,349.0,51,17799.0,120.0,2026-04-19,Bangalore
Margherita Pizza,Pizza,349.0,39,13611.0,120.0,2026-04-20,Bangalore
Margherita Pizza,Pizza,349.0,45,15705.0,120.0,2026-04-21,Bangalore
Margherita Pizza,Pizza,349.0,33,11517.0,120.0,2026-04-22,Bangalore
Margherita Pizza,Pizza,339.0,35,11865.0,120.0,2026-04-23,Bangalore
Margherita Pizza,Pizza,359.0,39,14001.0,120.0,2026-04-24,Bangalore
Margherita Pizza,Pizza,329.0,57,18753.0,120.0,2026-04-25,Bangalore
Margherita Pizza,Pizza,329.0,52,17108.0,120.0,2026-04-26,Bangalore
Margherita Pizza,Pizza,329.0,36,11844.0,120.0,2026-04-27,Bangalore
Margherita Pizza,Pizza,349.0,46,16054.0,120.0,2026-04-28,Bangalore
Margherita Pizza,Pizza,369.0,37,13653.0,120.0,2026-04-29,Bangalore
Margherita Pizza,Pizza,339.0,36,12204.0,120.0,2026-04-30,Bangalore
Margherita Pizza,Pizza,349.0,59,20591.0,120.0,2026-05-01,Bangalore
Margherita Pizza,Pizza,329.0,77,25333.0,120.0,2026-05-02,Bangalore
Margherita Pizza,Pizza,369.0,68,25092.0,120.0,2026-05-03,Bangalore
Margherita Pizza,Pizza,369.0,51,18819.0,120.0,2026-05-04,Bangalore
Margherita Pizza,Pizza,359.0,53,19027.0,120.0,2026-05-05,Bangalore
Margherita Pizza,Pizza,369.0,50,18450.0,120.0,2026-05-06,Bangalore
Margherita Pizza,Pizza,359.0,46,16514.0,120.0,2026-05-07,Bangalore
Margherita Pizza,Pizza,339.0,46,15594.0,120.0,2026-05-08,Bangalore
Margherita Pizza,Pizza,269.0,128,34432.0,120.0,2026-05-09,Bangalore
Margherita Pizza,Pizza,269.0,109,29321.0,120.0,2026-05-10,Bangalore
Margherita Pizza,Pizza,259.0,102,26418.0,120.0,2026-05-11,Bangalore
Margherita Pizza,Pizza,229.0,83,19007.0,120.0,2026-05-12,Bangalore
Margherita Pizza,Pizza,229.0,114,26106.0,120.0,2026-05-13,Bangalore
Margherita Pizza,Pizza,239.0,59,14101.0,120.0,2026-05-14,Bangalore
Margherita Pizza,Pizza,229.0,116,26564.0,120.0,2026-05-15,Bangalore
Margherita Pizza,Pizza,269.0,99,26631.0,120.0,2026-05-16,Bangalore
Margherita Pizza,Pizza,259.0,137,35483.0,120.0,2026-05-17,Bangalore
Margherita Pizza,Pizza,269.0,83,22327.0,120.0,2026-05-18,Bangalore
Margherita Pizza,Pizza,229.0,107,24503.0,120.0,2026-05-19,Bangalore
Margherita Pizza,Pizza,249.0,120,29880.0,120.0,2026-05-20,Bangalore
Margherita Pizza,Pizza,249.0,86,21414.0,120.0,2026-05-21,Bangalore
Margherita Pizza,Pizza,239.0,86,20554.0,120.0,2026-05-22,Bangalore
Margherita Pizza,Pizza,249.0,124,30876.0,120.0,2026-05-23,Bangalore
Margherita Pizza,Pizza,259.0,150,38850.0,120.0,2026-05-24,Bangalore
Margherita Pizza,Pizza,239.0,107,25573.0,120.0,2026-05-25,Bangalore
Margherita Pizza,Pizza,259.0,101,26159.0,120.0,2026-05-26,Bangalore
Margherita Pizza,Pizza,269.0,102,27438.0,120.0,2026-05-27,Bangalore
Margherita Pizza,Pizza,239.0,103,24617.0,120.0,2026-05-28,Bangalore
Margherita Pizza,Pizza,239.0,125,29875.0,120.0,2026-05-29,Bangalore
Margherita Pizza,Pizza,269.0,85,22865.0,120.0,2026-05-30,Bangalore
Margherita Pizza,Pizza,229.0,150,34350.0,120.0,2026-05-31,Bangalore
Margherita Pizza,Pizza,269.0,96,25824.0,120.0,2026-06-01,Bangalore
Margherita Pizza,Pizza,259.0,99,25641.0,120.0,2026-06-02,Bangalore
Margherita Pizza,Pizza,259.0,101,26159.0,120.0,2026-06-03,Bangalore
Margherita Pizza,Pizza,249.0,93,23157.0,120.0,2026-06-04,Bangalore
Margherita Pizza,Pizza,249.0,96,23904.0,120.0,2026-06-05,Bangalore
