datasets/sample_data/sales_sample.csv
Product Name,Category,Price,Units Sold,Revenue,Cost,Date,Region
Margherita Pizza,Pizza,229.0,87,19923.0,120.0,2025-12-10,Mumbai
Margherita Pizza,Pizza,259.0,59,15281.0,120.0,2025-12-11,Mumbai
Margherita Pizza,Pizza,269.0,69,18561.0,120.0,2025-12-12,Mumbai
Margherita Pizza,Pizza,239.0,116,27724.0,120.0,2025-12-13,Mumbai
Margherita Pizza,Pizza,269.0,93,25017.0,120.0,2025-12-14,Mumbai
Margherita Pizza,Pizza,229.0,82,18778.0,120.0,2025-12-15,Mumbai
Margherita Pizza,Pizza,249.0,76,18924.0,120.0,2025-12-16,Mumbai
Margherita Pizza,Pizza,229.0,81,18549.0,120.0,2025-12-17,Mumbai
Margherita Pizza,Pizza,229.0,107,24503.0,120.0,2025-12-18,Mumbai
Margherita Pizza,Pizza,229.0,95,21755.0,120.0,2025-12-19,Mumbai
Margherita Pizza,Pizza,249.0,111,27639.0,120.0,2025-12-20,Mumbai
Margherita Pizza,Pizza,259.0,103,26677.0,120.0,2025-12-21,Mumbai
Margherita Pizza,Pizza,249.0,87,21663.0,120.0,2025-12-22,Mumbai
Margherita Pizza,Pizza,239.0,96,22944.0,120.0,2025-12-23,Mumbai
Margherita Pizza,Pizza,229.0,91,20839.0,120.0,2025-12-24,Mumbai
Margherita Pizza,Pizza,259.0,81,20979.0,120.0,2025-12-25,Mumbai
Margherita Pizza,Pizza,239.0,91,21749.0,120.0,2025-12-26,Mumbai
Margherita Pizza,Pizza,229.0,112,25648.0,120.0,2025-12-27,Mumbai
Margherita Pizza,Pizza,269.0,105,28245.0,120.0,2025-12-28,Mumbai
Margherita Pizza,Pizza,259.0,65,16835.0,120.0,2025-12-29,Mumbai
Margherita Pizza,Pizza,249.0,76,18924.0,120.0,2025-12-30,Mumbai
Margherita Pizza,Pizza,249.0,97,24153.0,120.0,2025-12-31,Mumbai
Margherita Pizza,Pizza,229.0,86,19694.0,120.0,2026-01-01,Mumbai
Margherita Pizza,Pizza,269.0,71,19099.0,120.0,2026-01-02,Mumbai
Margherita Pizza,Pizza,269.0,61,16409.0,120.0,2026-01-03,Mumbai
Margherita Pizza,Pizza,269.0,91,24479.0,120.0,2026-01-04,Mumbai
Margherita Pizza,Pizza,259.0,79,20461.0,120.0,2026-01-05,Mumbai
Margherita Pizza,Pizza,249.0,74,18426.0,120.0,2026-01-06,Mumbai
Margherita Pizza,Pizza,239.0,64,15296.0,120.0,2026-01-07,Mumbai
Margherita Pizza,Pizza,259.0,66,17094.0,120.0,2026-01-08,Mumbai
Margherita Pizza,Pizza,299.0,47,14053.0,120.0,2026-01-09,Mumbai
Margherita Pizza,Pizza,289.0,85,24565.0,120.0,2026-01-10,Mumbai
Margherita Pizza,Pizza,269.0,52,13988.0,120.0,2026-01-11,Mumbai
Margherita Pizza,Pizza,279.0,54,15066.0,120.0,2026-01-12,Mumbai
Margherita Pizza,Pizza,279.0,54,15066.0,120.0,2026-01-13,Mumbai
Margherita Pizza,Pizza,259.0,55,14245.0,120.0,2026-01-14,Mumbai
Margherita Pizza,Pizza,259.0,67,17353.0,120.0,2026-01-15,Mumbai
Margherita Pizza,Pizza,279.0,56,15624.0,120.0,2026-01-16,Mumbai
Margherita Pizza,Pizza,299.0,59,17641.0,120.0,2026-01-17,Mumbai
Margherita Pizza,Pizza,279.0,85,23715.0,120.0,2026-01-18,Mumbai
Margherita Pizza,Pizza,259.0,74,19166.0,120.0,2026-01-19,Mumbai
Margherita Pizza,Pizza,259.0,65,16835.0,120.0,2026-01-20,Mumbai
Margherita Pizza,Pizza,299.0,58,17342.0,120.0,2026-01-21,Mumbai
Margherita Pizza,Pizza,299.0,56,16744.0,120.0,2026-01-22,Mumbai
Margherita Pizza,Pizza,259.0,67,17353.0,120.0,2026-01-23,Mumbai
Margherita Pizza,Pizza,279.0,74,20646.0,120.0,2026-01-24,Mumbai
Margherita Pizza,Pizza,289.0,90,26010.0,120.0,2026-01-25,Mumbai
Margherita Pizza,Pizza,289.0,55,15895.0,120.0,2026-01-26,Mumbai
Margherita Pizza,Pizza,279.0,47,13113.0,120.0,2026-01-27,Mumbai
Margherita Pizza,Pizza,289.0,47,13583.0,120.0,2026-01-28,Mumbai
Margherita Pizza,Pizza,299.0,38,11362.0,120.0,2026-01-29,Mumbai
Margherita Pizza,Pizza,279.0,57,15903.0,120.0,2026-01-30,Mumbai
Margherita Pizza,Pizza,279.0,85,23715.0,120.0,2026-01-31,Mumbai
Margherita Pizza,Pizza,259.0,81,20979.0,120.0,2026-02-01,Mumbai
Margherita Pizza,Pizza,259.0,55,14245.0,120.0,2026-02-02,Mumbai
Margherita Pizza,Pizza,299.0,45,13455.0,120.0,2026-02-03,Mumbai
Margherita Pizza,Pizza,279.0,31,8649.0,120.0,2026-02-04,Mumbai
Margherita Pizza,Pizza,289.0,59,17051.0,120.0,2026-02-05,Mumbai
Margherita Pizza,Pizza,279.0,62,17298.0,120.0,2026-02-06,Mumbai
Margherita Pizza,Pizza,299.0,73,21827.0,120.0,2026-02-07,Mumbai
Margherita Pizza,Pizza,289.0,74,21386.0,120.0,2026-02-08,Mumbai
Margherita Pizza,Pizza,289.0,45,13005.0,120.0,2026-02-09,Mumbai
Margherita Pizza,Pizza,299.0,51,15249.0,120.0,2026-02-10,Mumbai
Margherita Pizza,Pizza,289.0,58,16762.0,120.0,2026-02-11,Mumbai
Margherita Pizza,Pizza,309.0,49,15141.0,120.0,2026-02-12,Mumbai
Margherita Pizza,Pizza,299.0,55,16445.0,120.0,2026-02-13,Mumbai
Margherita Pizza,Pizza,279.0,76,21204.0,120.0,2026-02-14,Mumbai
Margherita Pizza,Pizza,289.0,89,25721.0,120.0,2026-02-15,Mumbai
Margherita Pizza,Pizza,309.0,43,13287.0,120.0,2026-02-16,Mumbai
Margherita Pizza,Pizza,299.0,47,14053.0,120.0,2026-02-17,Mumbai
Margherita Pizza,Pizza,289.0,70,20230.0,120.0,2026-02-18,Mumbai
Margherita Pizza,Pizza,309.0,41,12669.0,120.0,2026-02-19,Mumbai
Margherita Pizza,Pizza,319.0,32,10208.0,120.0,2026-02-20,Mumbai
Margherita Pizza,Pizza,279.0,78,21762.0,120.0,2026-02-21,Mumbai
Margherita Pizza,Pizza,279.0,85,23715.0,120.0,2026-02-22,Mumbai
Margherita Pizza,Pizza,299.0,48,14352.0,120.0,2026-02-23,Mumbai
Margherita Pizza,Pizza,279.0,35,9765.0,120.0,2026-02-24,Mumbai
Margherita Pizza,Pizza,319.0,51,16269.0,120.0,2026-02-25,Mumbai
Margherita Pizza,Pizza,289.0,58,16762.0,120.0,2026-02-26,Mumbai
Margherita Pizza,Pizza,289.0,45,13005.0,120.0,2026-02-27,Mumbai
Margherita Pizza,Pizza,289.0,68,19652.0,120.0,2026-02-28,Mumbai
Margherita Pizza,Pizza,299.0,74,22126.0,120.0,2026-03-01,Mumbai
Margherita Pizza,Pizza,279.0,50,13950.0,120.0,2026-03-02,Mumbai
Margherita Pizza,Pizza,299.0,53,15847.0,120.0,2026-03-03,Mumbai
Margherita Pizza,Pizza,279.0,61,17019.0,120.0,2026-03-04,Mumbai
Margherita Pizza,Pizza,319.0,47,14993.0,120.0,2026-03-05,Mumbai
Margherita Pizza,Pizza,299.0,45,13455.0,120.0,2026-03-06,Mumbai
Margherita Pizza,Pizza,309.0,73,22557.0,120.0,2026-03-07,Mumbai
Margherita Pizza,Pizza,299.0,58,17342.0,120.0,2026-03-08,Mumbai
Margherita Pizza,Pizza,299.0,64,19136.0,120.0,2026-03-09,Mumbai
Margherita Pizza,Pizza,349.0,41,14309.0,120.0,2026-03-10,Mumbai
Margherita Pizza,Pizza,309.0,37,11433.0,120.0,2026-03-11,Mumbai
Margherita Pizza,Pizza,309.0,50,15450.0,120.0,2026-03-12,Mumbai
Margherita Pizza,Pizza,339.0,42,14238.0,120.0,2026-03-13,Mumbai
Margherita Pizza,Pizza,319.0,61,19459.0,120.0,2026-03-14,Mumbai
Margherita Pizza,Pizza,329.0,67,22043.0,120.0,2026-03-15,Mumbai
Margherita Pizza,Pizza,339.0,43,14577.0,120.0,2026-03-16,Mumbai
Margherita Pizza,Pizza,319.0,54,17226.0,120.0,2026-03-17,Mumbai
Margherita Pizza,Pizza,309.0,54,16686.0,120.0,2026-03-18,Mumbai
Margherita Pizza,Pizza,319.0,49,15631.0,120.0,2026-03-19,Mumbai
Margherita Pizza,Pizza,349.0,32,11168.0,120.0,2026-03-20,Mumbai
Margherita Pizza,Pizza,349.0,47,16403.0,120.0,2026-03-21,Mumbai
Margherita Pizza,Pizza,329.0,53,17437.0,120.0,2026-03-22,Mumbai
Margherita Pizza,Pizza,339.0,62,21018.0,120.0,2026-03-23,Mumbai
Margherita Pizza,Pizza,339.0,50,16950.0,120.0,2026-03-24,Mumbai
Margherita Pizza,Pizza,319.0,48,15312.0,120.0,2026-03-25,Mumbai
Margherita Pizza,Pizza,349.0,36,12564.0,120.0,2026-03-26,Mumbai
Margherita Pizza,Pizza,309.0,46,14214.0,120.0,2026-03-27,Mumbai
Margherita Pizza,Pizza,309.0,79,24411.0,120.0,2026-03-28,Mumbai
Margherita Pizza,Pizza,339.0,69,23391.0,120.0,2026-03-29,Mumbai
Margherita Pizza,Pizza,319.0,61,19459.0,120.0,2026-03-30,Mumbai
Margherita Pizza,Pizza,329.0,35,11515.0,120.0,2026-03-31,Mumbai
Margherita Pizza,Pizza,319.0,48,15312.0,120.0,2026-04-01,Mumbai
Margherita Pizza,Pizza,329.0,42,13818.0,120.0,2026-04-02,Mumbai
Margherita Pizza,Pizza,329.0,55,18095.0,120.0,2026-04-03,Mumbai
Margherita Pizza,Pizza,339.0,52,17628.0,120.0,2026-04-04,Mumbai
Margherita Pizza,Pizza,349.0,54,18846.0,120.0,2026-04-05,Mumbai
Margherita Pizza,Pizza,319.0,30,9570.0,120.0,2026-04-06,Mumbai
Margherita Pizza,Pizza,319.0,41,13079.0,120.0,2026-04-07,Mumbai
Margherita Pizza,Pizza,349.0,31,10819.0,120.0,2026-04-08,Mumbai
Margherita Pizza,Pizza,369.0,46,16974.0,120.0,2026-04-09,Mumbai
Margherita Pizza,Pizza,359.0,35,12565.0,120.0,2026-04-10,Mumbai
Margherita Pizza,Pizza,329.0,64,21056.0,120.0,2026-04-11,Mumbai
Margherita Pizza,Pizza,369.0,63,23247.0,120.0,2026-04-12,Mumbai
Margherita Pizza,Pizza,369.0,44,16236.0,120.0,2026-04-13,Mumbai
Margherita Pizza,Pizza,339.0,47,15933.0,120.0,2026-04-14,Mumbai
Margherita Pizza,Pizza,349.0,43,15007.0,120.0,2026-04-15,Mumbai
Margherita Pizza,Pizza,349.0,42,14658.0,120.0,2026-04-16,Mumbai
Margherita Pizza,Pizza,349.0,48,16752.0,120.0,2026-04-17,Mumbai
Margherita Pizza,Pizza,359.0,52,18668.0,120.0,2026-04-18,Mumbai
Margherita Pizza,Pizza,349.0,46,16054.0,120.0,2026-04-19,Mumbai
Margherita Pizza,Pizza,329.0,45,14805.0,120.0,2026-04-20,Mumbai
Margherita Pizza,Pizza,339.0,35,11865.0,120.0,2026-04-21,Mumbai
Margherita Pizza,Pizza,359.0,42,15078.0,120.0,2026-04-22,Mumbai
Margherita Pizza,Pizza,369.0,41,15129.0,120.0,2026-04-23,Mumbai
Margherita Pizza,Pizza,339.0,44,14916.0,120.0,2026-04-24,Mumbai
Margherita Pizza,Pizza,339.0,63,21357.0,120.0,2026-04-25,Mumbai
Margherita Pizza,Pizza,329.0,71,23359.0,120.0,2026-04-26,Mumbai
Margherita Pizza,Pizza,359.0,47,16873.0,120.0,2026-04-27,Mumbai
Margherita Pizza,Pizza,359.0,39,14001.0,120.0,2026-04-28,Mumbai
Margherita Pizza,Pizza,359.0,46,16514.0,120.0,2026-04-29,Mumbai
Margherita Pizza,Pizza,329.0,52,17108.0,120.0,2026-04-30,Mumbai
Margherita Pizza,Pizza,329.0,46,15134.0,120.0,2026-05-01,Mumbai
Margherita Pizza,Pizza,369.0,65,23985.0,120.0,2026-05-02,Mumbai
Margherita Pizza,Pizza,349.0,82,28618.0,120.0,2026-05-03,Mumbai
Margherita Pizza,Pizza,349.0,57,19893.0,120.0,2026-05-04,Mumbai
Margherita Pizza,Pizza,339.0,65,22035.0,120.0,2026-05-05,Mumbai
Margherita Pizza,Pizza,339.0,53,17967.0,120.0,2026-05-06,Mumbai
Margherita Pizza,Pizza,359.0,46,16514.0,120.0,2026-05-07,Mumbai
Margherita Pizza,Pizza,329.0,48,15792.0,120.0,2026-05-08,Mumbai
Margherita Pizza,Pizza,239.0,129,30831.0,120.0,2026-05-09,Mumbai
Margherita Pizza,Pizza,249.0,150,37350.0,120.0,2026-05-10,Mumbai
Margherita Pizza,Pizza,249.0,121,30129.0,120.0,2026-05-11,Mumbai
Margherita Pizza,Pizza,269.0,88,23672.0,120.0,2026-05-12,Mumbai
Margherita Pizza,Pizza,229.0,105,24045.0,120.0,2026-05-13,Mumbai
Margherita Pizza,Pizza,229.0,127,29083.0,120.0,2026-05-14,Mumbai
Margherita Pizza,Pizza,229.0,136,31144.0,120.0,2026-05-15,Mumbai
Margherita Pizza,Pizza,229.0,143,32747.0,120.0,2026-05-16,Mumbai
Margherita Pizza,Pizza,249.0,127,31623.0,120.0,2026-05-17,Mumbai
Margherita Pizza,Pizza,269.0,95,25555.0,120.0,2026-05-18,Mumbai
Margherita Pizza,Pizza,229.0,112,25648.0,120.0,2026-05-19,Mumbai
Margherita Pizza,Pizza,229.0,128,29312.0,120.0,2026-05-20,Mumbai
Margherita Pizza,Pizza,239.0,106,25334.0,120.0,2026-05-21,Mumbai
Margherita Pizza,Pizza,239.0,77,18403.0,120.0,2026-05-22,Mumbai
Margherita Pizza,Pizza,259.0,140,36260.0,120.0,2026-05-23,Mumbai
Margherita Pizza,Pizza,239.0,110,26290.0,120.0,2026-05-24,Mumbai
Margherita Pizza,Pizza,249.0,117,29133.0,120.0,2026-05-25,Mumbai
Margherita Pizza,Pizza,259.0,92,23828.0,120.0,2026-05-26,Mumbai
Margherita Pizza,Pizza,229.0,110,25190.0,120.0,2026-05-27,Mumbai
Margherita Pizza,Pizza,259.0,86,22274.0,120.0,2026-05-28,Mumbai
Margherita Pizza,Pizza,229.0,96,21984.0,120.0,2026-05-29,Mumbai
Margherita Pizza,Pizza,269.0,137,36853.0,120.0,2026-05-30,Mumbai
Margherita Pizza,Pizza,259.0,118,30562.0,120.0,2026-05-31,Mumbai
Margherita Pizza,Pizza,259.0,81,20979.0,120.0,2026-06-01,Mumbai
Margherita Pizza,Pizza,269.0,82,22058.0,120.0,2026-06-02,Mumbai
Margherita Pizza,Pizza,269.0,83,22327.0,120.0,2026-06-03,Mumbai
Margherita Pizza,Pizza,259.0,90,23310.0,120.0,2026-06-04,Mumbai
Margherita Pizza,Pizza,259.0,117,30303.0,120.0,2026-06-05,Mumbai
