datasets/sample_data/sales_sample.csv
Product Name,Category,Price,Units Sold,Revenue,Cost,Date,Region
Margherita Pizza,Pizza,269.0,77,20713.0,120.0,2025-12-10,Delhi
Margherita Pizza,Pizza,269.0,63,16947.0,120.0,2025-12-11,Delhi
Margherita Pizza,Pizza,239.0,92,21988.0,120.0,2025-12-12,Delhi
Margherita Pizza,Pizza,239.0,96,22944.0,120.0,2025-12-13,Delhi
Margherita Pizza,Pizza,229.0,140,32060.0,120.0,2025-12-14,Delhi
Margherita Pizza,Pizza,239.0,68,16252.0,120.0,2025-12-15,Delhi
Margherita Pizza,Pizza,259.0,89,23051.0,120.0,2025-12-16,Delhi
Margherita Pizza,Pizza,239.0,87,20793.0,120.0,2025-12-17,Delhi
Margherita Pizza,Pizza,269.0,75,20175.0,120.0,2025-12-18,Delhi
Margherita Pizza,Pizza,239.0,79,18881.0,120.0,2025-12-19,Delhi
Margherita Pizza,Pizza,239.0,103,24617.0,120.0,2025-12-20,Delhi
Margherita Pizza,Pizza,229.0,149,34121.0,120.0,2025-12-21,Delhi
Margherita Pizza,Pizza,229.0,94,21526.0,120.0,2025-12-22,Delhi
Margherita Pizza,Pizza,239.0,92,21988.0,120.0,2025-12-23,Delhi
Margherita Pizza,Pizza,229.0,82,18778.0,120.0,2025-12-24,Delhi
Margherita Pizza,Pizza,269.0,66,17754.0,120.0,2025-12-25,Delhi
Margherita Pizza,Pizza,259.0,80,20720.0,120.0,2025-12-26,Delhi
Margherita Pizza,Pizza,259.0,110,28490.0,120.0,2025-12-27,Delhi
Margherita Pizza,Pizza,239.0,127,30353.0,120.0,2025-12-28,Delhi
Margherita Pizza,Pizza,259.0,84,21756.0,120.0,2025-12-29,Delhi
Margherita Pizza,Pizza,249.0,73,18177.0,120.0,2025-12-30,Delhi
Margherita Pizza,Pizza,249.0,74,18426.0,120.0,2025-12-31,Delhi
Margherita Pizza,Pizza,269.0,53,14257.0,120.0,2026-01-01,Delhi
Margherita Pizza,Pizza,259.0,52,13468.0,120.0,2026-01-02,Delhi
Margherita Pizza,Pizza,239.0,84,20076.0,120.0,2026-01-03,Delhi
Margherita Pizza,Pizza,229.0,145,33205.0,120.0,2026-01-04,Delhi
Margherita Pizza,Pizza,259.0,52,13468.0,120.0,2026-01-05,Delhi
Margherita Pizza,Pizza,259.0,66,17094.0,120.0,2026-01-06,Delhi
Margherita Pizza,Pizza,239.0,66,15774.0,120.0,2026-01-07,Delhi
Margherita Pizza,Pizza,249.0,69,17181.0,120.0,2026-01-08,Delhi
Margherita Pizza,Pizza,269.0,56,15064.0,120.0,2026-01-09,Delhi
Margherita Pizza,Pizza,279.0,60,16740.0,120.0,2026-01-10,Delhi
Margherita Pizza,Pizza,279.0,106,29574.0,120.0,2026-01-11,Delhi
Margherita Pizza,Pizza,289.0,56,16184.0,120.0,2026-01-12,Delhi
Margherita Pizza,Pizza,259.0,86,22274.0,120.0,2026-01-13,Delhi
Margherita Pizza,Pizza,279.0,65,18135.0,120.0,2026-01-14,Delhi
Margherita Pizza,Pizza,259.0,54,13986.0,120.0,2026-01-15,Delhi
Margherita Pizza,Pizza,279.0,55,15345.0,120.0,2026-01-16,Delhi
Margherita Pizza,Pizza,279.0,85,23715.0,120.0,2026-01-17,Delhi
Margherita Pizza,Pizza,279.0,105,29295.0,120.0,2026-01-18,Delhi
Margherita Pizza,Pizza,269.0,59,15871.0,120.0,2026-01-19,Delhi
Margherita Pizza,Pizza,279.0,63,17577.0,120.0,2026-01-20,Delhi
Margherita Pizza,Pizza,269.0,64,17216.0,120.0,2026-01-21,Delhi
Margherita Pizza,Pizza,289.0,46,13294.0,120.0,2026-01-22,Delhi
Margherita Pizza,Pizza,279.0,63,17577.0,120.0,2026-01-23,Delhi
Margherita Pizza,Pizza,289.0,78,22542.0,120.0,2026-01-24,Delhi
Margherita Pizza,Pizza,269.0,85,22865.0,120.0,2026-01-25,Delhi
Margherita Pizza,Pizza,259.0,67,17353.0,120.0,2026-01-26,Delhi
Margherita Pizza,Pizza,259.0,53,13727.0,120.0,2026-01-27,Delhi
Margherita Pizza,Pizza,289.0,54,15606.0,120.0,2026-01-28,Delhi
Margherita Pizza,Pizza,289.0,59,17051.0,120.0,2026-01-29,Delhi
Margherita Pizza,Pizza,289.0,44,12716.0,120.0,2026-01-30,Delhi
Margherita Pizza,Pizza,289.0,87,25143.0,120.0,2026-01-31,Delhi
Margherita Pizza,Pizza,299.0,65,19435.0,120.0,2026-02-01,Delhi
Margherita Pizza,Pizza,289.0,47,13583.0,120.0,2026-02-02,Delhi
Margherita Pizza,Pizza,299.0,53,15847.0,120.0,2026-02-03,Delhi
Margherita Pizza,Pizza,299.0,51,15249.0,120.0,2026-02-04,Delhi
Margherita Pizza,Pizza,279.0,55,15345.0,120.0,2026-02-05,Delhi
Margherita Pizza,Pizza,259.0,53,13727.0,120.0,2026-02-06,Delhi
Margherita Pizza,Pizza,279.0,81,22599.0,120.0,2026-02-07,Delhi
Margherita Pizza,Pizza,289.0,82,23698.0,120.0,2026-02-08,Delhi
Margherita Pizza,Pizza,289.0,57,16473.0,120.0,2026-02-09,Delhi
Margherita Pizza,Pizza,289.0,58,16762.0,120.0,2026-02-10,Delhi
Margherita Pizza,Pizza,279.0,47,13113.0,120.0,2026-02-11,Delhi
Margherita Pizza,Pizza,309.0,51,15759.0,120.0,2026-02-12,Delhi
Margherita Pizza,Pizza,319.0,42,13398.0,120.0,2026-02-13,Delhi
Margherita Pizza,Pizza,289.0,63,18207.0,120.0,2026-02-14,Delhi
Margherita Pizza,Pizza,289.0,90,26010.0,120.0,2026-02-15,Delhi
Margherita Pizza,Pizza,319.0,47,14993.0,120.0,2026-02-16,Delhi
Margherita Pizza,Pizza,279.0,69,19251.0,120.0,2026-02-17,Delhi
Margherita Pizza,Pizza,299.0,42,12558.0,120.0,2026-02-18,Delhi
Margherita Pizza,Pizza,309.0,45,13905.0,120.0,2026-02-19,Delhi
Margherita Pizza,Pizza,299.0,55,16445.0,120.0,2026-02-20,Delhi
Margherita Pizza,Pizza,319.0,69,22011.0,120.0,2026-02-21,Delhi
Margherita Pizza,Pizza,309.0,63,19467.0,120.0,2026-02-22,Delhi
Margherita Pizza,Pizza,289.0,66,19074.0,120.0,2026-02-23,Delhi
Margherita Pizza,Pizza,319.0,43,13717.0,120.0,2026-02-24,Delhi
Margherita Pizza,Pizza,319.0,41,13079.0,120.0,2026-02-25,Delhi
Margherita Pizza,Pizza,309.0,51,15759.0,120.0,2026-02-26,Delhi
Margherita Pizza,Pizza,319.0,47,14993.0,120.0,2026-02-27,Delhi
Margherita Pizza,Pizza,299.0,72,21528.0,120.0,2026-02-28,Delhi
Margherita Pizza,Pizza,299.0,76,22724.0,120.0,2026-03-01,Delhi
Margherita Pizza,Pizza,319.0,41,13079.0,120.0,2026-03-02,Delhi
Margherita Pizza,Pizza,319.0,37,11803.0,120.0,2026-03-03,Delhi
Margherita Pizza,Pizza,309.0,41,12669.0,120.0,2026-03-04,Delhi
Margherita Pizza,Pizza,279.0,63,17577.0,120.0,2026-03-05,Delhi
Margherita Pizza,Pizza,299.0,54,16146.0,120.0,2026-03-06,Delhi
Margherita Pizza,Pizza,299.0,46,13754.0,120.0,2026-03-07,Delhi
Margherita Pizza,Pizza,299.0,68,20332.0,120.0,2026-03-08,Delhi
Margherita Pizza,Pizza,289.0,67,19363.0,120.0,2026-03-09,Delhi
Margherita Pizza,Pizza,329.0,31,10199.0,120.0,2026-03-10,Delhi
Margherita Pizza,Pizza,329.0,53,17437.0,120.0,2026-03-11,Delhi
Margherita Pizza,Pizza,339.0,36,12204.0,120.0,2026-03-12,Delhi
Margherita Pizza,Pizza,349.0,27,9423.0,120.0,2026-03-13,Delhi
Margherita Pizza,Pizza,319.0,61,19459.0,120.0,2026-03-14,Delhi
Margherita Pizza,Pizza,309.0,82,25338.0,120.0,2026-03-15,Delhi
Margherita Pizza,Pizza,329.0,35,11515.0,120.0,2026-03-16,Delhi
Margherita Pizza,Pizza,329.0,40,13160.0,120.0,2026-03-17,Delhi
Margherita Pizza,Pizza,329.0,39,12831.0,120.0,2026-03-18,Delhi
Margherita Pizza,Pizza,339.0,43,14577.0,120.0,2026-03-19,Delhi
Margherita Pizza,Pizza,309.0,46,14214.0,120.0,2026-03-20,Delhi
Margherita Pizza,Pizza,319.0,52,16588.0,120.0,2026-03-21,Delhi
Margherita Pizza,Pizza,319.0,63,20097.0,120.0,2026-03-22,Delhi
Margherita Pizza,Pizza,339.0,56,18984.0,120.0,2026-03-23,Delhi
Margherita Pizza,Pizza,319.0,43,13717.0,120.0,2026-03-24,Delhi
Margherita Pizza,Pizza,329.0,53,17437.0,120.0,2026-03-25,Delhi
Margherita Pizza,Pizza,309.0,58,17922.0,120.0,2026-03-26,Delhi
Margherita Pizza,Pizza,309.0,43,13287.0,120.0,2026-03-27,Delhi
Margherita Pizza,Pizza,319.0,69,22011.0,120.0,2026-03-28,Delhi
Margherita Pizza,Pizza,349.0,65,22685.0,120.0,2026-03-29,Delhi
Margherita Pizza,Pizza,339.0,50,16950.0,120.0,2026-03-30,Delhi
Margherita Pizza,Pizza,339.0,46,15594.0,120.0,2026-03-31,Delhi
Margherita Pizza,Pizza,309.0,55,16995.0,120.0,2026-04-01,Delhi
Margherita Pizza,Pizza,329.0,31,10199.0,120.0,2026-04-02,Delhi
Margherita Pizza,Pizza,309.0,38,11742.0,120.0,2026-04-03,Delhi
Margherita Pizza,Pizza,349.0,56,19544.0,120.0,2026-04-04,Delhi
Margherita Pizza,Pizza,349.0,61,21289.0,120.0,2026-04-05,Delhi
Margherita Pizza,Pizza,349.0,46,16054.0,120.0,2026-04-06,Delhi
Margherita Pizza,Pizza,309.0,60,18540.0,120.0,2026-04-07,Delhi
Margherita Pizza,Pizza,339.0,41,13899.0,120.0,2026-04-08,Delhi
Margherita Pizza,Pizza,369.0,35,12915.0,120.0,2026-04-09,Delhi
Margherita Pizza,Pizza,329.0,59,19411.0,120.0,2026-04-10,Delhi
Margherita Pizza,Pizza,339.0,66,22374.0,120.0,2026-04-11,Delhi
Margherita Pizza,Pizza,339.0,59,20001.0,120.0,2026-04-12,Delhi
Margherita Pizza,Pizza,349.0,44,15356.0,120.0,2026-04-13,Delhi
Margherita Pizza,Pizza,369.0,37,13653.0,120.0,2026-04-14,Delhi
Margherita Pizza,Pizza,369.0,40,14760.0,120.0,2026-04-15,Delhi
Margherita Pizza,Pizza,339.0,36,12204.0,120.0,2026-04-16,Delhi
Margherita Pizza,Pizza,339.0,25,8475.0,120.0,2026-04-17,Delhi
Margherita Pizza,Pizza,359.0,57,20463.0,120.0,2026-04-18,Delhi
Margherita Pizza,Pizza,329.0,61,20069.0,120.0,2026-04-19,Delhi
Margherita Pizza,Pizza,349.0,21,7329.0,120.0,2026-04-20,Delhi
Margherita Pizza,Pizza,349.0,45,15705.0,120.0,2026-04-21,Delhi
Margherita Pizza,Pizza,339.0,30,10170.0,120.0,2026-04-22,Delhi
Margherita Pizza,Pizza,349.0,45,15705.0,120.0,2026-04-23,Delhi
Margherita Pizza,Pizza,339.0,40,13560.0,120.0,2026-04-24,Delhi
Margherita Pizza,Pizza,349.0,62,21638.0,120.0,2026-04-25,Delhi
Margherita Pizza,Pizza,339.0,60,20340.0,120.0,2026-04-26,Delhi
Margherita Pizza,Pizza,339.0,44,14916.0,120.0,2026-04-27,Delhi
Margherita Pizza,Pizza,339.0,42,14238.0,120.0,2026-04-28,Delhi
Margherita Pizza,Pizza,329.0,44,14476.0,120.0,2026-04-29,Delhi
Margherita Pizza,Pizza,349.0,56,19544.0,120.0,2026-04-30,Delhi
Margherita Pizza,Pizza,369.0,44,16236.0,120.0,2026-05-01,Delhi
Margherita Pizza,Pizza,339.0,105,35595.0,120.0,2026-05-02,Delhi
Margherita Pizza,Pizza,359.0,66,23694.0,120.0,2026-05-03,Delhi
Margherita Pizza,Pizza,339.0,63,21357.0,120.0,2026-05-04,Delhi
Margherita Pizza,Pizza,369.0,42,15498.0,120.0,2026-05-05,Delhi
Margherita Pizza,Pizza,349.0,50,17450.0,120.0,2026-05-06,Delhi
Margherita Pizza,Pizza,339.0,48,16272.0,120.0,2026-05-07,Delhi
Margherita Pizza,Pizza,329.0,57,18753.0,120.0,2026-05-08,Delhi
Margherita Pizza,Pizza,249.0,145,36105.0,120.0,2026-05-09,Delhi
Margherita Pizza,Pizza,259.0,122,31598.0,120.0,2026-05-10,Delhi
Margherita Pizza,Pizza,259.0,93,24087.0,120.0,2026-05-11,Delhi
Margherita Pizza,Pizza,269.0,90,24210.0,120.0,2026-05-12,Delhi
Margherita Pizza,Pizza,249.0,103,25647.0,120.0,2026-05-13,Delhi
Margherita Pizza,Pizza,269.0,101,27169.0,120.0,2026-05-14,Delhi
Margherita Pizza,Pizza,239.0,99,23661.0,120.0,2026-05-15,Delhi
Margherita Pizza,Pizza,229.0,124,28396.0,120.0,2026-05-16,Delhi
Margherita Pizza,Pizza,249.0,120,29880.0,120.0,2026-05-17,Delhi
Margherita Pizza,Pizza,269.0,80,21520.0,120.0,2026-05-18,Delhi
Margherita Pizza,Pizza,249.0,71,17679.0,120.0,2026-05-19,Delhi
Margherita Pizza,Pizza,259.0,90,23310.0,120.0,2026-05-20,Delhi
Margherita Pizza,Pizza,249.0,77,19173.0,120.0,2026-05-21,Delhi
Margherita Pizza,Pizza,269.0,87,23403.0,120.0,2026-05-22,Delhi
Margherita Pizza,Pizza,269.0,117,31473.0,120.0,2026-05-23,Delhi
Margherita Pizza,Pizza,229.0,122,27938.0,120.0,2026-05-24,Delhi
Margherita Pizza,Pizza,239.0,93,22227.0,120.0,2026-05-25,Delhi
Margherita Pizza,Pizza,259.0,94,24346.0,120.0,2026-05-26,Delhi
Margherita Pizza,Pizza,259.0,102,26418.0,120.0,2026-05-27,Delhi
Margherita Pizza,Pizza,259.0,77,19943.0,120.0,2026-05-28,Delhi
Margherita Pizza,Pizza,259.0,69,17871.0,120.0,2026-05-29,Delhi
Margherita Pizza,Pizza,239.0,123,29397.0,120.0,2026-05-30,Delhi
Margherita Pizza,Pizza,269.0,101,27169.0,120.0,2026-05-31,Delhi
Margherita Pizza,Pizza,259.0,90,23310.0,120.0,2026-06-01,Delhi
Margherita Pizza,Pizza,269.0,70,18830.0,120.0,2026-06-02,Delhi
Margherita Pizza,Pizza,239.0,103,24617.0,120.0,2026-06-03,Delhi
Margherita Pizza,Pizza,269.0,85,22865.0,120.0,2026-06-04,Delhi
Margherita Pizza,Pizza,229.0,86,19694.0,120.0,2026-06-05,Delhi
