datasets/sample_data/sales_sample.csv
Product Name,Category,Price,Units Sold,Revenue,Cost,Date,Region
Margherita Pizza,Pizza,259.0,71,18389.0,120.0,2025-12-10,Hyderabad
Margherita Pizza,Pizza,229.0,87,19923.0,120.0,2025-12-11,Hyderabad
Margherita Pizza,Pizza,249.0,99,24651.0,120.0,2025-12-12,Hyderabad
Margherita Pizza,Pizza,259.0,119,30821.0,120.0,2025-12-13,Hyderabad
Margherita Pizza,Pizza,269.0,108,29052.0,120.0,2025-12-14,Hyderabad
Margherita Pizza,Pizza,239.0,82,19598.0,120.0,2025-12-15,Hyderabad
Margherita Pizza,Pizza,259.0,77,19943.0,120.0,2025-12-16,Hyderabad
Margherita Pizza,Pizza,259.0,39,10101.0,120.0,2025-12-17,Hyderabad
Margherita Pizza,Pizza,239.0,98,23422.0,120.0,2025-12-18,Hyderabad
Margherita Pizza,Pizza,249.0,94,23406.0,120.0,2025-12-19,Hyderabad
Margherita Pizza,Pizza,249.0,110,27390.0,120.0,2025-12-20,Hyderabad
Margherita Pizza,Pizza,239.0,107,25573.0,120.0,2025-12-21,Hyderabad
Margherita Pizza,Pizza,229.0,65,14885.0,120.0,2025-12-22,Hyderabad
Margherita Pizza,Pizza,259.0,112,29008.0,120.0,2025-12-23,Hyderabad
Margherita Pizza,Pizza,239.0,81,19359.0,120.0,2025-12-24,Hyderabad
Margherita Pizza,Pizza,259.0,78,20202.0,120.0,2025-12-25,Hyderabad
Margherita Pizza,Pizza,259.0,72,18648.0,120.0,2025-12-26,Hyderabad
Margherita Pizza,Pizza,239.0,151,36089.0,120.0,2025-12-27,Hyderabad
Margherita Pizza,Pizza,259.0,115,29785.0,120.0,2025-12-28,Hyderabad
Margherita Pizza,Pizza,229.0,104,23816.0,120.0,2025-12-29,Hyderabad
Margherita Pizza,Pizza,249.0,85,21165.0,120.0,2025-12-30,Hyderabad
Margherita Pizza,Pizza,249.0,82,20418.0,120.0,2025-12-31,Hyderabad
Margherita Pizza,Pizza,249.0,67,16683.0,120.0,2026-01-01,Hyderabad
Margherita Pizza,Pizza,249.0,75,18675.0,120.0,2026-01-02,Hyderabad
Margherita Pizza,Pizza,239.0,93,22227.0,120.0,2026-01-03,Hyderabad
Margherita Pizza,Pizza,239.0,97,23183.0,120.0,2026-01-04,Hyderabad
Margherita Pizza,Pizza,229.0,59,13511.0,120.0,2026-01-05,Hyderabad
Margherita Pizza,Pizza,259.0,53,13727.0,120.0,2026-01-06,Hyderabad
Margherita Pizza,Pizza,269.0,55,14795.0,120.0,2026-01-07,Hyderabad
Margherita Pizza,Pizza,259.0,57,14763.0,120.0,2026-01-08,Hyderabad
Margherita Pizza,Pizza,289.0,51,14739.0,120.0,2026-01-09,Hyderabad
Margherita Pizza,Pizza,259.0,86,22274.0,120.0,2026-01-10,Hyderabad
Margherita Pizza,Pizza,289.0,59,17051.0,120.0,2026-01-11,Hyderabad
Margherita Pizza,Pizza,259.0,64,16576.0,120.0,2026-01-12,Hyderabad
Margherita Pizza,Pizza,289.0,45,13005.0,120.0,2026-01-13,Hyderabad
Margherita Pizza,Pizza,269.0,68,18292.0,120.0,2026-01-14,Hyderabad
Margherita Pizza,Pizza,279.0,55,15345.0,120.0,2026-01-15,Hyderabad
Margherita Pizza,Pizza,269.0,62,16678.0,120.0,2026-01-16,Hyderabad
Margherita Pizza,Pizza,259.0,76,19684.0,120.0,2026-01-17,Hyderabad
Margherita Pizza,Pizza,279.0,72,20088.0,120.0,2026-01-18,Hyderabad
Margherita Pizza,Pizza,279.0,58,16182.0,120.0,2026-01-19,Hyderabad
Margherita Pizza,Pizza,269.0,46,12374.0,120.0,2026-01-20,Hyderabad
Margherita Pizza,Pizza,259.0,60,15540.0,120.0,2026-01-21,Hyderabad
Margherita Pizza,Pizza,289.0,64,18496.0,120.0,2026-01-22,Hyderabad
Margherita Pizza,Pizza,259.0,40,10360.0,120.0,2026-01-23,Hyderabad
Margherita Pizza,Pizza,269.0,84,22596.0,120.0,2026-01-24,Hyderabad
Margherita Pizza,Pizza,279.0,68,18972.0,120.0,2026-01-25,Hyderabad
Margherita Pizza,Pizza,289.0,57,16473.0,120.0,2026-01-26,Hyderabad
Margherita Pizza,Pizza,259.0,72,18648.0,120.0,2026-01-27,Hyderabad
Margherita Pizza,Pizza,259.0,56,14504.0,120.0,2026-01-28,Hyderabad
Margherita Pizza,Pizza,279.0,52,14508.0,120.0,2026-01-29,Hyderabad
Margherita Pizza,Pizza,299.0,59,17641.0,120.0,2026-01-30,Hyderabad
Margherita Pizza,Pizza,259.0,69,17871.0,120.0,2026-01-31,Hyderabad
Margherita Pizza,Pizza,299.0,70,20930.0,120.0,2026-02-01,Hyderabad
Margherita Pizza,Pizza,289.0,48,13872.0,120.0,2026-02-02,Hyderabad
Margherita Pizza,Pizza,269.0,67,18023.0,120.0,2026-02-03,Hyderabad
Margherita Pizza,Pizza,269.0,75,20175.0,120.0,2026-02-04,Hyderabad
Margherita Pizza,Pizza,289.0,56,16184.0,120.0,2026-02-05,Hyderabad
Margherita Pizza,Pizza,289.0,40,11560.0,120.0,2026-02-06,Hyderabad
Margherita Pizza,Pizza,269.0,75,20175.0,120.0,2026-02-07,Hyderabad
Margherita Pizza,Pizza,279.0,93,25947.0,120.0,2026-02-08,Hyderabad
Margherita Pizza,Pizza,299.0,61,18239.0,120.0,2026-02-09,Hyderabad
Margherita Pizza,Pizza,279.0,73,20367.0,120.0,2026-02-10,Hyderabad
Margherita Pizza,Pizza,309.0,52,16068.0,120.0,2026-02-11,Hyderabad
Margherita Pizza,Pizza,319.0,49,15631.0,120.0,2026-02-12,Hyderabad
Margherita Pizza,Pizza,289.0,61,17629.0,120.0,2026-02-13,Hyderabad
Margherita Pizza,Pizza,319.0,58,18502.0,120.0,2026-02-14,Hyderabad
Margherita Pizza,Pizza,309.0,66,20394.0,120.0,2026-02-15,Hyderabad
Margherita Pizza,Pizza,279.0,61,17019.0,120.0,2026-02-16,Hyderabad
Margherita Pizza,Pizza,319.0,37,11803.0,120.0,2026-02-17,Hyderabad
Margherita Pizza,Pizza,279.0,61,17019.0,120.0,2026-02-18,Hyderabad
Margherita Pizza,Pizza,319.0,38,12122.0,120.0,2026-02-19,Hyderabad
Margherita Pizza,Pizza,299.0,46,13754.0,120.0,2026-02-20,Hyderabad
Margherita Pizza,Pizza,319.0,51,16269.0,120.0,2026-02-21,Hyderabad
Margherita Pizza,Pizza,309.0,59,18231.0,120.0,2026-02-22,Hyderabad
Margherita Pizza,Pizza,319.0,40,12760.0,120.0,2026-02-23,Hyderabad
Margherita Pizza,Pizza,299.0,52,15548.0,120.0,2026-02-24,Hyderabad
Margherita Pizza,Pizza,299.0,42,12558.0,120.0,2026-02-25,Hyderabad
Margherita Pizza,Pizza,279.0,60,16740.0,120.0,2026-02-26,Hyderabad
Margherita Pizza,Pizza,319.0,54,17226.0,120.0,2026-02-27,Hyderabad
Margherita Pizza,Pizza,289.0,73,21097.0,120.0,2026-02-28,Hyderabad
Margherita Pizza,Pizza,299.0,72,21528.0,120.0,2026-03-01,Hyderabad
Margherita Pizza,Pizza,289.0,50,14450.0,120.0,2026-03-02,Hyderabad
Margherita Pizza,Pizza,319.0,48,15312.0,120.0,2026-03-03,Hyderabad
Margherita Pizza,Pizza,289.0,54,15606.0,120.0,2026-03-04,Hyderabad
Margherita Pizza,Pizza,309.0,39,12051.0,120.0,2026-03-05,Hyderabad
Margherita Pizza,Pizza,319.0,37,11803.0,120.0,2026-03-06,Hyderabad
Margherita Pizza,Pizza,279.0,76,21204.0,120.0,2026-03-07,Hyderabad
Margherita Pizza,Pizza,279.0,95,26505.0,120.0,2026-03-08,Hyderabad
Margherita Pizza,Pizza,309.0,54,16686.0,120.0,2026-03-09,Hyderabad
Margherita Pizza,Pizza,309.0,53,16377.0,120.0,2026-03-10,Hyderabad
Margherita Pizza,Pizza,319.0,44,14036.0,120.0,2026-03-11,Hyderabad
Margherita Pizza,Pizza,349.0,30,10470.0,120.0,2026-03-12,Hyderabad
Margherita Pizza,Pizza,319.0,49,15631.0,120.0,2026-03-13,Hyderabad
Margherita Pizza,Pizza,349.0,68,23732.0,120.0,2026-03-14,Hyderabad
Margherita Pizza,Pizza,339.0,64,21696.0,120.0,2026-03-15,Hyderabad
Margherita Pizza,Pizza,329.0,41,13489.0,120.0,2026-03-16,Hyderabad
Margherita Pizza,Pizza,339.0,42,14238.0,120.0,2026-03-17,Hyderabad
Margherita Pizza,Pizza,309.0,48,14832.0,120.0,2026-03-18,Hyderabad
Margherita Pizza,Pizza,319.0,37,11803.0,120.0,2026-03-19,Hyderabad
Margherita Pizza,Pizza,319.0,47,14993.0,120.0,2026-03-20,Hyderabad
Margherita Pizza,Pizza,319.0,64,20416.0,120.0,2026-03-21,Hyderabad
Margherita Pizza,Pizza,319.0,69,22011.0,120.0,2026-03-22,Hyderabad
Margherita Pizza,Pizza,339.0,41,13899.0,120.0,2026-03-23,Hyderabad
Margherita Pizza,Pizza,349.0,36,12564.0,120.0,2026-03-24,Hyderabad
Margherita Pizza,Pizza,309.0,53,16377.0,120.0,2026-03-25,Hyderabad
Margherita Pizza,Pizza,339.0,35,11865.0,120.0,2026-03-26,Hyderabad
Margherita Pizza,Pizza,339.0,42,14238.0,120.0,2026-03-27,Hyderabad
Margherita Pizza,Pizza,329.0,63,20727.0,120.0,2026-03-28,Hyderabad
Margherita Pizza,Pizza,329.0,65,21385.0,120.0,2026-03-29,Hyderabad
Margherita Pizza,Pizza,349.0,38,13262.0,120.0,2026-03-30,Hyderabad
Margherita Pizza,Pizza,329.0,26,8554.0,120.0,2026-03-31,Hyderabad
Margherita Pizza,Pizza,339.0,32,10848.0,120.0,2026-04-01,Hyderabad
Margherita Pizza,Pizza,329.0,42,13818.0,120.0,2026-04-02,Hyderabad
Margherita Pizza,Pizza,309.0,62,19158.0,120.0,2026-04-03,Hyderabad
Margherita Pizza,Pizza,349.0,53,18497.0,120.0,2026-04-04,Hyderabad
Margherita Pizza,Pizza,309.0,97,29973.0,120.0,2026-04-05,Hyderabad
Margherita Pizza,Pizza,319.0,47,14993.0,120.0,2026-04-06,Hyderabad
Margherita Pizza,Pizza,329.0,44,14476.0,120.0,2026-04-07,Hyderabad
Margherita Pizza,Pizza,349.0,48,16752.0,120.0,2026-04-08,Hyderabad
Margherita Pizza,Pizza,329.0,49,16121.0,120.0,2026-04-09,Hyderabad
Margherita Pizza,Pizza,369.0,34,12546.0,120.0,2026-04-10,Hyderabad
Margherita Pizza,Pizza,359.0,45,16155.0,120.0,2026-04-11,Hyderabad
Margherita Pizza,Pizza,339.0,58,19662.0,120.0,2026-04-12,Hyderabad
Margherita Pizza,Pizza,329.0,51,16779.0,120.0,2026-04-13,Hyderabad
Margherita Pizza,Pizza,359.0,32,11488.0,120.0,2026-04-14,Hyderabad
Margherita Pizza,Pizza,349.0,40,13960.0,120.0,2026-04-15,Hyderabad
Margherita Pizza,Pizza,339.0,43,14577.0,120.0,2026-04-16,Hyderabad
Margherita Pizza,Pizza,349.0,41,14309.0,120.0,2026-04-17,Hyderabad
Margherita Pizza,Pizza,359.0,57,20463.0,120.0,2026-04-18,Hyderabad
Margherita Pizza,Pizza,369.0,53,19557.0,120.0,2026-04-19,Hyderabad
Margherita Pizza,Pizza,329.0,47,15463.0,120.0,2026-04-20,Hyderabad
Margherita Pizza,Pizza,359.0,43,15437.0,120.0,2026-04-21,Hyderabad
Margherita Pizza,Pizza,369.0,26,9594.0,120.0,2026-04-22,Hyderabad
Margherita Pizza,Pizza,359.0,28,10052.0,120.0,2026-04-23,Hyderabad
Margherita Pizza,Pizza,329.0,66,21714.0,120.0,2026-04-24,Hyderabad
Margherita Pizza,Pizza,339.0,53,17967.0,120.0,2026-04-25,Hyderabad
Margherita Pizza,Pizza,369.0,55,20295.0,120.0,2026-04-26,Hyderabad
Margherita Pizza,Pizza,349.0,44,15356.0,120.0,2026-04-27,Hyderabad
Margherita Pizza,Pizza,359.0,40,14360.0,120.0,2026-04-28,Hyderabad
Margherita Pizza,Pizza,329.0,51,16779.0,120.0,2026-04-29,Hyderabad
Margherita Pizza,Pizza,359.0,39,14001.0,120.0,2026-04-30,Hyderabad
Margherita Pizza,Pizza,349.0,50,17450.0,120.0,2026-05-01,Hyderabad
Margherita Pizza,Pizza,359.0,65,23335.0,120.0,2026-05-02,Hyderabad
Margherita Pizza,Pizza,339.0,57,19323.0,120.0,2026-05-03,Hyderabad
Margherita Pizza,Pizza,349.0,66,23034.0,120.0,2026-05-04,Hyderabad
Margherita Pizza,Pizza,369.0,55,20295.0,120.0,2026-05-05,Hyderabad
Margherita Pizza,Pizza,349.0,59,20591.0,120.0,2026-05-06,Hyderabad
Margherita Pizza,Pizza,339.0,52,17628.0,120.0,2026-05-07,Hyderabad
Margherita Pizza,Pizza,349.0,56,19544.0,120.0,2026-05-08,Hyderabad
Margherita Pizza,Pizza,249.0,114,28386.0,120.0,2026-05-09,Hyderabad
Margherita Pizza,Pizza,239.0,115,27485.0,120.0,2026-05-10,Hyderabad
Margherita Pizza,Pizza,249.0,95,23655.0,120.0,2026-05-11,Hyderabad
Margherita Pizza,Pizza,229.0,88,20152.0,120.0,2026-05-12,Hyderabad
Margherita Pizza,Pizza,239.0,99,23661.0,120.0,2026-05-13,Hyderabad
Margherita Pizza,Pizza,239.0,92,21988.0,120.0,2026-05-14,Hyderabad
Margherita Pizza,Pizza,239.0,105,25095.0,120.0,2026-05-15,Hyderabad
Margherita Pizza,Pizza,249.0,125,31125.0,120.0,2026-05-16,Hyderabad
Margherita Pizza,Pizza,269.0,117,31473.0,120.0,2026-05-17,Hyderabad
Margherita Pizza,Pizza,269.0,75,20175.0,120.0,2026-05-18,Hyderabad
Margherita Pizza,Pizza,249.0,121,30129.0,120.0,2026-05-19,Hyderabad
Margherita Pizza,Pizza,269.0,54,14526.0,120.0,2026-05-20,Hyderabad
Margherita Pizza,Pizza,249.0,73,18177.0,120.0,2026-05-21,Hyderabad
Margherita Pizza,Pizza,269.0,73,19637.0,120.0,2026-05-22,Hyderabad
Margherita Pizza,Pizza,269.0,106,28514.0,120.0,2026-05-23,Hyderabad
Margherita Pizza,Pizza,259.0,130,33670.0,120.0,2026-05-24,Hyderabad
Margherita Pizza,Pizza,229.0,96,21984.0,120.0,2026-05-25,Hyderabad
Margherita Pizza,Pizza,239.0,139,33221.0,120.0,2026-05-26,Hyderabad
Margherita Pizza,Pizza,259.0,124,32116.0,120.0,2026-05-27,Hyderabad
Margherita Pizza,Pizza,249.0,96,23904.0,120.0,2026-05-28,Hyderabad
Margherita Pizza,Pizza,249.0,99,24651.0,120.0,2026-05-29,Hyderabad
Margherita Pizza,Pizza,229.0,171,39159.0,120.0,2026-05-30,Hyderabad
Margherita Pizza,Pizza,229.0,213,48777.0,120.0,2026-05-31,Hyderabad
Margherita Pizza,Pizza,239.0,90,21510.0,120.0,2026-06-01,Hyderabad
Margherita Pizza,Pizza,229.0,103,23587.0,120.0,2026-06-02,Hyderabad
Margherita Pizza,Pizza,269.0,81,21789.0,120.0,2026-06-03,Hyderabad
Margherita Pizza,Pizza,249.0,89,22161.0,120.0,2026-06-04,Hyderabad
Margherita Pizza,Pizza,249.0,88,21912.0,120.0,2026-06-05,Hyderabad
