datasets/sample_data/sales_sample.csv
Product Name,Category,Price,Units Sold,Revenue,Cost,Date,Region
Margherita Pizza,Pizza,229.0,87,19923.0,120.0,2025-12-10,Pune
Margherita Pizza,Pizza,259.0,88,22792.0,120.0,2025-12-11,Pune
Margherita Pizza,Pizza,229.0,86,19694.0,120.0,2025-12-12,Pune
Margherita Pizza,Pizza,269.0,106,28514.0,120.0,2025-12-13,Pune
Margherita Pizza,Pizza,249.0,105,26145.0,120.0,2025-12-14,Pune
Margherita Pizza,Pizza,229.0,106,24274.0,120.0,2025-12-15,Pune
Margherita Pizza,Pizza,259.0,64,16576.0,120.0,2025-12-16,Pune
Margherita Pizza,Pizza,229.0,80,18320.0,120.0,2025-12-17,Pune
Margherita Pizza,Pizza,269.0,78,20982.0,120.0,2025-12-18,Pune
Margherita Pizza,Pizza,249.0,80,19920.0,120.0,2025-12-19,Pune
Margherita Pizza,Pizza,239.0,126,30114.0,120.0,2025-12-20,Pune
Margherita Pizza,Pizza,249.0,116,28884.0,120.0,2025-12-21,Pune
Margherita Pizza,Pizza,269.0,71,19099.0,120.0,2025-12-22,Pune
Margherita Pizza,Pizza,259.0,90,23310.0,120.0,2025-12-23,Pune
Margherita Pizza,Pizza,259.0,86,22274.0,120.0,2025-12-24,Pune
Margherita Pizza,Pizza,239.0,86,20554.0,120.0,2025-12-25,Pune
Margherita Pizza,Pizza,269.0,63,16947.0,120.0,2025-12-26,Pune
Margherita Pizza,Pizza,259.0,124,32116.0,120.0,2025-12-27,Pune
Margherita Pizza,Pizza,249.0,117,29133.0,120.0,2025-12-28,Pune
Margherita Pizza,Pizza,259.0,74,19166.0,120.0,2025-12-29,Pune
Margherita Pizza,Pizza,269.0,62,16678.0,120.0,2025-12-30,Pune
Margherita Pizza,Pizza,239.0,112,26768.0,120.0,2025-12-31,Pune
Margherita Pizza,Pizza,259.0,57,14763.0,120.0,2026-01-01,Pune
Margherita Pizza,Pizza,269.0,56,15064.0,120.0,2026-01-02,Pune
Margherita Pizza,Pizza,249.0,111,27639.0,120.0,2026-01-03,Pune
Margherita Pizza,Pizza,259.0,92,23828.0,120.0,2026-01-04,Pune
Margherita Pizza,Pizza,239.0,63,15057.0,120.0,2026-01-05,Pune
Margherita Pizza,Pizza,259.0,61,15799.0,120.0,2026-01-06,Pune
Margherita Pizza,Pizza,259.0,66,17094.0,120.0,2026-01-07,Pune
Margherita Pizza,Pizza,269.0,52,13988.0,120.0,2026-01-08,Pune
Margherita Pizza,Pizza,299.0,48,14352.0,120.0,2026-01-09,Pune
Margherita Pizza,Pizza,299.0,57,17043.0,120.0,2026-01-10,Pune
Margherita Pizza,Pizza,279.0,59,16461.0,120.0,2026-01-11,Pune
Margherita Pizza,Pizza,269.0,70,18830.0,120.0,2026-01-12,Pune
Margherita Pizza,Pizza,279.0,68,18972.0,120.0,2026-01-13,Pune
Margherita Pizza,Pizza,299.0,53,15847.0,120.0,2026-01-14,Pune
Margherita Pizza,Pizza,299.0,49,14651.0,120.0,2026-01-15,Pune
Margherita Pizza,Pizza,289.0,61,17629.0,120.0,2026-01-16,Pune
Margherita Pizza,Pizza,279.0,93,25947.0,120.0,2026-01-17,Pune
Margherita Pizza,Pizza,299.0,80,23920.0,120.0,2026-01-18,Pune
Margherita Pizza,Pizza,269.0,73,19637.0,120.0,2026-01-19,Pune
Margherita Pizza,Pizza,299.0,36,10764.0,120.0,2026-01-20,Pune
Margherita Pizza,Pizza,269.0,50,13450.0,120.0,2026-01-21,Pune
Margherita Pizza,Pizza,299.0,47,14053.0,120.0,2026-01-22,Pune
Margherita Pizza,Pizza,279.0,47,13113.0,120.0,2026-01-23,Pune
Margherita Pizza,Pizza,269.0,68,18292.0,120.0,2026-01-24,Pune
Margherita Pizza,Pizza,299.0,66,19734.0,120.0,2026-01-25,Pune
Margherita Pizza,Pizza,299.0,57,17043.0,120.0,2026-01-26,Pune
Margherita Pizza,Pizza,269.0,74,19906.0,120.0,2026-01-27,Pune
Margherita Pizza,Pizza,289.0,42,12138.0,120.0,2026-01-28,Pune
Margherita Pizza,Pizza,259.0,64,16576.0,120.0,2026-01-29,Pune
Margherita Pizza,Pizza,289.0,46,13294.0,120.0,2026-01-30,Pune
Margherita Pizza,Pizza,299.0,60,17940.0,120.0,2026-01-31,Pune
Margherita Pizza,Pizza,279.0,75,20925.0,120.0,2026-02-01,Pune
Margherita Pizza,Pizza,299.0,60,17940.0,120.0,2026-02-02,Pune
Margherita Pizza,Pizza,269.0,66,17754.0,120.0,2026-02-03,Pune
Margherita Pizza,Pizza,279.0,66,18414.0,120.0,2026-02-04,Pune
Margherita Pizza,Pizza,259.0,62,16058.0,120.0,2026-02-05,Pune
Margherita Pizza,Pizza,299.0,56,16744.0,120.0,2026-02-06,Pune
Margherita Pizza,Pizza,289.0,64,18496.0,120.0,2026-02-07,Pune
Margherita Pizza,Pizza,319.0,64,20416.0,120.0,2026-02-08,Pune
Margherita Pizza,Pizza,319.0,47,14993.0,120.0,2026-02-09,Pune
Margherita Pizza,Pizza,319.0,34,10846.0,120.0,2026-02-10,Pune
Margherita Pizza,Pizza,309.0,51,15759.0,120.0,2026-02-11,Pune
Margherita Pizza,Pizza,299.0,53,15847.0,120.0,2026-02-12,Pune
Margherita Pizza,Pizza,289.0,58,16762.0,120.0,2026-02-13,Pune
Margherita Pizza,Pizza,309.0,54,16686.0,120.0,2026-02-14,Pune
Margherita Pizza,Pizza,299.0,72,21528.0,120.0,2026-02-15,Pune
Margherita Pizza,Pizza,289.0,57,16473.0,120.0,2026-02-16,Pune
Margherita Pizza,Pizza,319.0,51,16269.0,120.0,2026-02-17,Pune
Margherita Pizza,Pizza,309.0,41,12669.0,120.0,2026-02-18,Pune
Margherita Pizza,Pizza,299.0,55,16445.0,120.0,2026-02-19,Pune
Margherita Pizza,Pizza,309.0,39,12051.0,120.0,2026-02-20,Pune
Margherita Pizza,Pizza,309.0,67,20703.0,120.0,2026-02-21,Pune
Margherita Pizza,Pizza,309.0,49,15141.0,120.0,2026-02-22,Pune
Margherita Pizza,Pizza,289.0,66,19074.0,120.0,2026-02-23,Pune
Margherita Pizza,Pizza,289.0,44,12716.0,120.0,2026-02-24,Pune
Margherita Pizza,Pizza,309.0,40,12360.0,120.0,2026-02-25,Pune
Margherita Pizza,Pizza,289.0,38,10982.0,120.0,2026-02-26,Pune
Margherita Pizza,Pizza,289.0,50,14450.0,120.0,2026-02-27,Pune
Margherita Pizza,Pizza,319.0,41,13079.0,120.0,2026-02-28,Pune
Margherita Pizza,Pizza,309.0,72,22248.0,120.0,2026-03-01,Pune
Margherita Pizza,Pizza,309.0,40,12360.0,120.0,2026-03-02,Pune
Margherita Pizza,Pizza,279.0,56,15624.0,120.0,2026-03-03,Pune
Margherita Pizza,Pizza,289.0,58,16762.0,120.0,2026-03-04,Pune
Margherita Pizza,Pizza,319.0,57,18183.0,120.0,2026-03-05,Pune
Margherita Pizza,Pizza,299.0,55,16445.0,120.0,2026-03-06,Pune
Margherita Pizza,Pizza,319.0,56,17864.0,120.0,2026-03-07,Pune
Margherita Pizza,Pizza,299.0,80,23920.0,120.0,2026-03-08,Pune
Margherita Pizza,Pizza,289.0,69,19941.0,120.0,2026-03-09,Pune
Margherita Pizza,Pizza,329.0,46,15134.0,120.0,2026-03-10,Pune
Margherita Pizza,Pizza,309.0,47,14523.0,120.0,2026-03-11,Pune
Margherita Pizza,Pizza,349.0,41,14309.0,120.0,2026-03-12,Pune
Margherita Pizza,Pizza,329.0,37,12173.0,120.0,2026-03-13,Pune
Margherita Pizza,Pizza,309.0,51,15759.0,120.0,2026-03-14,Pune
Margherita Pizza,Pizza,329.0,76,25004.0,120.0,2026-03-15,Pune
Margherita Pizza,Pizza,339.0,42,14238.0,120.0,2026-03-16,Pune
Margherita Pizza,Pizza,349.0,40,13960.0,120.0,2026-03-17,Pune
Margherita Pizza,Pizza,309.0,48,14832.0,120.0,2026-03-18,Pune
Margherita Pizza,Pizza,349.0,41,14309.0,120.0,2026-03-19,Pune
Margherita Pizza,Pizza,349.0,40,13960.0,120.0,2026-03-20,Pune
Margherita Pizza,Pizza,329.0,61,20069.0,120.0,2026-03-21,Pune
Margherita Pizza,Pizza,309.0,84,25956.0,120.0,2026-03-22,Pune
Margherita Pizza,Pizza,319.0,46,14674.0,120.0,2026-03-23,Pune
Margherita Pizza,Pizza,339.0,30,10170.0,120.0,2026-03-24,Pune
Margherita Pizza,Pizza,339.0,39,13221.0,120.0,2026-03-25,Pune
Margherita Pizza,Pizza,349.0,43,15007.0,120.0,2026-03-26,Pune
Margherita Pizza,Pizza,349.0,39,13611.0,120.0,2026-03-27,Pune
Margherita Pizza,Pizza,339.0,59,20001.0,120.0,2026-03-28,Pune
Margherita Pizza,Pizza,309.0,75,23175.0,120.0,2026-03-29,Pune
Margherita Pizza,Pizza,349.0,33,11517.0,120.0,2026-03-30,Pune
Margherita Pizza,Pizza,319.0,42,13398.0,120.0,2026-03-31,Pune
Margherita Pizza,Pizza,329.0,46,15134.0,120.0,2026-04-01,Pune
Margherita Pizza,Pizza,349.0,38,13262.0,120.0,2026-04-02,Pune
Margherita Pizza,Pizza,339.0,40,13560.0,120.0,2026-04-03,Pune
Margherita Pizza,Pizza,329.0,69,22701.0,120.0,2026-04-04,Pune
Margherita Pizza,Pizza,349.0,52,18148.0,120.0,2026-04-05,Pune
Margherita Pizza,Pizza,329.0,53,17437.0,120.0,2026-04-06,Pune
Margherita Pizza,Pizza,329.0,39,12831.0,120.0,2026-04-07,Pune
Margherita Pizza,Pizza,339.0,33,11187.0,120.0,2026-04-08,Pune
Margherita Pizza,Pizza,329.0,37,12173.0,120.0,2026-04-09,Pune
Margherita Pizza,Pizza,369.0,37,13653.0,120.0,2026-04-10,Pune
Margherita Pizza,Pizza,339.0,60,20340.0,120.0,2026-04-11,Pune
Margherita Pizza,Pizza,329.0,70,23030.0,120.0,2026-04-12,Pune
Margherita Pizza,Pizza,349.0,44,15356.0,120.0,2026-04-13,Pune
Margherita Pizza,Pizza,339.0,50,16950.0,120.0,2026-04-14,Pune
Margherita Pizza,Pizza,339.0,42,14238.0,120.0,2026-04-15,Pune
Margherita Pizza,Pizza,349.0,46,16054.0,120.0,2026-04-16,Pune
Margherita Pizza,Pizza,369.0,37,13653.0,120.0,2026-04-17,Pune
Margherita Pizza,Pizza,349.0,72,25128.0,120.0,2026-04-18,Pune
Margherita Pizza,Pizza,369.0,56,20664.0,120.0,2026-04-19,Pune
Margherita Pizza,Pizza,339.0,40,13560.0,120.0,2026-04-20,Pune
Margherita Pizza,Pizza,359.0,41,14719.0,120.0,2026-04-21,Pune
Margherita Pizza,Pizza,349.0,46,16054.0,120.0,2026-04-22,Pune
Margherita Pizza,Pizza,359.0,40,14360.0,120.0,2026-04-23,Pune
Margherita Pizza,Pizza,369.0,45,16605.0,120.0,2026-04-24,Pune
Margherita Pizza,Pizza,369.0,41,15129.0,120.0,2026-04-25,Pune
Margherita Pizza,Pizza,369.0,48,17712.0,120.0,2026-04-26,Pune
Margherita Pizza,Pizza,359.0,26,9334.0,120.0,2026-04-27,Pune
Margherita Pizza,Pizza,369.0,35,12915.0,120.0,2026-04-28,Pune
Margherita Pizza,Pizza,349.0,43,15007.0,120.0,2026-04-29,Pune
Margherita Pizza,Pizza,349.0,44,15356.0,120.0,2026-04-30,Pune
Margherita Pizza,Pizza,369.0,47,17343.0,120.0,2026-05-01,Pune
Margherita Pizza,Pizza,349.0,58,20242.0,120.0,2026-05-02,Pune
Margherita Pizza,Pizza,369.0,64,23616.0,120.0,2026-05-03,Pune
Margherita Pizza,Pizza,359.0,54,19386.0,120.0,2026-05-04,Pune
Margherita Pizza,Pizza,349.0,48,16752.0,120.0,2026-05-05,Pune
Margherita Pizza,Pizza,349.0,57,19893.0,120.0,2026-05-06,Pune
Margherita Pizza,Pizza,329.0,65,21385.0,120.0,2026-05-07,Pune
Margherita Pizza,Pizza,349.0,58,20242.0,120.0,2026-05-08,Pune
Margherita Pizza,Pizza,259.0,107,27713.0,120.0,2026-05-09,Pune
Margherita Pizza,Pizza,229.0,197,45113.0,120.0,2026-05-10,Pune
Margherita Pizza,Pizza,259.0,88,22792.0,120.0,2026-05-11,Pune
Margherita Pizza,Pizza,249.0,72,17928.0,120.0,2026-05-12,Pune
Margherita Pizza,Pizza,269.0,64,17216.0,120.0,2026-05-13,Pune
Margherita Pizza,Pizza,259.0,84,21756.0,120.0,2026-05-14,Pune
Margherita Pizza,Pizza,229.0,123,28167.0,120.0,2026-05-15,Pune
Margherita Pizza,Pizza,229.0,112,25648.0,120.0,2026-05-16,Pune
Margherita Pizza,Pizza,249.0,148,36852.0,120.0,2026-05-17,Pune
Margherita Pizza,Pizza,269.0,79,21251.0,120.0,2026-05-18,Pune
Margherita Pizza,Pizza,259.0,86,22274.0,120.0,2026-05-19,Pune
Margherita Pizza,Pizza,229.0,103,23587.0,120.0,2026-05-20,Pune
Margherita Pizza,Pizza,269.0,56,15064.0,120.0,2026-05-21,Pune
Margherita Pizza,Pizza,249.0,99,24651.0,120.0,2026-05-22,Pune
Margherita Pizza,Pizza,229.0,126,28854.0,120.0,2026-05-23,Pune
Margherita Pizza,Pizza,269.0,120,32280.0,120.0,2026-05-24,Pune
Margherita Pizza,Pizza,249.0,95,23655.0,120.0,2026-05-25,Pune
Margherita Pizza,Pizza,239.0,97,23183.0,120.0,2026-05-26,Pune
Margherita Pizza,Pizza,229.0,119,27251.0,120.0,2026-05-27,Pune
Margherita Pizza,Pizza,259.0,98,25382.0,120.0,2026-05-28,Pune
Margherita Pizza,Pizza,249.0,87,21663.0,120.0,2026-05-29,Pune
Margherita Pizza,Pizza,239.0,133,31787.0,120.0,2026-05-30,Pune
Margherita Pizza,Pizza,249.0,176,43824.0,120.0,2026-05-31,Pune
Margherita Pizza,Pizza,269.0,88,23672.0,120.0,2026-06-01,Pune
Margherita Pizza,Pizza,239.0,103,24617.0,120.0,2026-06-02,Pune
Margherita Pizza,Pizza,269.0,99,26631.0,120.0,2026-06-03,Pune
Margherita Pizza,Pizza,249.0,114,28386.0,120.0,2026-06-04,Pune
Margherita Pizza,Pizza,239.0,100,23900.0,120.0,2026-06-05,Pune
