datasets/sample_data/sales_sample.csv
Product Name,Category,Price,Units Sold,Revenue,Cost,Date,Region
Veggie Burger,Burger,69.0,182,12558.0,45.0,2025-12-10,Chennai
Veggie Burger,Burger,69.0,185,12765.0,45.0,2025-12-11,Chennai
Veggie Burger,Burger,79.0,130,10270.0,45.0,2025-12-12,Chennai
Veggie Burger,Burger,69.0,263,18147.0,45.0,2025-12-13,Chennai
Veggie Burger,Burger,99.0,204,20196.0,45.0,2025-12-14,Chennai
Veggie Burger,Burger,89.0,131,11659.0,45.0,2025-12-15,Chennai
Veggie Burger,Burger,69.0,158,10902.0,45.0,2025-12-16,Chennai
Veggie Burger,Burger,99.0,106,10494.0,45.0,2025-12-17,Chennai
Veggie Burger,Burger,109.0,85,9265.0,45.0,2025-12-18,Chennai
Veggie Burger,Burger,79.0,130,10270.0,45.0,2025-12-19,Chennai
Veggie Burger,Burger,99.0,180,17820.0,45.0,2025-12-20,Chennai
Veggie Burger,Burger,99.0,163,16137.0,45.0,2025-12-21,Chennai
Veggie Burger,Burger,99.0,89,8811.0,45.0,2025-12-22,Chennai
Veggie Burger,Burger,79.0,146,11534.0,45.0,2025-12-23,Chennai
Veggie Burger,Burger,109.0,106,11554.0,45.0,2025-12-24,Chennai
Veggie Burger,Burger,99.0,131,12969.0,45.0,2025-12-25,Chennai
Veggie Burger,Burger,69.0,200,13800.0,45.0,2025-12-26,Chennai
Veggie Burger,Burger,79.0,247,19513.0,45.0,2025-12-27,Chennai
Veggie Burger,Burger,89.0,169,15041.0,45.0,2025-12-28,Chennai
Veggie Burger,Burger,89.0,135,12015.0,45.0,2025-12-29,Chennai
Veggie Burger,Burger,89.0,136,12104.0,45.0,2025-12-30,Chennai
Veggie Burger,Burger,69.0,162,11178.0,45.0,2025-12-31,Chennai
Veggie Burger,Burger,99.0,83,8217.0,45.0,2026-01-01,Chennai
Veggie Burger,Burger,109.0,78,8502.0,45.0,2026-01-02,Chennai
Veggie Burger,Burger,79.0,147,11613.0,45.0,2026-01-03,Chennai
Veggie Burger,Burger,109.0,118,12862.0,45.0,2026-01-04,Chennai
Veggie Burger,Burger,109.0,78,8502.0,45.0,2026-01-05,Chennai
Veggie Burger,Burger,79.0,120,9480.0,45.0,2026-01-06,Chennai
Veggie Burger,Burger,79.0,129,10191.0,45.0,2026-01-07,Chennai
Veggie Burger,Burger,69.0,142,9798.0,45.0,2026-01-08,Chennai
Veggie Burger,Burger,89.0,114,10146.0,45.0,2026-01-09,Chennai
Veggie Burger,Burger,79.0,159,12561.0,45.0,2026-01-10,Chennai
Veggie Burger,Burger,99.0,149,14751.0,45.0,2026-01-11,Chennai
Veggie Burger,Burger,79.0,123,9717.0,45.0,2026-01-12,Chennai
Veggie Burger,Burger,89.0,129,11481.0,45.0,2026-01-13,Chennai
Veggie Burger,Burger,99.0,75,7425.0,45.0,2026-01-14,Chennai
Veggie Burger,Burger,89.0,120,10680.0,45.0,2026-01-15,Chennai
Veggie Burger,Burger,79.0,138,10902.0,45.0,2026-01-16,Chennai
Veggie Burger,Burger,119.0,104,12376.0,45.0,2026-01-17,Chennai
Veggie Burger,Burger,119.0,104,12376.0,45.0,2026-01-18,Chennai
Veggie Burger,Burger,89.0,108,9612.0,45.0,2026-01-19,Chennai
Veggie Burger,Burger,109.0,62,6758.0,45.0,2026-01-20,Chennai
Veggie Burger,Burger,109.0,75,8175.0,45.0,2026-01-21,Chennai
Veggie Burger,Burger,119.0,71,8449.0,45.0,2026-01-22,Chennai
Veggie Burger,Burger,79.0,133,10507.0,45.0,2026-01-23,Chennai
Veggie Burger,Burger,89.0,126,11214.0,45.0,2026-01-24,Chennai
Veggie Burger,Burger,109.0,130,14170.0,45.0,2026-01-25,Chennai
Veggie Burger,Burger,99.0,97,9603.0,45.0,2026-01-26,Chennai
Veggie Burger,Burger,109.0,79,8611.0,45.0,2026-01-27,Chennai
Veggie Burger,Burger,99.0,83,8217.0,45.0,2026-01-28,Chennai
Veggie Burger,Burger,89.0,130,11570.0,45.0,2026-01-29,Chennai
Veggie Burger,Burger,89.0,120,10680.0,45.0,2026-01-30,Chennai
Veggie Burger,Burger,89.0,139,12371.0,45.0,2026-01-31,Chennai
Veggie Burger,Burger,99.0,93,9207.0,45.0,2026-02-01,Chennai
Veggie Burger,Burger,99.0,62,6138.0,45.0,2026-02-02,Chennai
Veggie Burger,Burger,119.0,85,10115.0,45.0,2026-02-03,Chennai
Veggie Burger,Burger,99.0,95,9405.0,45.0,2026-02-04,Chennai
Veggie Burger,Burger,79.0,128,10112.0,45.0,2026-02-05,Chennai
Veggie Burger,Burger,109.0,86,9374.0,45.0,2026-02-06,Chennai
Veggie Burger,Burger,119.0,98,11662.0,45.0,2026-02-07,Chennai
Veggie Burger,Burger,99.0,127,12573.0,45.0,2026-02-08,Chennai
Veggie Burger,Burger,119.0,69,8211.0,45.0,2026-02-09,Chennai
Veggie Burger,Burger,139.0,74,10286.0,45.0,2026-02-10,Chennai
Veggie Burger,Burger,109.0,60,6540.0,45.0,2026-02-11,Chennai
Veggie Burger,Burger,99.0,104,10296.0,45.0,2026-02-12,Chennai
Veggie Burger,Burger,109.0,90,9810.0,45.0,2026-02-13,Chennai
Veggie Burger,Burger,99.0,140,13860.0,45.0,2026-02-14,Chennai
Veggie Burger,Burger,129.0,73,9417.0,45.0,2026-02-15,Chennai
Veggie Burger,Burger,109.0,83,9047.0,45.0,2026-02-16,Chennai
Veggie Burger,Burger,109.0,79,8611.0,45.0,2026-02-17,Chennai
Veggie Burger,Burger,119.0,79,9401.0,45.0,2026-02-18,Chennai
Veggie Burger,Burger,119.0,83,9877.0,45.0,2026-02-19,Chennai
Veggie Burger,Burger,129.0,60,7740.0,45.0,2026-02-20,Chennai
Veggie Burger,Burger,99.0,158,15642.0,45.0,2026-02-21,Chennai
Veggie Burger,Burger,139.0,91,12649.0,45.0,2026-02-22,Chennai
Veggie Burger,Burger,139.0,65,9035.0,45.0,2026-02-23,Chennai
Veggie Burger,Burger,99.0,99,9801.0,45.0,2026-02-24,Chennai
Veggie Burger,Burger,99.0,87,8613.0,45.0,2026-02-25,Chennai
Veggie Burger,Burger,119.0,71,8449.0,45.0,2026-02-26,Chennai
Veggie Burger,Burger,139.0,54,7506.0,45.0,2026-02-27,Chennai
Veggie Burger,Burger,99.0,140,13860.0,45.0,2026-02-28,Chennai
Veggie Burger,Burger,109.0,148,16132.0,45.0,2026-03-01,Chennai
Veggie Burger,Burger,139.0,72,10008.0,45.0,2026-03-02,Chennai
Veggie Burger,Burger,109.0,59,6431.0,45.0,2026-03-03,Chennai
Veggie Burger,Burger,129.0,63,8127.0,45.0,2026-03-04,Chennai
Veggie Burger,Burger,109.0,86,9374.0,45.0,2026-03-05,Chennai
Veggie Burger,Burger,139.0,65,9035.0,45.0,2026-03-06,Chennai
Veggie Burger,Burger,129.0,95,12255.0,45.0,2026-03-07,Chennai
Veggie Burger,Burger,109.0,138,15042.0,45.0,2026-03-08,Chennai
Veggie Burger,Burger,109.0,63,6867.0,45.0,2026-03-09,Chennai
Veggie Burger,Burger,129.0,74,9546.0,45.0,2026-03-10,Chennai
Veggie Burger,Burger,119.0,68,8092.0,45.0,2026-03-11,Chennai
Veggie Burger,Burger,119.0,87,10353.0,45.0,2026-03-12,Chennai
Veggie Burger,Burger,129.0,56,7224.0,45.0,2026-03-13,Chennai
Veggie Burger,Burger,149.0,80,11920.0,45.0,2026-03-14,Chennai
Veggie Burger,Burger,119.0,117,13923.0,45.0,2026-03-15,Chennai
Veggie Burger,Burger,139.0,57,7923.0,45.0,2026-03-16,Chennai
Veggie Burger,Burger,119.0,69,8211.0,45.0,2026-03-17,Chennai
Veggie Burger,Burger,149.0,59,8791.0,45.0,2026-03-18,Chennai
Veggie Burger,Burger,129.0,59,7611.0,45.0,2026-03-19,Chennai
Veggie Burger,Burger,149.0,55,8195.0,45.0,2026-03-20,Chennai
Veggie Burger,Burger,129.0,101,13029.0,45.0,2026-03-21,Chennai
Veggie Burger,Burger,159.0,81,12879.0,45.0,2026-03-22,Chennai
Veggie Burger,Burger,149.0,65,9685.0,45.0,2026-03-23,Chennai
Veggie Burger,Burger,129.0,69,8901.0,45.0,2026-03-24,Chennai
Veggie Burger,Burger,119.0,78,9282.0,45.0,2026-03-25,Chennai
Veggie Burger,Burger,149.0,66,9834.0,45.0,2026-03-26,Chennai
Veggie Burger,Burger,149.0,53,7897.0,45.0,2026-03-27,Chennai
Veggie Burger,Burger,129.0,83,10707.0,45.0,2026-03-28,Chennai
Veggie Burger,Burger,159.0,89,14151.0,45.0,2026-03-29,Chennai
Veggie Burger,Burger,139.0,65,9035.0,45.0,2026-03-30,Chennai
Veggie Burger,Burger,149.0,53,7897.0,45.0,2026-03-31,Chennai
Veggie Burger,Burger,139.0,71,9869.0,45.0,2026-04-01,Chennai
Veggie Burger,Burger,139.0,68,9452.0,45.0,2026-04-02,Chennai
Veggie Burger,Burger,139.0,60,8340.0,45.0,2026-04-03,Chennai
Veggie Burger,Burger,129.0,93,11997.0,45.0,2026-04-04,Chennai
Veggie Burger,Burger,119.0,103,12257.0,45.0,2026-04-05,Chennai
Veggie Burger,Burger,159.0,42,6678.0,45.0,2026-04-06,Chennai
Veggie Burger,Burger,139.0,72,10008.0,45.0,2026-04-07,Chennai
Veggie Burger,Burger,129.0,58,7482.0,45.0,2026-04-08,Chennai
Veggie Burger,Burger,139.0,70,9730.0,45.0,2026-04-09,Chennai
Veggie Burger,Burger,129.0,62,7998.0,45.0,2026-04-10,Chennai
Veggie Burger,Burger,159.0,69,10971.0,45.0,2026-04-11,Chennai
Veggie Burger,Burger,159.0,61,9699.0,45.0,2026-04-12,Chennai
Veggie Burger,Burger,169.0,45,7605.0,45.0,2026-04-13,Chennai
Veggie Burger,Burger,169.0,44,7436.0,45.0,2026-04-14,Chennai
Veggie Burger,Burger,139.0,67,9313.0,45.0,2026-04-15,Chennai
Veggie Burger,Burger,149.0,56,8344.0,45.0,2026-04-16,Chennai
Veggie Burger,Burger,129.0,65,8385.0,45.0,2026-04-17,Chennai
Veggie Burger,Burger,129.0,88,11352.0,45.0,2026-04-18,Chennai
Veggie Burger,Burger,139.0,104,14456.0,45.0,2026-04-19,Chennai
Veggie Burger,Burger,169.0,61,10309.0,45.0,2026-04-20,Chennai
Veggie Burger,Burger,159.0,45,7155.0,45.0,2026-04-21,Chennai
Veggie Burger,Burger,139.0,68,9452.0,45.0,2026-04-22,Chennai
Veggie Burger,Burger,159.0,49,7791.0,45.0,2026-04-23,Chennai
Veggie Burger,Burger,149.0,47,7003.0,45.0,2026-04-24,Chennai
Veggie Burger,Burger,159.0,74,11766.0,45.0,2026-04-25,Chennai
Veggie Burger,Burger,159.0,97,15423.0,45.0,2026-04-26,Chennai
Veggie Burger,Burger,139.0,52,7228.0,45.0,2026-04-27,Chennai
Veggie Burger,Burger,169.0,34,5746.0,45.0,2026-04-28,Chennai
Veggie Burger,Burger,139.0,67,9313.0,45.0,2026-04-29,Chennai
Veggie Burger,Burger,159.0,54,8586.0,45.0,2026-04-30,Chennai
Veggie Burger,Burger,169.0,69,11661.0,45.0,2026-05-01,Chennai
Veggie Burger,Burger,149.0,102,15198.0,45.0,2026-05-02,Chennai
Veggie Burger,Burger,149.0,123,18327.0,45.0,2026-05-03,Chennai
Veggie Burger,Burger,169.0,53,8957.0,45.0,2026-05-04,Chennai
Veggie Burger,Burger,159.0,54,8586.0,45.0,2026-05-05,Chennai
Veggie Burger,Burger,169.0,60,10140.0,45.0,2026-05-06,Chennai
Veggie Burger,Burger,139.0,68,9452.0,45.0,2026-05-07,Chennai
Veggie Burger,Burger,159.0,94,14946.0,45.0,2026-05-08,Chennai
Veggie Burger,Burger,109.0,131,14279.0,45.0,2026-05-09,Chennai
Veggie Burger,Burger,79.0,256,20224.0,45.0,2026-05-10,Chennai
Veggie Burger,Burger,69.0,130,8970.0,45.0,2026-05-11,Chennai
Veggie Burger,Burger,99.0,112,11088.0,45.0,2026-05-12,Chennai
Veggie Burger,Burger,69.0,205,14145.0,45.0,2026-05-13,Chennai
Veggie Burger,Burger,89.0,129,11481.0,45.0,2026-05-14,Chennai
Veggie Burger,Burger,79.0,149,11771.0,45.0,2026-05-15,Chennai
Veggie Burger,Burger,79.0,210,16590.0,45.0,2026-05-16,Chennai
Veggie Burger,Burger,89.0,210,18690.0,45.0,2026-05-17,Chennai
Veggie Burger,Burger,79.0,185,14615.0,45.0,2026-05-18,Chennai
Veggie Burger,Burger,99.0,141,13959.0,45.0,2026-05-19,Chennai
Veggie Burger,Burger,109.0,158,17222.0,45.0,2026-05-20,Chennai
Veggie Burger,Burger,69.0,226,15594.0,45.0,2026-05-21,Chennai
Veggie Burger,Burger,109.0,72,7848.0,45.0,2026-05-22,Chennai
Veggie Burger,Burger,79.0,256,20224.0,45.0,2026-05-23,Chennai
Veggie Burger,Burger,109.0,145,15805.0,45.0,2026-05-24,Chennai
Veggie Burger,Burger,99.0,136,13464.0,45.0,2026-05-25,Chennai
Veggie Burger,Burger,79.0,164,12956.0,45.0,2026-05-26,Chennai
Veggie Burger,Burger,79.0,173,13667.0,45.0,2026-05-27,Chennai
Veggie Burger,Burger,69.0,170,11730.0,45.0,2026-05-28,Chennai
Veggie Burger,Burger,99.0,164,16236.0,45.0,2026-05-29,Chennai
Veggie Burger,Burger,79.0,224,17696.0,45.0,2026-05-30,Chennai
Veggie Burger,Burger,99.0,153,15147.0,45.0,2026-05-31,Chennai
Veggie Burger,Burger,79.0,167,13193.0,45.0,2026-06-01,Chennai
Veggie Burger,Burger,79.0,196,15484.0,45.0,2026-06-02,Chennai
Veggie Burger,Burger,99.0,105,10395.0,45.0,2026-06-03,Chennai
Veggie Burger,Burger,79.0,143,11297.0,45.0,2026-06-04,Chennai
Veggie Burger,Burger,79.0,185,14615.0,45.0,2026-06-05,Chennai
