datasets/sample_data/sales_sample.csv
Product Name,Category,Price,Units Sold,Revenue,Cost,Date,Region
Veggie Burger,Burger,69.0,125,8625.0,45.0,2025-12-10,Bangalore
Veggie Burger,Burger,109.0,71,7739.0,45.0,2025-12-11,Bangalore
Veggie Burger,Burger,69.0,163,11247.0,45.0,2025-12-12,Bangalore
Veggie Burger,Burger,99.0,127,12573.0,45.0,2025-12-13,Bangalore
Veggie Burger,Burger,69.0,273,18837.0,45.0,2025-12-14,Bangalore
Veggie Burger,Burger,69.0,143,9867.0,45.0,2025-12-15,Bangalore
Veggie Burger,Burger,69.0,195,13455.0,45.0,2025-12-16,Bangalore
Veggie Burger,Burger,89.0,103,9167.0,45.0,2025-12-17,Bangalore
Veggie Burger,Burger,69.0,162,11178.0,45.0,2025-12-18,Bangalore
Veggie Burger,Burger,99.0,105,10395.0,45.0,2025-12-19,Bangalore
Veggie Burger,Burger,109.0,149,16241.0,45.0,2025-12-20,Bangalore
Veggie Burger,Burger,79.0,231,18249.0,45.0,2025-12-21,Bangalore
Veggie Burger,Burger,89.0,140,12460.0,45.0,2025-12-22,Bangalore
Veggie Burger,Burger,109.0,84,9156.0,45.0,2025-12-23,Bangalore
Veggie Burger,Burger,69.0,152,10488.0,45.0,2025-12-24,Bangalore
Veggie Burger,Burger,99.0,116,11484.0,45.0,2025-12-25,Bangalore
Veggie Burger,Burger,109.0,86,9374.0,45.0,2025-12-26,Bangalore
Veggie Burger,Burger,69.0,220,15180.0,45.0,2025-12-27,Bangalore
Veggie Burger,Burger,79.0,199,15721.0,45.0,2025-12-28,Bangalore
Veggie Burger,Burger,99.0,91,9009.0,45.0,2025-12-29,Bangalore
Veggie Burger,Burger,109.0,74,8066.0,45.0,2025-12-30,Bangalore
Veggie Burger,Burger,79.0,191,15089.0,45.0,2025-12-31,Bangalore
Veggie Burger,Burger,99.0,85,8415.0,45.0,2026-01-01,Bangalore
Veggie Burger,Burger,69.0,156,10764.0,45.0,2026-01-02,Bangalore
Veggie Burger,Burger,69.0,196,13524.0,45.0,2026-01-03,Bangalore
Veggie Burger,Burger,99.0,159,15741.0,45.0,2026-01-04,Bangalore
Veggie Burger,Burger,89.0,106,9434.0,45.0,2026-01-05,Bangalore
Veggie Burger,Burger,99.0,74,7326.0,45.0,2026-01-06,Bangalore
Veggie Burger,Burger,99.0,82,8118.0,45.0,2026-01-07,Bangalore
Veggie Burger,Burger,109.0,93,10137.0,45.0,2026-01-08,Bangalore
Veggie Burger,Burger,89.0,104,9256.0,45.0,2026-01-09,Bangalore
Veggie Burger,Burger,119.0,99,11781.0,45.0,2026-01-10,Bangalore
Veggie Burger,Burger,79.0,237,18723.0,45.0,2026-01-11,Bangalore
Veggie Burger,Burger,79.0,113,8927.0,45.0,2026-01-12,Bangalore
Veggie Burger,Burger,79.0,110,8690.0,45.0,2026-01-13,Bangalore
Veggie Burger,Burger,79.0,115,9085.0,45.0,2026-01-14,Bangalore
Veggie Burger,Burger,79.0,129,10191.0,45.0,2026-01-15,Bangalore
Veggie Burger,Burger,79.0,94,7426.0,45.0,2026-01-16,Bangalore
Veggie Burger,Burger,89.0,128,11392.0,45.0,2026-01-17,Bangalore
Veggie Burger,Burger,79.0,182,14378.0,45.0,2026-01-18,Bangalore
Veggie Burger,Burger,99.0,126,12474.0,45.0,2026-01-19,Bangalore
Veggie Burger,Burger,99.0,108,10692.0,45.0,2026-01-20,Bangalore
Veggie Burger,Burger,109.0,93,10137.0,45.0,2026-01-21,Bangalore
Veggie Burger,Burger,79.0,108,8532.0,45.0,2026-01-22,Bangalore
Veggie Burger,Burger,119.0,93,11067.0,45.0,2026-01-23,Bangalore
Veggie Burger,Burger,89.0,161,14329.0,45.0,2026-01-24,Bangalore
Veggie Burger,Burger,109.0,125,13625.0,45.0,2026-01-25,Bangalore
Veggie Burger,Burger,89.0,101,8989.0,45.0,2026-01-26,Bangalore
Veggie Burger,Burger,119.0,70,8330.0,45.0,2026-01-27,Bangalore
Veggie Burger,Burger,99.0,91,9009.0,45.0,2026-01-28,Bangalore
Veggie Burger,Burger,99.0,104,10296.0,45.0,2026-01-29,Bangalore
Veggie Burger,Burger,109.0,86,9374.0,45.0,2026-01-30,Bangalore
Veggie Burger,Burger,119.0,100,11900.0,45.0,2026-01-31,Bangalore
Veggie Burger,Burger,89.0,169,15041.0,45.0,2026-02-01,Bangalore
Veggie Burger,Burger,89.0,155,13795.0,45.0,2026-02-02,Bangalore
Veggie Burger,Burger,119.0,80,9520.0,45.0,2026-02-03,Bangalore
Veggie Burger,Burger,99.0,85,8415.0,45.0,2026-02-04,Bangalore
Veggie Burger,Burger,109.0,74,8066.0,45.0,2026-02-05,Bangalore
Veggie Burger,Burger,119.0,63,7497.0,45.0,2026-02-06,Bangalore
Veggie Burger,Burger,99.0,151,14949.0,45.0,2026-02-07,Bangalore
Veggie Burger,Burger,109.0,120,13080.0,45.0,2026-02-08,Bangalore
Veggie Burger,Burger,109.0,81,8829.0,45.0,2026-02-09,Bangalore
Veggie Burger,Burger,109.0,83,9047.0,45.0,2026-02-10,Bangalore
Veggie Burger,Burger,119.0,65,7735.0,45.0,2026-02-11,Bangalore
Veggie Burger,Burger,129.0,59,7611.0,45.0,2026-02-12,Bangalore
Veggie Burger,Burger,129.0,52,6708.0,45.0,2026-02-13,Bangalore
Veggie Burger,Burger,139.0,92,12788.0,45.0,2026-02-14,Bangalore
Veggie Burger,Burger,129.0,102,13158.0,45.0,2026-02-15,Bangalore
Veggie Burger,Burger,99.0,103,10197.0,45.0,2026-02-16,Bangalore
Veggie Burger,Burger,129.0,63,8127.0,45.0,2026-02-17,Bangalore
Veggie Burger,Burger,99.0,80,7920.0,45.0,2026-02-18,Bangalore
Veggie Burger,Burger,119.0,71,8449.0,45.0,2026-02-19,Bangalore
Veggie Burger,Burger,129.0,64,8256.0,45.0,2026-02-20,Bangalore
Veggie Burger,Burger,99.0,120,11880.0,45.0,2026-02-21,Bangalore
Veggie Burger,Burger,129.0,73,9417.0,45.0,2026-02-22,Bangalore
Veggie Burger,Burger,129.0,52,6708.0,45.0,2026-02-23,Bangalore
Veggie Burger,Burger,99.0,91,9009.0,45.0,2026-02-24,Bangalore
Veggie Burger,Burger,119.0,70,8330.0,45.0,2026-02-25,Bangalore
Veggie Burger,Burger,99.0,106,10494.0,45.0,2026-02-26,Bangalore
Veggie Burger,Burger,99.0,91,9009.0,45.0,2026-02-27,Bangalore
Veggie Burger,Burger,139.0,83,11537.0,45.0,2026-02-28,Bangalore
Veggie Burger,Burger,139.0,100,13900.0,45.0,2026-03-01,Bangalore
Veggie Burger,Burger,129.0,64,8256.0,45.0,2026-03-02,Bangalore
Veggie Burger,Burger,119.0,65,7735.0,45.0,2026-03-03,Bangalore
Veggie Burger,Burger,139.0,62,8618.0,45.0,2026-03-04,Bangalore
Veggie Burger,Burger,129.0,83,10707.0,45.0,2026-03-05,Bangalore
Veggie Burger,Burger,99.0,68,6732.0,45.0,2026-03-06,Bangalore
Veggie Burger,Burger,109.0,119,12971.0,45.0,2026-03-07,Bangalore
Veggie Burger,Burger,99.0,147,14553.0,45.0,2026-03-08,Bangalore
Veggie Burger,Burger,99.0,87,8613.0,45.0,2026-03-09,Bangalore
Veggie Burger,Burger,159.0,59,9381.0,45.0,2026-03-10,Bangalore
Veggie Burger,Burger,149.0,53,7897.0,45.0,2026-03-11,Bangalore
Veggie Burger,Burger,139.0,65,9035.0,45.0,2026-03-12,Bangalore
Veggie Burger,Burger,139.0,46,6394.0,45.0,2026-03-13,Bangalore
Veggie Burger,Burger,119.0,122,14518.0,45.0,2026-03-14,Bangalore
Veggie Burger,Burger,129.0,96,12384.0,45.0,2026-03-15,Bangalore
Veggie Burger,Burger,129.0,65,8385.0,45.0,2026-03-16,Bangalore
Veggie Burger,Burger,139.0,49,6811.0,45.0,2026-03-17,Bangalore
Veggie Burger,Burger,119.0,91,10829.0,45.0,2026-03-18,Bangalore
Veggie Burger,Burger,159.0,47,7473.0,45.0,2026-03-19,Bangalore
Veggie Burger,Burger,139.0,65,9035.0,45.0,2026-03-20,Bangalore
Veggie Burger,Burger,139.0,77,10703.0,45.0,2026-03-21,Bangalore
Veggie Burger,Burger,149.0,71,10579.0,45.0,2026-03-22,Bangalore
Veggie Burger,Burger,149.0,71,10579.0,45.0,2026-03-23,Bangalore
Veggie Burger,Burger,119.0,99,11781.0,45.0,2026-03-24,Bangalore
Veggie Burger,Burger,139.0,60,8340.0,45.0,2026-03-25,Bangalore
Veggie Burger,Burger,159.0,56,8904.0,45.0,2026-03-26,Bangalore
Veggie Burger,Burger,159.0,46,7314.0,45.0,2026-03-27,Bangalore
Veggie Burger,Burger,159.0,68,10812.0,45.0,2026-03-28,Bangalore
Veggie Burger,Burger,129.0,79,10191.0,45.0,2026-03-29,Bangalore
Veggie Burger,Burger,139.0,63,8757.0,45.0,2026-03-30,Bangalore
Veggie Burger,Burger,139.0,68,9452.0,45.0,2026-03-31,Bangalore
Veggie Burger,Burger,149.0,53,7897.0,45.0,2026-04-01,Bangalore
Veggie Burger,Burger,149.0,51,7599.0,45.0,2026-04-02,Bangalore
Veggie Burger,Burger,129.0,49,6321.0,45.0,2026-04-03,Bangalore
Veggie Burger,Burger,119.0,90,10710.0,45.0,2026-04-04,Bangalore
Veggie Burger,Burger,119.0,109,12971.0,45.0,2026-04-05,Bangalore
Veggie Burger,Burger,129.0,74,9546.0,45.0,2026-04-06,Bangalore
Veggie Burger,Burger,149.0,55,8195.0,45.0,2026-04-07,Bangalore
Veggie Burger,Burger,159.0,54,8586.0,45.0,2026-04-08,Bangalore
Veggie Burger,Burger,169.0,50,8450.0,45.0,2026-04-09,Bangalore
Veggie Burger,Burger,129.0,71,9159.0,45.0,2026-04-10,Bangalore
Veggie Burger,Burger,129.0,104,13416.0,45.0,2026-04-11,Bangalore
Veggie Burger,Burger,169.0,73,12337.0,45.0,2026-04-12,Bangalore
Veggie Burger,Burger,159.0,59,9381.0,45.0,2026-04-13,Bangalore
Veggie Burger,Burger,149.0,49,7301.0,45.0,2026-04-14,Bangalore
Veggie Burger,Burger,169.0,47,7943.0,45.0,2026-04-15,Bangalore
Veggie Burger,Burger,149.0,68,10132.0,45.0,2026-04-16,Bangalore
Veggie Burger,Burger,129.0,87,11223.0,45.0,2026-04-17,Bangalore
Veggie Burger,Burger,159.0,61,9699.0,45.0,2026-04-18,Bangalore
Veggie Burger,Burger,129.0,108,13932.0,45.0,2026-04-19,Bangalore
Veggie Burger,Burger,159.0,53,8427.0,45.0,2026-04-20,Bangalore
Veggie Burger,Burger,149.0,60,8940.0,45.0,2026-04-21,Bangalore
Veggie Burger,Burger,159.0,53,8427.0,45.0,2026-04-22,Bangalore
Veggie Burger,Burger,129.0,62,7998.0,45.0,2026-04-23,Bangalore
Veggie Burger,Burger,139.0,66,9174.0,45.0,2026-04-24,Bangalore
Veggie Burger,Burger,169.0,58,9802.0,45.0,2026-04-25,Bangalore
Veggie Burger,Burger,139.0,106,14734.0,45.0,2026-04-26,Bangalore
Veggie Burger,Burger,129.0,79,10191.0,45.0,2026-04-27,Bangalore
Veggie Burger,Burger,159.0,70,11130.0,45.0,2026-04-28,Bangalore
Veggie Burger,Burger,149.0,56,8344.0,45.0,2026-04-29,Bangalore
Veggie Burger,Burger,159.0,48,7632.0,45.0,2026-04-30,Bangalore
Veggie Burger,Burger,149.0,66,9834.0,45.0,2026-05-01,Bangalore
Veggie Burger,Burger,139.0,74,10286.0,45.0,2026-05-02,Bangalore
Veggie Burger,Burger,159.0,93,14787.0,45.0,2026-05-03,Bangalore
Veggie Burger,Burger,149.0,71,10579.0,45.0,2026-05-04,Bangalore
Veggie Burger,Burger,149.0,82,12218.0,45.0,2026-05-05,Bangalore
Veggie Burger,Burger,159.0,79,12561.0,45.0,2026-05-06,Bangalore
Veggie Burger,Burger,139.0,86,11954.0,45.0,2026-05-07,Bangalore
Veggie Burger,Burger,159.0,45,7155.0,45.0,2026-05-08,Bangalore
Veggie Burger,Burger,69.0,304,20976.0,45.0,2026-05-09,Bangalore
Veggie Burger,Burger,79.0,193,15247.0,45.0,2026-05-10,Bangalore
Veggie Burger,Burger,89.0,161,14329.0,45.0,2026-05-11,Bangalore
Veggie Burger,Burger,89.0,131,11659.0,45.0,2026-05-12,Bangalore
Veggie Burger,Burger,79.0,197,15563.0,45.0,2026-05-13,Bangalore
Veggie Burger,Burger,89.0,154,13706.0,45.0,2026-05-14,Bangalore
Veggie Burger,Burger,69.0,214,14766.0,45.0,2026-05-15,Bangalore
Veggie Burger,Burger,109.0,117,12753.0,45.0,2026-05-16,Bangalore
Veggie Burger,Burger,99.0,178,17622.0,45.0,2026-05-17,Bangalore
Veggie Burger,Burger,69.0,246,16974.0,45.0,2026-05-18,Bangalore
Veggie Burger,Burger,69.0,178,12282.0,45.0,2026-05-19,Bangalore
Veggie Burger,Burger,99.0,123,12177.0,45.0,2026-05-20,Bangalore
Veggie Burger,Burger,89.0,134,11926.0,45.0,2026-05-21,Bangalore
Veggie Burger,Burger,99.0,154,15246.0,45.0,2026-05-22,Bangalore
Veggie Burger,Burger,79.0,164,12956.0,45.0,2026-05-23,Bangalore
Veggie Burger,Burger,79.0,278,21962.0,45.0,2026-05-24,Bangalore
Veggie Burger,Burger,99.0,120,11880.0,45.0,2026-05-25,Bangalore
Veggie Burger,Burger,79.0,175,13825.0,45.0,2026-05-26,Bangalore
Veggie Burger,Burger,109.0,125,13625.0,45.0,2026-05-27,Bangalore
Veggie Burger,Burger,79.0,174,13746.0,45.0,2026-05-28,Bangalore
Veggie Burger,Burger,89.0,148,13172.0,45.0,2026-05-29,Bangalore
Veggie Burger,Burger,69.0,292,20148.0,45.0,2026-05-30,Bangalore
Veggie Burger,Burger,79.0,308,24332.0,45.0,2026-05-31,Bangalore
Veggie Burger,Burger,89.0,127,11303.0,45.0,2026-06-01,Bangalore
Veggie Burger,Burger,89.0,144,12816.0,45.0,2026-06-02,Bangalore
Veggie Burger,Burger,79.0,189,14931.0,45.0,2026-06-03,Bangalore
Veggie Burger,Burger,69.0,184,12696.0,45.0,2026-06-04,Bangalore
Veggie Burger,Burger,89.0,177,15753.0,45.0,2026-06-05,Bangalore
