datasets/sample_data/sales_sample.csv
Product Name,Category,Price,Units Sold,Revenue,Cost,Date,Region
Veggie Burger,Burger,79.0,109,8611.0,45.0,2025-12-10,Mumbai
Veggie Burger,Burger,89.0,132,11748.0,45.0,2025-12-11,Mumbai
Veggie Burger,Burger,89.0,144,12816.0,45.0,2025-12-12,Mumbai
Veggie Burger,Burger,99.0,178,17622.0,45.0,2025-12-13,Mumbai
Veggie Burger,Burger,69.0,209,14421.0,45.0,2025-12-14,Mumbai
Veggie Burger,Burger,109.0,100,10900.0,45.0,2025-12-15,Mumbai
Veggie Burger,Burger,69.0,157,10833.0,45.0,2025-12-16,Mumbai
Veggie Burger,Burger,99.0,138,13662.0,45.0,2025-12-17,Mumbai
Veggie Burger,Burger,109.0,109,11881.0,45.0,2025-12-18,Mumbai
Veggie Burger,Burger,109.0,104,11336.0,45.0,2025-12-19,Mumbai
Veggie Burger,Burger,99.0,196,19404.0,45.0,2025-12-20,Mumbai
Veggie Burger,Burger,89.0,204,18156.0,45.0,2025-12-21,Mumbai
Veggie Burger,Burger,89.0,135,12015.0,45.0,2025-12-22,Mumbai
Veggie Burger,Burger,109.0,74,8066.0,45.0,2025-12-23,Mumbai
Veggie Burger,Burger,99.0,113,11187.0,45.0,2025-12-24,Mumbai
Veggie Burger,Burger,89.0,134,11926.0,45.0,2025-12-25,Mumbai
Veggie Burger,Burger,99.0,113,11187.0,45.0,2025-12-26,Mumbai
Veggie Burger,Burger,89.0,146,12994.0,45.0,2025-12-27,Mumbai
Veggie Burger,Burger,109.0,142,15478.0,45.0,2025-12-28,Mumbai
Veggie Burger,Burger,79.0,171,13509.0,45.0,2025-12-29,Mumbai
Veggie Burger,Burger,69.0,207,14283.0,45.0,2025-12-30,Mumbai
Veggie Burger,Burger,89.0,142,12638.0,45.0,2025-12-31,Mumbai
Veggie Burger,Burger,89.0,105,9345.0,45.0,2026-01-01,Mumbai
Veggie Burger,Burger,109.0,65,7085.0,45.0,2026-01-02,Mumbai
Veggie Burger,Burger,69.0,189,13041.0,45.0,2026-01-03,Mumbai
Veggie Burger,Burger,89.0,146,12994.0,45.0,2026-01-04,Mumbai
Veggie Burger,Burger,109.0,76,8284.0,45.0,2026-01-05,Mumbai
Veggie Burger,Burger,109.0,96,10464.0,45.0,2026-01-06,Mumbai
Veggie Burger,Burger,69.0,142,9798.0,45.0,2026-01-07,Mumbai
Veggie Burger,Burger,69.0,155,10695.0,45.0,2026-01-08,Mumbai
Veggie Burger,Burger,109.0,88,9592.0,45.0,2026-01-09,Mumbai
Veggie Burger,Burger,109.0,110,11990.0,45.0,2026-01-10,Mumbai
Veggie Burger,Burger,109.0,138,15042.0,45.0,2026-01-11,Mumbai
Veggie Burger,Burger,99.0,91,9009.0,45.0,2026-01-12,Mumbai
Veggie Burger,Burger,109.0,86,9374.0,45.0,2026-01-13,Mumbai
Veggie Burger,Burger,89.0,122,10858.0,45.0,2026-01-14,Mumbai
Veggie Burger,Burger,89.0,103,9167.0,45.0,2026-01-15,Mumbai
Veggie Burger,Burger,79.0,75,5925.0,45.0,2026-01-16,Mumbai
Veggie Burger,Burger,109.0,140,15260.0,45.0,2026-01-17,Mumbai
Veggie Burger,Burger,79.0,215,16985.0,45.0,2026-01-18,Mumbai
Veggie Burger,Burger,99.0,98,9702.0,45.0,2026-01-19,Mumbai
Veggie Burger,Burger,79.0,111,8769.0,45.0,2026-01-20,Mumbai
Veggie Burger,Burger,119.0,91,10829.0,45.0,2026-01-21,Mumbai
Veggie Burger,Burger,109.0,51,5559.0,45.0,2026-01-22,Mumbai
Veggie Burger,Burger,109.0,80,8720.0,45.0,2026-01-23,Mumbai
Veggie Burger,Burger,79.0,154,12166.0,45.0,2026-01-24,Mumbai
Veggie Burger,Burger,99.0,127,12573.0,45.0,2026-01-25,Mumbai
Veggie Burger,Burger,109.0,88,9592.0,45.0,2026-01-26,Mumbai
Veggie Burger,Burger,109.0,81,8829.0,45.0,2026-01-27,Mumbai
Veggie Burger,Burger,79.0,114,9006.0,45.0,2026-01-28,Mumbai
Veggie Burger,Burger,99.0,88,8712.0,45.0,2026-01-29,Mumbai
Veggie Burger,Burger,99.0,82,8118.0,45.0,2026-01-30,Mumbai
Veggie Burger,Burger,99.0,107,10593.0,45.0,2026-01-31,Mumbai
Veggie Burger,Burger,89.0,127,11303.0,45.0,2026-02-01,Mumbai
Veggie Burger,Burger,119.0,84,9996.0,45.0,2026-02-02,Mumbai
Veggie Burger,Burger,99.0,96,9504.0,45.0,2026-02-03,Mumbai
Veggie Burger,Burger,109.0,91,9919.0,45.0,2026-02-04,Mumbai
Veggie Burger,Burger,119.0,46,5474.0,45.0,2026-02-05,Mumbai
Veggie Burger,Burger,99.0,80,7920.0,45.0,2026-02-06,Mumbai
Veggie Burger,Burger,119.0,79,9401.0,45.0,2026-02-07,Mumbai
Veggie Burger,Burger,99.0,116,11484.0,45.0,2026-02-08,Mumbai
Veggie Burger,Burger,119.0,59,7021.0,45.0,2026-02-09,Mumbai
Veggie Burger,Burger,109.0,70,7630.0,45.0,2026-02-10,Mumbai
Veggie Burger,Burger,99.0,109,10791.0,45.0,2026-02-11,Mumbai
Veggie Burger,Burger,99.0,85,8415.0,45.0,2026-02-12,Mumbai
Veggie Burger,Burger,109.0,96,10464.0,45.0,2026-02-13,Mumbai
Veggie Burger,Burger,129.0,63,8127.0,45.0,2026-02-14,Mumbai
Veggie Burger,Burger,129.0,103,13287.0,45.0,2026-02-15,Mumbai
Veggie Burger,Burger,99.0,100,9900.0,45.0,2026-02-16,Mumbai
Veggie Burger,Burger,139.0,67,9313.0,45.0,2026-02-17,Mumbai
Veggie Burger,Burger,139.0,56,7784.0,45.0,2026-02-18,Mumbai
Veggie Burger,Burger,119.0,74,8806.0,45.0,2026-02-19,Mumbai
Veggie Burger,Burger,109.0,75,8175.0,45.0,2026-02-20,Mumbai
Veggie Burger,Burger,139.0,70,9730.0,45.0,2026-02-21,Mumbai
Veggie Burger,Burger,99.0,137,13563.0,45.0,2026-02-22,Mumbai
Veggie Burger,Burger,139.0,63,8757.0,45.0,2026-02-23,Mumbai
Veggie Burger,Burger,119.0,93,11067.0,45.0,2026-02-24,Mumbai
Veggie Burger,Burger,129.0,59,7611.0,45.0,2026-02-25,Mumbai
Veggie Burger,Burger,129.0,66,8514.0,45.0,2026-02-26,Mumbai
Veggie Burger,Burger,129.0,78,10062.0,45.0,2026-02-27,Mumbai
Veggie Burger,Burger,129.0,95,12255.0,45.0,2026-02-28,Mumbai
Veggie Burger,Burger,129.0,109,14061.0,45.0,2026-03-01,Mumbai
Veggie Burger,Burger,129.0,70,9030.0,45.0,2026-03-02,Mumbai
Veggie Burger,Burger,99.0,88,8712.0,45.0,2026-03-03,Mumbai
Veggie Burger,Burger,139.0,52,7228.0,45.0,2026-03-04,Mumbai
Veggie Burger,Burger,99.0,84,8316.0,45.0,2026-03-05,Mumbai
Veggie Burger,Burger,109.0,69,7521.0,45.0,2026-03-06,Mumbai
Veggie Burger,Burger,129.0,80,10320.0,45.0,2026-03-07,Mumbai
Veggie Burger,Burger,129.0,81,10449.0,45.0,2026-03-08,Mumbai
Veggie Burger,Burger,139.0,54,7506.0,45.0,2026-03-09,Mumbai
Veggie Burger,Burger,159.0,54,8586.0,45.0,2026-03-10,Mumbai
Veggie Burger,Burger,159.0,62,9858.0,45.0,2026-03-11,Mumbai
Veggie Burger,Burger,129.0,67,8643.0,45.0,2026-03-12,Mumbai
Veggie Burger,Burger,119.0,55,6545.0,45.0,2026-03-13,Mumbai
Veggie Burger,Burger,149.0,100,14900.0,45.0,2026-03-14,Mumbai
Veggie Burger,Burger,159.0,100,15900.0,45.0,2026-03-15,Mumbai
Veggie Burger,Burger,119.0,74,8806.0,45.0,2026-03-16,Mumbai
Veggie Burger,Burger,139.0,64,8896.0,45.0,2026-03-17,Mumbai
Veggie Burger,Burger,129.0,77,9933.0,45.0,2026-03-18,Mumbai
Veggie Burger,Burger,119.0,66,7854.0,45.0,2026-03-19,Mumbai
Veggie Burger,Burger,129.0,75,9675.0,45.0,2026-03-20,Mumbai
Veggie Burger,Burger,119.0,107,12733.0,45.0,2026-03-21,Mumbai
Veggie Burger,Burger,159.0,103,16377.0,45.0,2026-03-22,Mumbai
Veggie Burger,Burger,149.0,42,6258.0,45.0,2026-03-23,Mumbai
Veggie Burger,Burger,119.0,79,9401.0,45.0,2026-03-24,Mumbai
Veggie Burger,Burger,149.0,56,8344.0,45.0,2026-03-25,Mumbai
Veggie Burger,Burger,149.0,55,8195.0,45.0,2026-03-26,Mumbai
Veggie Burger,Burger,139.0,65,9035.0,45.0,2026-03-27,Mumbai
Veggie Burger,Burger,159.0,87,13833.0,45.0,2026-03-28,Mumbai
Veggie Burger,Burger,119.0,104,12376.0,45.0,2026-03-29,Mumbai
Veggie Burger,Burger,129.0,72,9288.0,45.0,2026-03-30,Mumbai
Veggie Burger,Burger,159.0,52,8268.0,45.0,2026-03-31,Mumbai
Veggie Burger,Burger,149.0,63,9387.0,45.0,2026-04-01,Mumbai
Veggie Burger,Burger,119.0,95,11305.0,45.0,2026-04-02,Mumbai
Veggie Burger,Burger,129.0,64,8256.0,45.0,2026-04-03,Mumbai
Veggie Burger,Burger,119.0,117,13923.0,45.0,2026-04-04,Mumbai
Veggie Burger,Burger,119.0,117,13923.0,45.0,2026-04-05,Mumbai
Veggie Burger,Burger,139.0,80,11120.0,45.0,2026-04-06,Mumbai
Veggie Burger,Burger,119.0,85,10115.0,45.0,2026-04-07,Mumbai
Veggie Burger,Burger,149.0,49,7301.0,45.0,2026-04-08,Mumbai
Veggie Burger,Burger,159.0,56,8904.0,45.0,2026-04-09,Mumbai
Veggie Burger,Burger,169.0,36,6084.0,45.0,2026-04-10,Mumbai
Veggie Burger,Burger,149.0,75,11175.0,45.0,2026-04-11,Mumbai
Veggie Burger,Burger,169.0,76,12844.0,45.0,2026-04-12,Mumbai
Veggie Burger,Burger,169.0,39,6591.0,45.0,2026-04-13,Mumbai
Veggie Burger,Burger,129.0,67,8643.0,45.0,2026-04-14,Mumbai
Veggie Burger,Burger,149.0,70,10430.0,45.0,2026-04-15,Mumbai
Veggie Burger,Burger,149.0,66,9834.0,45.0,2026-04-16,Mumbai
Veggie Burger,Burger,139.0,55,7645.0,45.0,2026-04-17,Mumbai
Veggie Burger,Burger,129.0,96,12384.0,45.0,2026-04-18,Mumbai
Veggie Burger,Burger,129.0,98,12642.0,45.0,2026-04-19,Mumbai
Veggie Burger,Burger,149.0,47,7003.0,45.0,2026-04-20,Mumbai
Veggie Burger,Burger,149.0,48,7152.0,45.0,2026-04-21,Mumbai
Veggie Burger,Burger,169.0,39,6591.0,45.0,2026-04-22,Mumbai
Veggie Burger,Burger,129.0,84,10836.0,45.0,2026-04-23,Mumbai
Veggie Burger,Burger,139.0,58,8062.0,45.0,2026-04-24,Mumbai
Veggie Burger,Burger,169.0,61,10309.0,45.0,2026-04-25,Mumbai
Veggie Burger,Burger,169.0,63,10647.0,45.0,2026-04-26,Mumbai
Veggie Burger,Burger,149.0,61,9089.0,45.0,2026-04-27,Mumbai
Veggie Burger,Burger,139.0,65,9035.0,45.0,2026-04-28,Mumbai
Veggie Burger,Burger,129.0,57,7353.0,45.0,2026-04-29,Mumbai
Veggie Burger,Burger,169.0,36,6084.0,45.0,2026-04-30,Mumbai
Veggie Burger,Burger,159.0,65,10335.0,45.0,2026-05-01,Mumbai
Veggie Burger,Burger,169.0,82,13858.0,45.0,2026-05-02,Mumbai
Veggie Burger,Burger,139.0,102,14178.0,45.0,2026-05-03,Mumbai
Veggie Burger,Burger,149.0,77,11473.0,45.0,2026-05-04,Mumbai
Veggie Burger,Burger,149.0,88,13112.0,45.0,2026-05-05,Mumbai
Veggie Burger,Burger,159.0,67,10653.0,45.0,2026-05-06,Mumbai
Veggie Burger,Burger,149.0,55,8195.0,45.0,2026-05-07,Mumbai
Veggie Burger,Burger,169.0,69,11661.0,45.0,2026-05-08,Mumbai
Veggie Burger,Burger,99.0,150,14850.0,45.0,2026-05-09,Mumbai
Veggie Burger,Burger,89.0,196,17444.0,45.0,2026-05-10,Mumbai
Veggie Burger,Burger,69.0,206,14214.0,45.0,2026-05-11,Mumbai
Veggie Burger,Burger,79.0,189,14931.0,45.0,2026-05-12,Mumbai
Veggie Burger,Burger,99.0,126,12474.0,45.0,2026-05-13,Mumbai
Veggie Burger,Burger,109.0,131,14279.0,45.0,2026-05-14,Mumbai
Veggie Burger,Burger,99.0,113,11187.0,45.0,2026-05-15,Mumbai
Veggie Burger,Burger,69.0,299,20631.0,45.0,2026-05-16,Mumbai
Veggie Burger,Burger,99.0,185,18315.0,45.0,2026-05-17,Mumbai
Veggie Burger,Burger,69.0,184,12696.0,45.0,2026-05-18,Mumbai
Veggie Burger,Burger,79.0,179,14141.0,45.0,2026-05-19,Mumbai
Veggie Burger,Burger,89.0,171,15219.0,45.0,2026-05-20,Mumbai
Veggie Burger,Burger,79.0,246,19434.0,45.0,2026-05-21,Mumbai
Veggie Burger,Burger,109.0,124,13516.0,45.0,2026-05-22,Mumbai
Veggie Burger,Burger,109.0,165,17985.0,45.0,2026-05-23,Mumbai
Veggie Burger,Burger,99.0,199,19701.0,45.0,2026-05-24,Mumbai
Veggie Burger,Burger,89.0,159,14151.0,45.0,2026-05-25,Mumbai
Veggie Burger,Burger,69.0,238,16422.0,45.0,2026-05-26,Mumbai
Veggie Burger,Burger,109.0,107,11663.0,45.0,2026-05-27,Mumbai
Veggie Burger,Burger,99.0,133,13167.0,45.0,2026-05-28,Mumbai
Veggie Burger,Burger,79.0,151,11929.0,45.0,2026-05-29,Mumbai
Veggie Burger,Burger,89.0,171,15219.0,45.0,2026-05-30,Mumbai
Veggie Burger,Burger,69.0,279,19251.0,45.0,2026-05-31,Mumbai
Veggie Burger,Burger,79.0,207,16353.0,45.0,2026-06-01,Mumbai
Veggie Burger,Burger,89.0,121,10769.0,45.0,2026-06-02,Mumbai
Veggie Burger,Burger,109.0,133,14497.0,45.0,2026-06-03,Mumbai
Veggie Burger,Burger,109.0,161,17549.0,45.0,2026-06-04,Mumbai
Veggie Burger,Burger,69.0,206,14214.0,45.0,2026-06-05,Mumbai
