datasets/sample_data/sales_sample.csv
Product Name,Category,Price,Units Sold,Revenue,Cost,Date,Region
Veggie Burger,Burger,79.0,135,10665.0,45.0,2025-12-10,Delhi
Veggie Burger,Burger,109.0,91,9919.0,45.0,2025-12-11,Delhi
Veggie Burger,Burger,99.0,115,11385.0,45.0,2025-12-12,Delhi
Veggie Burger,Burger,109.0,102,11118.0,45.0,2025-12-13,Delhi
Veggie Burger,Burger,89.0,201,17889.0,45.0,2025-12-14,Delhi
Veggie Burger,Burger,109.0,103,11227.0,45.0,2025-12-15,Delhi
Veggie Burger,Burger,99.0,114,11286.0,45.0,2025-12-16,Delhi
Veggie Burger,Burger,89.0,100,8900.0,45.0,2025-12-17,Delhi
Veggie Burger,Burger,69.0,193,13317.0,45.0,2025-12-18,Delhi
Veggie Burger,Burger,89.0,116,10324.0,45.0,2025-12-19,Delhi
Veggie Burger,Burger,109.0,115,12535.0,45.0,2025-12-20,Delhi
Veggie Burger,Burger,79.0,179,14141.0,45.0,2025-12-21,Delhi
Veggie Burger,Burger,99.0,95,9405.0,45.0,2025-12-22,Delhi
Veggie Burger,Burger,89.0,132,11748.0,45.0,2025-12-23,Delhi
Veggie Burger,Burger,99.0,124,12276.0,45.0,2025-12-24,Delhi
Veggie Burger,Burger,79.0,140,11060.0,45.0,2025-12-25,Delhi
Veggie Burger,Burger,99.0,104,10296.0,45.0,2025-12-26,Delhi
Veggie Burger,Burger,99.0,146,14454.0,45.0,2025-12-27,Delhi
Veggie Burger,Burger,109.0,131,14279.0,45.0,2025-12-28,Delhi
Veggie Burger,Burger,99.0,109,10791.0,45.0,2025-12-29,Delhi
Veggie Burger,Burger,109.0,106,11554.0,45.0,2025-12-30,Delhi
Veggie Burger,Burger,69.0,164,11316.0,45.0,2025-12-31,Delhi
Veggie Burger,Burger,79.0,111,8769.0,45.0,2026-01-01,Delhi
Veggie Burger,Burger,69.0,150,10350.0,45.0,2026-01-02,Delhi
Veggie Burger,Burger,79.0,187,14773.0,45.0,2026-01-03,Delhi
Veggie Burger,Burger,79.0,180,14220.0,45.0,2026-01-04,Delhi
Veggie Burger,Burger,99.0,94,9306.0,45.0,2026-01-05,Delhi
Veggie Burger,Burger,79.0,135,10665.0,45.0,2026-01-06,Delhi
Veggie Burger,Burger,89.0,136,12104.0,45.0,2026-01-07,Delhi
Veggie Burger,Burger,79.0,113,8927.0,45.0,2026-01-08,Delhi
Veggie Burger,Burger,99.0,88,8712.0,45.0,2026-01-09,Delhi
Veggie Burger,Burger,99.0,127,12573.0,45.0,2026-01-10,Delhi
Veggie Burger,Burger,79.0,188,14852.0,45.0,2026-01-11,Delhi
Veggie Burger,Burger,109.0,86,9374.0,45.0,2026-01-12,Delhi
Veggie Burger,Burger,79.0,150,11850.0,45.0,2026-01-13,Delhi
Veggie Burger,Burger,99.0,92,9108.0,45.0,2026-01-14,Delhi
Veggie Burger,Burger,99.0,101,9999.0,45.0,2026-01-15,Delhi
Veggie Burger,Burger,79.0,138,10902.0,45.0,2026-01-16,Delhi
Veggie Burger,Burger,119.0,86,10234.0,45.0,2026-01-17,Delhi
Veggie Burger,Burger,89.0,161,14329.0,45.0,2026-01-18,Delhi
Veggie Burger,Burger,99.0,66,6534.0,45.0,2026-01-19,Delhi
Veggie Burger,Burger,109.0,110,11990.0,45.0,2026-01-20,Delhi
Veggie Burger,Burger,119.0,88,10472.0,45.0,2026-01-21,Delhi
Veggie Burger,Burger,119.0,81,9639.0,45.0,2026-01-22,Delhi
Veggie Burger,Burger,99.0,81,8019.0,45.0,2026-01-23,Delhi
Veggie Burger,Burger,99.0,114,11286.0,45.0,2026-01-24,Delhi
Veggie Burger,Burger,109.0,109,11881.0,45.0,2026-01-25,Delhi
Veggie Burger,Burger,79.0,157,12403.0,45.0,2026-01-26,Delhi
Veggie Burger,Burger,79.0,143,11297.0,45.0,2026-01-27,Delhi
Veggie Burger,Burger,99.0,82,8118.0,45.0,2026-01-28,Delhi
Veggie Burger,Burger,79.0,106,8374.0,45.0,2026-01-29,Delhi
Veggie Burger,Burger,109.0,102,11118.0,45.0,2026-01-30,Delhi
Veggie Burger,Burger,109.0,114,12426.0,45.0,2026-01-31,Delhi
Veggie Burger,Burger,99.0,137,13563.0,45.0,2026-02-01,Delhi
Veggie Burger,Burger,119.0,75,8925.0,45.0,2026-02-02,Delhi
Veggie Burger,Burger,119.0,84,9996.0,45.0,2026-02-03,Delhi
Veggie Burger,Burger,89.0,90,8010.0,45.0,2026-02-04,Delhi
Veggie Burger,Burger,109.0,79,8611.0,45.0,2026-02-05,Delhi
Veggie Burger,Burger,119.0,85,10115.0,45.0,2026-02-06,Delhi
Veggie Burger,Burger,99.0,96,9504.0,45.0,2026-02-07,Delhi
Veggie Burger,Burger,129.0,124,15996.0,45.0,2026-02-08,Delhi
Veggie Burger,Burger,119.0,79,9401.0,45.0,2026-02-09,Delhi
Veggie Burger,Burger,99.0,74,7326.0,45.0,2026-02-10,Delhi
Veggie Burger,Burger,99.0,79,7821.0,45.0,2026-02-11,Delhi
Veggie Burger,Burger,109.0,68,7412.0,45.0,2026-02-12,Delhi
Veggie Burger,Burger,129.0,68,8772.0,45.0,2026-02-13,Delhi
Veggie Burger,Burger,99.0,106,10494.0,45.0,2026-02-14,Delhi
Veggie Burger,Burger,129.0,94,12126.0,45.0,2026-02-15,Delhi
Veggie Burger,Burger,139.0,49,6811.0,45.0,2026-02-16,Delhi
Veggie Burger,Burger,129.0,69,8901.0,45.0,2026-02-17,Delhi
Veggie Burger,Burger,109.0,78,8502.0,45.0,2026-02-18,Delhi
Veggie Burger,Burger,139.0,47,6533.0,45.0,2026-02-19,Delhi
Veggie Burger,Burger,119.0,49,5831.0,45.0,2026-02-20,Delhi
Veggie Burger,Burger,119.0,88,10472.0,45.0,2026-02-21,Delhi
Veggie Burger,Burger,99.0,129,12771.0,45.0,2026-02-22,Delhi
Veggie Burger,Burger,119.0,50,5950.0,45.0,2026-02-23,Delhi
Veggie Burger,Burger,109.0,102,11118.0,45.0,2026-02-24,Delhi
Veggie Burger,Burger,129.0,53,6837.0,45.0,2026-02-25,Delhi
Veggie Burger,Burger,119.0,58,6902.0,45.0,2026-02-26,Delhi
Veggie Burger,Burger,109.0,85,9265.0,45.0,2026-02-27,Delhi
Veggie Burger,Burger,119.0,157,18683.0,45.0,2026-02-28,Delhi
Veggie Burger,Burger,119.0,100,11900.0,45.0,2026-03-01,Delhi
Veggie Burger,Burger,99.0,86,8514.0,45.0,2026-03-02,Delhi
Veggie Burger,Burger,109.0,107,11663.0,45.0,2026-03-03,Delhi
Veggie Burger,Burger,129.0,65,8385.0,45.0,2026-03-04,Delhi
Veggie Burger,Burger,109.0,106,11554.0,45.0,2026-03-05,Delhi
Veggie Burger,Burger,129.0,64,8256.0,45.0,2026-03-06,Delhi
Veggie Burger,Burger,109.0,99,10791.0,45.0,2026-03-07,Delhi
Veggie Burger,Burger,119.0,102,12138.0,45.0,2026-03-08,Delhi
Veggie Burger,Burger,139.0,67,9313.0,45.0,2026-03-09,Delhi
Veggie Burger,Burger,159.0,52,8268.0,45.0,2026-03-10,Delhi
Veggie Burger,Burger,139.0,38,5282.0,45.0,2026-03-11,Delhi
Veggie Burger,Burger,119.0,68,8092.0,45.0,2026-03-12,Delhi
Veggie Burger,Burger,159.0,41,6519.0,45.0,2026-03-13,Delhi
Veggie Burger,Burger,139.0,77,10703.0,45.0,2026-03-14,Delhi
Veggie Burger,Burger,129.0,110,14190.0,45.0,2026-03-15,Delhi
Veggie Burger,Burger,129.0,67,8643.0,45.0,2026-03-16,Delhi
Veggie Burger,Burger,129.0,67,8643.0,45.0,2026-03-17,Delhi
Veggie Burger,Burger,159.0,43,6837.0,45.0,2026-03-18,Delhi
Veggie Burger,Burger,149.0,47,7003.0,45.0,2026-03-19,Delhi
Veggie Burger,Burger,129.0,75,9675.0,45.0,2026-03-20,Delhi
Veggie Burger,Burger,119.0,109,12971.0,45.0,2026-03-21,Delhi
Veggie Burger,Burger,119.0,113,13447.0,45.0,2026-03-22,Delhi
Veggie Burger,Burger,139.0,45,6255.0,45.0,2026-03-23,Delhi
Veggie Burger,Burger,139.0,61,8479.0,45.0,2026-03-24,Delhi
Veggie Burger,Burger,149.0,54,8046.0,45.0,2026-03-25,Delhi
Veggie Burger,Burger,159.0,48,7632.0,45.0,2026-03-26,Delhi
Veggie Burger,Burger,139.0,77,10703.0,45.0,2026-03-27,Delhi
Veggie Burger,Burger,149.0,65,9685.0,45.0,2026-03-28,Delhi
Veggie Burger,Burger,139.0,79,10981.0,45.0,2026-03-29,Delhi
Veggie Burger,Burger,139.0,64,8896.0,45.0,2026-03-30,Delhi
Veggie Burger,Burger,159.0,41,6519.0,45.0,2026-03-31,Delhi
Veggie Burger,Burger,149.0,81,12069.0,45.0,2026-04-01,Delhi
Veggie Burger,Burger,149.0,41,6109.0,45.0,2026-04-02,Delhi
Veggie Burger,Burger,159.0,44,6996.0,45.0,2026-04-03,Delhi
Veggie Burger,Burger,139.0,80,11120.0,45.0,2026-04-04,Delhi
Veggie Burger,Burger,119.0,115,13685.0,45.0,2026-04-05,Delhi
Veggie Burger,Burger,149.0,61,9089.0,45.0,2026-04-06,Delhi
Veggie Burger,Burger,119.0,73,8687.0,45.0,2026-04-07,Delhi
Veggie Burger,Burger,139.0,55,7645.0,45.0,2026-04-08,Delhi
Veggie Burger,Burger,159.0,47,7473.0,45.0,2026-04-09,Delhi
Veggie Burger,Burger,169.0,45,7605.0,45.0,2026-04-10,Delhi
Veggie Burger,Burger,169.0,61,10309.0,45.0,2026-04-11,Delhi
Veggie Burger,Burger,149.0,91,13559.0,45.0,2026-04-12,Delhi
Veggie Burger,Burger,169.0,56,9464.0,45.0,2026-04-13,Delhi
Veggie Burger,Burger,159.0,46,7314.0,45.0,2026-04-14,Delhi
Veggie Burger,Burger,129.0,78,10062.0,45.0,2026-04-15,Delhi
Veggie Burger,Burger,139.0,72,10008.0,45.0,2026-04-16,Delhi
Veggie Burger,Burger,169.0,55,9295.0,45.0,2026-04-17,Delhi
Veggie Burger,Burger,169.0,57,9633.0,45.0,2026-04-18,Delhi
Veggie Burger,Burger,129.0,98,12642.0,45.0,2026-04-19,Delhi
Veggie Burger,Burger,149.0,57,8493.0,45.0,2026-04-20,Delhi
Veggie Burger,Burger,159.0,51,8109.0,45.0,2026-04-21,Delhi
Veggie Burger,Burger,169.0,44,7436.0,45.0,2026-04-22,Delhi
Veggie Burger,Burger,149.0,52,7748.0,45.0,2026-04-23,Delhi
Veggie Burger,Burger,139.0,54,7506.0,45.0,2026-04-24,Delhi
Veggie Burger,Burger,129.0,112,14448.0,45.0,2026-04-25,Delhi
Veggie Burger,Burger,129.0,81,10449.0,45.0,2026-04-26,Delhi
Veggie Burger,Burger,169.0,48,8112.0,45.0,2026-04-27,Delhi
Veggie Burger,Burger,149.0,62,9238.0,45.0,2026-04-28,Delhi
Veggie Burger,Burger,169.0,41,6929.0,45.0,2026-04-29,Delhi
Veggie Burger,Burger,139.0,57,7923.0,45.0,2026-04-30,Delhi
Veggie Burger,Burger,159.0,68,10812.0,45.0,2026-05-01,Delhi
Veggie Burger,Burger,149.0,99,14751.0,45.0,2026-05-02,Delhi
Veggie Burger,Burger,169.0,103,17407.0,45.0,2026-05-03,Delhi
Veggie Burger,Burger,139.0,106,14734.0,45.0,2026-05-04,Delhi
Veggie Burger,Burger,169.0,87,14703.0,45.0,2026-05-05,Delhi
Veggie Burger,Burger,129.0,78,10062.0,45.0,2026-05-06,Delhi
Veggie Burger,Burger,129.0,82,10578.0,45.0,2026-05-07,Delhi
Veggie Burger,Burger,149.0,68,10132.0,45.0,2026-05-08,Delhi
Veggie Burger,Burger,99.0,185,18315.0,45.0,2026-05-09,Delhi
Veggie Burger,Burger,69.0,297,20493.0,45.0,2026-05-10,Delhi
Veggie Burger,Burger,79.0,180,14220.0,45.0,2026-05-11,Delhi
Veggie Burger,Burger,89.0,132,11748.0,45.0,2026-05-12,Delhi
Veggie Burger,Burger,79.0,190,15010.0,45.0,2026-05-13,Delhi
Veggie Burger,Burger,89.0,108,9612.0,45.0,2026-05-14,Delhi
Veggie Burger,Burger,79.0,192,15168.0,45.0,2026-05-15,Delhi
Veggie Burger,Burger,69.0,300,20700.0,45.0,2026-05-16,Delhi
Veggie Burger,Burger,89.0,192,17088.0,45.0,2026-05-17,Delhi
Veggie Burger,Burger,99.0,129,12771.0,45.0,2026-05-18,Delhi
Veggie Burger,Burger,109.0,90,9810.0,45.0,2026-05-19,Delhi
Veggie Burger,Burger,69.0,248,17112.0,45.0,2026-05-20,Delhi
Veggie Burger,Burger,89.0,125,11125.0,45.0,2026-05-21,Delhi
Veggie Burger,Burger,79.0,133,10507.0,45.0,2026-05-22,Delhi
Veggie Burger,Burger,99.0,142,14058.0,45.0,2026-05-23,Delhi
Veggie Burger,Burger,79.0,280,22120.0,45.0,2026-05-24,Delhi
Veggie Burger,Burger,99.0,134,13266.0,45.0,2026-05-25,Delhi
Veggie Burger,Burger,99.0,99,9801.0,45.0,2026-05-26,Delhi
Veggie Burger,Burger,99.0,174,17226.0,45.0,2026-05-27,Delhi
Veggie Burger,Burger,109.0,101,11009.0,45.0,2026-05-28,Delhi
Veggie Burger,Burger,69.0,170,11730.0,45.0,2026-05-29,Delhi
Veggie Burger,Burger,69.0,279,19251.0,45.0,2026-05-30,Delhi
Veggie Burger,Burger,89.0,218,19402.0,45.0,2026-05-31,Delhi
Veggie Burger,Burger,69.0,235,16215.0,45.0,2026-06-01,Delhi
Veggie Burger,Burger,99.0,130,12870.0,45.0,2026-06-02,Delhi
Veggie Burger,Burger,69.0,228,15732.0,45.0,2026-06-03,Delhi
Veggie Burger,Burger,79.0,146,11534.0,45.0,2026-06-04,Delhi
Veggie Burger,Burger,69.0,162,11178.0,45.0,2026-06-05,Delhi
