datasets/sample_data/sales_sample.csv
Product Name,Category,Price,Units Sold,Revenue,Cost,Date,Region
Veggie Burger,Burger,109.0,82,8938.0,45.0,2025-12-10,Hyderabad
Veggie Burger,Burger,89.0,113,10057.0,45.0,2025-12-11,Hyderabad
Veggie Burger,Burger,89.0,116,10324.0,45.0,2025-12-12,Hyderabad
Veggie Burger,Burger,99.0,160,15840.0,45.0,2025-12-13,Hyderabad
Veggie Burger,Burger,89.0,156,13884.0,45.0,2025-12-14,Hyderabad
Veggie Burger,Burger,79.0,128,10112.0,45.0,2025-12-15,Hyderabad
Veggie Burger,Burger,89.0,128,11392.0,45.0,2025-12-16,Hyderabad
Veggie Burger,Burger,99.0,103,10197.0,45.0,2025-12-17,Hyderabad
Veggie Burger,Burger,99.0,110,10890.0,45.0,2025-12-18,Hyderabad
Veggie Burger,Burger,109.0,86,9374.0,45.0,2025-12-19,Hyderabad
Veggie Burger,Burger,69.0,267,18423.0,45.0,2025-12-20,Hyderabad
Veggie Burger,Burger,69.0,197,13593.0,45.0,2025-12-21,Hyderabad
Veggie Burger,Burger,109.0,90,9810.0,45.0,2025-12-22,Hyderabad
Veggie Burger,Burger,99.0,99,9801.0,45.0,2025-12-23,Hyderabad
Veggie Burger,Burger,109.0,74,8066.0,45.0,2025-12-24,Hyderabad
Veggie Burger,Burger,89.0,119,10591.0,45.0,2025-12-25,Hyderabad
Veggie Burger,Burger,69.0,191,13179.0,45.0,2025-12-26,Hyderabad
Veggie Burger,Burger,89.0,172,15308.0,45.0,2025-12-27,Hyderabad
Veggie Burger,Burger,69.0,230,15870.0,45.0,2025-12-28,Hyderabad
Veggie Burger,Burger,79.0,138,10902.0,45.0,2025-12-29,Hyderabad
Veggie Burger,Burger,79.0,156,12324.0,45.0,2025-12-30,Hyderabad
Veggie Burger,Burger,109.0,108,11772.0,45.0,2025-12-31,Hyderabad
Veggie Burger,Burger,69.0,169,11661.0,45.0,2026-01-01,Hyderabad
Veggie Burger,Burger,79.0,122,9638.0,45.0,2026-01-02,Hyderabad
Veggie Burger,Burger,89.0,188,16732.0,45.0,2026-01-03,Hyderabad
Veggie Burger,Burger,109.0,124,13516.0,45.0,2026-01-04,Hyderabad
Veggie Burger,Burger,99.0,72,7128.0,45.0,2026-01-05,Hyderabad
Veggie Burger,Burger,99.0,86,8514.0,45.0,2026-01-06,Hyderabad
Veggie Burger,Burger,99.0,112,11088.0,45.0,2026-01-07,Hyderabad
Veggie Burger,Burger,89.0,115,10235.0,45.0,2026-01-08,Hyderabad
Veggie Burger,Burger,109.0,80,8720.0,45.0,2026-01-09,Hyderabad
Veggie Burger,Burger,89.0,170,15130.0,45.0,2026-01-10,Hyderabad
Veggie Burger,Burger,89.0,162,14418.0,45.0,2026-01-11,Hyderabad
Veggie Burger,Burger,79.0,121,9559.0,45.0,2026-01-12,Hyderabad
Veggie Burger,Burger,89.0,97,8633.0,45.0,2026-01-13,Hyderabad
Veggie Burger,Burger,79.0,163,12877.0,45.0,2026-01-14,Hyderabad
Veggie Burger,Burger,119.0,86,10234.0,45.0,2026-01-15,Hyderabad
Veggie Burger,Burger,109.0,63,6867.0,45.0,2026-01-16,Hyderabad
Veggie Burger,Burger,119.0,105,12495.0,45.0,2026-01-17,Hyderabad
Veggie Burger,Burger,89.0,162,14418.0,45.0,2026-01-18,Hyderabad
Veggie Burger,Burger,79.0,135,10665.0,45.0,2026-01-19,Hyderabad
Veggie Burger,Burger,79.0,111,8769.0,45.0,2026-01-20,Hyderabad
Veggie Burger,Burger,109.0,74,8066.0,45.0,2026-01-21,Hyderabad
Veggie Burger,Burger,89.0,116,10324.0,45.0,2026-01-22,Hyderabad
Veggie Burger,Burger,99.0,88,8712.0,45.0,2026-01-23,Hyderabad
Veggie Burger,Burger,79.0,139,10981.0,45.0,2026-01-24,Hyderabad
Veggie Burger,Burger,119.0,97,11543.0,45.0,2026-01-25,Hyderabad
Veggie Burger,Burger,99.0,89,8811.0,45.0,2026-01-26,Hyderabad
Veggie Burger,Burger,79.0,105,8295.0,45.0,2026-01-27,Hyderabad
Veggie Burger,Burger,79.0,96,7584.0,45.0,2026-01-28,Hyderabad
Veggie Burger,Burger,99.0,62,6138.0,45.0,2026-01-29,Hyderabad
Veggie Burger,Burger,79.0,101,7979.0,45.0,2026-01-30,Hyderabad
Veggie Burger,Burger,99.0,113,11187.0,45.0,2026-01-31,Hyderabad
Veggie Burger,Burger,119.0,136,16184.0,45.0,2026-02-01,Hyderabad
Veggie Burger,Burger,89.0,104,9256.0,45.0,2026-02-02,Hyderabad
Veggie Burger,Burger,79.0,122,9638.0,45.0,2026-02-03,Hyderabad
Veggie Burger,Burger,99.0,98,9702.0,45.0,2026-02-04,Hyderabad
Veggie Burger,Burger,89.0,128,11392.0,45.0,2026-02-05,Hyderabad
Veggie Burger,Burger,119.0,59,7021.0,45.0,2026-02-06,Hyderabad
Veggie Burger,Burger,119.0,99,11781.0,45.0,2026-02-07,Hyderabad
Veggie Burger,Burger,119.0,79,9401.0,45.0,2026-02-08,Hyderabad
Veggie Burger,Burger,109.0,92,10028.0,45.0,2026-02-09,Hyderabad
Veggie Burger,Burger,139.0,58,8062.0,45.0,2026-02-10,Hyderabad
Veggie Burger,Burger,119.0,68,8092.0,45.0,2026-02-11,Hyderabad
Veggie Burger,Burger,109.0,87,9483.0,45.0,2026-02-12,Hyderabad
Veggie Burger,Burger,139.0,56,7784.0,45.0,2026-02-13,Hyderabad
Veggie Burger,Burger,129.0,68,8772.0,45.0,2026-02-14,Hyderabad
Veggie Burger,Burger,99.0,156,15444.0,45.0,2026-02-15,Hyderabad
Veggie Burger,Burger,99.0,105,10395.0,45.0,2026-02-16,Hyderabad
Veggie Burger,Burger,99.0,101,9999.0,45.0,2026-02-17,Hyderabad
Veggie Burger,Burger,99.0,107,10593.0,45.0,2026-02-18,Hyderabad
Veggie Burger,Burger,129.0,63,8127.0,45.0,2026-02-19,Hyderabad
Veggie Burger,Burger,109.0,93,10137.0,45.0,2026-02-20,Hyderabad
Veggie Burger,Burger,139.0,67,9313.0,45.0,2026-02-21,Hyderabad
Veggie Burger,Burger,109.0,131,14279.0,45.0,2026-02-22,Hyderabad
Veggie Burger,Burger,129.0,72,9288.0,45.0,2026-02-23,Hyderabad
Veggie Burger,Burger,129.0,62,7998.0,45.0,2026-02-24,Hyderabad
Veggie Burger,Burger,99.0,87,8613.0,45.0,2026-02-25,Hyderabad
Veggie Burger,Burger,139.0,60,8340.0,45.0,2026-02-26,Hyderabad
Veggie Burger,Burger,129.0,61,7869.0,45.0,2026-02-27,Hyderabad
Veggie Burger,Burger,129.0,61,7869.0,45.0,2026-02-28,Hyderabad
Veggie Burger,Burger,129.0,83,10707.0,45.0,2026-03-01,Hyderabad
Veggie Burger,Burger,109.0,60,6540.0,45.0,2026-03-02,Hyderabad
Veggie Burger,Burger,119.0,80,9520.0,45.0,2026-03-03,Hyderabad
Veggie Burger,Burger,129.0,73,9417.0,45.0,2026-03-04,Hyderabad
Veggie Burger,Burger,119.0,83,9877.0,45.0,2026-03-05,Hyderabad
Veggie Burger,Burger,99.0,90,8910.0,45.0,2026-03-06,Hyderabad
Veggie Burger,Burger,129.0,88,11352.0,45.0,2026-03-07,Hyderabad
Veggie Burger,Burger,109.0,106,11554.0,45.0,2026-03-08,Hyderabad
Veggie Burger,Burger,99.0,80,7920.0,45.0,2026-03-09,Hyderabad
Veggie Burger,Burger,129.0,58,7482.0,45.0,2026-03-10,Hyderabad
Veggie Burger,Burger,159.0,61,9699.0,45.0,2026-03-11,Hyderabad
Veggie Burger,Burger,119.0,62,7378.0,45.0,2026-03-12,Hyderabad
Veggie Burger,Burger,119.0,67,7973.0,45.0,2026-03-13,Hyderabad
Veggie Burger,Burger,139.0,88,12232.0,45.0,2026-03-14,Hyderabad
Veggie Burger,Burger,149.0,88,13112.0,45.0,2026-03-15,Hyderabad
Veggie Burger,Burger,129.0,68,8772.0,45.0,2026-03-16,Hyderabad
Veggie Burger,Burger,119.0,81,9639.0,45.0,2026-03-17,Hyderabad
Veggie Burger,Burger,149.0,68,10132.0,45.0,2026-03-18,Hyderabad
Veggie Burger,Burger,139.0,81,11259.0,45.0,2026-03-19,Hyderabad
Veggie Burger,Burger,129.0,58,7482.0,45.0,2026-03-20,Hyderabad
Veggie Burger,Burger,129.0,96,12384.0,45.0,2026-03-21,Hyderabad
Veggie Burger,Burger,129.0,117,15093.0,45.0,2026-03-22,Hyderabad
Veggie Burger,Burger,159.0,47,7473.0,45.0,2026-03-23,Hyderabad
Veggie Burger,Burger,129.0,71,9159.0,45.0,2026-03-24,Hyderabad
Veggie Burger,Burger,149.0,55,8195.0,45.0,2026-03-25,Hyderabad
Veggie Burger,Burger,129.0,79,10191.0,45.0,2026-03-26,Hyderabad
Veggie Burger,Burger,159.0,53,8427.0,45.0,2026-03-27,Hyderabad
Veggie Burger,Burger,119.0,126,14994.0,45.0,2026-03-28,Hyderabad
Veggie Burger,Burger,159.0,79,12561.0,45.0,2026-03-29,Hyderabad
Veggie Burger,Burger,119.0,82,9758.0,45.0,2026-03-30,Hyderabad
Veggie Burger,Burger,149.0,48,7152.0,45.0,2026-03-31,Hyderabad
Veggie Burger,Burger,119.0,75,8925.0,45.0,2026-04-01,Hyderabad
Veggie Burger,Burger,119.0,91,10829.0,45.0,2026-04-02,Hyderabad
Veggie Burger,Burger,129.0,62,7998.0,45.0,2026-04-03,Hyderabad
Veggie Burger,Burger,139.0,90,12510.0,45.0,2026-04-04,Hyderabad
Veggie Burger,Burger,119.0,131,15589.0,45.0,2026-04-05,Hyderabad
Veggie Burger,Burger,139.0,65,9035.0,45.0,2026-04-06,Hyderabad
Veggie Burger,Burger,119.0,76,9044.0,45.0,2026-04-07,Hyderabad
Veggie Burger,Burger,159.0,49,7791.0,45.0,2026-04-08,Hyderabad
Veggie Burger,Burger,139.0,47,6533.0,45.0,2026-04-09,Hyderabad
Veggie Burger,Burger,149.0,48,7152.0,45.0,2026-04-10,Hyderabad
Veggie Burger,Burger,139.0,90,12510.0,45.0,2026-04-11,Hyderabad
Veggie Burger,Burger,169.0,50,8450.0,45.0,2026-04-12,Hyderabad
Veggie Burger,Burger,159.0,43,6837.0,45.0,2026-04-13,Hyderabad
Veggie Burger,Burger,159.0,49,7791.0,45.0,2026-04-14,Hyderabad
Veggie Burger,Burger,149.0,65,9685.0,45.0,2026-04-15,Hyderabad
Veggie Burger,Burger,169.0,45,7605.0,45.0,2026-04-16,Hyderabad
Veggie Burger,Burger,169.0,52,8788.0,45.0,2026-04-17,Hyderabad
Veggie Burger,Burger,129.0,113,14577.0,45.0,2026-04-18,Hyderabad
Veggie Burger,Burger,169.0,76,12844.0,45.0,2026-04-19,Hyderabad
Veggie Burger,Burger,139.0,53,7367.0,45.0,2026-04-20,Hyderabad
Veggie Burger,Burger,169.0,57,9633.0,45.0,2026-04-21,Hyderabad
Veggie Burger,Burger,129.0,67,8643.0,45.0,2026-04-22,Hyderabad
Veggie Burger,Burger,129.0,61,7869.0,45.0,2026-04-23,Hyderabad
Veggie Burger,Burger,139.0,51,7089.0,45.0,2026-04-24,Hyderabad
Veggie Burger,Burger,149.0,87,12963.0,45.0,2026-04-25,Hyderabad
Veggie Burger,Burger,139.0,86,11954.0,45.0,2026-04-26,Hyderabad
Veggie Burger,Burger,169.0,54,9126.0,45.0,2026-04-27,Hyderabad
Veggie Burger,Burger,169.0,49,8281.0,45.0,2026-04-28,Hyderabad
Veggie Burger,Burger,129.0,78,10062.0,45.0,2026-04-29,Hyderabad
Veggie Burger,Burger,169.0,39,6591.0,45.0,2026-04-30,Hyderabad
Veggie Burger,Burger,169.0,64,10816.0,45.0,2026-05-01,Hyderabad
Veggie Burger,Burger,139.0,120,16680.0,45.0,2026-05-02,Hyderabad
Veggie Burger,Burger,139.0,111,15429.0,45.0,2026-05-03,Hyderabad
Veggie Burger,Burger,159.0,54,8586.0,45.0,2026-05-04,Hyderabad
Veggie Burger,Burger,169.0,51,8619.0,45.0,2026-05-05,Hyderabad
Veggie Burger,Burger,159.0,60,9540.0,45.0,2026-05-06,Hyderabad
Veggie Burger,Burger,139.0,77,10703.0,45.0,2026-05-07,Hyderabad
Veggie Burger,Burger,169.0,57,9633.0,45.0,2026-05-08,Hyderabad
Veggie Burger,Burger,89.0,182,16198.0,45.0,2026-05-09,Hyderabad
Veggie Burger,Burger,99.0,229,22671.0,45.0,2026-05-10,Hyderabad
Veggie Burger,Burger,69.0,181,12489.0,45.0,2026-05-11,Hyderabad
Veggie Burger,Burger,69.0,176,12144.0,45.0,2026-05-12,Hyderabad
Veggie Burger,Burger,89.0,123,10947.0,45.0,2026-05-13,Hyderabad
Veggie Burger,Burger,99.0,135,13365.0,45.0,2026-05-14,Hyderabad
Veggie Burger,Burger,69.0,207,14283.0,45.0,2026-05-15,Hyderabad
Veggie Burger,Burger,79.0,168,13272.0,45.0,2026-05-16,Hyderabad
Veggie Burger,Burger,109.0,154,16786.0,45.0,2026-05-17,Hyderabad
Veggie Burger,Burger,89.0,153,13617.0,45.0,2026-05-18,Hyderabad
Veggie Burger,Burger,69.0,217,14973.0,45.0,2026-05-19,Hyderabad
Veggie Burger,Burger,99.0,132,13068.0,45.0,2026-05-20,Hyderabad
Veggie Burger,Burger,109.0,97,10573.0,45.0,2026-05-21,Hyderabad
Veggie Burger,Burger,69.0,159,10971.0,45.0,2026-05-22,Hyderabad
Veggie Burger,Burger,109.0,179,19511.0,45.0,2026-05-23,Hyderabad
Veggie Burger,Burger,109.0,160,17440.0,45.0,2026-05-24,Hyderabad
Veggie Burger,Burger,89.0,125,11125.0,45.0,2026-05-25,Hyderabad
Veggie Burger,Burger,69.0,144,9936.0,45.0,2026-05-26,Hyderabad
Veggie Burger,Burger,69.0,210,14490.0,45.0,2026-05-27,Hyderabad
Veggie Burger,Burger,79.0,157,12403.0,45.0,2026-05-28,Hyderabad
Veggie Burger,Burger,79.0,200,15800.0,45.0,2026-05-29,Hyderabad
Veggie Burger,Burger,79.0,217,17143.0,45.0,2026-05-30,Hyderabad
Veggie Burger,Burger,89.0,211,18779.0,45.0,2026-05-31,Hyderabad
Veggie Burger,Burger,69.0,187,12903.0,45.0,2026-06-01,Hyderabad
Veggie Burger,Burger,99.0,131,12969.0,45.0,2026-06-02,Hyderabad
Veggie Burger,Burger,89.0,200,17800.0,45.0,2026-06-03,Hyderabad
Veggie Burger,Burger,79.0,138,10902.0,45.0,2026-06-04,Hyderabad
Veggie Burger,Burger,109.0,128,13952.0,45.0,2026-06-05,Hyderabad
