datasets/sample_data/sales_sample.csv
Product Name,Category,Price,Units Sold,Revenue,Cost,Date,Region
Veggie Burger,Burger,109.0,101,11009.0,45.0,2025-12-10,Pune
Veggie Burger,Burger,109.0,106,11554.0,45.0,2025-12-11,Pune
Veggie Burger,Burger,69.0,189,13041.0,45.0,2025-12-12,Pune
Veggie Burger,Burger,109.0,172,18748.0,45.0,2025-12-13,Pune
Veggie Burger,Burger,79.0,239,18881.0,45.0,2025-12-14,Pune
Veggie Burger,Burger,109.0,100,10900.0,45.0,2025-12-15,Pune
Veggie Burger,Burger,69.0,159,10971.0,45.0,2025-12-16,Pune
Veggie Burger,Burger,109.0,99,10791.0,45.0,2025-12-17,Pune
Veggie Burger,Burger,109.0,99,10791.0,45.0,2025-12-18,Pune
Veggie Burger,Burger,109.0,101,11009.0,45.0,2025-12-19,Pune
Veggie Burger,Burger,69.0,243,16767.0,45.0,2025-12-20,Pune
Veggie Burger,Burger,99.0,191,18909.0,45.0,2025-12-21,Pune
Veggie Burger,Burger,109.0,82,8938.0,45.0,2025-12-22,Pune
Veggie Burger,Burger,109.0,77,8393.0,45.0,2025-12-23,Pune
Veggie Burger,Burger,79.0,161,12719.0,45.0,2025-12-24,Pune
Veggie Burger,Burger,109.0,92,10028.0,45.0,2025-12-25,Pune
Veggie Burger,Burger,89.0,134,11926.0,45.0,2025-12-26,Pune
Veggie Burger,Burger,79.0,232,18328.0,45.0,2025-12-27,Pune
Veggie Burger,Burger,79.0,220,17380.0,45.0,2025-12-28,Pune
Veggie Burger,Burger,109.0,114,12426.0,45.0,2025-12-29,Pune
Veggie Burger,Burger,69.0,205,14145.0,45.0,2025-12-30,Pune
Veggie Burger,Burger,79.0,172,13588.0,45.0,2025-12-31,Pune
Veggie Burger,Burger,89.0,88,7832.0,45.0,2026-01-01,Pune
Veggie Burger,Burger,79.0,128,10112.0,45.0,2026-01-02,Pune
Veggie Burger,Burger,109.0,96,10464.0,45.0,2026-01-03,Pune
Veggie Burger,Burger,99.0,132,13068.0,45.0,2026-01-04,Pune
Veggie Burger,Burger,69.0,173,11937.0,45.0,2026-01-05,Pune
Veggie Burger,Burger,79.0,120,9480.0,45.0,2026-01-06,Pune
Veggie Burger,Burger,99.0,95,9405.0,45.0,2026-01-07,Pune
Veggie Burger,Burger,79.0,69,5451.0,45.0,2026-01-08,Pune
Veggie Burger,Burger,99.0,63,6237.0,45.0,2026-01-09,Pune
Veggie Burger,Burger,119.0,100,11900.0,45.0,2026-01-10,Pune
Veggie Burger,Burger,89.0,168,14952.0,45.0,2026-01-11,Pune
Veggie Burger,Burger,79.0,121,9559.0,45.0,2026-01-12,Pune
Veggie Burger,Burger,119.0,69,8211.0,45.0,2026-01-13,Pune
Veggie Burger,Burger,89.0,109,9701.0,45.0,2026-01-14,Pune
Veggie Burger,Burger,119.0,77,9163.0,45.0,2026-01-15,Pune
Veggie Burger,Burger,79.0,117,9243.0,45.0,2026-01-16,Pune
Veggie Burger,Burger,119.0,99,11781.0,45.0,2026-01-17,Pune
Veggie Burger,Burger,119.0,119,14161.0,45.0,2026-01-18,Pune
Veggie Burger,Burger,79.0,128,10112.0,45.0,2026-01-19,Pune
Veggie Burger,Burger,89.0,107,9523.0,45.0,2026-01-20,Pune
Veggie Burger,Burger,119.0,59,7021.0,45.0,2026-01-21,Pune
Veggie Burger,Burger,99.0,87,8613.0,45.0,2026-01-22,Pune
Veggie Burger,Burger,119.0,86,10234.0,45.0,2026-01-23,Pune
Veggie Burger,Burger,119.0,101,12019.0,45.0,2026-01-24,Pune
Veggie Burger,Burger,119.0,89,10591.0,45.0,2026-01-25,Pune
Veggie Burger,Burger,89.0,89,7921.0,45.0,2026-01-26,Pune
Veggie Burger,Burger,109.0,83,9047.0,45.0,2026-01-27,Pune
Veggie Burger,Burger,99.0,90,8910.0,45.0,2026-01-28,Pune
Veggie Burger,Burger,99.0,81,8019.0,45.0,2026-01-29,Pune
Veggie Burger,Burger,99.0,104,10296.0,45.0,2026-01-30,Pune
Veggie Burger,Burger,99.0,122,12078.0,45.0,2026-01-31,Pune
Veggie Burger,Burger,89.0,131,11659.0,45.0,2026-02-01,Pune
Veggie Burger,Burger,89.0,110,9790.0,45.0,2026-02-02,Pune
Veggie Burger,Burger,79.0,107,8453.0,45.0,2026-02-03,Pune
Veggie Burger,Burger,119.0,78,9282.0,45.0,2026-02-04,Pune
Veggie Burger,Burger,89.0,120,10680.0,45.0,2026-02-05,Pune
Veggie Burger,Burger,79.0,154,12166.0,45.0,2026-02-06,Pune
Veggie Burger,Burger,119.0,97,11543.0,45.0,2026-02-07,Pune
Veggie Burger,Burger,129.0,97,12513.0,45.0,2026-02-08,Pune
Veggie Burger,Burger,129.0,61,7869.0,45.0,2026-02-09,Pune
Veggie Burger,Burger,109.0,93,10137.0,45.0,2026-02-10,Pune
Veggie Burger,Burger,139.0,64,8896.0,45.0,2026-02-11,Pune
Veggie Burger,Burger,129.0,73,9417.0,45.0,2026-02-12,Pune
Veggie Burger,Burger,119.0,74,8806.0,45.0,2026-02-13,Pune
Veggie Burger,Burger,109.0,98,10682.0,45.0,2026-02-14,Pune
Veggie Burger,Burger,139.0,82,11398.0,45.0,2026-02-15,Pune
Veggie Burger,Burger,129.0,75,9675.0,45.0,2026-02-16,Pune
Veggie Burger,Burger,119.0,84,9996.0,45.0,2026-02-17,Pune
Veggie Burger,Burger,119.0,83,9877.0,45.0,2026-02-18,Pune
Veggie Burger,Burger,129.0,65,8385.0,45.0,2026-02-19,Pune
Veggie Burger,Burger,109.0,98,10682.0,45.0,2026-02-20,Pune
Veggie Burger,Burger,119.0,86,10234.0,45.0,2026-02-21,Pune
Veggie Burger,Burger,99.0,129,12771.0,45.0,2026-02-22,Pune
Veggie Burger,Burger,109.0,93,10137.0,45.0,2026-02-23,Pune
Veggie Burger,Burger,109.0,81,8829.0,45.0,2026-02-24,Pune
Veggie Burger,Burger,139.0,62,8618.0,45.0,2026-02-25,Pune
Veggie Burger,Burger,129.0,83,10707.0,45.0,2026-02-26,Pune
Veggie Burger,Burger,119.0,79,9401.0,45.0,2026-02-27,Pune
Veggie Burger,Burger,99.0,157,15543.0,45.0,2026-02-28,Pune
Veggie Burger,Burger,99.0,155,15345.0,45.0,2026-03-01,Pune
Veggie Burger,Burger,109.0,86,9374.0,45.0,2026-03-02,Pune
Veggie Burger,Burger,99.0,75,7425.0,45.0,2026-03-03,Pune
Veggie Burger,Burger,129.0,68,8772.0,45.0,2026-03-04,Pune
Veggie Burger,Burger,99.0,102,10098.0,45.0,2026-03-05,Pune
Veggie Burger,Burger,119.0,61,7259.0,45.0,2026-03-06,Pune
Veggie Burger,Burger,119.0,86,10234.0,45.0,2026-03-07,Pune
Veggie Burger,Burger,129.0,116,14964.0,45.0,2026-03-08,Pune
Veggie Burger,Burger,139.0,68,9452.0,45.0,2026-03-09,Pune
Veggie Burger,Burger,149.0,50,7450.0,45.0,2026-03-10,Pune
Veggie Burger,Burger,149.0,59,8791.0,45.0,2026-03-11,Pune
Veggie Burger,Burger,129.0,76,9804.0,45.0,2026-03-12,Pune
Veggie Burger,Burger,129.0,87,11223.0,45.0,2026-03-13,Pune
Veggie Burger,Burger,139.0,88,12232.0,45.0,2026-03-14,Pune
Veggie Burger,Burger,149.0,65,9685.0,45.0,2026-03-15,Pune
Veggie Burger,Burger,159.0,43,6837.0,45.0,2026-03-16,Pune
Veggie Burger,Burger,149.0,52,7748.0,45.0,2026-03-17,Pune
Veggie Burger,Burger,149.0,59,8791.0,45.0,2026-03-18,Pune
Veggie Burger,Burger,149.0,67,9983.0,45.0,2026-03-19,Pune
Veggie Burger,Burger,159.0,49,7791.0,45.0,2026-03-20,Pune
Veggie Burger,Burger,159.0,60,9540.0,45.0,2026-03-21,Pune
Veggie Burger,Burger,159.0,73,11607.0,45.0,2026-03-22,Pune
Veggie Burger,Burger,149.0,61,9089.0,45.0,2026-03-23,Pune
Veggie Burger,Burger,129.0,68,8772.0,45.0,2026-03-24,Pune
Veggie Burger,Burger,139.0,64,8896.0,45.0,2026-03-25,Pune
Veggie Burger,Burger,149.0,44,6556.0,45.0,2026-03-26,Pune
Veggie Burger,Burger,149.0,65,9685.0,45.0,2026-03-27,Pune
Veggie Burger,Burger,149.0,72,10728.0,45.0,2026-03-28,Pune
Veggie Burger,Burger,149.0,97,14453.0,45.0,2026-03-29,Pune
Veggie Burger,Burger,139.0,76,10564.0,45.0,2026-03-30,Pune
Veggie Burger,Burger,159.0,54,8586.0,45.0,2026-03-31,Pune
Veggie Burger,Burger,159.0,55,8745.0,45.0,2026-04-01,Pune
Veggie Burger,Burger,159.0,50,7950.0,45.0,2026-04-02,Pune
Veggie Burger,Burger,149.0,56,8344.0,45.0,2026-04-03,Pune
Veggie Burger,Burger,149.0,70,10430.0,45.0,2026-04-04,Pune
Veggie Burger,Burger,149.0,52,7748.0,45.0,2026-04-05,Pune
Veggie Burger,Burger,129.0,69,8901.0,45.0,2026-04-06,Pune
Veggie Burger,Burger,119.0,82,9758.0,45.0,2026-04-07,Pune
Veggie Burger,Burger,119.0,61,7259.0,45.0,2026-04-08,Pune
Veggie Burger,Burger,129.0,74,9546.0,45.0,2026-04-09,Pune
Veggie Burger,Burger,169.0,50,8450.0,45.0,2026-04-10,Pune
Veggie Burger,Burger,139.0,95,13205.0,45.0,2026-04-11,Pune
Veggie Burger,Burger,159.0,67,10653.0,45.0,2026-04-12,Pune
Veggie Burger,Burger,169.0,51,8619.0,45.0,2026-04-13,Pune
Veggie Burger,Burger,159.0,56,8904.0,45.0,2026-04-14,Pune
Veggie Burger,Burger,159.0,45,7155.0,45.0,2026-04-15,Pune
Veggie Burger,Burger,169.0,41,6929.0,45.0,2026-04-16,Pune
Veggie Burger,Burger,129.0,83,10707.0,45.0,2026-04-17,Pune
Veggie Burger,Burger,169.0,62,10478.0,45.0,2026-04-18,Pune
Veggie Burger,Burger,169.0,84,14196.0,45.0,2026-04-19,Pune
Veggie Burger,Burger,139.0,68,9452.0,45.0,2026-04-20,Pune
Veggie Burger,Burger,129.0,78,10062.0,45.0,2026-04-21,Pune
Veggie Burger,Burger,159.0,40,6360.0,45.0,2026-04-22,Pune
Veggie Burger,Burger,169.0,50,8450.0,45.0,2026-04-23,Pune
Veggie Burger,Burger,149.0,62,9238.0,45.0,2026-04-24,Pune
Veggie Burger,Burger,129.0,95,12255.0,45.0,2026-04-25,Pune
Veggie Burger,Burger,159.0,82,13038.0,45.0,2026-04-26,Pune
Veggie Burger,Burger,159.0,67,10653.0,45.0,2026-04-27,Pune
Veggie Burger,Burger,169.0,44,7436.0,45.0,2026-04-28,Pune
Veggie Burger,Burger,159.0,54,8586.0,45.0,2026-04-29,Pune
Veggie Burger,Burger,129.0,88,11352.0,45.0,2026-04-30,Pune
Veggie Burger,Burger,159.0,69,10971.0,45.0,2026-05-01,Pune
Veggie Burger,Burger,139.0,123,17097.0,45.0,2026-05-02,Pune
Veggie Burger,Burger,129.0,119,15351.0,45.0,2026-05-03,Pune
Veggie Burger,Burger,159.0,80,12720.0,45.0,2026-05-04,Pune
Veggie Burger,Burger,129.0,99,12771.0,45.0,2026-05-05,Pune
Veggie Burger,Burger,169.0,54,9126.0,45.0,2026-05-06,Pune
Veggie Burger,Burger,139.0,101,14039.0,45.0,2026-05-07,Pune
Veggie Burger,Burger,159.0,62,9858.0,45.0,2026-05-08,Pune
Veggie Burger,Burger,69.0,189,13041.0,45.0,2026-05-09,Pune
Veggie Burger,Burger,109.0,134,14606.0,45.0,2026-05-10,Pune
Veggie Burger,Burger,89.0,137,12193.0,45.0,2026-05-11,Pune
Veggie Burger,Burger,79.0,154,12166.0,45.0,2026-05-12,Pune
Veggie Burger,Burger,109.0,111,12099.0,45.0,2026-05-13,Pune
Veggie Burger,Burger,69.0,194,13386.0,45.0,2026-05-14,Pune
Veggie Burger,Burger,69.0,212,14628.0,45.0,2026-05-15,Pune
Veggie Burger,Burger,109.0,179,19511.0,45.0,2026-05-16,Pune
Veggie Burger,Burger,79.0,169,13351.0,45.0,2026-05-17,Pune
Veggie Burger,Burger,79.0,145,11455.0,45.0,2026-05-18,Pune
Veggie Burger,Burger,99.0,121,11979.0,45.0,2026-05-19,Pune
Veggie Burger,Burger,109.0,98,10682.0,45.0,2026-05-20,Pune
Veggie Burger,Burger,99.0,117,11583.0,45.0,2026-05-21,Pune
Veggie Burger,Burger,99.0,160,15840.0,45.0,2026-05-22,Pune
Veggie Burger,Burger,69.0,279,19251.0,45.0,2026-05-23,Pune
Veggie Burger,Burger,79.0,270,21330.0,45.0,2026-05-24,Pune
Veggie Burger,Burger,79.0,185,14615.0,45.0,2026-05-25,Pune
Veggie Burger,Burger,89.0,134,11926.0,45.0,2026-05-26,Pune
Veggie Burger,Burger,109.0,108,11772.0,45.0,2026-05-27,Pune
Veggie Burger,Burger,99.0,133,13167.0,45.0,2026-05-28,Pune
Veggie Burger,Burger,79.0,157,12403.0,45.0,2026-05-29,Pune
Veggie Burger,Burger,69.0,220,15180.0,45.0,2026-05-30,Pune
Veggie Burger,Burger,109.0,148,16132.0,45.0,2026-05-31,Pune
Veggie Burger,Burger,69.0,221,15249.0,45.0,2026-06-01,Pune
Veggie Burger,Burger,69.0,212,14628.0,45.0,2026-06-02,Pune
Veggie Burger,Burger,89.0,136,12104.0,45.0,2026-06-03,Pune
Veggie Burger,Burger,69.0,229,15801.0,45.0,2026-06-04,Pune
Veggie Burger,Burger,109.0,127,13843.0,45.0,2026-06-05,Pune
