datasets/sample_data/sales_sample.csv
Product Name,Category,Price,Units Sold,Revenue,Cost,Date,Region
Hakka Noodles,Chinese,109.0,71,7739.0,60.0,2025-12-10,Chennai
Hakka Noodles,Chinese,119.0,86,10234.0,60.0,2025-12-11,Chennai
Hakka Noodles,Chinese,119.0,76,9044.0,60.0,2025-12-12,Chennai
Hakka Noodles,Chinese,129.0,77,9933.0,60.0,2025-12-13,Chennai
Hakka Noodles,Chinese,109.0,139,15151.0,60.0,2025-12-14,Chennai
Hakka Noodles,Chinese,119.0,75,8925.0,60.0,2025-12-15,Chennai
Hakka Noodles,Chinese,119.0,99,11781.0,60.0,2025-12-16,Chennai
Hakka Noodles,Chinese,139.0,77,10703.0,60.0,2025-12-17,Chennai
Hakka Noodles,Chinese,149.0,70,10430.0,60.0,2025-12-18,Chennai
Hakka Noodles,Chinese,109.0,86,9374.0,60.0,2025-12-19,Chennai
Hakka Noodles,Chinese,109.0,146,15914.0,60.0,2025-12-20,Chennai
Hakka Noodles,Chinese,109.0,125,13625.0,60.0,2025-12-21,Chennai
Hakka Noodles,Chinese,109.0,82,8938.0,60.0,2025-12-22,Chennai
Hakka Noodles,Chinese,109.0,75,8175.0,60.0,2025-12-23,Chennai
Hakka Noodles,Chinese,139.0,57,7923.0,60.0,2025-12-24,Chennai
Hakka Noodles,Chinese,139.0,67,9313.0,60.0,2025-12-25,Chennai
Hakka Noodles,Chinese,129.0,80,10320.0,60.0,2025-12-26,Chennai
Hakka Noodles,Chinese,139.0,63,8757.0,60.0,2025-12-27,Chennai
Hakka Noodles,Chinese,129.0,96,12384.0,60.0,2025-12-28,Chennai
Hakka Noodles,Chinese,129.0,62,7998.0,60.0,2025-12-29,Chennai
Hakka Noodles,Chinese,119.0,95,11305.0,60.0,2025-12-30,Chennai
Hakka Noodles,Chinese,119.0,83,9877.0,60.0,2025-12-31,Chennai
Hakka Noodles,Chinese,139.0,49,6811.0,60.0,2026-01-01,Chennai
Hakka Noodles,Chinese,129.0,57,7353.0,60.0,2026-01-02,Chennai
Hakka Noodles,Chinese,149.0,58,8642.0,60.0,2026-01-03,Chennai
Hakka Noodles,Chinese,139.0,68,9452.0,60.0,2026-01-04,Chennai
Hakka Noodles,Chinese,119.0,60,7140.0,60.0,2026-01-05,Chennai
Hakka Noodles,Chinese,149.0,49,7301.0,60.0,2026-01-06,Chennai
Hakka Noodles,Chinese,139.0,51,7089.0,60.0,2026-01-07,Chennai
Hakka Noodles,Chinese,109.0,78,8502.0,60.0,2026-01-08,Chennai
Hakka Noodles,Chinese,129.0,63,8127.0,60.0,2026-01-09,Chennai
Hakka Noodles,Chinese,149.0,61,9089.0,60.0,2026-01-10,Chennai
Hakka Noodles,Chinese,159.0,71,11289.0,60.0,2026-01-11,Chennai
Hakka Noodles,Chinese,139.0,46,6394.0,60.0,2026-01-12,Chennai
Hakka Noodles,Chinese,129.0,51,6579.0,60.0,2026-01-13,Chennai
Hakka Noodles,Chinese,159.0,46,7314.0,60.0,2026-01-14,Chennai
Hakka Noodles,Chinese,169.0,41,6929.0,60.0,2026-01-15,Chennai
Hakka Noodles,Chinese,149.0,39,5811.0,60.0,2026-01-16,Chennai
Hakka Noodles,Chinese,169.0,66,11154.0,60.0,2026-01-17,Chennai
Hakka Noodles,Chinese,129.0,76,9804.0,60.0,2026-01-18,Chennai
Hakka Noodles,Chinese,159.0,53,8427.0,60.0,2026-01-19,Chennai
Hakka Noodles,Chinese,159.0,55,8745.0,60.0,2026-01-20,Chennai
Hakka Noodles,Chinese,169.0,43,7267.0,60.0,2026-01-21,Chennai
Hakka Noodles,Chinese,169.0,42,7098.0,60.0,2026-01-22,Chennai
Hakka Noodles,Chinese,139.0,47,6533.0,60.0,2026-01-23,Chennai
Hakka Noodles,Chinese,169.0,73,12337.0,60.0,2026-01-24,Chennai
Hakka Noodles,Chinese,159.0,80,12720.0,60.0,2026-01-25,Chennai
Hakka Noodles,Chinese,129.0,66,8514.0,60.0,2026-01-26,Chennai
Hakka Noodles,Chinese,169.0,48,8112.0,60.0,2026-01-27,Chennai
Hakka Noodles,Chinese,139.0,40,5560.0,60.0,2026-01-28,Chennai
Hakka Noodles,Chinese,129.0,55,7095.0,60.0,2026-01-29,Chennai
Hakka Noodles,Chinese,169.0,48,8112.0,60.0,2026-01-30,Chennai
Hakka Noodles,Chinese,139.0,75,10425.0,60.0,2026-01-31,Chennai
Hakka Noodles,Chinese,129.0,51,6579.0,60.0,2026-02-01,Chennai
Hakka Noodles,Chinese,159.0,49,7791.0,60.0,2026-02-02,Chennai
Hakka Noodles,Chinese,129.0,55,7095.0,60.0,2026-02-03,Chennai
Hakka Noodles,Chinese,169.0,49,8281.0,60.0,2026-02-04,Chennai
Hakka Noodles,Chinese,169.0,48,8112.0,60.0,2026-02-05,Chennai
Hakka Noodles,Chinese,139.0,45,6255.0,60.0,2026-02-06,Chennai
Hakka Noodles,Chinese,169.0,58,9802.0,60.0,2026-02-07,Chennai
Hakka Noodles,Chinese,149.0,92,13708.0,60.0,2026-02-08,Chennai
Hakka Noodles,Chinese,159.0,42,6678.0,60.0,2026-02-09,Chennai
Hakka Noodles,Chinese,149.0,48,7152.0,60.0,2026-02-10,Chennai
Hakka Noodles,Chinese,179.0,45,8055.0,60.0,2026-02-11,Chennai
Hakka Noodles,Chinese,159.0,49,7791.0,60.0,2026-02-12,Chennai
Hakka Noodles,Chinese,169.0,31,5239.0,60.0,2026-02-13,Chennai
Hakka Noodles,Chinese,179.0,53,9487.0,60.0,2026-02-14,Chennai
Hakka Noodles,Chinese,149.0,77,11473.0,60.0,2026-02-15,Chennai
Hakka Noodles,Chinese,179.0,35,6265.0,60.0,2026-02-16,Chennai
Hakka Noodles,Chinese,169.0,41,6929.0,60.0,2026-02-17,Chennai
Hakka Noodles,Chinese,169.0,35,5915.0,60.0,2026-02-18,Chennai
Hakka Noodles,Chinese,139.0,74,10286.0,60.0,2026-02-19,Chennai
Hakka Noodles,Chinese,179.0,44,7876.0,60.0,2026-02-20,Chennai
Hakka Noodles,Chinese,139.0,67,9313.0,60.0,2026-02-21,Chennai
Hakka Noodles,Chinese,169.0,59,9971.0,60.0,2026-02-22,Chennai
Hakka Noodles,Chinese,139.0,49,6811.0,60.0,2026-02-23,Chennai
Hakka Noodles,Chinese,169.0,43,7267.0,60.0,2026-02-24,Chennai
Hakka Noodles,Chinese,149.0,54,8046.0,60.0,2026-02-25,Chennai
Hakka Noodles,Chinese,159.0,55,8745.0,60.0,2026-02-26,Chennai
Hakka Noodles,Chinese,139.0,45,6255.0,60.0,2026-02-27,Chennai
Hakka Noodles,Chinese,139.0,68,9452.0,60.0,2026-02-28,Chennai
Hakka Noodles,Chinese,169.0,71,11999.0,60.0,2026-03-01,Chennai
Hakka Noodles,Chinese,159.0,33,5247.0,60.0,2026-03-02,Chennai
Hakka Noodles,Chinese,149.0,53,7897.0,60.0,2026-03-03,Chennai
Hakka Noodles,Chinese,169.0,40,6760.0,60.0,2026-03-04,Chennai
Hakka Noodles,Chinese,169.0,45,7605.0,60.0,2026-03-05,Chennai
Hakka Noodles,Chinese,149.0,53,7897.0,60.0,2026-03-06,Chennai
Hakka Noodles,Chinese,159.0,70,11130.0,60.0,2026-03-07,Chennai
Hakka Noodles,Chinese,139.0,64,8896.0,60.0,2026-03-08,Chennai
Hakka Noodles,Chinese,149.0,60,8940.0,60.0,2026-03-09,Chennai
Hakka Noodles,Chinese,179.0,48,8592.0,60.0,2026-03-10,Chennai
Hakka Noodles,Chinese,189.0,32,6048.0,60.0,2026-03-11,Chennai
Hakka Noodles,Chinese,159.0,53,8427.0,60.0,2026-03-12,Chennai
Hakka Noodles,Chinese,199.0,34,6766.0,60.0,2026-03-13,Chennai
Hakka Noodles,Chinese,159.0,64,10176.0,60.0,2026-03-14,Chennai
Hakka Noodles,Chinese,159.0,55,8745.0,60.0,2026-03-15,Chennai
Hakka Noodles,Chinese,159.0,42,6678.0,60.0,2026-03-16,Chennai
Hakka Noodles,Chinese,189.0,46,8694.0,60.0,2026-03-17,Chennai
Hakka Noodles,Chinese,189.0,43,8127.0,60.0,2026-03-18,Chennai
Hakka Noodles,Chinese,199.0,47,9353.0,60.0,2026-03-19,Chennai
Hakka Noodles,Chinese,179.0,49,8771.0,60.0,2026-03-20,Chennai
Hakka Noodles,Chinese,169.0,60,10140.0,60.0,2026-03-21,Chennai
Hakka Noodles,Chinese,179.0,65,11635.0,60.0,2026-03-22,Chennai
Hakka Noodles,Chinese,159.0,51,8109.0,60.0,2026-03-23,Chennai
Hakka Noodles,Chinese,189.0,34,6426.0,60.0,2026-03-24,Chennai
Hakka Noodles,Chinese,159.0,40,6360.0,60.0,2026-03-25,Chennai
Hakka Noodles,Chinese,179.0,35,6265.0,60.0,2026-03-26,Chennai
Hakka Noodles,Chinese,159.0,37,5883.0,60.0,2026-03-27,Chennai
Hakka Noodles,Chinese,179.0,66,11814.0,60.0,2026-03-28,Chennai
Hakka Noodles,Chinese,169.0,58,9802.0,60.0,2026-03-29,Chennai
Hakka Noodles,Chinese,159.0,51,8109.0,60.0,2026-03-30,Chennai
Hakka Noodles,Chinese,159.0,47,7473.0,60.0,2026-03-31,Chennai
Hakka Noodles,Chinese,199.0,33,6567.0,60.0,2026-04-01,Chennai
Hakka Noodles,Chinese,199.0,42,8358.0,60.0,2026-04-02,Chennai
Hakka Noodles,Chinese,159.0,54,8586.0,60.0,2026-04-03,Chennai
Hakka Noodles,Chinese,199.0,45,8955.0,60.0,2026-04-04,Chennai
Hakka Noodles,Chinese,189.0,37,6993.0,60.0,2026-04-05,Chennai
Hakka Noodles,Chinese,159.0,36,5724.0,60.0,2026-04-06,Chennai
Hakka Noodles,Chinese,169.0,47,7943.0,60.0,2026-04-07,Chennai
Hakka Noodles,Chinese,169.0,38,6422.0,60.0,2026-04-08,Chennai
Hakka Noodles,Chinese,209.0,24,5016.0,60.0,2026-04-09,Chennai
Hakka Noodles,Chinese,219.0,39,8541.0,60.0,2026-04-10,Chennai
Hakka Noodles,Chinese,179.0,51,9129.0,60.0,2026-04-11,Chennai
Hakka Noodles,Chinese,209.0,45,9405.0,60.0,2026-04-12,Chennai
Hakka Noodles,Chinese,199.0,33,6567.0,60.0,2026-04-13,Chennai
Hakka Noodles,Chinese,199.0,40,7960.0,60.0,2026-04-14,Chennai
Hakka Noodles,Chinese,189.0,39,7371.0,60.0,2026-04-15,Chennai
Hakka Noodles,Chinese,209.0,32,6688.0,60.0,2026-04-16,Chennai
Hakka Noodles,Chinese,179.0,38,6802.0,60.0,2026-04-17,Chennai
Hakka Noodles,Chinese,179.0,52,9308.0,60.0,2026-04-18,Chennai
Hakka Noodles,Chinese,209.0,53,11077.0,60.0,2026-04-19,Chennai
Hakka Noodles,Chinese,179.0,44,7876.0,60.0,2026-04-20,Chennai
Hakka Noodles,Chinese,189.0,40,7560.0,60.0,2026-04-21,Chennai
Hakka Noodles,Chinese,199.0,34,6766.0,60.0,2026-04-22,Chennai
Hakka Noodles,Chinese,199.0,42,8358.0,60.0,2026-04-23,Chennai
Hakka Noodles,Chinese,219.0,31,6789.0,60.0,2026-04-24,Chennai
Hakka Noodles,Chinese,189.0,43,8127.0,60.0,2026-04-25,Chennai
Hakka Noodles,Chinese,219.0,51,11169.0,60.0,2026-04-26,Chennai
Hakka Noodles,Chinese,199.0,37,7363.0,60.0,2026-04-27,Chennai
Hakka Noodles,Chinese,209.0,35,7315.0,60.0,2026-04-28,Chennai
Hakka Noodles,Chinese,209.0,35,7315.0,60.0,2026-04-29,Chennai
Hakka Noodles,Chinese,179.0,42,7518.0,60.0,2026-04-30,Chennai
Hakka Noodles,Chinese,189.0,54,10206.0,60.0,2026-05-01,Chennai
Hakka Noodles,Chinese,209.0,56,11704.0,60.0,2026-05-02,Chennai
Hakka Noodles,Chinese,219.0,64,14016.0,60.0,2026-05-03,Chennai
Hakka Noodles,Chinese,189.0,53,10017.0,60.0,2026-05-04,Chennai
Hakka Noodles,Chinese,209.0,43,8987.0,60.0,2026-05-05,Chennai
Hakka Noodles,Chinese,199.0,46,9154.0,60.0,2026-05-06,Chennai
Hakka Noodles,Chinese,209.0,44,9196.0,60.0,2026-05-07,Chennai
Hakka Noodles,Chinese,189.0,44,8316.0,60.0,2026-05-08,Chennai
Hakka Noodles,Chinese,139.0,88,12232.0,60.0,2026-05-09,Chennai
Hakka Noodles,Chinese,139.0,119,16541.0,60.0,2026-05-10,Chennai
Hakka Noodles,Chinese,139.0,68,9452.0,60.0,2026-05-11,Chennai
Hakka Noodles,Chinese,109.0,110,11990.0,60.0,2026-05-12,Chennai
Hakka Noodles,Chinese,129.0,71,9159.0,60.0,2026-05-13,Chennai
Hakka Noodles,Chinese,149.0,68,10132.0,60.0,2026-05-14,Chennai
Hakka Noodles,Chinese,149.0,59,8791.0,60.0,2026-05-15,Chennai
Hakka Noodles,Chinese,139.0,133,18487.0,60.0,2026-05-16,Chennai
Hakka Noodles,Chinese,149.0,111,16539.0,60.0,2026-05-17,Chennai
Hakka Noodles,Chinese,119.0,86,10234.0,60.0,2026-05-18,Chennai
Hakka Noodles,Chinese,109.0,95,10355.0,60.0,2026-05-19,Chennai
Hakka Noodles,Chinese,139.0,46,6394.0,60.0,2026-05-20,Chennai
Hakka Noodles,Chinese,149.0,70,10430.0,60.0,2026-05-21,Chennai
Hakka Noodles,Chinese,149.0,60,8940.0,60.0,2026-05-22,Chennai
Hakka Noodles,Chinese,109.0,139,15151.0,60.0,2026-05-23,Chennai
Hakka Noodles,Chinese,139.0,98,13622.0,60.0,2026-05-24,Chennai
Hakka Noodles,Chinese,119.0,98,11662.0,60.0,2026-05-25,Chennai
Hakka Noodles,Chinese,139.0,55,7645.0,60.0,2026-05-26,Chennai
Hakka Noodles,Chinese,139.0,64,8896.0,60.0,2026-05-27,Chennai
Hakka Noodles,Chinese,109.0,79,8611.0,60.0,2026-05-28,Chennai
Hakka Noodles,Chinese,109.0,96,10464.0,60.0,2026-05-29,Chennai
Hakka Noodles,Chinese,149.0,95,14155.0,60.0,2026-05-30,Chennai
Hakka Noodles,Chinese,139.0,122,16958.0,60.0,2026-05-31,Chennai
Hakka Noodles,Chinese,139.0,79,10981.0,60.0,2026-06-01,Chennai
Hakka Noodles,Chinese,119.0,99,11781.0,60.0,2026-06-02,Chennai
Hakka Noodles,Chinese,109.0,110,11990.0,60.0,2026-06-03,Chennai
Hakka Noodles,Chinese,139.0,51,7089.0,60.0,2026-06-04,Chennai
Hakka Noodles,Chinese,149.0,48,7152.0,60.0,2026-06-05,Chennai
