datasets/sample_data/sales_sample.csv
Product Name,Category,Price,Units Sold,Revenue,Cost,Date,Region
Hakka Noodles,Chinese,149.0,46,6854.0,60.0,2025-12-10,Bangalore
Hakka Noodles,Chinese,109.0,93,10137.0,60.0,2025-12-11,Bangalore
Hakka Noodles,Chinese,149.0,67,9983.0,60.0,2025-12-12,Bangalore
Hakka Noodles,Chinese,149.0,71,10579.0,60.0,2025-12-13,Bangalore
Hakka Noodles,Chinese,119.0,94,11186.0,60.0,2025-12-14,Bangalore
Hakka Noodles,Chinese,109.0,68,7412.0,60.0,2025-12-15,Bangalore
Hakka Noodles,Chinese,119.0,82,9758.0,60.0,2025-12-16,Bangalore
Hakka Noodles,Chinese,119.0,59,7021.0,60.0,2025-12-17,Bangalore
Hakka Noodles,Chinese,149.0,53,7897.0,60.0,2025-12-18,Bangalore
Hakka Noodles,Chinese,149.0,54,8046.0,60.0,2025-12-19,Bangalore
Hakka Noodles,Chinese,119.0,88,10472.0,60.0,2025-12-20,Bangalore
Hakka Noodles,Chinese,139.0,81,11259.0,60.0,2025-12-21,Bangalore
Hakka Noodles,Chinese,139.0,72,10008.0,60.0,2025-12-22,Bangalore
Hakka Noodles,Chinese,129.0,58,7482.0,60.0,2025-12-23,Bangalore
Hakka Noodles,Chinese,139.0,69,9591.0,60.0,2025-12-24,Bangalore
Hakka Noodles,Chinese,119.0,71,8449.0,60.0,2025-12-25,Bangalore
Hakka Noodles,Chinese,139.0,59,8201.0,60.0,2025-12-26,Bangalore
Hakka Noodles,Chinese,129.0,113,14577.0,60.0,2025-12-27,Bangalore
Hakka Noodles,Chinese,109.0,147,16023.0,60.0,2025-12-28,Bangalore
Hakka Noodles,Chinese,149.0,47,7003.0,60.0,2025-12-29,Bangalore
Hakka Noodles,Chinese,139.0,74,10286.0,60.0,2025-12-30,Bangalore
Hakka Noodles,Chinese,119.0,58,6902.0,60.0,2025-12-31,Bangalore
Hakka Noodles,Chinese,109.0,62,6758.0,60.0,2026-01-01,Bangalore
Hakka Noodles,Chinese,109.0,91,9919.0,60.0,2026-01-02,Bangalore
Hakka Noodles,Chinese,129.0,85,10965.0,60.0,2026-01-03,Bangalore
Hakka Noodles,Chinese,109.0,99,10791.0,60.0,2026-01-04,Bangalore
Hakka Noodles,Chinese,129.0,64,8256.0,60.0,2026-01-05,Bangalore
Hakka Noodles,Chinese,149.0,33,4917.0,60.0,2026-01-06,Bangalore
Hakka Noodles,Chinese,119.0,62,7378.0,60.0,2026-01-07,Bangalore
Hakka Noodles,Chinese,139.0,38,5282.0,60.0,2026-01-08,Bangalore
Hakka Noodles,Chinese,159.0,46,7314.0,60.0,2026-01-09,Bangalore
Hakka Noodles,Chinese,139.0,78,10842.0,60.0,2026-01-10,Bangalore
Hakka Noodles,Chinese,169.0,62,10478.0,60.0,2026-01-11,Bangalore
Hakka Noodles,Chinese,169.0,37,6253.0,60.0,2026-01-12,Bangalore
Hakka Noodles,Chinese,129.0,47,6063.0,60.0,2026-01-13,Bangalore
Hakka Noodles,Chinese,169.0,39,6591.0,60.0,2026-01-14,Bangalore
Hakka Noodles,Chinese,149.0,38,5662.0,60.0,2026-01-15,Bangalore
Hakka Noodles,Chinese,139.0,38,5282.0,60.0,2026-01-16,Bangalore
Hakka Noodles,Chinese,129.0,92,11868.0,60.0,2026-01-17,Bangalore
Hakka Noodles,Chinese,129.0,71,9159.0,60.0,2026-01-18,Bangalore
Hakka Noodles,Chinese,159.0,49,7791.0,60.0,2026-01-19,Bangalore
Hakka Noodles,Chinese,169.0,54,9126.0,60.0,2026-01-20,Bangalore
Hakka Noodles,Chinese,149.0,35,5215.0,60.0,2026-01-21,Bangalore
Hakka Noodles,Chinese,159.0,48,7632.0,60.0,2026-01-22,Bangalore
Hakka Noodles,Chinese,149.0,42,6258.0,60.0,2026-01-23,Bangalore
Hakka Noodles,Chinese,169.0,47,7943.0,60.0,2026-01-24,Bangalore
Hakka Noodles,Chinese,139.0,71,9869.0,60.0,2026-01-25,Bangalore
Hakka Noodles,Chinese,149.0,47,7003.0,60.0,2026-01-26,Bangalore
Hakka Noodles,Chinese,169.0,45,7605.0,60.0,2026-01-27,Bangalore
Hakka Noodles,Chinese,129.0,63,8127.0,60.0,2026-01-28,Bangalore
Hakka Noodles,Chinese,149.0,41,6109.0,60.0,2026-01-29,Bangalore
Hakka Noodles,Chinese,159.0,40,6360.0,60.0,2026-01-30,Bangalore
Hakka Noodles,Chinese,129.0,76,9804.0,60.0,2026-01-31,Bangalore
Hakka Noodles,Chinese,139.0,72,10008.0,60.0,2026-02-01,Bangalore
Hakka Noodles,Chinese,169.0,46,7774.0,60.0,2026-02-02,Bangalore
Hakka Noodles,Chinese,129.0,50,6450.0,60.0,2026-02-03,Bangalore
Hakka Noodles,Chinese,129.0,80,10320.0,60.0,2026-02-04,Bangalore
Hakka Noodles,Chinese,149.0,58,8642.0,60.0,2026-02-05,Bangalore
Hakka Noodles,Chinese,129.0,62,7998.0,60.0,2026-02-06,Bangalore
Hakka Noodles,Chinese,159.0,63,10017.0,60.0,2026-02-07,Bangalore
Hakka Noodles,Chinese,169.0,61,10309.0,60.0,2026-02-08,Bangalore
Hakka Noodles,Chinese,169.0,44,7436.0,60.0,2026-02-09,Bangalore
Hakka Noodles,Chinese,139.0,65,9035.0,60.0,2026-02-10,Bangalore
Hakka Noodles,Chinese,139.0,51,7089.0,60.0,2026-02-11,Bangalore
Hakka Noodles,Chinese,149.0,61,9089.0,60.0,2026-02-12,Bangalore
Hakka Noodles,Chinese,179.0,42,7518.0,60.0,2026-02-13,Bangalore
Hakka Noodles,Chinese,169.0,44,7436.0,60.0,2026-02-14,Bangalore
Hakka Noodles,Chinese,159.0,56,8904.0,60.0,2026-02-15,Bangalore
Hakka Noodles,Chinese,139.0,53,7367.0,60.0,2026-02-16,Bangalore
Hakka Noodles,Chinese,179.0,36,6444.0,60.0,2026-02-17,Bangalore
Hakka Noodles,Chinese,179.0,40,7160.0,60.0,2026-02-18,Bangalore
Hakka Noodles,Chinese,169.0,36,6084.0,60.0,2026-02-19,Bangalore
Hakka Noodles,Chinese,169.0,36,6084.0,60.0,2026-02-20,Bangalore
Hakka Noodles,Chinese,179.0,42,7518.0,60.0,2026-02-21,Bangalore
Hakka Noodles,Chinese,169.0,69,11661.0,60.0,2026-02-22,Bangalore
Hakka Noodles,Chinese,179.0,41,7339.0,60.0,2026-02-23,Bangalore
Hakka Noodles,Chinese,159.0,43,6837.0,60.0,2026-02-24,Bangalore
Hakka Noodles,Chinese,179.0,37,6623.0,60.0,2026-02-25,Bangalore
Hakka Noodles,Chinese,169.0,43,7267.0,60.0,2026-02-26,Bangalore
Hakka Noodles,Chinese,169.0,48,8112.0,60.0,2026-02-27,Bangalore
Hakka Noodles,Chinese,139.0,74,10286.0,60.0,2026-02-28,Bangalore
Hakka Noodles,Chinese,169.0,76,12844.0,60.0,2026-03-01,Bangalore
Hakka Noodles,Chinese,139.0,53,7367.0,60.0,2026-03-02,Bangalore
Hakka Noodles,Chinese,159.0,36,5724.0,60.0,2026-03-03,Bangalore
Hakka Noodles,Chinese,169.0,45,7605.0,60.0,2026-03-04,Bangalore
Hakka Noodles,Chinese,159.0,45,7155.0,60.0,2026-03-05,Bangalore
Hakka Noodles,Chinese,149.0,52,7748.0,60.0,2026-03-06,Bangalore
Hakka Noodles,Chinese,159.0,59,9381.0,60.0,2026-03-07,Bangalore
Hakka Noodles,Chinese,139.0,88,12232.0,60.0,2026-03-08,Bangalore
Hakka Noodles,Chinese,169.0,48,8112.0,60.0,2026-03-09,Bangalore
Hakka Noodles,Chinese,159.0,57,9063.0,60.0,2026-03-10,Bangalore
Hakka Noodles,Chinese,189.0,32,6048.0,60.0,2026-03-11,Bangalore
Hakka Noodles,Chinese,169.0,34,5746.0,60.0,2026-03-12,Bangalore
Hakka Noodles,Chinese,159.0,48,7632.0,60.0,2026-03-13,Bangalore
Hakka Noodles,Chinese,199.0,48,9552.0,60.0,2026-03-14,Bangalore
Hakka Noodles,Chinese,169.0,66,11154.0,60.0,2026-03-15,Bangalore
Hakka Noodles,Chinese,169.0,35,5915.0,60.0,2026-03-16,Bangalore
Hakka Noodles,Chinese,199.0,32,6368.0,60.0,2026-03-17,Bangalore
Hakka Noodles,Chinese,159.0,57,9063.0,60.0,2026-03-18,Bangalore
Hakka Noodles,Chinese,189.0,32,6048.0,60.0,2026-03-19,Bangalore
Hakka Noodles,Chinese,179.0,47,8413.0,60.0,2026-03-20,Bangalore
Hakka Noodles,Chinese,159.0,66,10494.0,60.0,2026-03-21,Bangalore
Hakka Noodles,Chinese,199.0,60,11940.0,60.0,2026-03-22,Bangalore
Hakka Noodles,Chinese,189.0,45,8505.0,60.0,2026-03-23,Bangalore
Hakka Noodles,Chinese,199.0,41,8159.0,60.0,2026-03-24,Bangalore
Hakka Noodles,Chinese,199.0,31,6169.0,60.0,2026-03-25,Bangalore
Hakka Noodles,Chinese,159.0,44,6996.0,60.0,2026-03-26,Bangalore
Hakka Noodles,Chinese,199.0,38,7562.0,60.0,2026-03-27,Bangalore
Hakka Noodles,Chinese,169.0,47,7943.0,60.0,2026-03-28,Bangalore
Hakka Noodles,Chinese,199.0,34,6766.0,60.0,2026-03-29,Bangalore
Hakka Noodles,Chinese,189.0,33,6237.0,60.0,2026-03-30,Bangalore
Hakka Noodles,Chinese,159.0,43,6837.0,60.0,2026-03-31,Bangalore
Hakka Noodles,Chinese,169.0,46,7774.0,60.0,2026-04-01,Bangalore
Hakka Noodles,Chinese,199.0,38,7562.0,60.0,2026-04-02,Bangalore
Hakka Noodles,Chinese,169.0,46,7774.0,60.0,2026-04-03,Bangalore
Hakka Noodles,Chinese,199.0,50,9950.0,60.0,2026-04-04,Bangalore
Hakka Noodles,Chinese,189.0,53,10017.0,60.0,2026-04-05,Bangalore
Hakka Noodles,Chinese,199.0,45,8955.0,60.0,2026-04-06,Bangalore
Hakka Noodles,Chinese,169.0,31,5239.0,60.0,2026-04-07,Bangalore
Hakka Noodles,Chinese,189.0,44,8316.0,60.0,2026-04-08,Bangalore
Hakka Noodles,Chinese,199.0,36,7164.0,60.0,2026-04-09,Bangalore
Hakka Noodles,Chinese,189.0,43,8127.0,60.0,2026-04-10,Bangalore
Hakka Noodles,Chinese,209.0,47,9823.0,60.0,2026-04-11,Bangalore
Hakka Noodles,Chinese,219.0,49,10731.0,60.0,2026-04-12,Bangalore
Hakka Noodles,Chinese,209.0,39,8151.0,60.0,2026-04-13,Bangalore
Hakka Noodles,Chinese,219.0,29,6351.0,60.0,2026-04-14,Bangalore
Hakka Noodles,Chinese,179.0,40,7160.0,60.0,2026-04-15,Bangalore
Hakka Noodles,Chinese,219.0,35,7665.0,60.0,2026-04-16,Bangalore
Hakka Noodles,Chinese,189.0,35,6615.0,60.0,2026-04-17,Bangalore
Hakka Noodles,Chinese,219.0,42,9198.0,60.0,2026-04-18,Bangalore
Hakka Noodles,Chinese,219.0,46,10074.0,60.0,2026-04-19,Bangalore
Hakka Noodles,Chinese,199.0,43,8557.0,60.0,2026-04-20,Bangalore
Hakka Noodles,Chinese,219.0,29,6351.0,60.0,2026-04-21,Bangalore
Hakka Noodles,Chinese,219.0,37,8103.0,60.0,2026-04-22,Bangalore
Hakka Noodles,Chinese,199.0,37,7363.0,60.0,2026-04-23,Bangalore
Hakka Noodles,Chinese,179.0,49,8771.0,60.0,2026-04-24,Bangalore
Hakka Noodles,Chinese,209.0,49,10241.0,60.0,2026-04-25,Bangalore
Hakka Noodles,Chinese,219.0,59,12921.0,60.0,2026-04-26,Bangalore
Hakka Noodles,Chinese,189.0,41,7749.0,60.0,2026-04-27,Bangalore
Hakka Noodles,Chinese,199.0,29,5771.0,60.0,2026-04-28,Bangalore
Hakka Noodles,Chinese,219.0,32,7008.0,60.0,2026-04-29,Bangalore
Hakka Noodles,Chinese,179.0,41,7339.0,60.0,2026-04-30,Bangalore
Hakka Noodles,Chinese,199.0,54,10746.0,60.0,2026-05-01,Bangalore
Hakka Noodles,Chinese,189.0,67,12663.0,60.0,2026-05-02,Bangalore
Hakka Noodles,Chinese,209.0,74,15466.0,60.0,2026-05-03,Bangalore
Hakka Noodles,Chinese,209.0,52,10868.0,60.0,2026-05-04,Bangalore
Hakka Noodles,Chinese,179.0,61,10919.0,60.0,2026-05-05,Bangalore
Hakka Noodles,Chinese,209.0,54,11286.0,60.0,2026-05-06,Bangalore
Hakka Noodles,Chinese,179.0,36,6444.0,60.0,2026-05-07,Bangalore
Hakka Noodles,Chinese,219.0,55,12045.0,60.0,2026-05-08,Bangalore
Hakka Noodles,Chinese,129.0,86,11094.0,60.0,2026-05-09,Bangalore
Hakka Noodles,Chinese,129.0,137,17673.0,60.0,2026-05-10,Bangalore
Hakka Noodles,Chinese,109.0,109,11881.0,60.0,2026-05-11,Bangalore
Hakka Noodles,Chinese,119.0,86,10234.0,60.0,2026-05-12,Bangalore
Hakka Noodles,Chinese,139.0,80,11120.0,60.0,2026-05-13,Bangalore
Hakka Noodles,Chinese,139.0,77,10703.0,60.0,2026-05-14,Bangalore
Hakka Noodles,Chinese,139.0,80,11120.0,60.0,2026-05-15,Bangalore
Hakka Noodles,Chinese,119.0,115,13685.0,60.0,2026-05-16,Bangalore
Hakka Noodles,Chinese,149.0,101,15049.0,60.0,2026-05-17,Bangalore
Hakka Noodles,Chinese,129.0,61,7869.0,60.0,2026-05-18,Bangalore
Hakka Noodles,Chinese,129.0,87,11223.0,60.0,2026-05-19,Bangalore
Hakka Noodles,Chinese,119.0,95,11305.0,60.0,2026-05-20,Bangalore
Hakka Noodles,Chinese,119.0,80,9520.0,60.0,2026-05-21,Bangalore
Hakka Noodles,Chinese,149.0,59,8791.0,60.0,2026-05-22,Bangalore
Hakka Noodles,Chinese,119.0,117,13923.0,60.0,2026-05-23,Bangalore
Hakka Noodles,Chinese,129.0,150,19350.0,60.0,2026-05-24,Bangalore
Hakka Noodles,Chinese,109.0,98,10682.0,60.0,2026-05-25,Bangalore
Hakka Noodles,Chinese,119.0,81,9639.0,60.0,2026-05-26,Bangalore
Hakka Noodles,Chinese,149.0,79,11771.0,60.0,2026-05-27,Bangalore
Hakka Noodles,Chinese,129.0,84,10836.0,60.0,2026-05-28,Bangalore
Hakka Noodles,Chinese,149.0,78,11622.0,60.0,2026-05-29,Bangalore
Hakka Noodles,Chinese,149.0,87,12963.0,60.0,2026-05-30,Bangalore
Hakka Noodles,Chinese,149.0,100,14900.0,60.0,2026-05-31,Bangalore
Hakka Noodles,Chinese,109.0,105,11445.0,60.0,2026-06-01,Bangalore
Hakka Noodles,Chinese,139.0,85,11815.0,60.0,2026-06-02,Bangalore
Hakka Noodles,Chinese,129.0,79,10191.0,60.0,2026-06-03,Bangalore
Hakka Noodles,Chinese,139.0,71,9869.0,60.0,2026-06-04,Bangalore
Hakka Noodles,Chinese,109.0,96,10464.0,60.0,2026-06-05,Bangalore
