datasets/sample_data/sales_sample.csv
Product Name,Category,Price,Units Sold,Revenue,Cost,Date,Region
Hakka Noodles,Chinese,119.0,91,10829.0,60.0,2025-12-10,Mumbai
Hakka Noodles,Chinese,109.0,72,7848.0,60.0,2025-12-11,Mumbai
Hakka Noodles,Chinese,129.0,61,7869.0,60.0,2025-12-12,Mumbai
Hakka Noodles,Chinese,109.0,111,12099.0,60.0,2025-12-13,Mumbai
Hakka Noodles,Chinese,149.0,96,14304.0,60.0,2025-12-14,Mumbai
Hakka Noodles,Chinese,109.0,87,9483.0,60.0,2025-12-15,Mumbai
Hakka Noodles,Chinese,119.0,52,6188.0,60.0,2025-12-16,Mumbai
Hakka Noodles,Chinese,119.0,88,10472.0,60.0,2025-12-17,Mumbai
Hakka Noodles,Chinese,129.0,74,9546.0,60.0,2025-12-18,Mumbai
Hakka Noodles,Chinese,129.0,64,8256.0,60.0,2025-12-19,Mumbai
Hakka Noodles,Chinese,149.0,68,10132.0,60.0,2025-12-20,Mumbai
Hakka Noodles,Chinese,119.0,134,15946.0,60.0,2025-12-21,Mumbai
Hakka Noodles,Chinese,149.0,50,7450.0,60.0,2025-12-22,Mumbai
Hakka Noodles,Chinese,129.0,86,11094.0,60.0,2025-12-23,Mumbai
Hakka Noodles,Chinese,139.0,56,7784.0,60.0,2025-12-24,Mumbai
Hakka Noodles,Chinese,129.0,72,9288.0,60.0,2025-12-25,Mumbai
Hakka Noodles,Chinese,139.0,61,8479.0,60.0,2025-12-26,Mumbai
Hakka Noodles,Chinese,129.0,90,11610.0,60.0,2025-12-27,Mumbai
Hakka Noodles,Chinese,149.0,51,7599.0,60.0,2025-12-28,Mumbai
Hakka Noodles,Chinese,149.0,45,6705.0,60.0,2025-12-29,Mumbai
Hakka Noodles,Chinese,139.0,46,6394.0,60.0,2025-12-30,Mumbai
Hakka Noodles,Chinese,139.0,57,7923.0,60.0,2025-12-31,Mumbai
Hakka Noodles,Chinese,109.0,81,8829.0,60.0,2026-01-01,Mumbai
Hakka Noodles,Chinese,119.0,54,6426.0,60.0,2026-01-02,Mumbai
Hakka Noodles,Chinese,139.0,75,10425.0,60.0,2026-01-03,Mumbai
Hakka Noodles,Chinese,139.0,85,11815.0,60.0,2026-01-04,Mumbai
Hakka Noodles,Chinese,149.0,50,7450.0,60.0,2026-01-05,Mumbai
Hakka Noodles,Chinese,119.0,58,6902.0,60.0,2026-01-06,Mumbai
Hakka Noodles,Chinese,139.0,56,7784.0,60.0,2026-01-07,Mumbai
Hakka Noodles,Chinese,109.0,63,6867.0,60.0,2026-01-08,Mumbai
Hakka Noodles,Chinese,149.0,54,8046.0,60.0,2026-01-09,Mumbai
Hakka Noodles,Chinese,139.0,80,11120.0,60.0,2026-01-10,Mumbai
Hakka Noodles,Chinese,149.0,70,10430.0,60.0,2026-01-11,Mumbai
Hakka Noodles,Chinese,139.0,40,5560.0,60.0,2026-01-12,Mumbai
Hakka Noodles,Chinese,149.0,43,6407.0,60.0,2026-01-13,Mumbai
Hakka Noodles,Chinese,129.0,57,7353.0,60.0,2026-01-14,Mumbai
Hakka Noodles,Chinese,159.0,37,5883.0,60.0,2026-01-15,Mumbai
Hakka Noodles,Chinese,169.0,45,7605.0,60.0,2026-01-16,Mumbai
Hakka Noodles,Chinese,169.0,56,9464.0,60.0,2026-01-17,Mumbai
Hakka Noodles,Chinese,149.0,58,8642.0,60.0,2026-01-18,Mumbai
Hakka Noodles,Chinese,139.0,50,6950.0,60.0,2026-01-19,Mumbai
Hakka Noodles,Chinese,159.0,58,9222.0,60.0,2026-01-20,Mumbai
Hakka Noodles,Chinese,149.0,50,7450.0,60.0,2026-01-21,Mumbai
Hakka Noodles,Chinese,169.0,32,5408.0,60.0,2026-01-22,Mumbai
Hakka Noodles,Chinese,129.0,52,6708.0,60.0,2026-01-23,Mumbai
Hakka Noodles,Chinese,129.0,75,9675.0,60.0,2026-01-24,Mumbai
Hakka Noodles,Chinese,139.0,89,12371.0,60.0,2026-01-25,Mumbai
Hakka Noodles,Chinese,129.0,38,4902.0,60.0,2026-01-26,Mumbai
Hakka Noodles,Chinese,129.0,58,7482.0,60.0,2026-01-27,Mumbai
Hakka Noodles,Chinese,169.0,42,7098.0,60.0,2026-01-28,Mumbai
Hakka Noodles,Chinese,159.0,44,6996.0,60.0,2026-01-29,Mumbai
Hakka Noodles,Chinese,149.0,58,8642.0,60.0,2026-01-30,Mumbai
Hakka Noodles,Chinese,129.0,71,9159.0,60.0,2026-01-31,Mumbai
Hakka Noodles,Chinese,139.0,88,12232.0,60.0,2026-02-01,Mumbai
Hakka Noodles,Chinese,129.0,61,7869.0,60.0,2026-02-02,Mumbai
Hakka Noodles,Chinese,169.0,38,6422.0,60.0,2026-02-03,Mumbai
Hakka Noodles,Chinese,149.0,51,7599.0,60.0,2026-02-04,Mumbai
Hakka Noodles,Chinese,129.0,58,7482.0,60.0,2026-02-05,Mumbai
Hakka Noodles,Chinese,159.0,43,6837.0,60.0,2026-02-06,Mumbai
Hakka Noodles,Chinese,169.0,55,9295.0,60.0,2026-02-07,Mumbai
Hakka Noodles,Chinese,149.0,68,10132.0,60.0,2026-02-08,Mumbai
Hakka Noodles,Chinese,159.0,42,6678.0,60.0,2026-02-09,Mumbai
Hakka Noodles,Chinese,139.0,41,5699.0,60.0,2026-02-10,Mumbai
Hakka Noodles,Chinese,159.0,41,6519.0,60.0,2026-02-11,Mumbai
Hakka Noodles,Chinese,139.0,53,7367.0,60.0,2026-02-12,Mumbai
Hakka Noodles,Chinese,169.0,36,6084.0,60.0,2026-02-13,Mumbai
Hakka Noodles,Chinese,169.0,49,8281.0,60.0,2026-02-14,Mumbai
Hakka Noodles,Chinese,139.0,76,10564.0,60.0,2026-02-15,Mumbai
Hakka Noodles,Chinese,149.0,54,8046.0,60.0,2026-02-16,Mumbai
Hakka Noodles,Chinese,159.0,38,6042.0,60.0,2026-02-17,Mumbai
Hakka Noodles,Chinese,179.0,36,6444.0,60.0,2026-02-18,Mumbai
Hakka Noodles,Chinese,159.0,56,8904.0,60.0,2026-02-19,Mumbai
Hakka Noodles,Chinese,149.0,48,7152.0,60.0,2026-02-20,Mumbai
Hakka Noodles,Chinese,169.0,57,9633.0,60.0,2026-02-21,Mumbai
Hakka Noodles,Chinese,159.0,70,11130.0,60.0,2026-02-22,Mumbai
Hakka Noodles,Chinese,159.0,59,9381.0,60.0,2026-02-23,Mumbai
Hakka Noodles,Chinese,159.0,47,7473.0,60.0,2026-02-24,Mumbai
Hakka Noodles,Chinese,179.0,38,6802.0,60.0,2026-02-25,Mumbai
Hakka Noodles,Chinese,159.0,53,8427.0,60.0,2026-02-26,Mumbai
Hakka Noodles,Chinese,169.0,46,7774.0,60.0,2026-02-27,Mumbai
Hakka Noodles,Chinese,159.0,61,9699.0,60.0,2026-02-28,Mumbai
Hakka Noodles,Chinese,159.0,61,9699.0,60.0,2026-03-01,Mumbai
Hakka Noodles,Chinese,179.0,32,5728.0,60.0,2026-03-02,Mumbai
Hakka Noodles,Chinese,149.0,58,8642.0,60.0,2026-03-03,Mumbai
Hakka Noodles,Chinese,169.0,48,8112.0,60.0,2026-03-04,Mumbai
Hakka Noodles,Chinese,159.0,55,8745.0,60.0,2026-03-05,Mumbai
Hakka Noodles,Chinese,149.0,48,7152.0,60.0,2026-03-06,Mumbai
Hakka Noodles,Chinese,159.0,35,5565.0,60.0,2026-03-07,Mumbai
Hakka Noodles,Chinese,139.0,88,12232.0,60.0,2026-03-08,Mumbai
Hakka Noodles,Chinese,159.0,49,7791.0,60.0,2026-03-09,Mumbai
Hakka Noodles,Chinese,169.0,42,7098.0,60.0,2026-03-10,Mumbai
Hakka Noodles,Chinese,159.0,58,9222.0,60.0,2026-03-11,Mumbai
Hakka Noodles,Chinese,189.0,48,9072.0,60.0,2026-03-12,Mumbai
Hakka Noodles,Chinese,159.0,50,7950.0,60.0,2026-03-13,Mumbai
Hakka Noodles,Chinese,189.0,55,10395.0,60.0,2026-03-14,Mumbai
Hakka Noodles,Chinese,179.0,61,10919.0,60.0,2026-03-15,Mumbai
Hakka Noodles,Chinese,159.0,54,8586.0,60.0,2026-03-16,Mumbai
Hakka Noodles,Chinese,199.0,46,9154.0,60.0,2026-03-17,Mumbai
Hakka Noodles,Chinese,189.0,32,6048.0,60.0,2026-03-18,Mumbai
Hakka Noodles,Chinese,179.0,42,7518.0,60.0,2026-03-19,Mumbai
Hakka Noodles,Chinese,199.0,29,5771.0,60.0,2026-03-20,Mumbai
Hakka Noodles,Chinese,199.0,49,9751.0,60.0,2026-03-21,Mumbai
Hakka Noodles,Chinese,169.0,75,12675.0,60.0,2026-03-22,Mumbai
Hakka Noodles,Chinese,199.0,30,5970.0,60.0,2026-03-23,Mumbai
Hakka Noodles,Chinese,199.0,38,7562.0,60.0,2026-03-24,Mumbai
Hakka Noodles,Chinese,189.0,31,5859.0,60.0,2026-03-25,Mumbai
Hakka Noodles,Chinese,189.0,46,8694.0,60.0,2026-03-26,Mumbai
Hakka Noodles,Chinese,199.0,31,6169.0,60.0,2026-03-27,Mumbai
Hakka Noodles,Chinese,159.0,69,10971.0,60.0,2026-03-28,Mumbai
Hakka Noodles,Chinese,199.0,50,9950.0,60.0,2026-03-29,Mumbai
Hakka Noodles,Chinese,159.0,57,9063.0,60.0,2026-03-30,Mumbai
Hakka Noodles,Chinese,199.0,34,6766.0,60.0,2026-03-31,Mumbai
Hakka Noodles,Chinese,179.0,45,8055.0,60.0,2026-04-01,Mumbai
Hakka Noodles,Chinese,159.0,56,8904.0,60.0,2026-04-02,Mumbai
Hakka Noodles,Chinese,199.0,39,7761.0,60.0,2026-04-03,Mumbai
Hakka Noodles,Chinese,199.0,50,9950.0,60.0,2026-04-04,Mumbai
Hakka Noodles,Chinese,159.0,80,12720.0,60.0,2026-04-05,Mumbai
Hakka Noodles,Chinese,189.0,36,6804.0,60.0,2026-04-06,Mumbai
Hakka Noodles,Chinese,179.0,35,6265.0,60.0,2026-04-07,Mumbai
Hakka Noodles,Chinese,189.0,32,6048.0,60.0,2026-04-08,Mumbai
Hakka Noodles,Chinese,189.0,45,8505.0,60.0,2026-04-09,Mumbai
Hakka Noodles,Chinese,209.0,23,4807.0,60.0,2026-04-10,Mumbai
Hakka Noodles,Chinese,189.0,44,8316.0,60.0,2026-04-11,Mumbai
Hakka Noodles,Chinese,189.0,61,11529.0,60.0,2026-04-12,Mumbai
Hakka Noodles,Chinese,179.0,42,7518.0,60.0,2026-04-13,Mumbai
Hakka Noodles,Chinese,179.0,39,6981.0,60.0,2026-04-14,Mumbai
Hakka Noodles,Chinese,189.0,34,6426.0,60.0,2026-04-15,Mumbai
Hakka Noodles,Chinese,179.0,46,8234.0,60.0,2026-04-16,Mumbai
Hakka Noodles,Chinese,189.0,46,8694.0,60.0,2026-04-17,Mumbai
Hakka Noodles,Chinese,179.0,63,11277.0,60.0,2026-04-18,Mumbai
Hakka Noodles,Chinese,219.0,42,9198.0,60.0,2026-04-19,Mumbai
Hakka Noodles,Chinese,219.0,30,6570.0,60.0,2026-04-20,Mumbai
Hakka Noodles,Chinese,179.0,47,8413.0,60.0,2026-04-21,Mumbai
Hakka Noodles,Chinese,179.0,52,9308.0,60.0,2026-04-22,Mumbai
Hakka Noodles,Chinese,219.0,40,8760.0,60.0,2026-04-23,Mumbai
Hakka Noodles,Chinese,189.0,46,8694.0,60.0,2026-04-24,Mumbai
Hakka Noodles,Chinese,219.0,53,11607.0,60.0,2026-04-25,Mumbai
Hakka Noodles,Chinese,179.0,69,12351.0,60.0,2026-04-26,Mumbai
Hakka Noodles,Chinese,179.0,44,7876.0,60.0,2026-04-27,Mumbai
Hakka Noodles,Chinese,199.0,51,10149.0,60.0,2026-04-28,Mumbai
Hakka Noodles,Chinese,219.0,33,7227.0,60.0,2026-04-29,Mumbai
Hakka Noodles,Chinese,219.0,39,8541.0,60.0,2026-04-30,Mumbai
Hakka Noodles,Chinese,209.0,48,10032.0,60.0,2026-05-01,Mumbai
Hakka Noodles,Chinese,189.0,60,11340.0,60.0,2026-05-02,Mumbai
Hakka Noodles,Chinese,209.0,90,18810.0,60.0,2026-05-03,Mumbai
Hakka Noodles,Chinese,199.0,48,9552.0,60.0,2026-05-04,Mumbai
Hakka Noodles,Chinese,189.0,40,7560.0,60.0,2026-05-05,Mumbai
Hakka Noodles,Chinese,189.0,45,8505.0,60.0,2026-05-06,Mumbai
Hakka Noodles,Chinese,179.0,38,6802.0,60.0,2026-05-07,Mumbai
Hakka Noodles,Chinese,189.0,58,10962.0,60.0,2026-05-08,Mumbai
Hakka Noodles,Chinese,149.0,89,13261.0,60.0,2026-05-09,Mumbai
Hakka Noodles,Chinese,149.0,87,12963.0,60.0,2026-05-10,Mumbai
Hakka Noodles,Chinese,149.0,63,9387.0,60.0,2026-05-11,Mumbai
Hakka Noodles,Chinese,139.0,70,9730.0,60.0,2026-05-12,Mumbai
Hakka Noodles,Chinese,119.0,86,10234.0,60.0,2026-05-13,Mumbai
Hakka Noodles,Chinese,119.0,83,9877.0,60.0,2026-05-14,Mumbai
Hakka Noodles,Chinese,139.0,95,13205.0,60.0,2026-05-15,Mumbai
Hakka Noodles,Chinese,119.0,104,12376.0,60.0,2026-05-16,Mumbai
Hakka Noodles,Chinese,119.0,110,13090.0,60.0,2026-05-17,Mumbai
Hakka Noodles,Chinese,129.0,58,7482.0,60.0,2026-05-18,Mumbai
Hakka Noodles,Chinese,149.0,55,8195.0,60.0,2026-05-19,Mumbai
Hakka Noodles,Chinese,119.0,76,9044.0,60.0,2026-05-20,Mumbai
Hakka Noodles,Chinese,139.0,79,10981.0,60.0,2026-05-21,Mumbai
Hakka Noodles,Chinese,109.0,63,6867.0,60.0,2026-05-22,Mumbai
Hakka Noodles,Chinese,149.0,66,9834.0,60.0,2026-05-23,Mumbai
Hakka Noodles,Chinese,149.0,86,12814.0,60.0,2026-05-24,Mumbai
Hakka Noodles,Chinese,119.0,102,12138.0,60.0,2026-05-25,Mumbai
Hakka Noodles,Chinese,119.0,93,11067.0,60.0,2026-05-26,Mumbai
Hakka Noodles,Chinese,109.0,108,11772.0,60.0,2026-05-27,Mumbai
Hakka Noodles,Chinese,129.0,69,8901.0,60.0,2026-05-28,Mumbai
Hakka Noodles,Chinese,129.0,74,9546.0,60.0,2026-05-29,Mumbai
Hakka Noodles,Chinese,129.0,104,13416.0,60.0,2026-05-30,Mumbai
Hakka Noodles,Chinese,119.0,117,13923.0,60.0,2026-05-31,Mumbai
Hakka Noodles,Chinese,119.0,65,7735.0,60.0,2026-06-01,Mumbai
Hakka Noodles,Chinese,119.0,79,9401.0,60.0,2026-06-02,Mumbai
Hakka Noodles,Chinese,139.0,87,12093.0,60.0,2026-06-03,Mumbai
Hakka Noodles,Chinese,149.0,90,13410.0,60.0,2026-06-04,Mumbai
Hakka Noodles,Chinese,119.0,67,7973.0,60.0,2026-06-05,Mumbai
