datasets/sample_data/sales_sample.csv
Product Name,Category,Price,Units Sold,Revenue,Cost,Date,Region
Hakka Noodles,Chinese,149.0,56,8344.0,60.0,2025-12-10,Delhi
Hakka Noodles,Chinese,119.0,71,8449.0,60.0,2025-12-11,Delhi
Hakka Noodles,Chinese,119.0,71,8449.0,60.0,2025-12-12,Delhi
Hakka Noodles,Chinese,109.0,101,11009.0,60.0,2025-12-13,Delhi
Hakka Noodles,Chinese,109.0,126,13734.0,60.0,2025-12-14,Delhi
Hakka Noodles,Chinese,109.0,89,9701.0,60.0,2025-12-15,Delhi
Hakka Noodles,Chinese,149.0,60,8940.0,60.0,2025-12-16,Delhi
Hakka Noodles,Chinese,129.0,69,8901.0,60.0,2025-12-17,Delhi
Hakka Noodles,Chinese,129.0,66,8514.0,60.0,2025-12-18,Delhi
Hakka Noodles,Chinese,109.0,85,9265.0,60.0,2025-12-19,Delhi
Hakka Noodles,Chinese,109.0,100,10900.0,60.0,2025-12-20,Delhi
Hakka Noodles,Chinese,119.0,110,13090.0,60.0,2025-12-21,Delhi
Hakka Noodles,Chinese,119.0,81,9639.0,60.0,2025-12-22,Delhi
Hakka Noodles,Chinese,119.0,85,10115.0,60.0,2025-12-23,Delhi
Hakka Noodles,Chinese,119.0,55,6545.0,60.0,2025-12-24,Delhi
Hakka Noodles,Chinese,139.0,83,11537.0,60.0,2025-12-25,Delhi
Hakka Noodles,Chinese,149.0,50,7450.0,60.0,2025-12-26,Delhi
Hakka Noodles,Chinese,139.0,79,10981.0,60.0,2025-12-27,Delhi
Hakka Noodles,Chinese,109.0,140,15260.0,60.0,2025-12-28,Delhi
Hakka Noodles,Chinese,139.0,70,9730.0,60.0,2025-12-29,Delhi
Hakka Noodles,Chinese,149.0,48,7152.0,60.0,2025-12-30,Delhi
Hakka Noodles,Chinese,129.0,67,8643.0,60.0,2025-12-31,Delhi
Hakka Noodles,Chinese,139.0,52,7228.0,60.0,2026-01-01,Delhi
Hakka Noodles,Chinese,119.0,55,6545.0,60.0,2026-01-02,Delhi
Hakka Noodles,Chinese,109.0,113,12317.0,60.0,2026-01-03,Delhi
Hakka Noodles,Chinese,129.0,67,8643.0,60.0,2026-01-04,Delhi
Hakka Noodles,Chinese,119.0,64,7616.0,60.0,2026-01-05,Delhi
Hakka Noodles,Chinese,109.0,60,6540.0,60.0,2026-01-06,Delhi
Hakka Noodles,Chinese,109.0,56,6104.0,60.0,2026-01-07,Delhi
Hakka Noodles,Chinese,109.0,55,5995.0,60.0,2026-01-08,Delhi
Hakka Noodles,Chinese,169.0,23,3887.0,60.0,2026-01-09,Delhi
Hakka Noodles,Chinese,169.0,45,7605.0,60.0,2026-01-10,Delhi
Hakka Noodles,Chinese,129.0,79,10191.0,60.0,2026-01-11,Delhi
Hakka Noodles,Chinese,159.0,56,8904.0,60.0,2026-01-12,Delhi
Hakka Noodles,Chinese,139.0,42,5838.0,60.0,2026-01-13,Delhi
Hakka Noodles,Chinese,129.0,54,6966.0,60.0,2026-01-14,Delhi
Hakka Noodles,Chinese,169.0,40,6760.0,60.0,2026-01-15,Delhi
Hakka Noodles,Chinese,129.0,62,7998.0,60.0,2026-01-16,Delhi
Hakka Noodles,Chinese,149.0,56,8344.0,60.0,2026-01-17,Delhi
Hakka Noodles,Chinese,159.0,45,7155.0,60.0,2026-01-18,Delhi
Hakka Noodles,Chinese,139.0,42,5838.0,60.0,2026-01-19,Delhi
Hakka Noodles,Chinese,169.0,49,8281.0,60.0,2026-01-20,Delhi
Hakka Noodles,Chinese,139.0,51,7089.0,60.0,2026-01-21,Delhi
Hakka Noodles,Chinese,139.0,48,6672.0,60.0,2026-01-22,Delhi
Hakka Noodles,Chinese,169.0,36,6084.0,60.0,2026-01-23,Delhi
Hakka Noodles,Chinese,149.0,78,11622.0,60.0,2026-01-24,Delhi
Hakka Noodles,Chinese,169.0,74,12506.0,60.0,2026-01-25,Delhi
Hakka Noodles,Chinese,149.0,54,8046.0,60.0,2026-01-26,Delhi
Hakka Noodles,Chinese,169.0,48,8112.0,60.0,2026-01-27,Delhi
Hakka Noodles,Chinese,149.0,38,5662.0,60.0,2026-01-28,Delhi
Hakka Noodles,Chinese,159.0,45,7155.0,60.0,2026-01-29,Delhi
Hakka Noodles,Chinese,129.0,54,6966.0,60.0,2026-01-30,Delhi
Hakka Noodles,Chinese,139.0,68,9452.0,60.0,2026-01-31,Delhi
Hakka Noodles,Chinese,139.0,98,13622.0,60.0,2026-02-01,Delhi
Hakka Noodles,Chinese,129.0,57,7353.0,60.0,2026-02-02,Delhi
Hakka Noodles,Chinese,149.0,47,7003.0,60.0,2026-02-03,Delhi
Hakka Noodles,Chinese,139.0,48,6672.0,60.0,2026-02-04,Delhi
Hakka Noodles,Chinese,129.0,59,7611.0,60.0,2026-02-05,Delhi
Hakka Noodles,Chinese,149.0,53,7897.0,60.0,2026-02-06,Delhi
Hakka Noodles,Chinese,149.0,79,11771.0,60.0,2026-02-07,Delhi
Hakka Noodles,Chinese,169.0,58,9802.0,60.0,2026-02-08,Delhi
Hakka Noodles,Chinese,179.0,39,6981.0,60.0,2026-02-09,Delhi
Hakka Noodles,Chinese,169.0,42,7098.0,60.0,2026-02-10,Delhi
Hakka Noodles,Chinese,159.0,55,8745.0,60.0,2026-02-11,Delhi
Hakka Noodles,Chinese,159.0,50,7950.0,60.0,2026-02-12,Delhi
Hakka Noodles,Chinese,179.0,32,5728.0,60.0,2026-02-13,Delhi
Hakka Noodles,Chinese,179.0,45,8055.0,60.0,2026-02-14,Delhi
Hakka Noodles,Chinese,149.0,69,10281.0,60.0,2026-02-15,Delhi
Hakka Noodles,Chinese,139.0,51,7089.0,60.0,2026-02-16,Delhi
Hakka Noodles,Chinese,169.0,37,6253.0,60.0,2026-02-17,Delhi
Hakka Noodles,Chinese,139.0,43,5977.0,60.0,2026-02-18,Delhi
Hakka Noodles,Chinese,149.0,57,8493.0,60.0,2026-02-19,Delhi
Hakka Noodles,Chinese,179.0,40,7160.0,60.0,2026-02-20,Delhi
Hakka Noodles,Chinese,149.0,75,11175.0,60.0,2026-02-21,Delhi
Hakka Noodles,Chinese,179.0,61,10919.0,60.0,2026-02-22,Delhi
Hakka Noodles,Chinese,139.0,49,6811.0,60.0,2026-02-23,Delhi
Hakka Noodles,Chinese,139.0,47,6533.0,60.0,2026-02-24,Delhi
Hakka Noodles,Chinese,149.0,43,6407.0,60.0,2026-02-25,Delhi
Hakka Noodles,Chinese,169.0,41,6929.0,60.0,2026-02-26,Delhi
Hakka Noodles,Chinese,149.0,47,7003.0,60.0,2026-02-27,Delhi
Hakka Noodles,Chinese,149.0,62,9238.0,60.0,2026-02-28,Delhi
Hakka Noodles,Chinese,139.0,75,10425.0,60.0,2026-03-01,Delhi
Hakka Noodles,Chinese,139.0,70,9730.0,60.0,2026-03-02,Delhi
Hakka Noodles,Chinese,179.0,38,6802.0,60.0,2026-03-03,Delhi
Hakka Noodles,Chinese,149.0,34,5066.0,60.0,2026-03-04,Delhi
Hakka Noodles,Chinese,139.0,55,7645.0,60.0,2026-03-05,Delhi
Hakka Noodles,Chinese,149.0,44,6556.0,60.0,2026-03-06,Delhi
Hakka Noodles,Chinese,179.0,51,9129.0,60.0,2026-03-07,Delhi
Hakka Noodles,Chinese,149.0,92,13708.0,60.0,2026-03-08,Delhi
Hakka Noodles,Chinese,149.0,43,6407.0,60.0,2026-03-09,Delhi
Hakka Noodles,Chinese,189.0,39,7371.0,60.0,2026-03-10,Delhi
Hakka Noodles,Chinese,199.0,31,6169.0,60.0,2026-03-11,Delhi
Hakka Noodles,Chinese,179.0,45,8055.0,60.0,2026-03-12,Delhi
Hakka Noodles,Chinese,159.0,48,7632.0,60.0,2026-03-13,Delhi
Hakka Noodles,Chinese,159.0,39,6201.0,60.0,2026-03-14,Delhi
Hakka Noodles,Chinese,159.0,61,9699.0,60.0,2026-03-15,Delhi
Hakka Noodles,Chinese,169.0,30,5070.0,60.0,2026-03-16,Delhi
Hakka Noodles,Chinese,169.0,32,5408.0,60.0,2026-03-17,Delhi
Hakka Noodles,Chinese,189.0,39,7371.0,60.0,2026-03-18,Delhi
Hakka Noodles,Chinese,199.0,30,5970.0,60.0,2026-03-19,Delhi
Hakka Noodles,Chinese,159.0,50,7950.0,60.0,2026-03-20,Delhi
Hakka Noodles,Chinese,179.0,38,6802.0,60.0,2026-03-21,Delhi
Hakka Noodles,Chinese,199.0,62,12338.0,60.0,2026-03-22,Delhi
Hakka Noodles,Chinese,169.0,29,4901.0,60.0,2026-03-23,Delhi
Hakka Noodles,Chinese,179.0,42,7518.0,60.0,2026-03-24,Delhi
Hakka Noodles,Chinese,169.0,34,5746.0,60.0,2026-03-25,Delhi
Hakka Noodles,Chinese,159.0,50,7950.0,60.0,2026-03-26,Delhi
Hakka Noodles,Chinese,199.0,29,5771.0,60.0,2026-03-27,Delhi
Hakka Noodles,Chinese,189.0,46,8694.0,60.0,2026-03-28,Delhi
Hakka Noodles,Chinese,159.0,78,12402.0,60.0,2026-03-29,Delhi
Hakka Noodles,Chinese,169.0,55,9295.0,60.0,2026-03-30,Delhi
Hakka Noodles,Chinese,179.0,46,8234.0,60.0,2026-03-31,Delhi
Hakka Noodles,Chinese,169.0,46,7774.0,60.0,2026-04-01,Delhi
Hakka Noodles,Chinese,189.0,37,6993.0,60.0,2026-04-02,Delhi
Hakka Noodles,Chinese,189.0,33,6237.0,60.0,2026-04-03,Delhi
Hakka Noodles,Chinese,179.0,60,10740.0,60.0,2026-04-04,Delhi
Hakka Noodles,Chinese,199.0,41,8159.0,60.0,2026-04-05,Delhi
Hakka Noodles,Chinese,169.0,48,8112.0,60.0,2026-04-06,Delhi
Hakka Noodles,Chinese,179.0,48,8592.0,60.0,2026-04-07,Delhi
Hakka Noodles,Chinese,159.0,36,5724.0,60.0,2026-04-08,Delhi
Hakka Noodles,Chinese,199.0,38,7562.0,60.0,2026-04-09,Delhi
Hakka Noodles,Chinese,199.0,49,9751.0,60.0,2026-04-10,Delhi
Hakka Noodles,Chinese,209.0,30,6270.0,60.0,2026-04-11,Delhi
Hakka Noodles,Chinese,199.0,66,13134.0,60.0,2026-04-12,Delhi
Hakka Noodles,Chinese,219.0,26,5694.0,60.0,2026-04-13,Delhi
Hakka Noodles,Chinese,179.0,49,8771.0,60.0,2026-04-14,Delhi
Hakka Noodles,Chinese,199.0,40,7960.0,60.0,2026-04-15,Delhi
Hakka Noodles,Chinese,179.0,29,5191.0,60.0,2026-04-16,Delhi
Hakka Noodles,Chinese,209.0,38,7942.0,60.0,2026-04-17,Delhi
Hakka Noodles,Chinese,179.0,55,9845.0,60.0,2026-04-18,Delhi
Hakka Noodles,Chinese,179.0,48,8592.0,60.0,2026-04-19,Delhi
Hakka Noodles,Chinese,179.0,43,7697.0,60.0,2026-04-20,Delhi
Hakka Noodles,Chinese,199.0,38,7562.0,60.0,2026-04-21,Delhi
Hakka Noodles,Chinese,189.0,38,7182.0,60.0,2026-04-22,Delhi
Hakka Noodles,Chinese,219.0,37,8103.0,60.0,2026-04-23,Delhi
Hakka Noodles,Chinese,209.0,43,8987.0,60.0,2026-04-24,Delhi
Hakka Noodles,Chinese,209.0,45,9405.0,60.0,2026-04-25,Delhi
Hakka Noodles,Chinese,219.0,57,12483.0,60.0,2026-04-26,Delhi
Hakka Noodles,Chinese,179.0,58,10382.0,60.0,2026-04-27,Delhi
Hakka Noodles,Chinese,219.0,28,6132.0,60.0,2026-04-28,Delhi
Hakka Noodles,Chinese,199.0,44,8756.0,60.0,2026-04-29,Delhi
Hakka Noodles,Chinese,199.0,32,6368.0,60.0,2026-04-30,Delhi
Hakka Noodles,Chinese,209.0,49,10241.0,60.0,2026-05-01,Delhi
Hakka Noodles,Chinese,189.0,57,10773.0,60.0,2026-05-02,Delhi
Hakka Noodles,Chinese,219.0,71,15549.0,60.0,2026-05-03,Delhi
Hakka Noodles,Chinese,199.0,42,8358.0,60.0,2026-05-04,Delhi
Hakka Noodles,Chinese,179.0,44,7876.0,60.0,2026-05-05,Delhi
Hakka Noodles,Chinese,189.0,53,10017.0,60.0,2026-05-06,Delhi
Hakka Noodles,Chinese,179.0,55,9845.0,60.0,2026-05-07,Delhi
Hakka Noodles,Chinese,219.0,44,9636.0,60.0,2026-05-08,Delhi
Hakka Noodles,Chinese,119.0,94,11186.0,60.0,2026-05-09,Delhi
Hakka Noodles,Chinese,139.0,100,13900.0,60.0,2026-05-10,Delhi
Hakka Noodles,Chinese,139.0,95,13205.0,60.0,2026-05-11,Delhi
Hakka Noodles,Chinese,129.0,77,9933.0,60.0,2026-05-12,Delhi
Hakka Noodles,Chinese,109.0,104,11336.0,60.0,2026-05-13,Delhi
Hakka Noodles,Chinese,109.0,93,10137.0,60.0,2026-05-14,Delhi
Hakka Noodles,Chinese,149.0,57,8493.0,60.0,2026-05-15,Delhi
Hakka Noodles,Chinese,149.0,127,18923.0,60.0,2026-05-16,Delhi
Hakka Noodles,Chinese,139.0,135,18765.0,60.0,2026-05-17,Delhi
Hakka Noodles,Chinese,149.0,71,10579.0,60.0,2026-05-18,Delhi
Hakka Noodles,Chinese,109.0,85,9265.0,60.0,2026-05-19,Delhi
Hakka Noodles,Chinese,139.0,75,10425.0,60.0,2026-05-20,Delhi
Hakka Noodles,Chinese,109.0,81,8829.0,60.0,2026-05-21,Delhi
Hakka Noodles,Chinese,129.0,75,9675.0,60.0,2026-05-22,Delhi
Hakka Noodles,Chinese,129.0,92,11868.0,60.0,2026-05-23,Delhi
Hakka Noodles,Chinese,129.0,150,19350.0,60.0,2026-05-24,Delhi
Hakka Noodles,Chinese,119.0,71,8449.0,60.0,2026-05-25,Delhi
Hakka Noodles,Chinese,119.0,75,8925.0,60.0,2026-05-26,Delhi
Hakka Noodles,Chinese,119.0,80,9520.0,60.0,2026-05-27,Delhi
Hakka Noodles,Chinese,119.0,101,12019.0,60.0,2026-05-28,Delhi
Hakka Noodles,Chinese,109.0,95,10355.0,60.0,2026-05-29,Delhi
Hakka Noodles,Chinese,129.0,87,11223.0,60.0,2026-05-30,Delhi
Hakka Noodles,Chinese,119.0,101,12019.0,60.0,2026-05-31,Delhi
Hakka Noodles,Chinese,149.0,78,11622.0,60.0,2026-06-01,Delhi
Hakka Noodles,Chinese,139.0,67,9313.0,60.0,2026-06-02,Delhi
Hakka Noodles,Chinese,109.0,96,10464.0,60.0,2026-06-03,Delhi
Hakka Noodles,Chinese,109.0,74,8066.0,60.0,2026-06-04,Delhi
Hakka Noodles,Chinese,149.0,61,9089.0,60.0,2026-06-05,Delhi
