datasets/sample_data/sales_sample.csv
Product Name,Category,Price,Units Sold,Revenue,Cost,Date,Region
Hakka Noodles,Chinese,139.0,63,8757.0,60.0,2025-12-10,Hyderabad
Hakka Noodles,Chinese,129.0,71,9159.0,60.0,2025-12-11,Hyderabad
Hakka Noodles,Chinese,139.0,59,8201.0,60.0,2025-12-12,Hyderabad
Hakka Noodles,Chinese,149.0,60,8940.0,60.0,2025-12-13,Hyderabad
Hakka Noodles,Chinese,109.0,133,14497.0,60.0,2025-12-14,Hyderabad
Hakka Noodles,Chinese,119.0,87,10353.0,60.0,2025-12-15,Hyderabad
Hakka Noodles,Chinese,139.0,57,7923.0,60.0,2025-12-16,Hyderabad
Hakka Noodles,Chinese,119.0,64,7616.0,60.0,2025-12-17,Hyderabad
Hakka Noodles,Chinese,119.0,72,8568.0,60.0,2025-12-18,Hyderabad
Hakka Noodles,Chinese,119.0,59,7021.0,60.0,2025-12-19,Hyderabad
Hakka Noodles,Chinese,129.0,62,7998.0,60.0,2025-12-20,Hyderabad
Hakka Noodles,Chinese,139.0,108,15012.0,60.0,2025-12-21,Hyderabad
Hakka Noodles,Chinese,129.0,63,8127.0,60.0,2025-12-22,Hyderabad
Hakka Noodles,Chinese,139.0,63,8757.0,60.0,2025-12-23,Hyderabad
Hakka Noodles,Chinese,119.0,57,6783.0,60.0,2025-12-24,Hyderabad
Hakka Noodles,Chinese,109.0,94,10246.0,60.0,2025-12-25,Hyderabad
Hakka Noodles,Chinese,149.0,55,8195.0,60.0,2025-12-26,Hyderabad
Hakka Noodles,Chinese,129.0,78,10062.0,60.0,2025-12-27,Hyderabad
Hakka Noodles,Chinese,129.0,119,15351.0,60.0,2025-12-28,Hyderabad
Hakka Noodles,Chinese,139.0,52,7228.0,60.0,2025-12-29,Hyderabad
Hakka Noodles,Chinese,119.0,69,8211.0,60.0,2025-12-30,Hyderabad
Hakka Noodles,Chinese,149.0,59,8791.0,60.0,2025-12-31,Hyderabad
Hakka Noodles,Chinese,139.0,58,8062.0,60.0,2026-01-01,Hyderabad
Hakka Noodles,Chinese,119.0,55,6545.0,60.0,2026-01-02,Hyderabad
Hakka Noodles,Chinese,139.0,74,10286.0,60.0,2026-01-03,Hyderabad
Hakka Noodles,Chinese,139.0,75,10425.0,60.0,2026-01-04,Hyderabad
Hakka Noodles,Chinese,129.0,60,7740.0,60.0,2026-01-05,Hyderabad
Hakka Noodles,Chinese,129.0,47,6063.0,60.0,2026-01-06,Hyderabad
Hakka Noodles,Chinese,119.0,58,6902.0,60.0,2026-01-07,Hyderabad
Hakka Noodles,Chinese,139.0,41,5699.0,60.0,2026-01-08,Hyderabad
Hakka Noodles,Chinese,139.0,67,9313.0,60.0,2026-01-09,Hyderabad
Hakka Noodles,Chinese,149.0,69,10281.0,60.0,2026-01-10,Hyderabad
Hakka Noodles,Chinese,159.0,57,9063.0,60.0,2026-01-11,Hyderabad
Hakka Noodles,Chinese,159.0,36,5724.0,60.0,2026-01-12,Hyderabad
Hakka Noodles,Chinese,139.0,52,7228.0,60.0,2026-01-13,Hyderabad
Hakka Noodles,Chinese,159.0,49,7791.0,60.0,2026-01-14,Hyderabad
Hakka Noodles,Chinese,169.0,38,6422.0,60.0,2026-01-15,Hyderabad
Hakka Noodles,Chinese,169.0,38,6422.0,60.0,2026-01-16,Hyderabad
Hakka Noodles,Chinese,129.0,80,10320.0,60.0,2026-01-17,Hyderabad
Hakka Noodles,Chinese,159.0,84,13356.0,60.0,2026-01-18,Hyderabad
Hakka Noodles,Chinese,159.0,43,6837.0,60.0,2026-01-19,Hyderabad
Hakka Noodles,Chinese,129.0,65,8385.0,60.0,2026-01-20,Hyderabad
Hakka Noodles,Chinese,159.0,41,6519.0,60.0,2026-01-21,Hyderabad
Hakka Noodles,Chinese,129.0,63,8127.0,60.0,2026-01-22,Hyderabad
Hakka Noodles,Chinese,139.0,53,7367.0,60.0,2026-01-23,Hyderabad
Hakka Noodles,Chinese,169.0,55,9295.0,60.0,2026-01-24,Hyderabad
Hakka Noodles,Chinese,139.0,86,11954.0,60.0,2026-01-25,Hyderabad
Hakka Noodles,Chinese,139.0,48,6672.0,60.0,2026-01-26,Hyderabad
Hakka Noodles,Chinese,169.0,25,4225.0,60.0,2026-01-27,Hyderabad
Hakka Noodles,Chinese,139.0,50,6950.0,60.0,2026-01-28,Hyderabad
Hakka Noodles,Chinese,159.0,43,6837.0,60.0,2026-01-29,Hyderabad
Hakka Noodles,Chinese,129.0,59,7611.0,60.0,2026-01-30,Hyderabad
Hakka Noodles,Chinese,159.0,59,9381.0,60.0,2026-01-31,Hyderabad
Hakka Noodles,Chinese,159.0,53,8427.0,60.0,2026-02-01,Hyderabad
Hakka Noodles,Chinese,169.0,41,6929.0,60.0,2026-02-02,Hyderabad
Hakka Noodles,Chinese,139.0,46,6394.0,60.0,2026-02-03,Hyderabad
Hakka Noodles,Chinese,159.0,45,7155.0,60.0,2026-02-04,Hyderabad
Hakka Noodles,Chinese,149.0,44,6556.0,60.0,2026-02-05,Hyderabad
Hakka Noodles,Chinese,149.0,45,6705.0,60.0,2026-02-06,Hyderabad
Hakka Noodles,Chinese,159.0,46,7314.0,60.0,2026-02-07,Hyderabad
Hakka Noodles,Chinese,179.0,56,10024.0,60.0,2026-02-08,Hyderabad
Hakka Noodles,Chinese,159.0,60,9540.0,60.0,2026-02-09,Hyderabad
Hakka Noodles,Chinese,159.0,37,5883.0,60.0,2026-02-10,Hyderabad
Hakka Noodles,Chinese,169.0,54,9126.0,60.0,2026-02-11,Hyderabad
Hakka Noodles,Chinese,169.0,36,6084.0,60.0,2026-02-12,Hyderabad
Hakka Noodles,Chinese,149.0,38,5662.0,60.0,2026-02-13,Hyderabad
Hakka Noodles,Chinese,139.0,73,10147.0,60.0,2026-02-14,Hyderabad
Hakka Noodles,Chinese,179.0,60,10740.0,60.0,2026-02-15,Hyderabad
Hakka Noodles,Chinese,169.0,50,8450.0,60.0,2026-02-16,Hyderabad
Hakka Noodles,Chinese,169.0,62,10478.0,60.0,2026-02-17,Hyderabad
Hakka Noodles,Chinese,139.0,51,7089.0,60.0,2026-02-18,Hyderabad
Hakka Noodles,Chinese,159.0,48,7632.0,60.0,2026-02-19,Hyderabad
Hakka Noodles,Chinese,139.0,58,8062.0,60.0,2026-02-20,Hyderabad
Hakka Noodles,Chinese,139.0,61,8479.0,60.0,2026-02-21,Hyderabad
Hakka Noodles,Chinese,139.0,82,11398.0,60.0,2026-02-22,Hyderabad
Hakka Noodles,Chinese,139.0,45,6255.0,60.0,2026-02-23,Hyderabad
Hakka Noodles,Chinese,139.0,44,6116.0,60.0,2026-02-24,Hyderabad
Hakka Noodles,Chinese,169.0,43,7267.0,60.0,2026-02-25,Hyderabad
Hakka Noodles,Chinese,179.0,30,5370.0,60.0,2026-02-26,Hyderabad
Hakka Noodles,Chinese,159.0,40,6360.0,60.0,2026-02-27,Hyderabad
Hakka Noodles,Chinese,179.0,49,8771.0,60.0,2026-02-28,Hyderabad
Hakka Noodles,Chinese,159.0,50,7950.0,60.0,2026-03-01,Hyderabad
Hakka Noodles,Chinese,179.0,46,8234.0,60.0,2026-03-02,Hyderabad
Hakka Noodles,Chinese,169.0,43,7267.0,60.0,2026-03-03,Hyderabad
Hakka Noodles,Chinese,139.0,63,8757.0,60.0,2026-03-04,Hyderabad
Hakka Noodles,Chinese,169.0,31,5239.0,60.0,2026-03-05,Hyderabad
Hakka Noodles,Chinese,159.0,54,8586.0,60.0,2026-03-06,Hyderabad
Hakka Noodles,Chinese,179.0,46,8234.0,60.0,2026-03-07,Hyderabad
Hakka Noodles,Chinese,169.0,59,9971.0,60.0,2026-03-08,Hyderabad
Hakka Noodles,Chinese,149.0,44,6556.0,60.0,2026-03-09,Hyderabad
Hakka Noodles,Chinese,189.0,33,6237.0,60.0,2026-03-10,Hyderabad
Hakka Noodles,Chinese,199.0,30,5970.0,60.0,2026-03-11,Hyderabad
Hakka Noodles,Chinese,199.0,44,8756.0,60.0,2026-03-12,Hyderabad
Hakka Noodles,Chinese,169.0,43,7267.0,60.0,2026-03-13,Hyderabad
Hakka Noodles,Chinese,179.0,60,10740.0,60.0,2026-03-14,Hyderabad
Hakka Noodles,Chinese,159.0,69,10971.0,60.0,2026-03-15,Hyderabad
Hakka Noodles,Chinese,189.0,45,8505.0,60.0,2026-03-16,Hyderabad
Hakka Noodles,Chinese,159.0,50,7950.0,60.0,2026-03-17,Hyderabad
Hakka Noodles,Chinese,169.0,40,6760.0,60.0,2026-03-18,Hyderabad
Hakka Noodles,Chinese,199.0,33,6567.0,60.0,2026-03-19,Hyderabad
Hakka Noodles,Chinese,179.0,29,5191.0,60.0,2026-03-20,Hyderabad
Hakka Noodles,Chinese,159.0,64,10176.0,60.0,2026-03-21,Hyderabad
Hakka Noodles,Chinese,159.0,77,12243.0,60.0,2026-03-22,Hyderabad
Hakka Noodles,Chinese,169.0,50,8450.0,60.0,2026-03-23,Hyderabad
Hakka Noodles,Chinese,179.0,35,6265.0,60.0,2026-03-24,Hyderabad
Hakka Noodles,Chinese,179.0,34,6086.0,60.0,2026-03-25,Hyderabad
Hakka Noodles,Chinese,199.0,32,6368.0,60.0,2026-03-26,Hyderabad
Hakka Noodles,Chinese,189.0,35,6615.0,60.0,2026-03-27,Hyderabad
Hakka Noodles,Chinese,179.0,44,7876.0,60.0,2026-03-28,Hyderabad
Hakka Noodles,Chinese,169.0,69,11661.0,60.0,2026-03-29,Hyderabad
Hakka Noodles,Chinese,199.0,55,10945.0,60.0,2026-03-30,Hyderabad
Hakka Noodles,Chinese,199.0,34,6766.0,60.0,2026-03-31,Hyderabad
Hakka Noodles,Chinese,199.0,31,6169.0,60.0,2026-04-01,Hyderabad
Hakka Noodles,Chinese,169.0,37,6253.0,60.0,2026-04-02,Hyderabad
Hakka Noodles,Chinese,189.0,34,6426.0,60.0,2026-04-03,Hyderabad
Hakka Noodles,Chinese,189.0,50,9450.0,60.0,2026-04-04,Hyderabad
Hakka Noodles,Chinese,179.0,33,5907.0,60.0,2026-04-05,Hyderabad
Hakka Noodles,Chinese,189.0,30,5670.0,60.0,2026-04-06,Hyderabad
Hakka Noodles,Chinese,189.0,39,7371.0,60.0,2026-04-07,Hyderabad
Hakka Noodles,Chinese,189.0,36,6804.0,60.0,2026-04-08,Hyderabad
Hakka Noodles,Chinese,199.0,48,9552.0,60.0,2026-04-09,Hyderabad
Hakka Noodles,Chinese,199.0,39,7761.0,60.0,2026-04-10,Hyderabad
Hakka Noodles,Chinese,189.0,54,10206.0,60.0,2026-04-11,Hyderabad
Hakka Noodles,Chinese,209.0,48,10032.0,60.0,2026-04-12,Hyderabad
Hakka Noodles,Chinese,179.0,45,8055.0,60.0,2026-04-13,Hyderabad
Hakka Noodles,Chinese,199.0,40,7960.0,60.0,2026-04-14,Hyderabad
Hakka Noodles,Chinese,219.0,31,6789.0,60.0,2026-04-15,Hyderabad
Hakka Noodles,Chinese,199.0,38,7562.0,60.0,2026-04-16,Hyderabad
Hakka Noodles,Chinese,179.0,33,5907.0,60.0,2026-04-17,Hyderabad
Hakka Noodles,Chinese,199.0,45,8955.0,60.0,2026-04-18,Hyderabad
Hakka Noodles,Chinese,199.0,60,11940.0,60.0,2026-04-19,Hyderabad
Hakka Noodles,Chinese,189.0,32,6048.0,60.0,2026-04-20,Hyderabad
Hakka Noodles,Chinese,189.0,26,4914.0,60.0,2026-04-21,Hyderabad
Hakka Noodles,Chinese,219.0,38,8322.0,60.0,2026-04-22,Hyderabad
Hakka Noodles,Chinese,219.0,23,5037.0,60.0,2026-04-23,Hyderabad
Hakka Noodles,Chinese,199.0,33,6567.0,60.0,2026-04-24,Hyderabad
Hakka Noodles,Chinese,209.0,58,12122.0,60.0,2026-04-25,Hyderabad
Hakka Noodles,Chinese,219.0,52,11388.0,60.0,2026-04-26,Hyderabad
Hakka Noodles,Chinese,219.0,23,5037.0,60.0,2026-04-27,Hyderabad
Hakka Noodles,Chinese,199.0,32,6368.0,60.0,2026-04-28,Hyderabad
Hakka Noodles,Chinese,219.0,33,7227.0,60.0,2026-04-29,Hyderabad
Hakka Noodles,Chinese,219.0,30,6570.0,60.0,2026-04-30,Hyderabad
Hakka Noodles,Chinese,219.0,33,7227.0,60.0,2026-05-01,Hyderabad
Hakka Noodles,Chinese,199.0,67,13333.0,60.0,2026-05-02,Hyderabad
Hakka Noodles,Chinese,179.0,92,16468.0,60.0,2026-05-03,Hyderabad
Hakka Noodles,Chinese,209.0,51,10659.0,60.0,2026-05-04,Hyderabad
Hakka Noodles,Chinese,189.0,45,8505.0,60.0,2026-05-05,Hyderabad
Hakka Noodles,Chinese,199.0,44,8756.0,60.0,2026-05-06,Hyderabad
Hakka Noodles,Chinese,209.0,50,10450.0,60.0,2026-05-07,Hyderabad
Hakka Noodles,Chinese,219.0,52,11388.0,60.0,2026-05-08,Hyderabad
Hakka Noodles,Chinese,109.0,143,15587.0,60.0,2026-05-09,Hyderabad
Hakka Noodles,Chinese,119.0,104,12376.0,60.0,2026-05-10,Hyderabad
Hakka Noodles,Chinese,119.0,91,10829.0,60.0,2026-05-11,Hyderabad
Hakka Noodles,Chinese,109.0,113,12317.0,60.0,2026-05-12,Hyderabad
Hakka Noodles,Chinese,139.0,84,11676.0,60.0,2026-05-13,Hyderabad
Hakka Noodles,Chinese,149.0,65,9685.0,60.0,2026-05-14,Hyderabad
Hakka Noodles,Chinese,149.0,64,9536.0,60.0,2026-05-15,Hyderabad
Hakka Noodles,Chinese,119.0,92,10948.0,60.0,2026-05-16,Hyderabad
Hakka Noodles,Chinese,149.0,98,14602.0,60.0,2026-05-17,Hyderabad
Hakka Noodles,Chinese,119.0,81,9639.0,60.0,2026-05-18,Hyderabad
Hakka Noodles,Chinese,129.0,84,10836.0,60.0,2026-05-19,Hyderabad
Hakka Noodles,Chinese,149.0,55,8195.0,60.0,2026-05-20,Hyderabad
Hakka Noodles,Chinese,119.0,68,8092.0,60.0,2026-05-21,Hyderabad
Hakka Noodles,Chinese,119.0,83,9877.0,60.0,2026-05-22,Hyderabad
Hakka Noodles,Chinese,129.0,116,14964.0,60.0,2026-05-23,Hyderabad
Hakka Noodles,Chinese,139.0,106,14734.0,60.0,2026-05-24,Hyderabad
Hakka Noodles,Chinese,109.0,102,11118.0,60.0,2026-05-25,Hyderabad
Hakka Noodles,Chinese,109.0,75,8175.0,60.0,2026-05-26,Hyderabad
Hakka Noodles,Chinese,129.0,86,11094.0,60.0,2026-05-27,Hyderabad
Hakka Noodles,Chinese,109.0,129,14061.0,60.0,2026-05-28,Hyderabad
Hakka Noodles,Chinese,139.0,73,10147.0,60.0,2026-05-29,Hyderabad
Hakka Noodles,Chinese,109.0,158,17222.0,60.0,2026-05-30,Hyderabad
Hakka Noodles,Chinese,149.0,85,12665.0,60.0,2026-05-31,Hyderabad
Hakka Noodles,Chinese,139.0,67,9313.0,60.0,2026-06-01,Hyderabad
Hakka Noodles,Chinese,149.0,57,8493.0,60.0,2026-06-02,Hyderabad
Hakka Noodles,Chinese,139.0,69,9591.0,60.0,2026-06-03,Hyderabad
Hakka Noodles,Chinese,109.0,68,7412.0,60.0,2026-06-04,Hyderabad
Hakka Noodles,Chinese,129.0,69,8901.0,60.0,2026-06-05,Hyderabad
