datasets/sample_data/sales_sample.csv
Product Name,Category,Price,Units Sold,Revenue,Cost,Date,Region
Hakka Noodles,Chinese,119.0,58,6902.0,60.0,2025-12-10,Pune
Hakka Noodles,Chinese,109.0,94,10246.0,60.0,2025-12-11,Pune
Hakka Noodles,Chinese,139.0,49,6811.0,60.0,2025-12-12,Pune
Hakka Noodles,Chinese,129.0,92,11868.0,60.0,2025-12-13,Pune
Hakka Noodles,Chinese,139.0,117,16263.0,60.0,2025-12-14,Pune
Hakka Noodles,Chinese,109.0,95,10355.0,60.0,2025-12-15,Pune
Hakka Noodles,Chinese,119.0,84,9996.0,60.0,2025-12-16,Pune
Hakka Noodles,Chinese,109.0,88,9592.0,60.0,2025-12-17,Pune
Hakka Noodles,Chinese,129.0,80,10320.0,60.0,2025-12-18,Pune
Hakka Noodles,Chinese,129.0,54,6966.0,60.0,2025-12-19,Pune
Hakka Noodles,Chinese,149.0,72,10728.0,60.0,2025-12-20,Pune
Hakka Noodles,Chinese,129.0,100,12900.0,60.0,2025-12-21,Pune
Hakka Noodles,Chinese,109.0,73,7957.0,60.0,2025-12-22,Pune
Hakka Noodles,Chinese,149.0,72,10728.0,60.0,2025-12-23,Pune
Hakka Noodles,Chinese,109.0,84,9156.0,60.0,2025-12-24,Pune
Hakka Noodles,Chinese,129.0,66,8514.0,60.0,2025-12-25,Pune
Hakka Noodles,Chinese,149.0,62,9238.0,60.0,2025-12-26,Pune
Hakka Noodles,Chinese,139.0,64,8896.0,60.0,2025-12-27,Pune
Hakka Noodles,Chinese,149.0,59,8791.0,60.0,2025-12-28,Pune
Hakka Noodles,Chinese,139.0,81,11259.0,60.0,2025-12-29,Pune
Hakka Noodles,Chinese,139.0,64,8896.0,60.0,2025-12-30,Pune
Hakka Noodles,Chinese,149.0,65,9685.0,60.0,2025-12-31,Pune
Hakka Noodles,Chinese,109.0,51,5559.0,60.0,2026-01-01,Pune
Hakka Noodles,Chinese,149.0,43,6407.0,60.0,2026-01-02,Pune
Hakka Noodles,Chinese,129.0,70,9030.0,60.0,2026-01-03,Pune
Hakka Noodles,Chinese,129.0,71,9159.0,60.0,2026-01-04,Pune
Hakka Noodles,Chinese,139.0,54,7506.0,60.0,2026-01-05,Pune
Hakka Noodles,Chinese,139.0,49,6811.0,60.0,2026-01-06,Pune
Hakka Noodles,Chinese,149.0,35,5215.0,60.0,2026-01-07,Pune
Hakka Noodles,Chinese,119.0,71,8449.0,60.0,2026-01-08,Pune
Hakka Noodles,Chinese,129.0,54,6966.0,60.0,2026-01-09,Pune
Hakka Noodles,Chinese,139.0,75,10425.0,60.0,2026-01-10,Pune
Hakka Noodles,Chinese,129.0,77,9933.0,60.0,2026-01-11,Pune
Hakka Noodles,Chinese,149.0,43,6407.0,60.0,2026-01-12,Pune
Hakka Noodles,Chinese,169.0,37,6253.0,60.0,2026-01-13,Pune
Hakka Noodles,Chinese,159.0,51,8109.0,60.0,2026-01-14,Pune
Hakka Noodles,Chinese,149.0,46,6854.0,60.0,2026-01-15,Pune
Hakka Noodles,Chinese,169.0,25,4225.0,60.0,2026-01-16,Pune
Hakka Noodles,Chinese,139.0,62,8618.0,60.0,2026-01-17,Pune
Hakka Noodles,Chinese,159.0,54,8586.0,60.0,2026-01-18,Pune
Hakka Noodles,Chinese,169.0,36,6084.0,60.0,2026-01-19,Pune
Hakka Noodles,Chinese,159.0,48,7632.0,60.0,2026-01-20,Pune
Hakka Noodles,Chinese,129.0,43,5547.0,60.0,2026-01-21,Pune
Hakka Noodles,Chinese,159.0,36,5724.0,60.0,2026-01-22,Pune
Hakka Noodles,Chinese,149.0,60,8940.0,60.0,2026-01-23,Pune
Hakka Noodles,Chinese,139.0,74,10286.0,60.0,2026-01-24,Pune
Hakka Noodles,Chinese,149.0,65,9685.0,60.0,2026-01-25,Pune
Hakka Noodles,Chinese,139.0,51,7089.0,60.0,2026-01-26,Pune
Hakka Noodles,Chinese,139.0,57,7923.0,60.0,2026-01-27,Pune
Hakka Noodles,Chinese,129.0,50,6450.0,60.0,2026-01-28,Pune
Hakka Noodles,Chinese,159.0,41,6519.0,60.0,2026-01-29,Pune
Hakka Noodles,Chinese,159.0,47,7473.0,60.0,2026-01-30,Pune
Hakka Noodles,Chinese,169.0,53,8957.0,60.0,2026-01-31,Pune
Hakka Noodles,Chinese,129.0,88,11352.0,60.0,2026-02-01,Pune
Hakka Noodles,Chinese,139.0,51,7089.0,60.0,2026-02-02,Pune
Hakka Noodles,Chinese,169.0,40,6760.0,60.0,2026-02-03,Pune
Hakka Noodles,Chinese,129.0,42,5418.0,60.0,2026-02-04,Pune
Hakka Noodles,Chinese,159.0,43,6837.0,60.0,2026-02-05,Pune
Hakka Noodles,Chinese,169.0,41,6929.0,60.0,2026-02-06,Pune
Hakka Noodles,Chinese,129.0,67,8643.0,60.0,2026-02-07,Pune
Hakka Noodles,Chinese,179.0,69,12351.0,60.0,2026-02-08,Pune
Hakka Noodles,Chinese,159.0,44,6996.0,60.0,2026-02-09,Pune
Hakka Noodles,Chinese,169.0,45,7605.0,60.0,2026-02-10,Pune
Hakka Noodles,Chinese,179.0,46,8234.0,60.0,2026-02-11,Pune
Hakka Noodles,Chinese,149.0,46,6854.0,60.0,2026-02-12,Pune
Hakka Noodles,Chinese,149.0,57,8493.0,60.0,2026-02-13,Pune
Hakka Noodles,Chinese,179.0,54,9666.0,60.0,2026-02-14,Pune
Hakka Noodles,Chinese,169.0,58,9802.0,60.0,2026-02-15,Pune
Hakka Noodles,Chinese,169.0,58,9802.0,60.0,2026-02-16,Pune
Hakka Noodles,Chinese,149.0,58,8642.0,60.0,2026-02-17,Pune
Hakka Noodles,Chinese,149.0,47,7003.0,60.0,2026-02-18,Pune
Hakka Noodles,Chinese,159.0,58,9222.0,60.0,2026-02-19,Pune
Hakka Noodles,Chinese,179.0,44,7876.0,60.0,2026-02-20,Pune
Hakka Noodles,Chinese,139.0,87,12093.0,60.0,2026-02-21,Pune
Hakka Noodles,Chinese,179.0,45,8055.0,60.0,2026-02-22,Pune
Hakka Noodles,Chinese,169.0,53,8957.0,60.0,2026-02-23,Pune
Hakka Noodles,Chinese,139.0,58,8062.0,60.0,2026-02-24,Pune
Hakka Noodles,Chinese,149.0,43,6407.0,60.0,2026-02-25,Pune
Hakka Noodles,Chinese,149.0,43,6407.0,60.0,2026-02-26,Pune
Hakka Noodles,Chinese,149.0,43,6407.0,60.0,2026-02-27,Pune
Hakka Noodles,Chinese,179.0,57,10203.0,60.0,2026-02-28,Pune
Hakka Noodles,Chinese,139.0,73,10147.0,60.0,2026-03-01,Pune
Hakka Noodles,Chinese,149.0,50,7450.0,60.0,2026-03-02,Pune
Hakka Noodles,Chinese,169.0,52,8788.0,60.0,2026-03-03,Pune
Hakka Noodles,Chinese,179.0,39,6981.0,60.0,2026-03-04,Pune
Hakka Noodles,Chinese,139.0,45,6255.0,60.0,2026-03-05,Pune
Hakka Noodles,Chinese,149.0,62,9238.0,60.0,2026-03-06,Pune
Hakka Noodles,Chinese,149.0,50,7450.0,60.0,2026-03-07,Pune
Hakka Noodles,Chinese,139.0,86,11954.0,60.0,2026-03-08,Pune
Hakka Noodles,Chinese,169.0,52,8788.0,60.0,2026-03-09,Pune
Hakka Noodles,Chinese,159.0,55,8745.0,60.0,2026-03-10,Pune
Hakka Noodles,Chinese,199.0,43,8557.0,60.0,2026-03-11,Pune
Hakka Noodles,Chinese,199.0,29,5771.0,60.0,2026-03-12,Pune
Hakka Noodles,Chinese,159.0,38,6042.0,60.0,2026-03-13,Pune
Hakka Noodles,Chinese,169.0,59,9971.0,60.0,2026-03-14,Pune
Hakka Noodles,Chinese,169.0,78,13182.0,60.0,2026-03-15,Pune
Hakka Noodles,Chinese,189.0,47,8883.0,60.0,2026-03-16,Pune
Hakka Noodles,Chinese,189.0,42,7938.0,60.0,2026-03-17,Pune
Hakka Noodles,Chinese,179.0,32,5728.0,60.0,2026-03-18,Pune
Hakka Noodles,Chinese,179.0,36,6444.0,60.0,2026-03-19,Pune
Hakka Noodles,Chinese,199.0,37,7363.0,60.0,2026-03-20,Pune
Hakka Noodles,Chinese,179.0,73,13067.0,60.0,2026-03-21,Pune
Hakka Noodles,Chinese,189.0,54,10206.0,60.0,2026-03-22,Pune
Hakka Noodles,Chinese,189.0,34,6426.0,60.0,2026-03-23,Pune
Hakka Noodles,Chinese,179.0,50,8950.0,60.0,2026-03-24,Pune
Hakka Noodles,Chinese,189.0,40,7560.0,60.0,2026-03-25,Pune
Hakka Noodles,Chinese,199.0,35,6965.0,60.0,2026-03-26,Pune
Hakka Noodles,Chinese,159.0,56,8904.0,60.0,2026-03-27,Pune
Hakka Noodles,Chinese,179.0,57,10203.0,60.0,2026-03-28,Pune
Hakka Noodles,Chinese,169.0,68,11492.0,60.0,2026-03-29,Pune
Hakka Noodles,Chinese,169.0,37,6253.0,60.0,2026-03-30,Pune
Hakka Noodles,Chinese,199.0,37,7363.0,60.0,2026-03-31,Pune
Hakka Noodles,Chinese,189.0,41,7749.0,60.0,2026-04-01,Pune
Hakka Noodles,Chinese,199.0,45,8955.0,60.0,2026-04-02,Pune
Hakka Noodles,Chinese,189.0,50,9450.0,60.0,2026-04-03,Pune
Hakka Noodles,Chinese,169.0,43,7267.0,60.0,2026-04-04,Pune
Hakka Noodles,Chinese,189.0,62,11718.0,60.0,2026-04-05,Pune
Hakka Noodles,Chinese,179.0,35,6265.0,60.0,2026-04-06,Pune
Hakka Noodles,Chinese,199.0,34,6766.0,60.0,2026-04-07,Pune
Hakka Noodles,Chinese,189.0,44,8316.0,60.0,2026-04-08,Pune
Hakka Noodles,Chinese,179.0,48,8592.0,60.0,2026-04-09,Pune
Hakka Noodles,Chinese,179.0,37,6623.0,60.0,2026-04-10,Pune
Hakka Noodles,Chinese,199.0,55,10945.0,60.0,2026-04-11,Pune
Hakka Noodles,Chinese,199.0,50,9950.0,60.0,2026-04-12,Pune
Hakka Noodles,Chinese,179.0,39,6981.0,60.0,2026-04-13,Pune
Hakka Noodles,Chinese,189.0,52,9828.0,60.0,2026-04-14,Pune
Hakka Noodles,Chinese,179.0,46,8234.0,60.0,2026-04-15,Pune
Hakka Noodles,Chinese,209.0,37,7733.0,60.0,2026-04-16,Pune
Hakka Noodles,Chinese,189.0,37,6993.0,60.0,2026-04-17,Pune
Hakka Noodles,Chinese,219.0,57,12483.0,60.0,2026-04-18,Pune
Hakka Noodles,Chinese,189.0,63,11907.0,60.0,2026-04-19,Pune
Hakka Noodles,Chinese,199.0,42,8358.0,60.0,2026-04-20,Pune
Hakka Noodles,Chinese,219.0,38,8322.0,60.0,2026-04-21,Pune
Hakka Noodles,Chinese,189.0,29,5481.0,60.0,2026-04-22,Pune
Hakka Noodles,Chinese,189.0,37,6993.0,60.0,2026-04-23,Pune
Hakka Noodles,Chinese,179.0,46,8234.0,60.0,2026-04-24,Pune
Hakka Noodles,Chinese,189.0,64,12096.0,60.0,2026-04-25,Pune
Hakka Noodles,Chinese,179.0,49,8771.0,60.0,2026-04-26,Pune
Hakka Noodles,Chinese,219.0,38,8322.0,60.0,2026-04-27,Pune
Hakka Noodles,Chinese,209.0,34,7106.0,60.0,2026-04-28,Pune
Hakka Noodles,Chinese,179.0,34,6086.0,60.0,2026-04-29,Pune
Hakka Noodles,Chinese,219.0,35,7665.0,60.0,2026-04-30,Pune
Hakka Noodles,Chinese,179.0,55,9845.0,60.0,2026-05-01,Pune
Hakka Noodles,Chinese,189.0,55,10395.0,60.0,2026-05-02,Pune
Hakka Noodles,Chinese,219.0,58,12702.0,60.0,2026-05-03,Pune
Hakka Noodles,Chinese,199.0,53,10547.0,60.0,2026-05-04,Pune
Hakka Noodles,Chinese,199.0,49,9751.0,60.0,2026-05-05,Pune
Hakka Noodles,Chinese,209.0,44,9196.0,60.0,2026-05-06,Pune
Hakka Noodles,Chinese,219.0,46,10074.0,60.0,2026-05-07,Pune
Hakka Noodles,Chinese,209.0,36,7524.0,60.0,2026-05-08,Pune
Hakka Noodles,Chinese,149.0,88,13112.0,60.0,2026-05-09,Pune
Hakka Noodles,Chinese,129.0,110,14190.0,60.0,2026-05-10,Pune
Hakka Noodles,Chinese,119.0,69,8211.0,60.0,2026-05-11,Pune
Hakka Noodles,Chinese,119.0,76,9044.0,60.0,2026-05-12,Pune
Hakka Noodles,Chinese,129.0,87,11223.0,60.0,2026-05-13,Pune
Hakka Noodles,Chinese,129.0,90,11610.0,60.0,2026-05-14,Pune
Hakka Noodles,Chinese,149.0,69,10281.0,60.0,2026-05-15,Pune
Hakka Noodles,Chinese,149.0,90,13410.0,60.0,2026-05-16,Pune
Hakka Noodles,Chinese,129.0,96,12384.0,60.0,2026-05-17,Pune
Hakka Noodles,Chinese,119.0,89,10591.0,60.0,2026-05-18,Pune
Hakka Noodles,Chinese,149.0,88,13112.0,60.0,2026-05-19,Pune
Hakka Noodles,Chinese,119.0,83,9877.0,60.0,2026-05-20,Pune
Hakka Noodles,Chinese,119.0,63,7497.0,60.0,2026-05-21,Pune
Hakka Noodles,Chinese,109.0,105,11445.0,60.0,2026-05-22,Pune
Hakka Noodles,Chinese,139.0,100,13900.0,60.0,2026-05-23,Pune
Hakka Noodles,Chinese,149.0,77,11473.0,60.0,2026-05-24,Pune
Hakka Noodles,Chinese,149.0,56,8344.0,60.0,2026-05-25,Pune
Hakka Noodles,Chinese,119.0,88,10472.0,60.0,2026-05-26,Pune
Hakka Noodles,Chinese,139.0,57,7923.0,60.0,2026-05-27,Pune
Hakka Noodles,Chinese,109.0,83,9047.0,60.0,2026-05-28,Pune
Hakka Noodles,Chinese,139.0,81,11259.0,60.0,2026-05-29,Pune
Hakka Noodles,Chinese,109.0,145,15805.0,60.0,2026-05-30,Pune
Hakka Noodles,Chinese,109.0,104,11336.0,60.0,2026-05-31,Pune
Hakka Noodles,Chinese,139.0,69,9591.0,60.0,2026-06-01,Pune
Hakka Noodles,Chinese,129.0,88,11352.0,60.0,2026-06-02,Pune
Hakka Noodles,Chinese,119.0,104,12376.0,60.0,2026-06-03,Pune
Hakka Noodles,Chinese,129.0,62,7998.0,60.0,2026-06-04,Pune
Hakka Noodles,Chinese,149.0,77,11473.0,60.0,2026-06-05,Pune
