datasets/sample_data/sales_sample.csv
Product Name,Category,Price,Units Sold,Revenue,Cost,Date,Region
Salmon Sushi,Sushi,439.0,22,9658.0,220.0,2025-12-10,Chennai
Salmon Sushi,Sushi,419.0,23,9637.0,220.0,2025-12-11,Chennai
Salmon Sushi,Sushi,439.0,25,10975.0,220.0,2025-12-12,Chennai
Salmon Sushi,Sushi,429.0,27,11583.0,220.0,2025-12-13,Chennai
Salmon Sushi,Sushi,409.0,35,14315.0,220.0,2025-12-14,Chennai
Salmon Sushi,Sushi,409.0,20,8180.0,220.0,2025-12-15,Chennai
Salmon Sushi,Sushi,439.0,21,9219.0,220.0,2025-12-16,Chennai
Salmon Sushi,Sushi,449.0,24,10776.0,220.0,2025-12-17,Chennai
Salmon Sushi,Sushi,419.0,28,11732.0,220.0,2025-12-18,Chennai
Salmon Sushi,Sushi,409.0,22,8998.0,220.0,2025-12-19,Chennai
Salmon Sushi,Sushi,449.0,28,12572.0,220.0,2025-12-20,Chennai
Salmon Sushi,Sushi,429.0,46,19734.0,220.0,2025-12-21,Chennai
Salmon Sushi,Sushi,439.0,24,10536.0,220.0,2025-12-22,Chennai
Salmon Sushi,Sushi,449.0,24,10776.0,220.0,2025-12-23,Chennai
Salmon Sushi,Sushi,409.0,26,10634.0,220.0,2025-12-24,Chennai
Salmon Sushi,Sushi,419.0,29,12151.0,220.0,2025-12-25,Chennai
Salmon Sushi,Sushi,419.0,28,11732.0,220.0,2025-12-26,Chennai
Salmon Sushi,Sushi,429.0,37,15873.0,220.0,2025-12-27,Chennai
Salmon Sushi,Sushi,439.0,33,14487.0,220.0,2025-12-28,Chennai
Salmon Sushi,Sushi,449.0,16,7184.0,220.0,2025-12-29,Chennai
Salmon Sushi,Sushi,439.0,26,11414.0,220.0,2025-12-30,Chennai
Salmon Sushi,Sushi,449.0,24,10776.0,220.0,2025-12-31,Chennai
Salmon Sushi,Sushi,449.0,20,8980.0,220.0,2026-01-01,Chennai
Salmon Sushi,Sushi,409.0,18,7362.0,220.0,2026-01-02,Chennai
Salmon Sushi,Sushi,439.0,28,12292.0,220.0,2026-01-03,Chennai
Salmon Sushi,Sushi,429.0,33,14157.0,220.0,2026-01-04,Chennai
Salmon Sushi,Sushi,439.0,21,9219.0,220.0,2026-01-05,Chennai
Salmon Sushi,Sushi,429.0,25,10725.0,220.0,2026-01-06,Chennai
Salmon Sushi,Sushi,449.0,20,8980.0,220.0,2026-01-07,Chennai
Salmon Sushi,Sushi,429.0,18,7722.0,220.0,2026-01-08,Chennai
Salmon Sushi,Sushi,469.0,21,9849.0,220.0,2026-01-09,Chennai
Salmon Sushi,Sushi,439.0,25,10975.0,220.0,2026-01-10,Chennai
Salmon Sushi,Sushi,459.0,20,9180.0,220.0,2026-01-11,Chennai
Salmon Sushi,Sushi,479.0,16,7664.0,220.0,2026-01-12,Chennai
Salmon Sushi,Sushi,449.0,20,8980.0,220.0,2026-01-13,Chennai
Salmon Sushi,Sushi,459.0,17,7803.0,220.0,2026-01-14,Chennai
Salmon Sushi,Sushi,469.0,19,8911.0,220.0,2026-01-15,Chennai
Salmon Sushi,Sushi,479.0,17,8143.0,220.0,2026-01-16,Chennai
Salmon Sushi,Sushi,459.0,33,15147.0,220.0,2026-01-17,Chennai
Salmon Sushi,Sushi,479.0,26,12454.0,220.0,2026-01-18,Chennai
Salmon Sushi,Sushi,449.0,17,7633.0,220.0,2026-01-19,Chennai
Salmon Sushi,Sushi,459.0,21,9639.0,220.0,2026-01-20,Chennai
Salmon Sushi,Sushi,469.0,20,9380.0,220.0,2026-01-21,Chennai
Salmon Sushi,Sushi,439.0,20,8780.0,220.0,2026-01-22,Chennai
Salmon Sushi,Sushi,459.0,20,9180.0,220.0,2026-01-23,Chennai
Salmon Sushi,Sushi,479.0,21,10059.0,220.0,2026-01-24,Chennai
Salmon Sushi,Sushi,439.0,30,13170.0,220.0,2026-01-25,Chennai
Salmon Sushi,Sushi,439.0,21,9219.0,220.0,2026-01-26,Chennai
Salmon Sushi,Sushi,449.0,17,7633.0,220.0,2026-01-27,Chennai
Salmon Sushi,Sushi,459.0,20,9180.0,220.0,2026-01-28,Chennai
Salmon Sushi,Sushi,459.0,20,9180.0,220.0,2026-01-29,Chennai
Salmon Sushi,Sushi,459.0,19,8721.0,220.0,2026-01-30,Chennai
Salmon Sushi,Sushi,469.0,24,11256.0,220.0,2026-01-31,Chennai
Salmon Sushi,Sushi,459.0,26,11934.0,220.0,2026-02-01,Chennai
Salmon Sushi,Sushi,459.0,19,8721.0,220.0,2026-02-02,Chennai
Salmon Sushi,Sushi,469.0,13,6097.0,220.0,2026-02-03,Chennai
Salmon Sushi,Sushi,459.0,17,7803.0,220.0,2026-02-04,Chennai
Salmon Sushi,Sushi,479.0,20,9580.0,220.0,2026-02-05,Chennai
Salmon Sushi,Sushi,459.0,19,8721.0,220.0,2026-02-06,Chennai
Salmon Sushi,Sushi,459.0,25,11475.0,220.0,2026-02-07,Chennai
Salmon Sushi,Sushi,509.0,17,8653.0,220.0,2026-02-08,Chennai
Salmon Sushi,Sushi,479.0,18,8622.0,220.0,2026-02-09,Chennai
Salmon Sushi,Sushi,479.0,21,10059.0,220.0,2026-02-10,Chennai
Salmon Sushi,Sushi,519.0,18,9342.0,220.0,2026-02-11,Chennai
Salmon Sushi,Sushi,509.0,20,10180.0,220.0,2026-02-12,Chennai
Salmon Sushi,Sushi,519.0,16,8304.0,220.0,2026-02-13,Chennai
Salmon Sushi,Sushi,509.0,21,10689.0,220.0,2026-02-14,Chennai
Salmon Sushi,Sushi,519.0,25,12975.0,220.0,2026-02-15,Chennai
Salmon Sushi,Sushi,489.0,16,7824.0,220.0,2026-02-16,Chennai
Salmon Sushi,Sushi,499.0,15,7485.0,220.0,2026-02-17,Chennai
Salmon Sushi,Sushi,519.0,24,12456.0,220.0,2026-02-18,Chennai
Salmon Sushi,Sushi,509.0,19,9671.0,220.0,2026-02-19,Chennai
Salmon Sushi,Sushi,479.0,17,8143.0,220.0,2026-02-20,Chennai
Salmon Sushi,Sushi,519.0,26,13494.0,220.0,2026-02-21,Chennai
Salmon Sushi,Sushi,479.0,30,14370.0,220.0,2026-02-22,Chennai
Salmon Sushi,Sushi,489.0,24,11736.0,220.0,2026-02-23,Chennai
Salmon Sushi,Sushi,499.0,20,9980.0,220.0,2026-02-24,Chennai
Salmon Sushi,Sushi,489.0,20,9780.0,220.0,2026-02-25,Chennai
Salmon Sushi,Sushi,499.0,23,11477.0,220.0,2026-02-26,Chennai
Salmon Sushi,Sushi,499.0,20,9980.0,220.0,2026-02-27,Chennai
Salmon Sushi,Sushi,519.0,19,9861.0,220.0,2026-02-28,Chennai
Salmon Sushi,Sushi,479.0,32,15328.0,220.0,2026-03-01,Chennai
Salmon Sushi,Sushi,499.0,22,10978.0,220.0,2026-03-02,Chennai
Salmon Sushi,Sushi,519.0,15,7785.0,220.0,2026-03-03,Chennai
Salmon Sushi,Sushi,479.0,20,9580.0,220.0,2026-03-04,Chennai
Salmon Sushi,Sushi,489.0,18,8802.0,220.0,2026-03-05,Chennai
Salmon Sushi,Sushi,509.0,17,8653.0,220.0,2026-03-06,Chennai
Salmon Sushi,Sushi,519.0,20,10380.0,220.0,2026-03-07,Chennai
Salmon Sushi,Sushi,489.0,37,18093.0,220.0,2026-03-08,Chennai
Salmon Sushi,Sushi,519.0,20,10380.0,220.0,2026-03-09,Chennai
Salmon Sushi,Sushi,519.0,20,10380.0,220.0,2026-03-10,Chennai
Salmon Sushi,Sushi,519.0,19,9861.0,220.0,2026-03-11,Chennai
Salmon Sushi,Sushi,529.0,14,7406.0,220.0,2026-03-12,Chennai
Salmon Sushi,Sushi,539.0,22,11858.0,220.0,2026-03-13,Chennai
Salmon Sushi,Sushi,529.0,23,12167.0,220.0,2026-03-14,Chennai
Salmon Sushi,Sushi,549.0,28,15372.0,220.0,2026-03-15,Chennai
Salmon Sushi,Sushi,529.0,17,8993.0,220.0,2026-03-16,Chennai
Salmon Sushi,Sushi,509.0,16,8144.0,220.0,2026-03-17,Chennai
Salmon Sushi,Sushi,519.0,19,9861.0,220.0,2026-03-18,Chennai
Salmon Sushi,Sushi,539.0,21,11319.0,220.0,2026-03-19,Chennai
Salmon Sushi,Sushi,549.0,23,12627.0,220.0,2026-03-20,Chennai
Salmon Sushi,Sushi,539.0,22,11858.0,220.0,2026-03-21,Chennai
Salmon Sushi,Sushi,519.0,24,12456.0,220.0,2026-03-22,Chennai
Salmon Sushi,Sushi,509.0,13,6617.0,220.0,2026-03-23,Chennai
Salmon Sushi,Sushi,519.0,20,10380.0,220.0,2026-03-24,Chennai
Salmon Sushi,Sushi,529.0,16,8464.0,220.0,2026-03-25,Chennai
Salmon Sushi,Sushi,549.0,16,8784.0,220.0,2026-03-26,Chennai
Salmon Sushi,Sushi,539.0,20,10780.0,220.0,2026-03-27,Chennai
Salmon Sushi,Sushi,509.0,29,14761.0,220.0,2026-03-28,Chennai
Salmon Sushi,Sushi,519.0,26,13494.0,220.0,2026-03-29,Chennai
Salmon Sushi,Sushi,519.0,19,9861.0,220.0,2026-03-30,Chennai
Salmon Sushi,Sushi,549.0,24,13176.0,220.0,2026-03-31,Chennai
Salmon Sushi,Sushi,529.0,22,11638.0,220.0,2026-04-01,Chennai
Salmon Sushi,Sushi,509.0,18,9162.0,220.0,2026-04-02,Chennai
Salmon Sushi,Sushi,539.0,16,8624.0,220.0,2026-04-03,Chennai
Salmon Sushi,Sushi,529.0,23,12167.0,220.0,2026-04-04,Chennai
Salmon Sushi,Sushi,519.0,28,14532.0,220.0,2026-04-05,Chennai
Salmon Sushi,Sushi,519.0,23,11937.0,220.0,2026-04-06,Chennai
Salmon Sushi,Sushi,529.0,15,7935.0,220.0,2026-04-07,Chennai
Salmon Sushi,Sushi,509.0,18,9162.0,220.0,2026-04-08,Chennai
Salmon Sushi,Sushi,569.0,16,9104.0,220.0,2026-04-09,Chennai
Salmon Sushi,Sushi,539.0,19,10241.0,220.0,2026-04-10,Chennai
Salmon Sushi,Sushi,529.0,26,13754.0,220.0,2026-04-11,Chennai
Salmon Sushi,Sushi,549.0,30,16470.0,220.0,2026-04-12,Chennai
Salmon Sushi,Sushi,559.0,20,11180.0,220.0,2026-04-13,Chennai
Salmon Sushi,Sushi,569.0,21,11949.0,220.0,2026-04-14,Chennai
Salmon Sushi,Sushi,569.0,15,8535.0,220.0,2026-04-15,Chennai
Salmon Sushi,Sushi,539.0,17,9163.0,220.0,2026-04-16,Chennai
Salmon Sushi,Sushi,569.0,19,10811.0,220.0,2026-04-17,Chennai
Salmon Sushi,Sushi,529.0,22,11638.0,220.0,2026-04-18,Chennai
Salmon Sushi,Sushi,549.0,28,15372.0,220.0,2026-04-19,Chennai
Salmon Sushi,Sushi,559.0,19,10621.0,220.0,2026-04-20,Chennai
Salmon Sushi,Sushi,539.0,18,9702.0,220.0,2026-04-21,Chennai
Salmon Sushi,Sushi,569.0,19,10811.0,220.0,2026-04-22,Chennai
Salmon Sushi,Sushi,559.0,16,8944.0,220.0,2026-04-23,Chennai
Salmon Sushi,Sushi,559.0,20,11180.0,220.0,2026-04-24,Chennai
Salmon Sushi,Sushi,539.0,31,16709.0,220.0,2026-04-25,Chennai
Salmon Sushi,Sushi,529.0,26,13754.0,220.0,2026-04-26,Chennai
Salmon Sushi,Sushi,529.0,18,9522.0,220.0,2026-04-27,Chennai
Salmon Sushi,Sushi,539.0,22,11858.0,220.0,2026-04-28,Chennai
Salmon Sushi,Sushi,539.0,21,11319.0,220.0,2026-04-29,Chennai
Salmon Sushi,Sushi,549.0,21,11529.0,220.0,2026-04-30,Chennai
Salmon Sushi,Sushi,559.0,24,13416.0,220.0,2026-05-01,Chennai
Salmon Sushi,Sushi,539.0,29,15631.0,220.0,2026-05-02,Chennai
Salmon Sushi,Sushi,549.0,28,15372.0,220.0,2026-05-03,Chennai
Salmon Sushi,Sushi,559.0,26,14534.0,220.0,2026-05-04,Chennai
Salmon Sushi,Sushi,559.0,21,11739.0,220.0,2026-05-05,Chennai
Salmon Sushi,Sushi,569.0,17,9673.0,220.0,2026-05-06,Chennai
Salmon Sushi,Sushi,529.0,24,12696.0,220.0,2026-05-07,Chennai
Salmon Sushi,Sushi,569.0,18,10242.0,220.0,2026-05-08,Chennai
Salmon Sushi,Sushi,429.0,36,15444.0,220.0,2026-05-09,Chennai
Salmon Sushi,Sushi,409.0,41,16769.0,220.0,2026-05-10,Chennai
Salmon Sushi,Sushi,429.0,27,11583.0,220.0,2026-05-11,Chennai
Salmon Sushi,Sushi,429.0,33,14157.0,220.0,2026-05-12,Chennai
Salmon Sushi,Sushi,419.0,29,12151.0,220.0,2026-05-13,Chennai
Salmon Sushi,Sushi,449.0,29,13021.0,220.0,2026-05-14,Chennai
Salmon Sushi,Sushi,429.0,31,13299.0,220.0,2026-05-15,Chennai
Salmon Sushi,Sushi,419.0,39,16341.0,220.0,2026-05-16,Chennai
Salmon Sushi,Sushi,429.0,45,19305.0,220.0,2026-05-17,Chennai
Salmon Sushi,Sushi,429.0,28,12012.0,220.0,2026-05-18,Chennai
Salmon Sushi,Sushi,449.0,26,11674.0,220.0,2026-05-19,Chennai
Salmon Sushi,Sushi,439.0,28,12292.0,220.0,2026-05-20,Chennai
Salmon Sushi,Sushi,429.0,19,8151.0,220.0,2026-05-21,Chennai
Salmon Sushi,Sushi,429.0,22,9438.0,220.0,2026-05-22,Chennai
Salmon Sushi,Sushi,439.0,43,18877.0,220.0,2026-05-23,Chennai
Salmon Sushi,Sushi,419.0,50,20950.0,220.0,2026-05-24,Chennai
Salmon Sushi,Sushi,449.0,23,10327.0,220.0,2026-05-25,Chennai
Salmon Sushi,Sushi,439.0,31,13609.0,220.0,2026-05-26,Chennai
Salmon Sushi,Sushi,439.0,28,12292.0,220.0,2026-05-27,Chennai
Salmon Sushi,Sushi,409.0,31,12679.0,220.0,2026-05-28,Chennai
Salmon Sushi,Sushi,439.0,30,13170.0,220.0,2026-05-29,Chennai
Salmon Sushi,Sushi,409.0,44,17996.0,220.0,2026-05-30,Chennai
Salmon Sushi,Sushi,409.0,42,17178.0,220.0,2026-05-31,Chennai
Salmon Sushi,Sushi,409.0,41,16769.0,220.0,2026-06-01,Chennai
Salmon Sushi,Sushi,439.0,34,14926.0,220.0,2026-06-02,Chennai
Salmon Sushi,Sushi,429.0,26,11154.0,220.0,2026-06-03,Chennai
Salmon Sushi,Sushi,409.0,33,13497.0,220.0,2026-06-04,Chennai
Salmon Sushi,Sushi,429.0,29,12441.0,220.0,2026-06-05,Chennai
