datasets/sample_data/sales_sample.csv
Product Name,Category,Price,Units Sold,Revenue,Cost,Date,Region
Salmon Sushi,Sushi,449.0,24,10776.0,220.0,2025-12-10,Bangalore
Salmon Sushi,Sushi,409.0,24,9816.0,220.0,2025-12-11,Bangalore
Salmon Sushi,Sushi,419.0,25,10475.0,220.0,2025-12-12,Bangalore
Salmon Sushi,Sushi,409.0,36,14724.0,220.0,2025-12-13,Bangalore
Salmon Sushi,Sushi,449.0,30,13470.0,220.0,2025-12-14,Bangalore
Salmon Sushi,Sushi,429.0,21,9009.0,220.0,2025-12-15,Bangalore
Salmon Sushi,Sushi,419.0,24,10056.0,220.0,2025-12-16,Bangalore
Salmon Sushi,Sushi,449.0,21,9429.0,220.0,2025-12-17,Bangalore
Salmon Sushi,Sushi,429.0,27,11583.0,220.0,2025-12-18,Bangalore
Salmon Sushi,Sushi,409.0,24,9816.0,220.0,2025-12-19,Bangalore
Salmon Sushi,Sushi,419.0,34,14246.0,220.0,2025-12-20,Bangalore
Salmon Sushi,Sushi,419.0,45,18855.0,220.0,2025-12-21,Bangalore
Salmon Sushi,Sushi,409.0,21,8589.0,220.0,2025-12-22,Bangalore
Salmon Sushi,Sushi,429.0,21,9009.0,220.0,2025-12-23,Bangalore
Salmon Sushi,Sushi,439.0,21,9219.0,220.0,2025-12-24,Bangalore
Salmon Sushi,Sushi,429.0,23,9867.0,220.0,2025-12-25,Bangalore
Salmon Sushi,Sushi,439.0,21,9219.0,220.0,2025-12-26,Bangalore
Salmon Sushi,Sushi,409.0,34,13906.0,220.0,2025-12-27,Bangalore
Salmon Sushi,Sushi,439.0,33,14487.0,220.0,2025-12-28,Bangalore
Salmon Sushi,Sushi,429.0,31,13299.0,220.0,2025-12-29,Bangalore
Salmon Sushi,Sushi,439.0,21,9219.0,220.0,2025-12-30,Bangalore
Salmon Sushi,Sushi,429.0,20,8580.0,220.0,2025-12-31,Bangalore
Salmon Sushi,Sushi,409.0,23,9407.0,220.0,2026-01-01,Bangalore
Salmon Sushi,Sushi,419.0,23,9637.0,220.0,2026-01-02,Bangalore
Salmon Sushi,Sushi,429.0,30,12870.0,220.0,2026-01-03,Bangalore
Salmon Sushi,Sushi,409.0,22,8998.0,220.0,2026-01-04,Bangalore
Salmon Sushi,Sushi,409.0,24,9816.0,220.0,2026-01-05,Bangalore
Salmon Sushi,Sushi,449.0,21,9429.0,220.0,2026-01-06,Bangalore
Salmon Sushi,Sushi,429.0,21,9009.0,220.0,2026-01-07,Bangalore
Salmon Sushi,Sushi,409.0,21,8589.0,220.0,2026-01-08,Bangalore
Salmon Sushi,Sushi,459.0,16,7344.0,220.0,2026-01-09,Bangalore
Salmon Sushi,Sushi,439.0,31,13609.0,220.0,2026-01-10,Bangalore
Salmon Sushi,Sushi,479.0,26,12454.0,220.0,2026-01-11,Bangalore
Salmon Sushi,Sushi,469.0,21,9849.0,220.0,2026-01-12,Bangalore
Salmon Sushi,Sushi,439.0,15,6585.0,220.0,2026-01-13,Bangalore
Salmon Sushi,Sushi,479.0,15,7185.0,220.0,2026-01-14,Bangalore
Salmon Sushi,Sushi,479.0,20,9580.0,220.0,2026-01-15,Bangalore
Salmon Sushi,Sushi,459.0,20,9180.0,220.0,2026-01-16,Bangalore
Salmon Sushi,Sushi,459.0,26,11934.0,220.0,2026-01-17,Bangalore
Salmon Sushi,Sushi,469.0,26,12194.0,220.0,2026-01-18,Bangalore
Salmon Sushi,Sushi,479.0,20,9580.0,220.0,2026-01-19,Bangalore
Salmon Sushi,Sushi,459.0,17,7803.0,220.0,2026-01-20,Bangalore
Salmon Sushi,Sushi,469.0,17,7973.0,220.0,2026-01-21,Bangalore
Salmon Sushi,Sushi,459.0,15,6885.0,220.0,2026-01-22,Bangalore
Salmon Sushi,Sushi,469.0,18,8442.0,220.0,2026-01-23,Bangalore
Salmon Sushi,Sushi,469.0,26,12194.0,220.0,2026-01-24,Bangalore
Salmon Sushi,Sushi,469.0,27,12663.0,220.0,2026-01-25,Bangalore
Salmon Sushi,Sushi,459.0,20,9180.0,220.0,2026-01-26,Bangalore
Salmon Sushi,Sushi,459.0,14,6426.0,220.0,2026-01-27,Bangalore
Salmon Sushi,Sushi,479.0,22,10538.0,220.0,2026-01-28,Bangalore
Salmon Sushi,Sushi,449.0,21,9429.0,220.0,2026-01-29,Bangalore
Salmon Sushi,Sushi,479.0,21,10059.0,220.0,2026-01-30,Bangalore
Salmon Sushi,Sushi,479.0,31,14849.0,220.0,2026-01-31,Bangalore
Salmon Sushi,Sushi,479.0,26,12454.0,220.0,2026-02-01,Bangalore
Salmon Sushi,Sushi,449.0,23,10327.0,220.0,2026-02-02,Bangalore
Salmon Sushi,Sushi,479.0,19,9101.0,220.0,2026-02-03,Bangalore
Salmon Sushi,Sushi,469.0,18,8442.0,220.0,2026-02-04,Bangalore
Salmon Sushi,Sushi,469.0,22,10318.0,220.0,2026-02-05,Bangalore
Salmon Sushi,Sushi,449.0,17,7633.0,220.0,2026-02-06,Bangalore
Salmon Sushi,Sushi,459.0,19,8721.0,220.0,2026-02-07,Bangalore
Salmon Sushi,Sushi,479.0,33,15807.0,220.0,2026-02-08,Bangalore
Salmon Sushi,Sushi,519.0,16,8304.0,220.0,2026-02-09,Bangalore
Salmon Sushi,Sushi,489.0,17,8313.0,220.0,2026-02-10,Bangalore
Salmon Sushi,Sushi,509.0,16,8144.0,220.0,2026-02-11,Bangalore
Salmon Sushi,Sushi,499.0,21,10479.0,220.0,2026-02-12,Bangalore
Salmon Sushi,Sushi,479.0,23,11017.0,220.0,2026-02-13,Bangalore
Salmon Sushi,Sushi,499.0,25,12475.0,220.0,2026-02-14,Bangalore
Salmon Sushi,Sushi,489.0,30,14670.0,220.0,2026-02-15,Bangalore
Salmon Sushi,Sushi,519.0,14,7266.0,220.0,2026-02-16,Bangalore
Salmon Sushi,Sushi,509.0,14,7126.0,220.0,2026-02-17,Bangalore
Salmon Sushi,Sushi,519.0,19,9861.0,220.0,2026-02-18,Bangalore
Salmon Sushi,Sushi,479.0,20,9580.0,220.0,2026-02-19,Bangalore
Salmon Sushi,Sushi,479.0,19,9101.0,220.0,2026-02-20,Bangalore
Salmon Sushi,Sushi,489.0,29,14181.0,220.0,2026-02-21,Bangalore
Salmon Sushi,Sushi,489.0,29,14181.0,220.0,2026-02-22,Bangalore
Salmon Sushi,Sushi,479.0,19,9101.0,220.0,2026-02-23,Bangalore
Salmon Sushi,Sushi,509.0,16,8144.0,220.0,2026-02-24,Bangalore
Salmon Sushi,Sushi,499.0,13,6487.0,220.0,2026-02-25,Bangalore
Salmon Sushi,Sushi,499.0,18,8982.0,220.0,2026-02-26,Bangalore
Salmon Sushi,Sushi,489.0,22,10758.0,220.0,2026-02-27,Bangalore
Salmon Sushi,Sushi,519.0,27,14013.0,220.0,2026-02-28,Bangalore
Salmon Sushi,Sushi,479.0,26,12454.0,220.0,2026-03-01,Bangalore
Salmon Sushi,Sushi,499.0,16,7984.0,220.0,2026-03-02,Bangalore
Salmon Sushi,Sushi,489.0,15,7335.0,220.0,2026-03-03,Bangalore
Salmon Sushi,Sushi,489.0,22,10758.0,220.0,2026-03-04,Bangalore
Salmon Sushi,Sushi,489.0,20,9780.0,220.0,2026-03-05,Bangalore
Salmon Sushi,Sushi,509.0,17,8653.0,220.0,2026-03-06,Bangalore
Salmon Sushi,Sushi,509.0,25,12725.0,220.0,2026-03-07,Bangalore
Salmon Sushi,Sushi,519.0,24,12456.0,220.0,2026-03-08,Bangalore
Salmon Sushi,Sushi,509.0,18,9162.0,220.0,2026-03-09,Bangalore
Salmon Sushi,Sushi,539.0,23,12397.0,220.0,2026-03-10,Bangalore
Salmon Sushi,Sushi,529.0,15,7935.0,220.0,2026-03-11,Bangalore
Salmon Sushi,Sushi,519.0,18,9342.0,220.0,2026-03-12,Bangalore
Salmon Sushi,Sushi,529.0,23,12167.0,220.0,2026-03-13,Bangalore
Salmon Sushi,Sushi,549.0,30,16470.0,220.0,2026-03-14,Bangalore
Salmon Sushi,Sushi,539.0,21,11319.0,220.0,2026-03-15,Bangalore
Salmon Sushi,Sushi,539.0,11,5929.0,220.0,2026-03-16,Bangalore
Salmon Sushi,Sushi,519.0,19,9861.0,220.0,2026-03-17,Bangalore
Salmon Sushi,Sushi,519.0,25,12975.0,220.0,2026-03-18,Bangalore
Salmon Sushi,Sushi,529.0,17,8993.0,220.0,2026-03-19,Bangalore
Salmon Sushi,Sushi,519.0,16,8304.0,220.0,2026-03-20,Bangalore
Salmon Sushi,Sushi,549.0,21,11529.0,220.0,2026-03-21,Bangalore
Salmon Sushi,Sushi,529.0,27,14283.0,220.0,2026-03-22,Bangalore
Salmon Sushi,Sushi,509.0,19,9671.0,220.0,2026-03-23,Bangalore
Salmon Sushi,Sushi,509.0,17,8653.0,220.0,2026-03-24,Bangalore
Salmon Sushi,Sushi,519.0,20,10380.0,220.0,2026-03-25,Bangalore
Salmon Sushi,Sushi,549.0,16,8784.0,220.0,2026-03-26,Bangalore
Salmon Sushi,Sushi,519.0,19,9861.0,220.0,2026-03-27,Bangalore
Salmon Sushi,Sushi,529.0,21,11109.0,220.0,2026-03-28,Bangalore
Salmon Sushi,Sushi,509.0,22,11198.0,220.0,2026-03-29,Bangalore
Salmon Sushi,Sushi,519.0,13,6747.0,220.0,2026-03-30,Bangalore
Salmon Sushi,Sushi,529.0,14,7406.0,220.0,2026-03-31,Bangalore
Salmon Sushi,Sushi,549.0,19,10431.0,220.0,2026-04-01,Bangalore
Salmon Sushi,Sushi,539.0,19,10241.0,220.0,2026-04-02,Bangalore
Salmon Sushi,Sushi,539.0,23,12397.0,220.0,2026-04-03,Bangalore
Salmon Sushi,Sushi,539.0,27,14553.0,220.0,2026-04-04,Bangalore
Salmon Sushi,Sushi,519.0,22,11418.0,220.0,2026-04-05,Bangalore
Salmon Sushi,Sushi,509.0,18,9162.0,220.0,2026-04-06,Bangalore
Salmon Sushi,Sushi,509.0,16,8144.0,220.0,2026-04-07,Bangalore
Salmon Sushi,Sushi,509.0,18,9162.0,220.0,2026-04-08,Bangalore
Salmon Sushi,Sushi,539.0,18,9702.0,220.0,2026-04-09,Bangalore
Salmon Sushi,Sushi,559.0,18,10062.0,220.0,2026-04-10,Bangalore
Salmon Sushi,Sushi,559.0,17,9503.0,220.0,2026-04-11,Bangalore
Salmon Sushi,Sushi,559.0,27,15093.0,220.0,2026-04-12,Bangalore
Salmon Sushi,Sushi,539.0,18,9702.0,220.0,2026-04-13,Bangalore
Salmon Sushi,Sushi,559.0,21,11739.0,220.0,2026-04-14,Bangalore
Salmon Sushi,Sushi,549.0,23,12627.0,220.0,2026-04-15,Bangalore
Salmon Sushi,Sushi,569.0,21,11949.0,220.0,2026-04-16,Bangalore
Salmon Sushi,Sushi,559.0,20,11180.0,220.0,2026-04-17,Bangalore
Salmon Sushi,Sushi,549.0,24,13176.0,220.0,2026-04-18,Bangalore
Salmon Sushi,Sushi,539.0,26,14014.0,220.0,2026-04-19,Bangalore
Salmon Sushi,Sushi,559.0,19,10621.0,220.0,2026-04-20,Bangalore
Salmon Sushi,Sushi,549.0,21,11529.0,220.0,2026-04-21,Bangalore
Salmon Sushi,Sushi,539.0,16,8624.0,220.0,2026-04-22,Bangalore
Salmon Sushi,Sushi,559.0,19,10621.0,220.0,2026-04-23,Bangalore
Salmon Sushi,Sushi,559.0,17,9503.0,220.0,2026-04-24,Bangalore
Salmon Sushi,Sushi,559.0,25,13975.0,220.0,2026-04-25,Bangalore
Salmon Sushi,Sushi,559.0,30,16770.0,220.0,2026-04-26,Bangalore
Salmon Sushi,Sushi,569.0,19,10811.0,220.0,2026-04-27,Bangalore
Salmon Sushi,Sushi,529.0,19,10051.0,220.0,2026-04-28,Bangalore
Salmon Sushi,Sushi,559.0,17,9503.0,220.0,2026-04-29,Bangalore
Salmon Sushi,Sushi,549.0,20,10980.0,220.0,2026-04-30,Bangalore
Salmon Sushi,Sushi,529.0,26,13754.0,220.0,2026-05-01,Bangalore
Salmon Sushi,Sushi,539.0,27,14553.0,220.0,2026-05-02,Bangalore
Salmon Sushi,Sushi,559.0,33,18447.0,220.0,2026-05-03,Bangalore
Salmon Sushi,Sushi,539.0,23,12397.0,220.0,2026-05-04,Bangalore
Salmon Sushi,Sushi,529.0,26,13754.0,220.0,2026-05-05,Bangalore
Salmon Sushi,Sushi,569.0,22,12518.0,220.0,2026-05-06,Bangalore
Salmon Sushi,Sushi,529.0,28,14812.0,220.0,2026-05-07,Bangalore
Salmon Sushi,Sushi,559.0,15,8385.0,220.0,2026-05-08,Bangalore
Salmon Sushi,Sushi,419.0,41,17179.0,220.0,2026-05-09,Bangalore
Salmon Sushi,Sushi,419.0,45,18855.0,220.0,2026-05-10,Bangalore
Salmon Sushi,Sushi,439.0,25,10975.0,220.0,2026-05-11,Bangalore
Salmon Sushi,Sushi,449.0,28,12572.0,220.0,2026-05-12,Bangalore
Salmon Sushi,Sushi,429.0,24,10296.0,220.0,2026-05-13,Bangalore
Salmon Sushi,Sushi,419.0,29,12151.0,220.0,2026-05-14,Bangalore
Salmon Sushi,Sushi,409.0,26,10634.0,220.0,2026-05-15,Bangalore
Salmon Sushi,Sushi,449.0,43,19307.0,220.0,2026-05-16,Bangalore
Salmon Sushi,Sushi,439.0,42,18438.0,220.0,2026-05-17,Bangalore
Salmon Sushi,Sushi,429.0,24,10296.0,220.0,2026-05-18,Bangalore
Salmon Sushi,Sushi,419.0,31,12989.0,220.0,2026-05-19,Bangalore
Salmon Sushi,Sushi,439.0,29,12731.0,220.0,2026-05-20,Bangalore
Salmon Sushi,Sushi,419.0,26,10894.0,220.0,2026-05-21,Bangalore
Salmon Sushi,Sushi,419.0,22,9218.0,220.0,2026-05-22,Bangalore
Salmon Sushi,Sushi,419.0,40,16760.0,220.0,2026-05-23,Bangalore
Salmon Sushi,Sushi,419.0,42,17598.0,220.0,2026-05-24,Bangalore
Salmon Sushi,Sushi,429.0,25,10725.0,220.0,2026-05-25,Bangalore
Salmon Sushi,Sushi,449.0,20,8980.0,220.0,2026-05-26,Bangalore
Salmon Sushi,Sushi,429.0,30,12870.0,220.0,2026-05-27,Bangalore
Salmon Sushi,Sushi,439.0,25,10975.0,220.0,2026-05-28,Bangalore
Salmon Sushi,Sushi,449.0,26,11674.0,220.0,2026-05-29,Bangalore
Salmon Sushi,Sushi,439.0,35,15365.0,220.0,2026-05-30,Bangalore
Salmon Sushi,Sushi,449.0,32,14368.0,220.0,2026-05-31,Bangalore
Salmon Sushi,Sushi,429.0,29,12441.0,220.0,2026-06-01,Bangalore
Salmon Sushi,Sushi,439.0,26,11414.0,220.0,2026-06-02,Bangalore
Salmon Sushi,Sushi,439.0,22,9658.0,220.0,2026-06-03,Bangalore
Salmon Sushi,Sushi,449.0,32,14368.0,220.0,2026-06-04,Bangalore
Salmon Sushi,Sushi,429.0,23,9867.0,220.0,2026-06-05,Bangalore
