datasets/sample_data/sales_sample.csv
Product Name,Category,Price,Units Sold,Revenue,Cost,Date,Region
Salmon Sushi,Sushi,429.0,20,8580.0,220.0,2025-12-10,Mumbai
Salmon Sushi,Sushi,439.0,20,8780.0,220.0,2025-12-11,Mumbai
Salmon Sushi,Sushi,429.0,24,10296.0,220.0,2025-12-12,Mumbai
Salmon Sushi,Sushi,429.0,28,12012.0,220.0,2025-12-13,Mumbai
Salmon Sushi,Sushi,419.0,31,12989.0,220.0,2025-12-14,Mumbai
Salmon Sushi,Sushi,409.0,27,11043.0,220.0,2025-12-15,Mumbai
Salmon Sushi,Sushi,429.0,26,11154.0,220.0,2025-12-16,Mumbai
Salmon Sushi,Sushi,409.0,25,10225.0,220.0,2025-12-17,Mumbai
Salmon Sushi,Sushi,439.0,28,12292.0,220.0,2025-12-18,Mumbai
Salmon Sushi,Sushi,449.0,25,11225.0,220.0,2025-12-19,Mumbai
Salmon Sushi,Sushi,439.0,33,14487.0,220.0,2025-12-20,Mumbai
Salmon Sushi,Sushi,419.0,34,14246.0,220.0,2025-12-21,Mumbai
Salmon Sushi,Sushi,449.0,22,9878.0,220.0,2025-12-22,Mumbai
Salmon Sushi,Sushi,439.0,29,12731.0,220.0,2025-12-23,Mumbai
Salmon Sushi,Sushi,419.0,27,11313.0,220.0,2025-12-24,Mumbai
Salmon Sushi,Sushi,429.0,17,7293.0,220.0,2025-12-25,Mumbai
Salmon Sushi,Sushi,419.0,28,11732.0,220.0,2025-12-26,Mumbai
Salmon Sushi,Sushi,439.0,26,11414.0,220.0,2025-12-27,Mumbai
Salmon Sushi,Sushi,419.0,28,11732.0,220.0,2025-12-28,Mumbai
Salmon Sushi,Sushi,429.0,25,10725.0,220.0,2025-12-29,Mumbai
Salmon Sushi,Sushi,409.0,26,10634.0,220.0,2025-12-30,Mumbai
Salmon Sushi,Sushi,409.0,27,11043.0,220.0,2025-12-31,Mumbai
Salmon Sushi,Sushi,419.0,20,8380.0,220.0,2026-01-01,Mumbai
Salmon Sushi,Sushi,409.0,24,9816.0,220.0,2026-01-02,Mumbai
Salmon Sushi,Sushi,449.0,28,12572.0,220.0,2026-01-03,Mumbai
Salmon Sushi,Sushi,419.0,26,10894.0,220.0,2026-01-04,Mumbai
Salmon Sushi,Sushi,409.0,21,8589.0,220.0,2026-01-05,Mumbai
Salmon Sushi,Sushi,429.0,18,7722.0,220.0,2026-01-06,Mumbai
Salmon Sushi,Sushi,409.0,19,7771.0,220.0,2026-01-07,Mumbai
Salmon Sushi,Sushi,409.0,20,8180.0,220.0,2026-01-08,Mumbai
Salmon Sushi,Sushi,479.0,20,9580.0,220.0,2026-01-09,Mumbai
Salmon Sushi,Sushi,459.0,24,11016.0,220.0,2026-01-10,Mumbai
Salmon Sushi,Sushi,439.0,24,10536.0,220.0,2026-01-11,Mumbai
Salmon Sushi,Sushi,479.0,17,8143.0,220.0,2026-01-12,Mumbai
Salmon Sushi,Sushi,479.0,19,9101.0,220.0,2026-01-13,Mumbai
Salmon Sushi,Sushi,479.0,13,6227.0,220.0,2026-01-14,Mumbai
Salmon Sushi,Sushi,479.0,18,8622.0,220.0,2026-01-15,Mumbai
Salmon Sushi,Sushi,439.0,15,6585.0,220.0,2026-01-16,Mumbai
Salmon Sushi,Sushi,459.0,24,11016.0,220.0,2026-01-17,Mumbai
Salmon Sushi,Sushi,469.0,28,13132.0,220.0,2026-01-18,Mumbai
Salmon Sushi,Sushi,479.0,23,11017.0,220.0,2026-01-19,Mumbai
Salmon Sushi,Sushi,449.0,17,7633.0,220.0,2026-01-20,Mumbai
Salmon Sushi,Sushi,459.0,16,7344.0,220.0,2026-01-21,Mumbai
Salmon Sushi,Sushi,439.0,21,9219.0,220.0,2026-01-22,Mumbai
Salmon Sushi,Sushi,449.0,18,8082.0,220.0,2026-01-23,Mumbai
Salmon Sushi,Sushi,449.0,25,11225.0,220.0,2026-01-24,Mumbai
Salmon Sushi,Sushi,459.0,24,11016.0,220.0,2026-01-25,Mumbai
Salmon Sushi,Sushi,469.0,21,9849.0,220.0,2026-01-26,Mumbai
Salmon Sushi,Sushi,469.0,20,9380.0,220.0,2026-01-27,Mumbai
Salmon Sushi,Sushi,459.0,14,6426.0,220.0,2026-01-28,Mumbai
Salmon Sushi,Sushi,469.0,16,7504.0,220.0,2026-01-29,Mumbai
Salmon Sushi,Sushi,449.0,22,9878.0,220.0,2026-01-30,Mumbai
Salmon Sushi,Sushi,439.0,28,12292.0,220.0,2026-01-31,Mumbai
Salmon Sushi,Sushi,479.0,37,17723.0,220.0,2026-02-01,Mumbai
Salmon Sushi,Sushi,449.0,21,9429.0,220.0,2026-02-02,Mumbai
Salmon Sushi,Sushi,439.0,20,8780.0,220.0,2026-02-03,Mumbai
Salmon Sushi,Sushi,449.0,18,8082.0,220.0,2026-02-04,Mumbai
Salmon Sushi,Sushi,459.0,19,8721.0,220.0,2026-02-05,Mumbai
Salmon Sushi,Sushi,449.0,22,9878.0,220.0,2026-02-06,Mumbai
Salmon Sushi,Sushi,439.0,26,11414.0,220.0,2026-02-07,Mumbai
Salmon Sushi,Sushi,489.0,21,10269.0,220.0,2026-02-08,Mumbai
Salmon Sushi,Sushi,519.0,20,10380.0,220.0,2026-02-09,Mumbai
Salmon Sushi,Sushi,479.0,11,5269.0,220.0,2026-02-10,Mumbai
Salmon Sushi,Sushi,489.0,16,7824.0,220.0,2026-02-11,Mumbai
Salmon Sushi,Sushi,499.0,17,8483.0,220.0,2026-02-12,Mumbai
Salmon Sushi,Sushi,519.0,16,8304.0,220.0,2026-02-13,Mumbai
Salmon Sushi,Sushi,479.0,23,11017.0,220.0,2026-02-14,Mumbai
Salmon Sushi,Sushi,489.0,25,12225.0,220.0,2026-02-15,Mumbai
Salmon Sushi,Sushi,489.0,19,9291.0,220.0,2026-02-16,Mumbai
Salmon Sushi,Sushi,489.0,20,9780.0,220.0,2026-02-17,Mumbai
Salmon Sushi,Sushi,489.0,15,7335.0,220.0,2026-02-18,Mumbai
Salmon Sushi,Sushi,519.0,18,9342.0,220.0,2026-02-19,Mumbai
Salmon Sushi,Sushi,479.0,20,9580.0,220.0,2026-02-20,Mumbai
Salmon Sushi,Sushi,489.0,22,10758.0,220.0,2026-02-21,Mumbai
Salmon Sushi,Sushi,489.0,23,11247.0,220.0,2026-02-22,Mumbai
Salmon Sushi,Sushi,499.0,21,10479.0,220.0,2026-02-23,Mumbai
Salmon Sushi,Sushi,499.0,21,10479.0,220.0,2026-02-24,Mumbai
Salmon Sushi,Sushi,499.0,17,8483.0,220.0,2026-02-25,Mumbai
Salmon Sushi,Sushi,519.0,17,8823.0,220.0,2026-02-26,Mumbai
Salmon Sushi,Sushi,509.0,16,8144.0,220.0,2026-02-27,Mumbai
Salmon Sushi,Sushi,519.0,22,11418.0,220.0,2026-02-28,Mumbai
Salmon Sushi,Sushi,499.0,29,14471.0,220.0,2026-03-01,Mumbai
Salmon Sushi,Sushi,489.0,20,9780.0,220.0,2026-03-02,Mumbai
Salmon Sushi,Sushi,519.0,16,8304.0,220.0,2026-03-03,Mumbai
Salmon Sushi,Sushi,499.0,15,7485.0,220.0,2026-03-04,Mumbai
Salmon Sushi,Sushi,519.0,18,9342.0,220.0,2026-03-05,Mumbai
Salmon Sushi,Sushi,489.0,20,9780.0,220.0,2026-03-06,Mumbai
Salmon Sushi,Sushi,499.0,30,14970.0,220.0,2026-03-07,Mumbai
Salmon Sushi,Sushi,489.0,21,10269.0,220.0,2026-03-08,Mumbai
Salmon Sushi,Sushi,489.0,18,8802.0,220.0,2026-03-09,Mumbai
Salmon Sushi,Sushi,549.0,15,8235.0,220.0,2026-03-10,Mumbai
Salmon Sushi,Sushi,509.0,19,9671.0,220.0,2026-03-11,Mumbai
Salmon Sushi,Sushi,529.0,19,10051.0,220.0,2026-03-12,Mumbai
Salmon Sushi,Sushi,539.0,13,7007.0,220.0,2026-03-13,Mumbai
Salmon Sushi,Sushi,529.0,22,11638.0,220.0,2026-03-14,Mumbai
Salmon Sushi,Sushi,529.0,26,13754.0,220.0,2026-03-15,Mumbai
Salmon Sushi,Sushi,509.0,17,8653.0,220.0,2026-03-16,Mumbai
Salmon Sushi,Sushi,509.0,22,11198.0,220.0,2026-03-17,Mumbai
Salmon Sushi,Sushi,529.0,13,6877.0,220.0,2026-03-18,Mumbai
Salmon Sushi,Sushi,519.0,21,10899.0,220.0,2026-03-19,Mumbai
Salmon Sushi,Sushi,549.0,15,8235.0,220.0,2026-03-20,Mumbai
Salmon Sushi,Sushi,509.0,26,13234.0,220.0,2026-03-21,Mumbai
Salmon Sushi,Sushi,509.0,31,15779.0,220.0,2026-03-22,Mumbai
Salmon Sushi,Sushi,529.0,20,10580.0,220.0,2026-03-23,Mumbai
Salmon Sushi,Sushi,509.0,21,10689.0,220.0,2026-03-24,Mumbai
Salmon Sushi,Sushi,539.0,18,9702.0,220.0,2026-03-25,Mumbai
Salmon Sushi,Sushi,549.0,20,10980.0,220.0,2026-03-26,Mumbai
Salmon Sushi,Sushi,519.0,14,7266.0,220.0,2026-03-27,Mumbai
Salmon Sushi,Sushi,529.0,19,10051.0,220.0,2026-03-28,Mumbai
Salmon Sushi,Sushi,519.0,29,15051.0,220.0,2026-03-29,Mumbai
Salmon Sushi,Sushi,519.0,20,10380.0,220.0,2026-03-30,Mumbai
Salmon Sushi,Sushi,529.0,13,6877.0,220.0,2026-03-31,Mumbai
Salmon Sushi,Sushi,529.0,21,11109.0,220.0,2026-04-01,Mumbai
Salmon Sushi,Sushi,549.0,21,11529.0,220.0,2026-04-02,Mumbai
Salmon Sushi,Sushi,539.0,17,9163.0,220.0,2026-04-03,Mumbai
Salmon Sushi,Sushi,529.0,23,12167.0,220.0,2026-04-04,Mumbai
Salmon Sushi,Sushi,509.0,23,11707.0,220.0,2026-04-05,Mumbai
Salmon Sushi,Sushi,509.0,23,11707.0,220.0,2026-04-06,Mumbai
Salmon Sushi,Sushi,529.0,13,6877.0,220.0,2026-04-07,Mumbai
Salmon Sushi,Sushi,529.0,18,9522.0,220.0,2026-04-08,Mumbai
Salmon Sushi,Sushi,569.0,17,9673.0,220.0,2026-04-09,Mumbai
Salmon Sushi,Sushi,549.0,16,8784.0,220.0,2026-04-10,Mumbai
Salmon Sushi,Sushi,529.0,23,12167.0,220.0,2026-04-11,Mumbai
Salmon Sushi,Sushi,539.0,31,16709.0,220.0,2026-04-12,Mumbai
Salmon Sushi,Sushi,529.0,20,10580.0,220.0,2026-04-13,Mumbai
Salmon Sushi,Sushi,539.0,14,7546.0,220.0,2026-04-14,Mumbai
Salmon Sushi,Sushi,559.0,15,8385.0,220.0,2026-04-15,Mumbai
Salmon Sushi,Sushi,569.0,19,10811.0,220.0,2026-04-16,Mumbai
Salmon Sushi,Sushi,529.0,17,8993.0,220.0,2026-04-17,Mumbai
Salmon Sushi,Sushi,549.0,26,14274.0,220.0,2026-04-18,Mumbai
Salmon Sushi,Sushi,559.0,31,17329.0,220.0,2026-04-19,Mumbai
Salmon Sushi,Sushi,549.0,18,9882.0,220.0,2026-04-20,Mumbai
Salmon Sushi,Sushi,529.0,16,8464.0,220.0,2026-04-21,Mumbai
Salmon Sushi,Sushi,559.0,19,10621.0,220.0,2026-04-22,Mumbai
Salmon Sushi,Sushi,549.0,11,6039.0,220.0,2026-04-23,Mumbai
Salmon Sushi,Sushi,559.0,16,8944.0,220.0,2026-04-24,Mumbai
Salmon Sushi,Sushi,569.0,26,14794.0,220.0,2026-04-25,Mumbai
Salmon Sushi,Sushi,539.0,26,14014.0,220.0,2026-04-26,Mumbai
Salmon Sushi,Sushi,529.0,17,8993.0,220.0,2026-04-27,Mumbai
Salmon Sushi,Sushi,539.0,15,8085.0,220.0,2026-04-28,Mumbai
Salmon Sushi,Sushi,559.0,18,10062.0,220.0,2026-04-29,Mumbai
Salmon Sushi,Sushi,549.0,19,10431.0,220.0,2026-04-30,Mumbai
Salmon Sushi,Sushi,549.0,21,11529.0,220.0,2026-05-01,Mumbai
Salmon Sushi,Sushi,539.0,34,18326.0,220.0,2026-05-02,Mumbai
Salmon Sushi,Sushi,539.0,34,18326.0,220.0,2026-05-03,Mumbai
Salmon Sushi,Sushi,569.0,21,11949.0,220.0,2026-05-04,Mumbai
Salmon Sushi,Sushi,559.0,26,14534.0,220.0,2026-05-05,Mumbai
Salmon Sushi,Sushi,559.0,22,12298.0,220.0,2026-05-06,Mumbai
Salmon Sushi,Sushi,559.0,21,11739.0,220.0,2026-05-07,Mumbai
Salmon Sushi,Sushi,569.0,20,11380.0,220.0,2026-05-08,Mumbai
Salmon Sushi,Sushi,439.0,41,17999.0,220.0,2026-05-09,Mumbai
Salmon Sushi,Sushi,409.0,48,19632.0,220.0,2026-05-10,Mumbai
Salmon Sushi,Sushi,409.0,19,7771.0,220.0,2026-05-11,Mumbai
Salmon Sushi,Sushi,409.0,28,11452.0,220.0,2026-05-12,Mumbai
Salmon Sushi,Sushi,409.0,29,11861.0,220.0,2026-05-13,Mumbai
Salmon Sushi,Sushi,429.0,22,9438.0,220.0,2026-05-14,Mumbai
Salmon Sushi,Sushi,429.0,16,6864.0,220.0,2026-05-15,Mumbai
Salmon Sushi,Sushi,449.0,38,17062.0,220.0,2026-05-16,Mumbai
Salmon Sushi,Sushi,439.0,42,18438.0,220.0,2026-05-17,Mumbai
Salmon Sushi,Sushi,409.0,29,11861.0,220.0,2026-05-18,Mumbai
Salmon Sushi,Sushi,429.0,27,11583.0,220.0,2026-05-19,Mumbai
Salmon Sushi,Sushi,449.0,22,9878.0,220.0,2026-05-20,Mumbai
Salmon Sushi,Sushi,409.0,28,11452.0,220.0,2026-05-21,Mumbai
Salmon Sushi,Sushi,449.0,29,13021.0,220.0,2026-05-22,Mumbai
Salmon Sushi,Sushi,409.0,33,13497.0,220.0,2026-05-23,Mumbai
Salmon Sushi,Sushi,419.0,46,19274.0,220.0,2026-05-24,Mumbai
Salmon Sushi,Sushi,449.0,23,10327.0,220.0,2026-05-25,Mumbai
Salmon Sushi,Sushi,439.0,31,13609.0,220.0,2026-05-26,Mumbai
Salmon Sushi,Sushi,429.0,35,15015.0,220.0,2026-05-27,Mumbai
Salmon Sushi,Sushi,429.0,32,13728.0,220.0,2026-05-28,Mumbai
Salmon Sushi,Sushi,409.0,29,11861.0,220.0,2026-05-29,Mumbai
Salmon Sushi,Sushi,419.0,28,11732.0,220.0,2026-05-30,Mumbai
Salmon Sushi,Sushi,449.0,38,17062.0,220.0,2026-05-31,Mumbai
Salmon Sushi,Sushi,429.0,27,11583.0,220.0,2026-06-01,Mumbai
Salmon Sushi,Sushi,409.0,28,11452.0,220.0,2026-06-02,Mumbai
Salmon Sushi,Sushi,429.0,26,11154.0,220.0,2026-06-03,Mumbai
Salmon Sushi,Sushi,409.0,27,11043.0,220.0,2026-06-04,Mumbai
Salmon Sushi,Sushi,419.0,33,13827.0,220.0,2026-06-05,Mumbai
