datasets/sample_data/sales_sample.csv
Product Name,Category,Price,Units Sold,Revenue,Cost,Date,Region
Salmon Sushi,Sushi,409.0,26,10634.0,220.0,2025-12-10,Delhi
Salmon Sushi,Sushi,429.0,20,8580.0,220.0,2025-12-11,Delhi
Salmon Sushi,Sushi,419.0,24,10056.0,220.0,2025-12-12,Delhi
Salmon Sushi,Sushi,439.0,39,17121.0,220.0,2025-12-13,Delhi
Salmon Sushi,Sushi,419.0,31,12989.0,220.0,2025-12-14,Delhi
Salmon Sushi,Sushi,449.0,25,11225.0,220.0,2025-12-15,Delhi
Salmon Sushi,Sushi,439.0,27,11853.0,220.0,2025-12-16,Delhi
Salmon Sushi,Sushi,429.0,23,9867.0,220.0,2025-12-17,Delhi
Salmon Sushi,Sushi,419.0,25,10475.0,220.0,2025-12-18,Delhi
Salmon Sushi,Sushi,419.0,30,12570.0,220.0,2025-12-19,Delhi
Salmon Sushi,Sushi,419.0,42,17598.0,220.0,2025-12-20,Delhi
Salmon Sushi,Sushi,409.0,42,17178.0,220.0,2025-12-21,Delhi
Salmon Sushi,Sushi,449.0,19,8531.0,220.0,2025-12-22,Delhi
Salmon Sushi,Sushi,439.0,26,11414.0,220.0,2025-12-23,Delhi
Salmon Sushi,Sushi,419.0,19,7961.0,220.0,2025-12-24,Delhi
Salmon Sushi,Sushi,429.0,21,9009.0,220.0,2025-12-25,Delhi
Salmon Sushi,Sushi,429.0,29,12441.0,220.0,2025-12-26,Delhi
Salmon Sushi,Sushi,409.0,27,11043.0,220.0,2025-12-27,Delhi
Salmon Sushi,Sushi,409.0,32,13088.0,220.0,2025-12-28,Delhi
Salmon Sushi,Sushi,419.0,25,10475.0,220.0,2025-12-29,Delhi
Salmon Sushi,Sushi,409.0,22,8998.0,220.0,2025-12-30,Delhi
Salmon Sushi,Sushi,419.0,27,11313.0,220.0,2025-12-31,Delhi
Salmon Sushi,Sushi,419.0,23,9637.0,220.0,2026-01-01,Delhi
Salmon Sushi,Sushi,439.0,17,7463.0,220.0,2026-01-02,Delhi
Salmon Sushi,Sushi,449.0,27,12123.0,220.0,2026-01-03,Delhi
Salmon Sushi,Sushi,429.0,30,12870.0,220.0,2026-01-04,Delhi
Salmon Sushi,Sushi,449.0,21,9429.0,220.0,2026-01-05,Delhi
Salmon Sushi,Sushi,409.0,22,8998.0,220.0,2026-01-06,Delhi
Salmon Sushi,Sushi,439.0,24,10536.0,220.0,2026-01-07,Delhi
Salmon Sushi,Sushi,429.0,21,9009.0,220.0,2026-01-08,Delhi
Salmon Sushi,Sushi,459.0,16,7344.0,220.0,2026-01-09,Delhi
Salmon Sushi,Sushi,469.0,25,11725.0,220.0,2026-01-10,Delhi
Salmon Sushi,Sushi,469.0,22,10318.0,220.0,2026-01-11,Delhi
Salmon Sushi,Sushi,449.0,23,10327.0,220.0,2026-01-12,Delhi
Salmon Sushi,Sushi,449.0,21,9429.0,220.0,2026-01-13,Delhi
Salmon Sushi,Sushi,439.0,21,9219.0,220.0,2026-01-14,Delhi
Salmon Sushi,Sushi,469.0,20,9380.0,220.0,2026-01-15,Delhi
Salmon Sushi,Sushi,469.0,19,8911.0,220.0,2026-01-16,Delhi
Salmon Sushi,Sushi,459.0,26,11934.0,220.0,2026-01-17,Delhi
Salmon Sushi,Sushi,459.0,31,14229.0,220.0,2026-01-18,Delhi
Salmon Sushi,Sushi,459.0,20,9180.0,220.0,2026-01-19,Delhi
Salmon Sushi,Sushi,459.0,19,8721.0,220.0,2026-01-20,Delhi
Salmon Sushi,Sushi,459.0,11,5049.0,220.0,2026-01-21,Delhi
Salmon Sushi,Sushi,479.0,18,8622.0,220.0,2026-01-22,Delhi
Salmon Sushi,Sushi,479.0,14,6706.0,220.0,2026-01-23,Delhi
Salmon Sushi,Sushi,449.0,29,13021.0,220.0,2026-01-24,Delhi
Salmon Sushi,Sushi,479.0,28,13412.0,220.0,2026-01-25,Delhi
Salmon Sushi,Sushi,449.0,18,8082.0,220.0,2026-01-26,Delhi
Salmon Sushi,Sushi,439.0,24,10536.0,220.0,2026-01-27,Delhi
Salmon Sushi,Sushi,449.0,20,8980.0,220.0,2026-01-28,Delhi
Salmon Sushi,Sushi,469.0,23,10787.0,220.0,2026-01-29,Delhi
Salmon Sushi,Sushi,439.0,15,6585.0,220.0,2026-01-30,Delhi
Salmon Sushi,Sushi,459.0,24,11016.0,220.0,2026-01-31,Delhi
Salmon Sushi,Sushi,459.0,21,9639.0,220.0,2026-02-01,Delhi
Salmon Sushi,Sushi,459.0,11,5049.0,220.0,2026-02-02,Delhi
Salmon Sushi,Sushi,469.0,17,7973.0,220.0,2026-02-03,Delhi
Salmon Sushi,Sushi,449.0,20,8980.0,220.0,2026-02-04,Delhi
Salmon Sushi,Sushi,479.0,17,8143.0,220.0,2026-02-05,Delhi
Salmon Sushi,Sushi,479.0,17,8143.0,220.0,2026-02-06,Delhi
Salmon Sushi,Sushi,469.0,32,15008.0,220.0,2026-02-07,Delhi
Salmon Sushi,Sushi,519.0,24,12456.0,220.0,2026-02-08,Delhi
Salmon Sushi,Sushi,509.0,17,8653.0,220.0,2026-02-09,Delhi
Salmon Sushi,Sushi,519.0,18,9342.0,220.0,2026-02-10,Delhi
Salmon Sushi,Sushi,519.0,19,9861.0,220.0,2026-02-11,Delhi
Salmon Sushi,Sushi,499.0,18,8982.0,220.0,2026-02-12,Delhi
Salmon Sushi,Sushi,509.0,13,6617.0,220.0,2026-02-13,Delhi
Salmon Sushi,Sushi,509.0,23,11707.0,220.0,2026-02-14,Delhi
Salmon Sushi,Sushi,479.0,21,10059.0,220.0,2026-02-15,Delhi
Salmon Sushi,Sushi,479.0,21,10059.0,220.0,2026-02-16,Delhi
Salmon Sushi,Sushi,519.0,19,9861.0,220.0,2026-02-17,Delhi
Salmon Sushi,Sushi,509.0,17,8653.0,220.0,2026-02-18,Delhi
Salmon Sushi,Sushi,489.0,22,10758.0,220.0,2026-02-19,Delhi
Salmon Sushi,Sushi,479.0,23,11017.0,220.0,2026-02-20,Delhi
Salmon Sushi,Sushi,489.0,28,13692.0,220.0,2026-02-21,Delhi
Salmon Sushi,Sushi,519.0,25,12975.0,220.0,2026-02-22,Delhi
Salmon Sushi,Sushi,519.0,21,10899.0,220.0,2026-02-23,Delhi
Salmon Sushi,Sushi,499.0,17,8483.0,220.0,2026-02-24,Delhi
Salmon Sushi,Sushi,499.0,19,9481.0,220.0,2026-02-25,Delhi
Salmon Sushi,Sushi,489.0,18,8802.0,220.0,2026-02-26,Delhi
Salmon Sushi,Sushi,509.0,19,9671.0,220.0,2026-02-27,Delhi
Salmon Sushi,Sushi,489.0,21,10269.0,220.0,2026-02-28,Delhi
Salmon Sushi,Sushi,479.0,27,12933.0,220.0,2026-03-01,Delhi
Salmon Sushi,Sushi,509.0,19,9671.0,220.0,2026-03-02,Delhi
Salmon Sushi,Sushi,509.0,21,10689.0,220.0,2026-03-03,Delhi
Salmon Sushi,Sushi,479.0,17,8143.0,220.0,2026-03-04,Delhi
Salmon Sushi,Sushi,499.0,22,10978.0,220.0,2026-03-05,Delhi
Salmon Sushi,Sushi,519.0,17,8823.0,220.0,2026-03-06,Delhi
Salmon Sushi,Sushi,479.0,27,12933.0,220.0,2026-03-07,Delhi
Salmon Sushi,Sushi,519.0,19,9861.0,220.0,2026-03-08,Delhi
Salmon Sushi,Sushi,479.0,13,6227.0,220.0,2026-03-09,Delhi
Salmon Sushi,Sushi,509.0,17,8653.0,220.0,2026-03-10,Delhi
Salmon Sushi,Sushi,529.0,15,7935.0,220.0,2026-03-11,Delhi
Salmon Sushi,Sushi,519.0,23,11937.0,220.0,2026-03-12,Delhi
Salmon Sushi,Sushi,519.0,15,7785.0,220.0,2026-03-13,Delhi
Salmon Sushi,Sushi,549.0,22,12078.0,220.0,2026-03-14,Delhi
Salmon Sushi,Sushi,539.0,23,12397.0,220.0,2026-03-15,Delhi
Salmon Sushi,Sushi,549.0,17,9333.0,220.0,2026-03-16,Delhi
Salmon Sushi,Sushi,509.0,12,6108.0,220.0,2026-03-17,Delhi
Salmon Sushi,Sushi,529.0,18,9522.0,220.0,2026-03-18,Delhi
Salmon Sushi,Sushi,509.0,20,10180.0,220.0,2026-03-19,Delhi
Salmon Sushi,Sushi,519.0,20,10380.0,220.0,2026-03-20,Delhi
Salmon Sushi,Sushi,529.0,25,13225.0,220.0,2026-03-21,Delhi
Salmon Sushi,Sushi,519.0,26,13494.0,220.0,2026-03-22,Delhi
Salmon Sushi,Sushi,509.0,18,9162.0,220.0,2026-03-23,Delhi
Salmon Sushi,Sushi,539.0,17,9163.0,220.0,2026-03-24,Delhi
Salmon Sushi,Sushi,509.0,13,6617.0,220.0,2026-03-25,Delhi
Salmon Sushi,Sushi,519.0,15,7785.0,220.0,2026-03-26,Delhi
Salmon Sushi,Sushi,549.0,17,9333.0,220.0,2026-03-27,Delhi
Salmon Sushi,Sushi,529.0,24,12696.0,220.0,2026-03-28,Delhi
Salmon Sushi,Sushi,509.0,24,12216.0,220.0,2026-03-29,Delhi
Salmon Sushi,Sushi,529.0,17,8993.0,220.0,2026-03-30,Delhi
Salmon Sushi,Sushi,509.0,21,10689.0,220.0,2026-03-31,Delhi
Salmon Sushi,Sushi,519.0,18,9342.0,220.0,2026-04-01,Delhi
Salmon Sushi,Sushi,529.0,15,7935.0,220.0,2026-04-02,Delhi
Salmon Sushi,Sushi,509.0,19,9671.0,220.0,2026-04-03,Delhi
Salmon Sushi,Sushi,519.0,24,12456.0,220.0,2026-04-04,Delhi
Salmon Sushi,Sushi,529.0,23,12167.0,220.0,2026-04-05,Delhi
Salmon Sushi,Sushi,509.0,19,9671.0,220.0,2026-04-06,Delhi
Salmon Sushi,Sushi,529.0,18,9522.0,220.0,2026-04-07,Delhi
Salmon Sushi,Sushi,529.0,14,7406.0,220.0,2026-04-08,Delhi
Salmon Sushi,Sushi,559.0,13,7267.0,220.0,2026-04-09,Delhi
Salmon Sushi,Sushi,569.0,18,10242.0,220.0,2026-04-10,Delhi
Salmon Sushi,Sushi,569.0,16,9104.0,220.0,2026-04-11,Delhi
Salmon Sushi,Sushi,539.0,27,14553.0,220.0,2026-04-12,Delhi
Salmon Sushi,Sushi,529.0,16,8464.0,220.0,2026-04-13,Delhi
Salmon Sushi,Sushi,549.0,20,10980.0,220.0,2026-04-14,Delhi
Salmon Sushi,Sushi,569.0,18,10242.0,220.0,2026-04-15,Delhi
Salmon Sushi,Sushi,539.0,22,11858.0,220.0,2026-04-16,Delhi
Salmon Sushi,Sushi,539.0,10,5390.0,220.0,2026-04-17,Delhi
Salmon Sushi,Sushi,569.0,18,10242.0,220.0,2026-04-18,Delhi
Salmon Sushi,Sushi,569.0,24,13656.0,220.0,2026-04-19,Delhi
Salmon Sushi,Sushi,569.0,19,10811.0,220.0,2026-04-20,Delhi
Salmon Sushi,Sushi,529.0,10,5290.0,220.0,2026-04-21,Delhi
Salmon Sushi,Sushi,539.0,18,9702.0,220.0,2026-04-22,Delhi
Salmon Sushi,Sushi,569.0,24,13656.0,220.0,2026-04-23,Delhi
Salmon Sushi,Sushi,539.0,23,12397.0,220.0,2026-04-24,Delhi
Salmon Sushi,Sushi,539.0,30,16170.0,220.0,2026-04-25,Delhi
Salmon Sushi,Sushi,569.0,28,15932.0,220.0,2026-04-26,Delhi
Salmon Sushi,Sushi,559.0,18,10062.0,220.0,2026-04-27,Delhi
Salmon Sushi,Sushi,559.0,21,11739.0,220.0,2026-04-28,Delhi
Salmon Sushi,Sushi,529.0,23,12167.0,220.0,2026-04-29,Delhi
Salmon Sushi,Sushi,539.0,19,10241.0,220.0,2026-04-30,Delhi
Salmon Sushi,Sushi,529.0,21,11109.0,220.0,2026-05-01,Delhi
Salmon Sushi,Sushi,569.0,38,21622.0,220.0,2026-05-02,Delhi
Salmon Sushi,Sushi,559.0,28,15652.0,220.0,2026-05-03,Delhi
Salmon Sushi,Sushi,539.0,18,9702.0,220.0,2026-05-04,Delhi
Salmon Sushi,Sushi,549.0,25,13725.0,220.0,2026-05-05,Delhi
Salmon Sushi,Sushi,529.0,26,13754.0,220.0,2026-05-06,Delhi
Salmon Sushi,Sushi,569.0,26,14794.0,220.0,2026-05-07,Delhi
Salmon Sushi,Sushi,569.0,23,13087.0,220.0,2026-05-08,Delhi
Salmon Sushi,Sushi,449.0,36,16164.0,220.0,2026-05-09,Delhi
Salmon Sushi,Sushi,449.0,34,15266.0,220.0,2026-05-10,Delhi
Salmon Sushi,Sushi,409.0,35,14315.0,220.0,2026-05-11,Delhi
Salmon Sushi,Sushi,439.0,37,16243.0,220.0,2026-05-12,Delhi
Salmon Sushi,Sushi,439.0,25,10975.0,220.0,2026-05-13,Delhi
Salmon Sushi,Sushi,409.0,27,11043.0,220.0,2026-05-14,Delhi
Salmon Sushi,Sushi,419.0,34,14246.0,220.0,2026-05-15,Delhi
Salmon Sushi,Sushi,439.0,34,14926.0,220.0,2026-05-16,Delhi
Salmon Sushi,Sushi,439.0,37,16243.0,220.0,2026-05-17,Delhi
Salmon Sushi,Sushi,449.0,22,9878.0,220.0,2026-05-18,Delhi
Salmon Sushi,Sushi,449.0,35,15715.0,220.0,2026-05-19,Delhi
Salmon Sushi,Sushi,419.0,33,13827.0,220.0,2026-05-20,Delhi
Salmon Sushi,Sushi,409.0,26,10634.0,220.0,2026-05-21,Delhi
Salmon Sushi,Sushi,429.0,32,13728.0,220.0,2026-05-22,Delhi
Salmon Sushi,Sushi,429.0,33,14157.0,220.0,2026-05-23,Delhi
Salmon Sushi,Sushi,449.0,46,20654.0,220.0,2026-05-24,Delhi
Salmon Sushi,Sushi,449.0,25,11225.0,220.0,2026-05-25,Delhi
Salmon Sushi,Sushi,429.0,31,13299.0,220.0,2026-05-26,Delhi
Salmon Sushi,Sushi,439.0,24,10536.0,220.0,2026-05-27,Delhi
Salmon Sushi,Sushi,409.0,24,9816.0,220.0,2026-05-28,Delhi
Salmon Sushi,Sushi,449.0,26,11674.0,220.0,2026-05-29,Delhi
Salmon Sushi,Sushi,419.0,49,20531.0,220.0,2026-05-30,Delhi
Salmon Sushi,Sushi,409.0,51,20859.0,220.0,2026-05-31,Delhi
Salmon Sushi,Sushi,449.0,18,8082.0,220.0,2026-06-01,Delhi
Salmon Sushi,Sushi,449.0,33,14817.0,220.0,2026-06-02,Delhi
Salmon Sushi,Sushi,419.0,31,12989.0,220.0,2026-06-03,Delhi
Salmon Sushi,Sushi,429.0,31,13299.0,220.0,2026-06-04,Delhi
Salmon Sushi,Sushi,429.0,22,9438.0,220.0,2026-06-05,Delhi
