datasets/sample_data/sales_sample.csv
Product Name,Category,Price,Units Sold,Revenue,Cost,Date,Region
Salmon Sushi,Sushi,419.0,22,9218.0,220.0,2025-12-10,Hyderabad
Salmon Sushi,Sushi,439.0,27,11853.0,220.0,2025-12-11,Hyderabad
Salmon Sushi,Sushi,419.0,19,7961.0,220.0,2025-12-12,Hyderabad
Salmon Sushi,Sushi,419.0,29,12151.0,220.0,2025-12-13,Hyderabad
Salmon Sushi,Sushi,439.0,34,14926.0,220.0,2025-12-14,Hyderabad
Salmon Sushi,Sushi,419.0,26,10894.0,220.0,2025-12-15,Hyderabad
Salmon Sushi,Sushi,419.0,20,8380.0,220.0,2025-12-16,Hyderabad
Salmon Sushi,Sushi,409.0,25,10225.0,220.0,2025-12-17,Hyderabad
Salmon Sushi,Sushi,429.0,27,11583.0,220.0,2025-12-18,Hyderabad
Salmon Sushi,Sushi,429.0,27,11583.0,220.0,2025-12-19,Hyderabad
Salmon Sushi,Sushi,409.0,38,15542.0,220.0,2025-12-20,Hyderabad
Salmon Sushi,Sushi,419.0,39,16341.0,220.0,2025-12-21,Hyderabad
Salmon Sushi,Sushi,419.0,32,13408.0,220.0,2025-12-22,Hyderabad
Salmon Sushi,Sushi,439.0,20,8780.0,220.0,2025-12-23,Hyderabad
Salmon Sushi,Sushi,449.0,23,10327.0,220.0,2025-12-24,Hyderabad
Salmon Sushi,Sushi,449.0,17,7633.0,220.0,2025-12-25,Hyderabad
Salmon Sushi,Sushi,439.0,25,10975.0,220.0,2025-12-26,Hyderabad
Salmon Sushi,Sushi,449.0,30,13470.0,220.0,2025-12-27,Hyderabad
Salmon Sushi,Sushi,449.0,29,13021.0,220.0,2025-12-28,Hyderabad
Salmon Sushi,Sushi,409.0,23,9407.0,220.0,2025-12-29,Hyderabad
Salmon Sushi,Sushi,429.0,22,9438.0,220.0,2025-12-30,Hyderabad
Salmon Sushi,Sushi,429.0,27,11583.0,220.0,2025-12-31,Hyderabad
Salmon Sushi,Sushi,449.0,17,7633.0,220.0,2026-01-01,Hyderabad
Salmon Sushi,Sushi,439.0,17,7463.0,220.0,2026-01-02,Hyderabad
Salmon Sushi,Sushi,439.0,30,13170.0,220.0,2026-01-03,Hyderabad
Salmon Sushi,Sushi,439.0,34,14926.0,220.0,2026-01-04,Hyderabad
Salmon Sushi,Sushi,419.0,20,8380.0,220.0,2026-01-05,Hyderabad
Salmon Sushi,Sushi,429.0,24,10296.0,220.0,2026-01-06,Hyderabad
Salmon Sushi,Sushi,409.0,16,6544.0,220.0,2026-01-07,Hyderabad
Salmon Sushi,Sushi,409.0,20,8180.0,220.0,2026-01-08,Hyderabad
Salmon Sushi,Sushi,469.0,17,7973.0,220.0,2026-01-09,Hyderabad
Salmon Sushi,Sushi,439.0,25,10975.0,220.0,2026-01-10,Hyderabad
Salmon Sushi,Sushi,459.0,28,12852.0,220.0,2026-01-11,Hyderabad
Salmon Sushi,Sushi,469.0,17,7973.0,220.0,2026-01-12,Hyderabad
Salmon Sushi,Sushi,479.0,13,6227.0,220.0,2026-01-13,Hyderabad
Salmon Sushi,Sushi,469.0,15,7035.0,220.0,2026-01-14,Hyderabad
Salmon Sushi,Sushi,439.0,20,8780.0,220.0,2026-01-15,Hyderabad
Salmon Sushi,Sushi,459.0,19,8721.0,220.0,2026-01-16,Hyderabad
Salmon Sushi,Sushi,439.0,21,9219.0,220.0,2026-01-17,Hyderabad
Salmon Sushi,Sushi,449.0,31,13919.0,220.0,2026-01-18,Hyderabad
Salmon Sushi,Sushi,439.0,16,7024.0,220.0,2026-01-19,Hyderabad
Salmon Sushi,Sushi,449.0,19,8531.0,220.0,2026-01-20,Hyderabad
Salmon Sushi,Sushi,479.0,18,8622.0,220.0,2026-01-21,Hyderabad
Salmon Sushi,Sushi,449.0,15,6735.0,220.0,2026-01-22,Hyderabad
Salmon Sushi,Sushi,439.0,22,9658.0,220.0,2026-01-23,Hyderabad
Salmon Sushi,Sushi,449.0,30,13470.0,220.0,2026-01-24,Hyderabad
Salmon Sushi,Sushi,439.0,23,10097.0,220.0,2026-01-25,Hyderabad
Salmon Sushi,Sushi,469.0,20,9380.0,220.0,2026-01-26,Hyderabad
Salmon Sushi,Sushi,479.0,18,8622.0,220.0,2026-01-27,Hyderabad
Salmon Sushi,Sushi,469.0,18,8442.0,220.0,2026-01-28,Hyderabad
Salmon Sushi,Sushi,459.0,19,8721.0,220.0,2026-01-29,Hyderabad
Salmon Sushi,Sushi,449.0,23,10327.0,220.0,2026-01-30,Hyderabad
Salmon Sushi,Sushi,459.0,28,12852.0,220.0,2026-01-31,Hyderabad
Salmon Sushi,Sushi,469.0,28,13132.0,220.0,2026-02-01,Hyderabad
Salmon Sushi,Sushi,449.0,21,9429.0,220.0,2026-02-02,Hyderabad
Salmon Sushi,Sushi,479.0,20,9580.0,220.0,2026-02-03,Hyderabad
Salmon Sushi,Sushi,439.0,17,7463.0,220.0,2026-02-04,Hyderabad
Salmon Sushi,Sushi,439.0,20,8780.0,220.0,2026-02-05,Hyderabad
Salmon Sushi,Sushi,479.0,18,8622.0,220.0,2026-02-06,Hyderabad
Salmon Sushi,Sushi,479.0,25,11975.0,220.0,2026-02-07,Hyderabad
Salmon Sushi,Sushi,489.0,25,12225.0,220.0,2026-02-08,Hyderabad
Salmon Sushi,Sushi,509.0,16,8144.0,220.0,2026-02-09,Hyderabad
Salmon Sushi,Sushi,489.0,20,9780.0,220.0,2026-02-10,Hyderabad
Salmon Sushi,Sushi,509.0,19,9671.0,220.0,2026-02-11,Hyderabad
Salmon Sushi,Sushi,519.0,14,7266.0,220.0,2026-02-12,Hyderabad
Salmon Sushi,Sushi,519.0,15,7785.0,220.0,2026-02-13,Hyderabad
Salmon Sushi,Sushi,499.0,30,14970.0,220.0,2026-02-14,Hyderabad
Salmon Sushi,Sushi,479.0,34,16286.0,220.0,2026-02-15,Hyderabad
Salmon Sushi,Sushi,489.0,18,8802.0,220.0,2026-02-16,Hyderabad
Salmon Sushi,Sushi,509.0,20,10180.0,220.0,2026-02-17,Hyderabad
Salmon Sushi,Sushi,489.0,21,10269.0,220.0,2026-02-18,Hyderabad
Salmon Sushi,Sushi,489.0,22,10758.0,220.0,2026-02-19,Hyderabad
Salmon Sushi,Sushi,509.0,20,10180.0,220.0,2026-02-20,Hyderabad
Salmon Sushi,Sushi,519.0,20,10380.0,220.0,2026-02-21,Hyderabad
Salmon Sushi,Sushi,509.0,26,13234.0,220.0,2026-02-22,Hyderabad
Salmon Sushi,Sushi,519.0,16,8304.0,220.0,2026-02-23,Hyderabad
Salmon Sushi,Sushi,479.0,20,9580.0,220.0,2026-02-24,Hyderabad
Salmon Sushi,Sushi,509.0,19,9671.0,220.0,2026-02-25,Hyderabad
Salmon Sushi,Sushi,509.0,23,11707.0,220.0,2026-02-26,Hyderabad
Salmon Sushi,Sushi,479.0,13,6227.0,220.0,2026-02-27,Hyderabad
Salmon Sushi,Sushi,509.0,23,11707.0,220.0,2026-02-28,Hyderabad
Salmon Sushi,Sushi,489.0,28,13692.0,220.0,2026-03-01,Hyderabad
Salmon Sushi,Sushi,479.0,20,9580.0,220.0,2026-03-02,Hyderabad
Salmon Sushi,Sushi,509.0,14,7126.0,220.0,2026-03-03,Hyderabad
Salmon Sushi,Sushi,499.0,18,8982.0,220.0,2026-03-04,Hyderabad
Salmon Sushi,Sushi,519.0,13,6747.0,220.0,2026-03-05,Hyderabad
Salmon Sushi,Sushi,499.0,18,8982.0,220.0,2026-03-06,Hyderabad
Salmon Sushi,Sushi,479.0,23,11017.0,220.0,2026-03-07,Hyderabad
Salmon Sushi,Sushi,509.0,29,14761.0,220.0,2026-03-08,Hyderabad
Salmon Sushi,Sushi,479.0,16,7664.0,220.0,2026-03-09,Hyderabad
Salmon Sushi,Sushi,549.0,18,9882.0,220.0,2026-03-10,Hyderabad
Salmon Sushi,Sushi,509.0,21,10689.0,220.0,2026-03-11,Hyderabad
Salmon Sushi,Sushi,529.0,20,10580.0,220.0,2026-03-12,Hyderabad
Salmon Sushi,Sushi,519.0,17,8823.0,220.0,2026-03-13,Hyderabad
Salmon Sushi,Sushi,519.0,32,16608.0,220.0,2026-03-14,Hyderabad
Salmon Sushi,Sushi,509.0,25,12725.0,220.0,2026-03-15,Hyderabad
Salmon Sushi,Sushi,529.0,15,7935.0,220.0,2026-03-16,Hyderabad
Salmon Sushi,Sushi,509.0,20,10180.0,220.0,2026-03-17,Hyderabad
Salmon Sushi,Sushi,539.0,19,10241.0,220.0,2026-03-18,Hyderabad
Salmon Sushi,Sushi,529.0,24,12696.0,220.0,2026-03-19,Hyderabad
Salmon Sushi,Sushi,539.0,14,7546.0,220.0,2026-03-20,Hyderabad
Salmon Sushi,Sushi,529.0,28,14812.0,220.0,2026-03-21,Hyderabad
Salmon Sushi,Sushi,529.0,30,15870.0,220.0,2026-03-22,Hyderabad
Salmon Sushi,Sushi,529.0,17,8993.0,220.0,2026-03-23,Hyderabad
Salmon Sushi,Sushi,549.0,16,8784.0,220.0,2026-03-24,Hyderabad
Salmon Sushi,Sushi,529.0,20,10580.0,220.0,2026-03-25,Hyderabad
Salmon Sushi,Sushi,509.0,23,11707.0,220.0,2026-03-26,Hyderabad
Salmon Sushi,Sushi,549.0,19,10431.0,220.0,2026-03-27,Hyderabad
Salmon Sushi,Sushi,529.0,24,12696.0,220.0,2026-03-28,Hyderabad
Salmon Sushi,Sushi,539.0,34,18326.0,220.0,2026-03-29,Hyderabad
Salmon Sushi,Sushi,539.0,23,12397.0,220.0,2026-03-30,Hyderabad
Salmon Sushi,Sushi,539.0,16,8624.0,220.0,2026-03-31,Hyderabad
Salmon Sushi,Sushi,549.0,20,10980.0,220.0,2026-04-01,Hyderabad
Salmon Sushi,Sushi,539.0,20,10780.0,220.0,2026-04-02,Hyderabad
Salmon Sushi,Sushi,509.0,22,11198.0,220.0,2026-04-03,Hyderabad
Salmon Sushi,Sushi,519.0,28,14532.0,220.0,2026-04-04,Hyderabad
Salmon Sushi,Sushi,539.0,27,14553.0,220.0,2026-04-05,Hyderabad
Salmon Sushi,Sushi,509.0,14,7126.0,220.0,2026-04-06,Hyderabad
Salmon Sushi,Sushi,519.0,17,8823.0,220.0,2026-04-07,Hyderabad
Salmon Sushi,Sushi,509.0,20,10180.0,220.0,2026-04-08,Hyderabad
Salmon Sushi,Sushi,559.0,15,8385.0,220.0,2026-04-09,Hyderabad
Salmon Sushi,Sushi,569.0,16,9104.0,220.0,2026-04-10,Hyderabad
Salmon Sushi,Sushi,529.0,30,15870.0,220.0,2026-04-11,Hyderabad
Salmon Sushi,Sushi,559.0,21,11739.0,220.0,2026-04-12,Hyderabad
Salmon Sushi,Sushi,539.0,17,9163.0,220.0,2026-04-13,Hyderabad
Salmon Sushi,Sushi,569.0,17,9673.0,220.0,2026-04-14,Hyderabad
Salmon Sushi,Sushi,569.0,20,11380.0,220.0,2026-04-15,Hyderabad
Salmon Sushi,Sushi,529.0,18,9522.0,220.0,2026-04-16,Hyderabad
Salmon Sushi,Sushi,529.0,20,10580.0,220.0,2026-04-17,Hyderabad
Salmon Sushi,Sushi,529.0,26,13754.0,220.0,2026-04-18,Hyderabad
Salmon Sushi,Sushi,539.0,30,16170.0,220.0,2026-04-19,Hyderabad
Salmon Sushi,Sushi,549.0,22,12078.0,220.0,2026-04-20,Hyderabad
Salmon Sushi,Sushi,529.0,19,10051.0,220.0,2026-04-21,Hyderabad
Salmon Sushi,Sushi,539.0,22,11858.0,220.0,2026-04-22,Hyderabad
Salmon Sushi,Sushi,529.0,20,10580.0,220.0,2026-04-23,Hyderabad
Salmon Sushi,Sushi,569.0,18,10242.0,220.0,2026-04-24,Hyderabad
Salmon Sushi,Sushi,569.0,25,14225.0,220.0,2026-04-25,Hyderabad
Salmon Sushi,Sushi,569.0,24,13656.0,220.0,2026-04-26,Hyderabad
Salmon Sushi,Sushi,539.0,20,10780.0,220.0,2026-04-27,Hyderabad
Salmon Sushi,Sushi,539.0,20,10780.0,220.0,2026-04-28,Hyderabad
Salmon Sushi,Sushi,539.0,18,9702.0,220.0,2026-04-29,Hyderabad
Salmon Sushi,Sushi,569.0,19,10811.0,220.0,2026-04-30,Hyderabad
Salmon Sushi,Sushi,559.0,21,11739.0,220.0,2026-05-01,Hyderabad
Salmon Sushi,Sushi,549.0,25,13725.0,220.0,2026-05-02,Hyderabad
Salmon Sushi,Sushi,529.0,33,17457.0,220.0,2026-05-03,Hyderabad
Salmon Sushi,Sushi,569.0,25,14225.0,220.0,2026-05-04,Hyderabad
Salmon Sushi,Sushi,549.0,29,15921.0,220.0,2026-05-05,Hyderabad
Salmon Sushi,Sushi,529.0,25,13225.0,220.0,2026-05-06,Hyderabad
Salmon Sushi,Sushi,529.0,18,9522.0,220.0,2026-05-07,Hyderabad
Salmon Sushi,Sushi,549.0,24,13176.0,220.0,2026-05-08,Hyderabad
Salmon Sushi,Sushi,439.0,32,14048.0,220.0,2026-05-09,Hyderabad
Salmon Sushi,Sushi,409.0,29,11861.0,220.0,2026-05-10,Hyderabad
Salmon Sushi,Sushi,419.0,31,12989.0,220.0,2026-05-11,Hyderabad
Salmon Sushi,Sushi,419.0,24,10056.0,220.0,2026-05-12,Hyderabad
Salmon Sushi,Sushi,439.0,26,11414.0,220.0,2026-05-13,Hyderabad
Salmon Sushi,Sushi,449.0,30,13470.0,220.0,2026-05-14,Hyderabad
Salmon Sushi,Sushi,449.0,30,13470.0,220.0,2026-05-15,Hyderabad
Salmon Sushi,Sushi,409.0,33,13497.0,220.0,2026-05-16,Hyderabad
Salmon Sushi,Sushi,409.0,44,17996.0,220.0,2026-05-17,Hyderabad
Salmon Sushi,Sushi,439.0,33,14487.0,220.0,2026-05-18,Hyderabad
Salmon Sushi,Sushi,419.0,21,8799.0,220.0,2026-05-19,Hyderabad
Salmon Sushi,Sushi,449.0,25,11225.0,220.0,2026-05-20,Hyderabad
Salmon Sushi,Sushi,409.0,34,13906.0,220.0,2026-05-21,Hyderabad
Salmon Sushi,Sushi,409.0,22,8998.0,220.0,2026-05-22,Hyderabad
Salmon Sushi,Sushi,429.0,38,16302.0,220.0,2026-05-23,Hyderabad
Salmon Sushi,Sushi,449.0,41,18409.0,220.0,2026-05-24,Hyderabad
Salmon Sushi,Sushi,449.0,26,11674.0,220.0,2026-05-25,Hyderabad
Salmon Sushi,Sushi,439.0,32,14048.0,220.0,2026-05-26,Hyderabad
Salmon Sushi,Sushi,419.0,23,9637.0,220.0,2026-05-27,Hyderabad
Salmon Sushi,Sushi,449.0,29,13021.0,220.0,2026-05-28,Hyderabad
Salmon Sushi,Sushi,439.0,22,9658.0,220.0,2026-05-29,Hyderabad
Salmon Sushi,Sushi,429.0,37,15873.0,220.0,2026-05-30,Hyderabad
Salmon Sushi,Sushi,439.0,47,20633.0,220.0,2026-05-31,Hyderabad
Salmon Sushi,Sushi,419.0,35,14665.0,220.0,2026-06-01,Hyderabad
Salmon Sushi,Sushi,429.0,30,12870.0,220.0,2026-06-02,Hyderabad
Salmon Sushi,Sushi,449.0,33,14817.0,220.0,2026-06-03,Hyderabad
Salmon Sushi,Sushi,439.0,34,14926.0,220.0,2026-06-04,Hyderabad
Salmon Sushi,Sushi,449.0,29,13021.0,220.0,2026-06-05,Hyderabad
