datasets/sample_data/sales_sample.csv
Product Name,Category,Price,Units Sold,Revenue,Cost,Date,Region
Salmon Sushi,Sushi,439.0,23,10097.0,220.0,2025-12-10,Pune
Salmon Sushi,Sushi,429.0,29,12441.0,220.0,2025-12-11,Pune
Salmon Sushi,Sushi,449.0,22,9878.0,220.0,2025-12-12,Pune
Salmon Sushi,Sushi,439.0,30,13170.0,220.0,2025-12-13,Pune
Salmon Sushi,Sushi,449.0,35,15715.0,220.0,2025-12-14,Pune
Salmon Sushi,Sushi,429.0,38,16302.0,220.0,2025-12-15,Pune
Salmon Sushi,Sushi,409.0,24,9816.0,220.0,2025-12-16,Pune
Salmon Sushi,Sushi,409.0,27,11043.0,220.0,2025-12-17,Pune
Salmon Sushi,Sushi,439.0,23,10097.0,220.0,2025-12-18,Pune
Salmon Sushi,Sushi,429.0,24,10296.0,220.0,2025-12-19,Pune
Salmon Sushi,Sushi,429.0,30,12870.0,220.0,2025-12-20,Pune
Salmon Sushi,Sushi,439.0,42,18438.0,220.0,2025-12-21,Pune
Salmon Sushi,Sushi,429.0,24,10296.0,220.0,2025-12-22,Pune
Salmon Sushi,Sushi,419.0,24,10056.0,220.0,2025-12-23,Pune
Salmon Sushi,Sushi,439.0,20,8780.0,220.0,2025-12-24,Pune
Salmon Sushi,Sushi,409.0,24,9816.0,220.0,2025-12-25,Pune
Salmon Sushi,Sushi,439.0,31,13609.0,220.0,2025-12-26,Pune
Salmon Sushi,Sushi,409.0,42,17178.0,220.0,2025-12-27,Pune
Salmon Sushi,Sushi,419.0,45,18855.0,220.0,2025-12-28,Pune
Salmon Sushi,Sushi,429.0,26,11154.0,220.0,2025-12-29,Pune
Salmon Sushi,Sushi,419.0,20,8380.0,220.0,2025-12-30,Pune
Salmon Sushi,Sushi,419.0,29,12151.0,220.0,2025-12-31,Pune
Salmon Sushi,Sushi,429.0,24,10296.0,220.0,2026-01-01,Pune
Salmon Sushi,Sushi,449.0,20,8980.0,220.0,2026-01-02,Pune
Salmon Sushi,Sushi,439.0,30,13170.0,220.0,2026-01-03,Pune
Salmon Sushi,Sushi,439.0,27,11853.0,220.0,2026-01-04,Pune
Salmon Sushi,Sushi,419.0,24,10056.0,220.0,2026-01-05,Pune
Salmon Sushi,Sushi,429.0,22,9438.0,220.0,2026-01-06,Pune
Salmon Sushi,Sushi,449.0,15,6735.0,220.0,2026-01-07,Pune
Salmon Sushi,Sushi,429.0,16,6864.0,220.0,2026-01-08,Pune
Salmon Sushi,Sushi,459.0,24,11016.0,220.0,2026-01-09,Pune
Salmon Sushi,Sushi,479.0,24,11496.0,220.0,2026-01-10,Pune
Salmon Sushi,Sushi,459.0,33,15147.0,220.0,2026-01-11,Pune
Salmon Sushi,Sushi,439.0,20,8780.0,220.0,2026-01-12,Pune
Salmon Sushi,Sushi,449.0,20,8980.0,220.0,2026-01-13,Pune
Salmon Sushi,Sushi,479.0,12,5748.0,220.0,2026-01-14,Pune
Salmon Sushi,Sushi,439.0,14,6146.0,220.0,2026-01-15,Pune
Salmon Sushi,Sushi,469.0,20,9380.0,220.0,2026-01-16,Pune
Salmon Sushi,Sushi,449.0,22,9878.0,220.0,2026-01-17,Pune
Salmon Sushi,Sushi,479.0,24,11496.0,220.0,2026-01-18,Pune
Salmon Sushi,Sushi,469.0,20,9380.0,220.0,2026-01-19,Pune
Salmon Sushi,Sushi,439.0,18,7902.0,220.0,2026-01-20,Pune
Salmon Sushi,Sushi,439.0,25,10975.0,220.0,2026-01-21,Pune
Salmon Sushi,Sushi,439.0,23,10097.0,220.0,2026-01-22,Pune
Salmon Sushi,Sushi,459.0,19,8721.0,220.0,2026-01-23,Pune
Salmon Sushi,Sushi,479.0,34,16286.0,220.0,2026-01-24,Pune
Salmon Sushi,Sushi,479.0,31,14849.0,220.0,2026-01-25,Pune
Salmon Sushi,Sushi,469.0,18,8442.0,220.0,2026-01-26,Pune
Salmon Sushi,Sushi,459.0,22,10098.0,220.0,2026-01-27,Pune
Salmon Sushi,Sushi,469.0,21,9849.0,220.0,2026-01-28,Pune
Salmon Sushi,Sushi,479.0,19,9101.0,220.0,2026-01-29,Pune
Salmon Sushi,Sushi,479.0,14,6706.0,220.0,2026-01-30,Pune
Salmon Sushi,Sushi,469.0,24,11256.0,220.0,2026-01-31,Pune
Salmon Sushi,Sushi,479.0,29,13891.0,220.0,2026-02-01,Pune
Salmon Sushi,Sushi,459.0,20,9180.0,220.0,2026-02-02,Pune
Salmon Sushi,Sushi,459.0,22,10098.0,220.0,2026-02-03,Pune
Salmon Sushi,Sushi,439.0,23,10097.0,220.0,2026-02-04,Pune
Salmon Sushi,Sushi,439.0,22,9658.0,220.0,2026-02-05,Pune
Salmon Sushi,Sushi,469.0,16,7504.0,220.0,2026-02-06,Pune
Salmon Sushi,Sushi,459.0,26,11934.0,220.0,2026-02-07,Pune
Salmon Sushi,Sushi,519.0,28,14532.0,220.0,2026-02-08,Pune
Salmon Sushi,Sushi,499.0,22,10978.0,220.0,2026-02-09,Pune
Salmon Sushi,Sushi,509.0,19,9671.0,220.0,2026-02-10,Pune
Salmon Sushi,Sushi,499.0,22,10978.0,220.0,2026-02-11,Pune
Salmon Sushi,Sushi,519.0,17,8823.0,220.0,2026-02-12,Pune
Salmon Sushi,Sushi,499.0,22,10978.0,220.0,2026-02-13,Pune
Salmon Sushi,Sushi,479.0,30,14370.0,220.0,2026-02-14,Pune
Salmon Sushi,Sushi,499.0,32,15968.0,220.0,2026-02-15,Pune
Salmon Sushi,Sushi,519.0,22,11418.0,220.0,2026-02-16,Pune
Salmon Sushi,Sushi,489.0,18,8802.0,220.0,2026-02-17,Pune
Salmon Sushi,Sushi,499.0,24,11976.0,220.0,2026-02-18,Pune
Salmon Sushi,Sushi,479.0,17,8143.0,220.0,2026-02-19,Pune
Salmon Sushi,Sushi,489.0,21,10269.0,220.0,2026-02-20,Pune
Salmon Sushi,Sushi,519.0,27,14013.0,220.0,2026-02-21,Pune
Salmon Sushi,Sushi,499.0,26,12974.0,220.0,2026-02-22,Pune
Salmon Sushi,Sushi,519.0,17,8823.0,220.0,2026-02-23,Pune
Salmon Sushi,Sushi,489.0,21,10269.0,220.0,2026-02-24,Pune
Salmon Sushi,Sushi,489.0,26,12714.0,220.0,2026-02-25,Pune
Salmon Sushi,Sushi,499.0,23,11477.0,220.0,2026-02-26,Pune
Salmon Sushi,Sushi,509.0,17,8653.0,220.0,2026-02-27,Pune
Salmon Sushi,Sushi,499.0,29,14471.0,220.0,2026-02-28,Pune
Salmon Sushi,Sushi,489.0,22,10758.0,220.0,2026-03-01,Pune
Salmon Sushi,Sushi,499.0,22,10978.0,220.0,2026-03-02,Pune
Salmon Sushi,Sushi,489.0,11,5379.0,220.0,2026-03-03,Pune
Salmon Sushi,Sushi,489.0,17,8313.0,220.0,2026-03-04,Pune
Salmon Sushi,Sushi,509.0,19,9671.0,220.0,2026-03-05,Pune
Salmon Sushi,Sushi,509.0,20,10180.0,220.0,2026-03-06,Pune
Salmon Sushi,Sushi,479.0,27,12933.0,220.0,2026-03-07,Pune
Salmon Sushi,Sushi,479.0,20,9580.0,220.0,2026-03-08,Pune
Salmon Sushi,Sushi,489.0,24,11736.0,220.0,2026-03-09,Pune
Salmon Sushi,Sushi,509.0,20,10180.0,220.0,2026-03-10,Pune
Salmon Sushi,Sushi,549.0,20,10980.0,220.0,2026-03-11,Pune
Salmon Sushi,Sushi,509.0,18,9162.0,220.0,2026-03-12,Pune
Salmon Sushi,Sushi,509.0,16,8144.0,220.0,2026-03-13,Pune
Salmon Sushi,Sushi,539.0,21,11319.0,220.0,2026-03-14,Pune
Salmon Sushi,Sushi,549.0,24,13176.0,220.0,2026-03-15,Pune
Salmon Sushi,Sushi,519.0,17,8823.0,220.0,2026-03-16,Pune
Salmon Sushi,Sushi,519.0,11,5709.0,220.0,2026-03-17,Pune
Salmon Sushi,Sushi,519.0,19,9861.0,220.0,2026-03-18,Pune
Salmon Sushi,Sushi,549.0,14,7686.0,220.0,2026-03-19,Pune
Salmon Sushi,Sushi,549.0,16,8784.0,220.0,2026-03-20,Pune
Salmon Sushi,Sushi,529.0,20,10580.0,220.0,2026-03-21,Pune
Salmon Sushi,Sushi,529.0,32,16928.0,220.0,2026-03-22,Pune
Salmon Sushi,Sushi,529.0,18,9522.0,220.0,2026-03-23,Pune
Salmon Sushi,Sushi,549.0,16,8784.0,220.0,2026-03-24,Pune
Salmon Sushi,Sushi,539.0,20,10780.0,220.0,2026-03-25,Pune
Salmon Sushi,Sushi,539.0,20,10780.0,220.0,2026-03-26,Pune
Salmon Sushi,Sushi,549.0,18,9882.0,220.0,2026-03-27,Pune
Salmon Sushi,Sushi,539.0,26,14014.0,220.0,2026-03-28,Pune
Salmon Sushi,Sushi,509.0,29,14761.0,220.0,2026-03-29,Pune
Salmon Sushi,Sushi,549.0,16,8784.0,220.0,2026-03-30,Pune
Salmon Sushi,Sushi,509.0,18,9162.0,220.0,2026-03-31,Pune
Salmon Sushi,Sushi,519.0,19,9861.0,220.0,2026-04-01,Pune
Salmon Sushi,Sushi,509.0,17,8653.0,220.0,2026-04-02,Pune
Salmon Sushi,Sushi,549.0,21,11529.0,220.0,2026-04-03,Pune
Salmon Sushi,Sushi,539.0,22,11858.0,220.0,2026-04-04,Pune
Salmon Sushi,Sushi,509.0,25,12725.0,220.0,2026-04-05,Pune
Salmon Sushi,Sushi,549.0,20,10980.0,220.0,2026-04-06,Pune
Salmon Sushi,Sushi,509.0,16,8144.0,220.0,2026-04-07,Pune
Salmon Sushi,Sushi,549.0,19,10431.0,220.0,2026-04-08,Pune
Salmon Sushi,Sushi,539.0,17,9163.0,220.0,2026-04-09,Pune
Salmon Sushi,Sushi,569.0,16,9104.0,220.0,2026-04-10,Pune
Salmon Sushi,Sushi,559.0,20,11180.0,220.0,2026-04-11,Pune
Salmon Sushi,Sushi,569.0,20,11380.0,220.0,2026-04-12,Pune
Salmon Sushi,Sushi,549.0,17,9333.0,220.0,2026-04-13,Pune
Salmon Sushi,Sushi,569.0,16,9104.0,220.0,2026-04-14,Pune
Salmon Sushi,Sushi,549.0,16,8784.0,220.0,2026-04-15,Pune
Salmon Sushi,Sushi,549.0,21,11529.0,220.0,2026-04-16,Pune
Salmon Sushi,Sushi,559.0,15,8385.0,220.0,2026-04-17,Pune
Salmon Sushi,Sushi,549.0,20,10980.0,220.0,2026-04-18,Pune
Salmon Sushi,Sushi,539.0,26,14014.0,220.0,2026-04-19,Pune
Salmon Sushi,Sushi,569.0,17,9673.0,220.0,2026-04-20,Pune
Salmon Sushi,Sushi,569.0,18,10242.0,220.0,2026-04-21,Pune
Salmon Sushi,Sushi,569.0,15,8535.0,220.0,2026-04-22,Pune
Salmon Sushi,Sushi,569.0,18,10242.0,220.0,2026-04-23,Pune
Salmon Sushi,Sushi,539.0,20,10780.0,220.0,2026-04-24,Pune
Salmon Sushi,Sushi,539.0,23,12397.0,220.0,2026-04-25,Pune
Salmon Sushi,Sushi,529.0,23,12167.0,220.0,2026-04-26,Pune
Salmon Sushi,Sushi,549.0,27,14823.0,220.0,2026-04-27,Pune
Salmon Sushi,Sushi,529.0,20,10580.0,220.0,2026-04-28,Pune
Salmon Sushi,Sushi,569.0,19,10811.0,220.0,2026-04-29,Pune
Salmon Sushi,Sushi,539.0,19,10241.0,220.0,2026-04-30,Pune
Salmon Sushi,Sushi,539.0,25,13475.0,220.0,2026-05-01,Pune
Salmon Sushi,Sushi,539.0,23,12397.0,220.0,2026-05-02,Pune
Salmon Sushi,Sushi,569.0,35,19915.0,220.0,2026-05-03,Pune
Salmon Sushi,Sushi,539.0,25,13475.0,220.0,2026-05-04,Pune
Salmon Sushi,Sushi,549.0,25,13725.0,220.0,2026-05-05,Pune
Salmon Sushi,Sushi,539.0,19,10241.0,220.0,2026-05-06,Pune
Salmon Sushi,Sushi,529.0,21,11109.0,220.0,2026-05-07,Pune
Salmon Sushi,Sushi,549.0,24,13176.0,220.0,2026-05-08,Pune
Salmon Sushi,Sushi,439.0,27,11853.0,220.0,2026-05-09,Pune
Salmon Sushi,Sushi,419.0,40,16760.0,220.0,2026-05-10,Pune
Salmon Sushi,Sushi,439.0,29,12731.0,220.0,2026-05-11,Pune
Salmon Sushi,Sushi,409.0,27,11043.0,220.0,2026-05-12,Pune
Salmon Sushi,Sushi,449.0,25,11225.0,220.0,2026-05-13,Pune
Salmon Sushi,Sushi,439.0,27,11853.0,220.0,2026-05-14,Pune
Salmon Sushi,Sushi,409.0,21,8589.0,220.0,2026-05-15,Pune
Salmon Sushi,Sushi,449.0,34,15266.0,220.0,2026-05-16,Pune
Salmon Sushi,Sushi,409.0,40,16360.0,220.0,2026-05-17,Pune
Salmon Sushi,Sushi,449.0,21,9429.0,220.0,2026-05-18,Pune
Salmon Sushi,Sushi,419.0,29,12151.0,220.0,2026-05-19,Pune
Salmon Sushi,Sushi,449.0,20,8980.0,220.0,2026-05-20,Pune
Salmon Sushi,Sushi,419.0,34,14246.0,220.0,2026-05-21,Pune
Salmon Sushi,Sushi,439.0,32,14048.0,220.0,2026-05-22,Pune
Salmon Sushi,Sushi,429.0,24,10296.0,220.0,2026-05-23,Pune
Salmon Sushi,Sushi,419.0,37,15503.0,220.0,2026-05-24,Pune
Salmon Sushi,Sushi,419.0,32,13408.0,220.0,2026-05-25,Pune
Salmon Sushi,Sushi,419.0,34,14246.0,220.0,2026-05-26,Pune
Salmon Sushi,Sushi,439.0,24,10536.0,220.0,2026-05-27,Pune
Salmon Sushi,Sushi,439.0,24,10536.0,220.0,2026-05-28,Pune
Salmon Sushi,Sushi,419.0,30,12570.0,220.0,2026-05-29,Pune
Salmon Sushi,Sushi,449.0,32,14368.0,220.0,2026-05-30,Pune
Salmon Sushi,Sushi,449.0,39,17511.0,220.0,2026-05-31,Pune
Salmon Sushi,Sushi,409.0,23,9407.0,220.0,2026-06-01,Pune
Salmon Sushi,Sushi,449.0,29,13021.0,220.0,2026-06-02,Pune
Salmon Sushi,Sushi,429.0,29,12441.0,220.0,2026-06-03,Pune
Salmon Sushi,Sushi,409.0,37,15133.0,220.0,2026-06-04,Pune
Salmon Sushi,Sushi,419.0,25,10475.0,220.0,2026-06-05,Pune
