datasets/sample_data/sales_sample.csv
Product Name,Category,Price,Units Sold,Revenue,Cost,Date,Region
Penne Alfredo,Pasta,169.0,48,8112.0,80.0,2025-12-10,Chennai
Penne Alfredo,Pasta,159.0,56,8904.0,80.0,2025-12-11,Chennai
Penne Alfredo,Pasta,189.0,44,8316.0,80.0,2025-12-12,Chennai
Penne Alfredo,Pasta,149.0,92,13708.0,80.0,2025-12-13,Chennai
Penne Alfredo,Pasta,159.0,85,13515.0,80.0,2025-12-14,Chennai
Penne Alfredo,Pasta,179.0,54,9666.0,80.0,2025-12-15,Chennai
Penne Alfredo,Pasta,179.0,46,8234.0,80.0,2025-12-16,Chennai
Penne Alfredo,Pasta,189.0,57,10773.0,80.0,2025-12-17,Chennai
Penne Alfredo,Pasta,169.0,56,9464.0,80.0,2025-12-18,Chennai
Penne Alfredo,Pasta,189.0,46,8694.0,80.0,2025-12-19,Chennai
Penne Alfredo,Pasta,169.0,61,10309.0,80.0,2025-12-20,Chennai
Penne Alfredo,Pasta,169.0,66,11154.0,80.0,2025-12-21,Chennai
Penne Alfredo,Pasta,179.0,44,7876.0,80.0,2025-12-22,Chennai
Penne Alfredo,Pasta,189.0,40,7560.0,80.0,2025-12-23,Chennai
Penne Alfredo,Pasta,149.0,56,8344.0,80.0,2025-12-24,Chennai
Penne Alfredo,Pasta,159.0,58,9222.0,80.0,2025-12-25,Chennai
Penne Alfredo,Pasta,149.0,55,8195.0,80.0,2025-12-26,Chennai
Penne Alfredo,Pasta,169.0,68,11492.0,80.0,2025-12-27,Chennai
Penne Alfredo,Pasta,149.0,103,15347.0,80.0,2025-12-28,Chennai
Penne Alfredo,Pasta,179.0,50,8950.0,80.0,2025-12-29,Chennai
Penne Alfredo,Pasta,179.0,43,7697.0,80.0,2025-12-30,Chennai
Penne Alfredo,Pasta,169.0,60,10140.0,80.0,2025-12-31,Chennai
Penne Alfredo,Pasta,149.0,67,9983.0,80.0,2026-01-01,Chennai
Penne Alfredo,Pasta,179.0,36,6444.0,80.0,2026-01-02,Chennai
Penne Alfredo,Pasta,149.0,80,11920.0,80.0,2026-01-03,Chennai
Penne Alfredo,Pasta,169.0,56,9464.0,80.0,2026-01-04,Chennai
Penne Alfredo,Pasta,169.0,38,6422.0,80.0,2026-01-05,Chennai
Penne Alfredo,Pasta,189.0,38,7182.0,80.0,2026-01-06,Chennai
Penne Alfredo,Pasta,179.0,41,7339.0,80.0,2026-01-07,Chennai
Penne Alfredo,Pasta,169.0,49,8281.0,80.0,2026-01-08,Chennai
Penne Alfredo,Pasta,199.0,34,6766.0,80.0,2026-01-09,Chennai
Penne Alfredo,Pasta,189.0,42,7938.0,80.0,2026-01-10,Chennai
Penne Alfredo,Pasta,209.0,55,11495.0,80.0,2026-01-11,Chennai
Penne Alfredo,Pasta,199.0,31,6169.0,80.0,2026-01-12,Chennai
Penne Alfredo,Pasta,179.0,48,8592.0,80.0,2026-01-13,Chennai
Penne Alfredo,Pasta,179.0,43,7697.0,80.0,2026-01-14,Chennai
Penne Alfredo,Pasta,209.0,29,6061.0,80.0,2026-01-15,Chennai
Penne Alfredo,Pasta,169.0,44,7436.0,80.0,2026-01-16,Chennai
Penne Alfredo,Pasta,179.0,63,11277.0,80.0,2026-01-17,Chennai
Penne Alfredo,Pasta,169.0,61,10309.0,80.0,2026-01-18,Chennai
Penne Alfredo,Pasta,169.0,51,8619.0,80.0,2026-01-19,Chennai
Penne Alfredo,Pasta,209.0,37,7733.0,80.0,2026-01-20,Chennai
Penne Alfredo,Pasta,189.0,47,8883.0,80.0,2026-01-21,Chennai
Penne Alfredo,Pasta,179.0,36,6444.0,80.0,2026-01-22,Chennai
Penne Alfredo,Pasta,209.0,33,6897.0,80.0,2026-01-23,Chennai
Penne Alfredo,Pasta,179.0,59,10561.0,80.0,2026-01-24,Chennai
Penne Alfredo,Pasta,169.0,58,9802.0,80.0,2026-01-25,Chennai
Penne Alfredo,Pasta,209.0,38,7942.0,80.0,2026-01-26,Chennai
Penne Alfredo,Pasta,179.0,51,9129.0,80.0,2026-01-27,Chennai
Penne Alfredo,Pasta,179.0,42,7518.0,80.0,2026-01-28,Chennai
Penne Alfredo,Pasta,189.0,42,7938.0,80.0,2026-01-29,Chennai
Penne Alfredo,Pasta,199.0,42,8358.0,80.0,2026-01-30,Chennai
Penne Alfredo,Pasta,179.0,64,11456.0,80.0,2026-01-31,Chennai
Penne Alfredo,Pasta,179.0,69,12351.0,80.0,2026-02-01,Chennai
Penne Alfredo,Pasta,209.0,34,7106.0,80.0,2026-02-02,Chennai
Penne Alfredo,Pasta,189.0,29,5481.0,80.0,2026-02-03,Chennai
Penne Alfredo,Pasta,189.0,38,7182.0,80.0,2026-02-04,Chennai
Penne Alfredo,Pasta,199.0,28,5572.0,80.0,2026-02-05,Chennai
Penne Alfredo,Pasta,209.0,21,4389.0,80.0,2026-02-06,Chennai
Penne Alfredo,Pasta,169.0,48,8112.0,80.0,2026-02-07,Chennai
Penne Alfredo,Pasta,199.0,40,7960.0,80.0,2026-02-08,Chennai
Penne Alfredo,Pasta,189.0,47,8883.0,80.0,2026-02-09,Chennai
Penne Alfredo,Pasta,209.0,41,8569.0,80.0,2026-02-10,Chennai
Penne Alfredo,Pasta,189.0,42,7938.0,80.0,2026-02-11,Chennai
Penne Alfredo,Pasta,179.0,47,8413.0,80.0,2026-02-12,Chennai
Penne Alfredo,Pasta,179.0,40,7160.0,80.0,2026-02-13,Chennai
Penne Alfredo,Pasta,189.0,42,7938.0,80.0,2026-02-14,Chennai
Penne Alfredo,Pasta,209.0,40,8360.0,80.0,2026-02-15,Chennai
Penne Alfredo,Pasta,199.0,29,5771.0,80.0,2026-02-16,Chennai
Penne Alfredo,Pasta,189.0,38,7182.0,80.0,2026-02-17,Chennai
Penne Alfredo,Pasta,199.0,28,5572.0,80.0,2026-02-18,Chennai
Penne Alfredo,Pasta,199.0,29,5771.0,80.0,2026-02-19,Chennai
Penne Alfredo,Pasta,189.0,39,7371.0,80.0,2026-02-20,Chennai
Penne Alfredo,Pasta,199.0,50,9950.0,80.0,2026-02-21,Chennai
Penne Alfredo,Pasta,179.0,63,11277.0,80.0,2026-02-22,Chennai
Penne Alfredo,Pasta,209.0,41,8569.0,80.0,2026-02-23,Chennai
Penne Alfredo,Pasta,179.0,42,7518.0,80.0,2026-02-24,Chennai
Penne Alfredo,Pasta,179.0,44,7876.0,80.0,2026-02-25,Chennai
Penne Alfredo,Pasta,189.0,52,9828.0,80.0,2026-02-26,Chennai
Penne Alfredo,Pasta,219.0,33,7227.0,80.0,2026-02-27,Chennai
Penne Alfredo,Pasta,209.0,43,8987.0,80.0,2026-02-28,Chennai
Penne Alfredo,Pasta,219.0,48,10512.0,80.0,2026-03-01,Chennai
Penne Alfredo,Pasta,209.0,39,8151.0,80.0,2026-03-02,Chennai
Penne Alfredo,Pasta,209.0,33,6897.0,80.0,2026-03-03,Chennai
Penne Alfredo,Pasta,219.0,42,9198.0,80.0,2026-03-04,Chennai
Penne Alfredo,Pasta,189.0,29,5481.0,80.0,2026-03-05,Chennai
Penne Alfredo,Pasta,209.0,25,5225.0,80.0,2026-03-06,Chennai
Penne Alfredo,Pasta,209.0,44,9196.0,80.0,2026-03-07,Chennai
Penne Alfredo,Pasta,179.0,58,10382.0,80.0,2026-03-08,Chennai
Penne Alfredo,Pasta,179.0,34,6086.0,80.0,2026-03-09,Chennai
Penne Alfredo,Pasta,219.0,32,7008.0,80.0,2026-03-10,Chennai
Penne Alfredo,Pasta,209.0,38,7942.0,80.0,2026-03-11,Chennai
Penne Alfredo,Pasta,199.0,32,6368.0,80.0,2026-03-12,Chennai
Penne Alfredo,Pasta,239.0,32,7648.0,80.0,2026-03-13,Chennai
Penne Alfredo,Pasta,219.0,41,8979.0,80.0,2026-03-14,Chennai
Penne Alfredo,Pasta,199.0,50,9950.0,80.0,2026-03-15,Chennai
Penne Alfredo,Pasta,229.0,39,8931.0,80.0,2026-03-16,Chennai
Penne Alfredo,Pasta,209.0,30,6270.0,80.0,2026-03-17,Chennai
Penne Alfredo,Pasta,199.0,37,7363.0,80.0,2026-03-18,Chennai
Penne Alfredo,Pasta,209.0,42,8778.0,80.0,2026-03-19,Chennai
Penne Alfredo,Pasta,219.0,37,8103.0,80.0,2026-03-20,Chennai
Penne Alfredo,Pasta,209.0,53,11077.0,80.0,2026-03-21,Chennai
Penne Alfredo,Pasta,209.0,44,9196.0,80.0,2026-03-22,Chennai
Penne Alfredo,Pasta,199.0,36,7164.0,80.0,2026-03-23,Chennai
Penne Alfredo,Pasta,229.0,23,5267.0,80.0,2026-03-24,Chennai
Penne Alfredo,Pasta,229.0,27,6183.0,80.0,2026-03-25,Chennai
Penne Alfredo,Pasta,209.0,41,8569.0,80.0,2026-03-26,Chennai
Penne Alfredo,Pasta,199.0,27,5373.0,80.0,2026-03-27,Chennai
Penne Alfredo,Pasta,199.0,58,11542.0,80.0,2026-03-28,Chennai
Penne Alfredo,Pasta,219.0,45,9855.0,80.0,2026-03-29,Chennai
Penne Alfredo,Pasta,199.0,28,5572.0,80.0,2026-03-30,Chennai
Penne Alfredo,Pasta,219.0,30,6570.0,80.0,2026-03-31,Chennai
Penne Alfredo,Pasta,219.0,29,6351.0,80.0,2026-04-01,Chennai
Penne Alfredo,Pasta,209.0,35,7315.0,80.0,2026-04-02,Chennai
Penne Alfredo,Pasta,209.0,35,7315.0,80.0,2026-04-03,Chennai
Penne Alfredo,Pasta,199.0,39,7761.0,80.0,2026-04-04,Chennai
Penne Alfredo,Pasta,239.0,48,11472.0,80.0,2026-04-05,Chennai
Penne Alfredo,Pasta,229.0,29,6641.0,80.0,2026-04-06,Chennai
Penne Alfredo,Pasta,229.0,32,7328.0,80.0,2026-04-07,Chennai
Penne Alfredo,Pasta,239.0,29,6931.0,80.0,2026-04-08,Chennai
Penne Alfredo,Pasta,219.0,24,5256.0,80.0,2026-04-09,Chennai
Penne Alfredo,Pasta,249.0,26,6474.0,80.0,2026-04-10,Chennai
Penne Alfredo,Pasta,249.0,46,11454.0,80.0,2026-04-11,Chennai
Penne Alfredo,Pasta,259.0,31,8029.0,80.0,2026-04-12,Chennai
Penne Alfredo,Pasta,229.0,37,8473.0,80.0,2026-04-13,Chennai
Penne Alfredo,Pasta,259.0,29,7511.0,80.0,2026-04-14,Chennai
Penne Alfredo,Pasta,219.0,39,8541.0,80.0,2026-04-15,Chennai
Penne Alfredo,Pasta,249.0,37,9213.0,80.0,2026-04-16,Chennai
Penne Alfredo,Pasta,239.0,22,5258.0,80.0,2026-04-17,Chennai
Penne Alfredo,Pasta,249.0,44,10956.0,80.0,2026-04-18,Chennai
Penne Alfredo,Pasta,229.0,43,9847.0,80.0,2026-04-19,Chennai
Penne Alfredo,Pasta,229.0,33,7557.0,80.0,2026-04-20,Chennai
Penne Alfredo,Pasta,219.0,26,5694.0,80.0,2026-04-21,Chennai
Penne Alfredo,Pasta,259.0,31,8029.0,80.0,2026-04-22,Chennai
Penne Alfredo,Pasta,239.0,37,8843.0,80.0,2026-04-23,Chennai
Penne Alfredo,Pasta,249.0,26,6474.0,80.0,2026-04-24,Chennai
Penne Alfredo,Pasta,259.0,35,9065.0,80.0,2026-04-25,Chennai
Penne Alfredo,Pasta,249.0,42,10458.0,80.0,2026-04-26,Chennai
Penne Alfredo,Pasta,249.0,33,8217.0,80.0,2026-04-27,Chennai
Penne Alfredo,Pasta,229.0,36,8244.0,80.0,2026-04-28,Chennai
Penne Alfredo,Pasta,239.0,26,6214.0,80.0,2026-04-29,Chennai
Penne Alfredo,Pasta,249.0,25,6225.0,80.0,2026-04-30,Chennai
Penne Alfredo,Pasta,229.0,48,10992.0,80.0,2026-05-01,Chennai
Penne Alfredo,Pasta,219.0,58,12702.0,80.0,2026-05-02,Chennai
Penne Alfredo,Pasta,249.0,57,14193.0,80.0,2026-05-03,Chennai
Penne Alfredo,Pasta,219.0,38,8322.0,80.0,2026-05-04,Chennai
Penne Alfredo,Pasta,239.0,32,7648.0,80.0,2026-05-05,Chennai
Penne Alfredo,Pasta,239.0,46,10994.0,80.0,2026-05-06,Chennai
Penne Alfredo,Pasta,239.0,29,6931.0,80.0,2026-05-07,Chennai
Penne Alfredo,Pasta,249.0,30,7470.0,80.0,2026-05-08,Chennai
Penne Alfredo,Pasta,159.0,78,12402.0,80.0,2026-05-09,Chennai
Penne Alfredo,Pasta,149.0,106,15794.0,80.0,2026-05-10,Chennai
Penne Alfredo,Pasta,179.0,58,10382.0,80.0,2026-05-11,Chennai
Penne Alfredo,Pasta,149.0,57,8493.0,80.0,2026-05-12,Chennai
Penne Alfredo,Pasta,169.0,52,8788.0,80.0,2026-05-13,Chennai
Penne Alfredo,Pasta,159.0,72,11448.0,80.0,2026-05-14,Chennai
Penne Alfredo,Pasta,149.0,64,9536.0,80.0,2026-05-15,Chennai
Penne Alfredo,Pasta,169.0,69,11661.0,80.0,2026-05-16,Chennai
Penne Alfredo,Pasta,169.0,95,16055.0,80.0,2026-05-17,Chennai
Penne Alfredo,Pasta,159.0,64,10176.0,80.0,2026-05-18,Chennai
Penne Alfredo,Pasta,149.0,54,8046.0,80.0,2026-05-19,Chennai
Penne Alfredo,Pasta,189.0,52,9828.0,80.0,2026-05-20,Chennai
Penne Alfredo,Pasta,189.0,51,9639.0,80.0,2026-05-21,Chennai
Penne Alfredo,Pasta,149.0,71,10579.0,80.0,2026-05-22,Chennai
Penne Alfredo,Pasta,169.0,102,17238.0,80.0,2026-05-23,Chennai
Penne Alfredo,Pasta,159.0,109,17331.0,80.0,2026-05-24,Chennai
Penne Alfredo,Pasta,189.0,51,9639.0,80.0,2026-05-25,Chennai
Penne Alfredo,Pasta,179.0,76,13604.0,80.0,2026-05-26,Chennai
Penne Alfredo,Pasta,169.0,49,8281.0,80.0,2026-05-27,Chennai
Penne Alfredo,Pasta,189.0,52,9828.0,80.0,2026-05-28,Chennai
Penne Alfredo,Pasta,159.0,85,13515.0,80.0,2026-05-29,Chennai
Penne Alfredo,Pasta,189.0,76,14364.0,80.0,2026-05-30,Chennai
Penne Alfredo,Pasta,169.0,88,14872.0,80.0,2026-05-31,Chennai
Penne Alfredo,Pasta,159.0,56,8904.0,80.0,2026-06-01,Chennai
Penne Alfredo,Pasta,169.0,51,8619.0,80.0,2026-06-02,Chennai
Penne Alfredo,Pasta,159.0,80,12720.0,80.0,2026-06-03,Chennai
Penne Alfredo,Pasta,149.0,69,10281.0,80.0,2026-06-04,Chennai
Penne Alfredo,Pasta,159.0,63,10017.0,80.0,2026-06-05,Chennai
