datasets/sample_data/sales_sample.csv
Product Name,Category,Price,Units Sold,Revenue,Cost,Date,Region
Penne Alfredo,Pasta,169.0,67,11323.0,80.0,2025-12-10,Bangalore
Penne Alfredo,Pasta,169.0,61,10309.0,80.0,2025-12-11,Bangalore
Penne Alfredo,Pasta,169.0,46,7774.0,80.0,2025-12-12,Bangalore
Penne Alfredo,Pasta,169.0,57,9633.0,80.0,2025-12-13,Bangalore
Penne Alfredo,Pasta,169.0,86,14534.0,80.0,2025-12-14,Bangalore
Penne Alfredo,Pasta,159.0,67,10653.0,80.0,2025-12-15,Bangalore
Penne Alfredo,Pasta,189.0,42,7938.0,80.0,2025-12-16,Bangalore
Penne Alfredo,Pasta,179.0,40,7160.0,80.0,2025-12-17,Bangalore
Penne Alfredo,Pasta,149.0,60,8940.0,80.0,2025-12-18,Bangalore
Penne Alfredo,Pasta,159.0,48,7632.0,80.0,2025-12-19,Bangalore
Penne Alfredo,Pasta,149.0,88,13112.0,80.0,2025-12-20,Bangalore
Penne Alfredo,Pasta,169.0,85,14365.0,80.0,2025-12-21,Bangalore
Penne Alfredo,Pasta,149.0,64,9536.0,80.0,2025-12-22,Bangalore
Penne Alfredo,Pasta,179.0,39,6981.0,80.0,2025-12-23,Bangalore
Penne Alfredo,Pasta,189.0,47,8883.0,80.0,2025-12-24,Bangalore
Penne Alfredo,Pasta,159.0,72,11448.0,80.0,2025-12-25,Bangalore
Penne Alfredo,Pasta,179.0,41,7339.0,80.0,2025-12-26,Bangalore
Penne Alfredo,Pasta,159.0,59,9381.0,80.0,2025-12-27,Bangalore
Penne Alfredo,Pasta,169.0,92,15548.0,80.0,2025-12-28,Bangalore
Penne Alfredo,Pasta,159.0,67,10653.0,80.0,2025-12-29,Bangalore
Penne Alfredo,Pasta,159.0,46,7314.0,80.0,2025-12-30,Bangalore
Penne Alfredo,Pasta,159.0,62,9858.0,80.0,2025-12-31,Bangalore
Penne Alfredo,Pasta,159.0,43,6837.0,80.0,2026-01-01,Bangalore
Penne Alfredo,Pasta,169.0,47,7943.0,80.0,2026-01-02,Bangalore
Penne Alfredo,Pasta,189.0,55,10395.0,80.0,2026-01-03,Bangalore
Penne Alfredo,Pasta,179.0,74,13246.0,80.0,2026-01-04,Bangalore
Penne Alfredo,Pasta,189.0,47,8883.0,80.0,2026-01-05,Bangalore
Penne Alfredo,Pasta,189.0,34,6426.0,80.0,2026-01-06,Bangalore
Penne Alfredo,Pasta,149.0,58,8642.0,80.0,2026-01-07,Bangalore
Penne Alfredo,Pasta,169.0,40,6760.0,80.0,2026-01-08,Bangalore
Penne Alfredo,Pasta,189.0,39,7371.0,80.0,2026-01-09,Bangalore
Penne Alfredo,Pasta,179.0,42,7518.0,80.0,2026-01-10,Bangalore
Penne Alfredo,Pasta,199.0,39,7761.0,80.0,2026-01-11,Bangalore
Penne Alfredo,Pasta,209.0,44,9196.0,80.0,2026-01-12,Bangalore
Penne Alfredo,Pasta,189.0,31,5859.0,80.0,2026-01-13,Bangalore
Penne Alfredo,Pasta,209.0,46,9614.0,80.0,2026-01-14,Bangalore
Penne Alfredo,Pasta,179.0,39,6981.0,80.0,2026-01-15,Bangalore
Penne Alfredo,Pasta,189.0,32,6048.0,80.0,2026-01-16,Bangalore
Penne Alfredo,Pasta,209.0,40,8360.0,80.0,2026-01-17,Bangalore
Penne Alfredo,Pasta,189.0,57,10773.0,80.0,2026-01-18,Bangalore
Penne Alfredo,Pasta,199.0,32,6368.0,80.0,2026-01-19,Bangalore
Penne Alfredo,Pasta,169.0,50,8450.0,80.0,2026-01-20,Bangalore
Penne Alfredo,Pasta,209.0,31,6479.0,80.0,2026-01-21,Bangalore
Penne Alfredo,Pasta,199.0,31,6169.0,80.0,2026-01-22,Bangalore
Penne Alfredo,Pasta,199.0,53,10547.0,80.0,2026-01-23,Bangalore
Penne Alfredo,Pasta,199.0,50,9950.0,80.0,2026-01-24,Bangalore
Penne Alfredo,Pasta,189.0,57,10773.0,80.0,2026-01-25,Bangalore
Penne Alfredo,Pasta,169.0,48,8112.0,80.0,2026-01-26,Bangalore
Penne Alfredo,Pasta,209.0,40,8360.0,80.0,2026-01-27,Bangalore
Penne Alfredo,Pasta,179.0,36,6444.0,80.0,2026-01-28,Bangalore
Penne Alfredo,Pasta,169.0,45,7605.0,80.0,2026-01-29,Bangalore
Penne Alfredo,Pasta,169.0,51,8619.0,80.0,2026-01-30,Bangalore
Penne Alfredo,Pasta,209.0,48,10032.0,80.0,2026-01-31,Bangalore
Penne Alfredo,Pasta,209.0,50,10450.0,80.0,2026-02-01,Bangalore
Penne Alfredo,Pasta,189.0,36,6804.0,80.0,2026-02-02,Bangalore
Penne Alfredo,Pasta,199.0,32,6368.0,80.0,2026-02-03,Bangalore
Penne Alfredo,Pasta,199.0,36,7164.0,80.0,2026-02-04,Bangalore
Penne Alfredo,Pasta,179.0,27,4833.0,80.0,2026-02-05,Bangalore
Penne Alfredo,Pasta,169.0,43,7267.0,80.0,2026-02-06,Bangalore
Penne Alfredo,Pasta,209.0,41,8569.0,80.0,2026-02-07,Bangalore
Penne Alfredo,Pasta,209.0,53,11077.0,80.0,2026-02-08,Bangalore
Penne Alfredo,Pasta,199.0,33,6567.0,80.0,2026-02-09,Bangalore
Penne Alfredo,Pasta,209.0,29,6061.0,80.0,2026-02-10,Bangalore
Penne Alfredo,Pasta,179.0,32,5728.0,80.0,2026-02-11,Bangalore
Penne Alfredo,Pasta,199.0,40,7960.0,80.0,2026-02-12,Bangalore
Penne Alfredo,Pasta,219.0,30,6570.0,80.0,2026-02-13,Bangalore
Penne Alfredo,Pasta,219.0,49,10731.0,80.0,2026-02-14,Bangalore
Penne Alfredo,Pasta,219.0,52,11388.0,80.0,2026-02-15,Bangalore
Penne Alfredo,Pasta,189.0,43,8127.0,80.0,2026-02-16,Bangalore
Penne Alfredo,Pasta,199.0,38,7562.0,80.0,2026-02-17,Bangalore
Penne Alfredo,Pasta,179.0,30,5370.0,80.0,2026-02-18,Bangalore
Penne Alfredo,Pasta,219.0,32,7008.0,80.0,2026-02-19,Bangalore
Penne Alfredo,Pasta,179.0,50,8950.0,80.0,2026-02-20,Bangalore
Penne Alfredo,Pasta,199.0,53,10547.0,80.0,2026-02-21,Bangalore
Penne Alfredo,Pasta,179.0,73,13067.0,80.0,2026-02-22,Bangalore
Penne Alfredo,Pasta,199.0,46,9154.0,80.0,2026-02-23,Bangalore
Penne Alfredo,Pasta,189.0,42,7938.0,80.0,2026-02-24,Bangalore
Penne Alfredo,Pasta,189.0,33,6237.0,80.0,2026-02-25,Bangalore
Penne Alfredo,Pasta,209.0,34,7106.0,80.0,2026-02-26,Bangalore
Penne Alfredo,Pasta,209.0,30,6270.0,80.0,2026-02-27,Bangalore
Penne Alfredo,Pasta,209.0,49,10241.0,80.0,2026-02-28,Bangalore
Penne Alfredo,Pasta,189.0,31,5859.0,80.0,2026-03-01,Bangalore
Penne Alfredo,Pasta,219.0,34,7446.0,80.0,2026-03-02,Bangalore
Penne Alfredo,Pasta,219.0,36,7884.0,80.0,2026-03-03,Bangalore
Penne Alfredo,Pasta,199.0,32,6368.0,80.0,2026-03-04,Bangalore
Penne Alfredo,Pasta,219.0,37,8103.0,80.0,2026-03-05,Bangalore
Penne Alfredo,Pasta,209.0,42,8778.0,80.0,2026-03-06,Bangalore
Penne Alfredo,Pasta,179.0,50,8950.0,80.0,2026-03-07,Bangalore
Penne Alfredo,Pasta,199.0,57,11343.0,80.0,2026-03-08,Bangalore
Penne Alfredo,Pasta,219.0,34,7446.0,80.0,2026-03-09,Bangalore
Penne Alfredo,Pasta,219.0,29,6351.0,80.0,2026-03-10,Bangalore
Penne Alfredo,Pasta,209.0,37,7733.0,80.0,2026-03-11,Bangalore
Penne Alfredo,Pasta,219.0,39,8541.0,80.0,2026-03-12,Bangalore
Penne Alfredo,Pasta,229.0,28,6412.0,80.0,2026-03-13,Bangalore
Penne Alfredo,Pasta,239.0,39,9321.0,80.0,2026-03-14,Bangalore
Penne Alfredo,Pasta,239.0,35,8365.0,80.0,2026-03-15,Bangalore
Penne Alfredo,Pasta,219.0,37,8103.0,80.0,2026-03-16,Bangalore
Penne Alfredo,Pasta,209.0,44,9196.0,80.0,2026-03-17,Bangalore
Penne Alfredo,Pasta,239.0,24,5736.0,80.0,2026-03-18,Bangalore
Penne Alfredo,Pasta,199.0,44,8756.0,80.0,2026-03-19,Bangalore
Penne Alfredo,Pasta,209.0,32,6688.0,80.0,2026-03-20,Bangalore
Penne Alfredo,Pasta,209.0,52,10868.0,80.0,2026-03-21,Bangalore
Penne Alfredo,Pasta,199.0,48,9552.0,80.0,2026-03-22,Bangalore
Penne Alfredo,Pasta,199.0,30,5970.0,80.0,2026-03-23,Bangalore
Penne Alfredo,Pasta,209.0,38,7942.0,80.0,2026-03-24,Bangalore
Penne Alfredo,Pasta,219.0,36,7884.0,80.0,2026-03-25,Bangalore
Penne Alfredo,Pasta,209.0,33,6897.0,80.0,2026-03-26,Bangalore
Penne Alfredo,Pasta,199.0,33,6567.0,80.0,2026-03-27,Bangalore
Penne Alfredo,Pasta,209.0,47,9823.0,80.0,2026-03-28,Bangalore
Penne Alfredo,Pasta,209.0,47,9823.0,80.0,2026-03-29,Bangalore
Penne Alfredo,Pasta,199.0,35,6965.0,80.0,2026-03-30,Bangalore
Penne Alfredo,Pasta,219.0,33,7227.0,80.0,2026-03-31,Bangalore
Penne Alfredo,Pasta,199.0,40,7960.0,80.0,2026-04-01,Bangalore
Penne Alfredo,Pasta,209.0,36,7524.0,80.0,2026-04-02,Bangalore
Penne Alfredo,Pasta,219.0,32,7008.0,80.0,2026-04-03,Bangalore
Penne Alfredo,Pasta,209.0,47,9823.0,80.0,2026-04-04,Bangalore
Penne Alfredo,Pasta,219.0,28,6132.0,80.0,2026-04-05,Bangalore
Penne Alfredo,Pasta,209.0,40,8360.0,80.0,2026-04-06,Bangalore
Penne Alfredo,Pasta,229.0,34,7786.0,80.0,2026-04-07,Bangalore
Penne Alfredo,Pasta,239.0,35,8365.0,80.0,2026-04-08,Bangalore
Penne Alfredo,Pasta,249.0,29,7221.0,80.0,2026-04-09,Bangalore
Penne Alfredo,Pasta,239.0,24,5736.0,80.0,2026-04-10,Bangalore
Penne Alfredo,Pasta,259.0,43,11137.0,80.0,2026-04-11,Bangalore
Penne Alfredo,Pasta,239.0,49,11711.0,80.0,2026-04-12,Bangalore
Penne Alfredo,Pasta,239.0,39,9321.0,80.0,2026-04-13,Bangalore
Penne Alfredo,Pasta,229.0,37,8473.0,80.0,2026-04-14,Bangalore
Penne Alfredo,Pasta,239.0,25,5975.0,80.0,2026-04-15,Bangalore
Penne Alfredo,Pasta,219.0,41,8979.0,80.0,2026-04-16,Bangalore
Penne Alfredo,Pasta,219.0,20,4380.0,80.0,2026-04-17,Bangalore
Penne Alfredo,Pasta,249.0,34,8466.0,80.0,2026-04-18,Bangalore
Penne Alfredo,Pasta,229.0,51,11679.0,80.0,2026-04-19,Bangalore
Penne Alfredo,Pasta,259.0,24,6216.0,80.0,2026-04-20,Bangalore
Penne Alfredo,Pasta,259.0,24,6216.0,80.0,2026-04-21,Bangalore
Penne Alfredo,Pasta,229.0,31,7099.0,80.0,2026-04-22,Bangalore
Penne Alfredo,Pasta,249.0,40,9960.0,80.0,2026-04-23,Bangalore
Penne Alfredo,Pasta,219.0,28,6132.0,80.0,2026-04-24,Bangalore
Penne Alfredo,Pasta,259.0,39,10101.0,80.0,2026-04-25,Bangalore
Penne Alfredo,Pasta,259.0,43,11137.0,80.0,2026-04-26,Bangalore
Penne Alfredo,Pasta,239.0,27,6453.0,80.0,2026-04-27,Bangalore
Penne Alfredo,Pasta,259.0,39,10101.0,80.0,2026-04-28,Bangalore
Penne Alfredo,Pasta,229.0,32,7328.0,80.0,2026-04-29,Bangalore
Penne Alfredo,Pasta,249.0,30,7470.0,80.0,2026-04-30,Bangalore
Penne Alfredo,Pasta,239.0,37,8843.0,80.0,2026-05-01,Bangalore
Penne Alfredo,Pasta,219.0,59,12921.0,80.0,2026-05-02,Bangalore
Penne Alfredo,Pasta,239.0,62,14818.0,80.0,2026-05-03,Bangalore
Penne Alfredo,Pasta,239.0,36,8604.0,80.0,2026-05-04,Bangalore
Penne Alfredo,Pasta,259.0,43,11137.0,80.0,2026-05-05,Bangalore
Penne Alfredo,Pasta,229.0,43,9847.0,80.0,2026-05-06,Bangalore
Penne Alfredo,Pasta,259.0,35,9065.0,80.0,2026-05-07,Bangalore
Penne Alfredo,Pasta,259.0,41,10619.0,80.0,2026-05-08,Bangalore
Penne Alfredo,Pasta,159.0,79,12561.0,80.0,2026-05-09,Bangalore
Penne Alfredo,Pasta,169.0,91,15379.0,80.0,2026-05-10,Bangalore
Penne Alfredo,Pasta,159.0,52,8268.0,80.0,2026-05-11,Bangalore
Penne Alfredo,Pasta,189.0,61,11529.0,80.0,2026-05-12,Bangalore
Penne Alfredo,Pasta,189.0,37,6993.0,80.0,2026-05-13,Bangalore
Penne Alfredo,Pasta,189.0,67,12663.0,80.0,2026-05-14,Bangalore
Penne Alfredo,Pasta,159.0,81,12879.0,80.0,2026-05-15,Bangalore
Penne Alfredo,Pasta,179.0,76,13604.0,80.0,2026-05-16,Bangalore
Penne Alfredo,Pasta,189.0,55,10395.0,80.0,2026-05-17,Bangalore
Penne Alfredo,Pasta,149.0,60,8940.0,80.0,2026-05-18,Bangalore
Penne Alfredo,Pasta,179.0,36,6444.0,80.0,2026-05-19,Bangalore
Penne Alfredo,Pasta,159.0,66,10494.0,80.0,2026-05-20,Bangalore
Penne Alfredo,Pasta,159.0,48,7632.0,80.0,2026-05-21,Bangalore
Penne Alfredo,Pasta,149.0,83,12367.0,80.0,2026-05-22,Bangalore
Penne Alfredo,Pasta,159.0,94,14946.0,80.0,2026-05-23,Bangalore
Penne Alfredo,Pasta,169.0,88,14872.0,80.0,2026-05-24,Bangalore
Penne Alfredo,Pasta,159.0,50,7950.0,80.0,2026-05-25,Bangalore
Penne Alfredo,Pasta,179.0,54,9666.0,80.0,2026-05-26,Bangalore
Penne Alfredo,Pasta,189.0,64,12096.0,80.0,2026-05-27,Bangalore
Penne Alfredo,Pasta,189.0,45,8505.0,80.0,2026-05-28,Bangalore
Penne Alfredo,Pasta,189.0,47,8883.0,80.0,2026-05-29,Bangalore
Penne Alfredo,Pasta,189.0,84,15876.0,80.0,2026-05-30,Bangalore
Penne Alfredo,Pasta,179.0,106,18974.0,80.0,2026-05-31,Bangalore
Penne Alfredo,Pasta,169.0,59,9971.0,80.0,2026-06-01,Bangalore
Penne Alfredo,Pasta,189.0,59,11151.0,80.0,2026-06-02,Bangalore
Penne Alfredo,Pasta,149.0,57,8493.0,80.0,2026-06-03,Bangalore
Penne Alfredo,Pasta,189.0,35,6615.0,80.0,2026-06-04,Bangalore
Penne Alfredo,Pasta,149.0,77,11473.0,80.0,2026-06-05,Bangalore
