datasets/sample_data/sales_sample.csv
Product Name,Category,Price,Units Sold,Revenue,Cost,Date,Region
Penne Alfredo,Pasta,159.0,56,8904.0,80.0,2025-12-10,Mumbai
Penne Alfredo,Pasta,169.0,55,9295.0,80.0,2025-12-11,Mumbai
Penne Alfredo,Pasta,189.0,45,8505.0,80.0,2025-12-12,Mumbai
Penne Alfredo,Pasta,189.0,64,12096.0,80.0,2025-12-13,Mumbai
Penne Alfredo,Pasta,189.0,67,12663.0,80.0,2025-12-14,Mumbai
Penne Alfredo,Pasta,189.0,53,10017.0,80.0,2025-12-15,Mumbai
Penne Alfredo,Pasta,149.0,78,11622.0,80.0,2025-12-16,Mumbai
Penne Alfredo,Pasta,189.0,61,11529.0,80.0,2025-12-17,Mumbai
Penne Alfredo,Pasta,149.0,63,9387.0,80.0,2025-12-18,Mumbai
Penne Alfredo,Pasta,169.0,53,8957.0,80.0,2025-12-19,Mumbai
Penne Alfredo,Pasta,169.0,57,9633.0,80.0,2025-12-20,Mumbai
Penne Alfredo,Pasta,149.0,103,15347.0,80.0,2025-12-21,Mumbai
Penne Alfredo,Pasta,169.0,52,8788.0,80.0,2025-12-22,Mumbai
Penne Alfredo,Pasta,159.0,65,10335.0,80.0,2025-12-23,Mumbai
Penne Alfredo,Pasta,159.0,50,7950.0,80.0,2025-12-24,Mumbai
Penne Alfredo,Pasta,159.0,60,9540.0,80.0,2025-12-25,Mumbai
Penne Alfredo,Pasta,169.0,39,6591.0,80.0,2025-12-26,Mumbai
Penne Alfredo,Pasta,149.0,80,11920.0,80.0,2025-12-27,Mumbai
Penne Alfredo,Pasta,189.0,75,14175.0,80.0,2025-12-28,Mumbai
Penne Alfredo,Pasta,179.0,51,9129.0,80.0,2025-12-29,Mumbai
Penne Alfredo,Pasta,169.0,46,7774.0,80.0,2025-12-30,Mumbai
Penne Alfredo,Pasta,169.0,53,8957.0,80.0,2025-12-31,Mumbai
Penne Alfredo,Pasta,149.0,46,6854.0,80.0,2026-01-01,Mumbai
Penne Alfredo,Pasta,149.0,51,7599.0,80.0,2026-01-02,Mumbai
Penne Alfredo,Pasta,149.0,64,9536.0,80.0,2026-01-03,Mumbai
Penne Alfredo,Pasta,189.0,42,7938.0,80.0,2026-01-04,Mumbai
Penne Alfredo,Pasta,149.0,49,7301.0,80.0,2026-01-05,Mumbai
Penne Alfredo,Pasta,179.0,44,7876.0,80.0,2026-01-06,Mumbai
Penne Alfredo,Pasta,159.0,58,9222.0,80.0,2026-01-07,Mumbai
Penne Alfredo,Pasta,179.0,31,5549.0,80.0,2026-01-08,Mumbai
Penne Alfredo,Pasta,179.0,45,8055.0,80.0,2026-01-09,Mumbai
Penne Alfredo,Pasta,169.0,71,11999.0,80.0,2026-01-10,Mumbai
Penne Alfredo,Pasta,189.0,46,8694.0,80.0,2026-01-11,Mumbai
Penne Alfredo,Pasta,199.0,29,5771.0,80.0,2026-01-12,Mumbai
Penne Alfredo,Pasta,179.0,50,8950.0,80.0,2026-01-13,Mumbai
Penne Alfredo,Pasta,169.0,43,7267.0,80.0,2026-01-14,Mumbai
Penne Alfredo,Pasta,199.0,29,5771.0,80.0,2026-01-15,Mumbai
Penne Alfredo,Pasta,209.0,39,8151.0,80.0,2026-01-16,Mumbai
Penne Alfredo,Pasta,199.0,40,7960.0,80.0,2026-01-17,Mumbai
Penne Alfredo,Pasta,199.0,49,9751.0,80.0,2026-01-18,Mumbai
Penne Alfredo,Pasta,169.0,42,7098.0,80.0,2026-01-19,Mumbai
Penne Alfredo,Pasta,209.0,34,7106.0,80.0,2026-01-20,Mumbai
Penne Alfredo,Pasta,169.0,39,6591.0,80.0,2026-01-21,Mumbai
Penne Alfredo,Pasta,199.0,37,7363.0,80.0,2026-01-22,Mumbai
Penne Alfredo,Pasta,189.0,40,7560.0,80.0,2026-01-23,Mumbai
Penne Alfredo,Pasta,169.0,60,10140.0,80.0,2026-01-24,Mumbai
Penne Alfredo,Pasta,169.0,66,11154.0,80.0,2026-01-25,Mumbai
Penne Alfredo,Pasta,169.0,37,6253.0,80.0,2026-01-26,Mumbai
Penne Alfredo,Pasta,199.0,45,8955.0,80.0,2026-01-27,Mumbai
Penne Alfredo,Pasta,169.0,42,7098.0,80.0,2026-01-28,Mumbai
Penne Alfredo,Pasta,199.0,41,8159.0,80.0,2026-01-29,Mumbai
Penne Alfredo,Pasta,179.0,34,6086.0,80.0,2026-01-30,Mumbai
Penne Alfredo,Pasta,189.0,50,9450.0,80.0,2026-01-31,Mumbai
Penne Alfredo,Pasta,169.0,66,11154.0,80.0,2026-02-01,Mumbai
Penne Alfredo,Pasta,169.0,51,8619.0,80.0,2026-02-02,Mumbai
Penne Alfredo,Pasta,179.0,36,6444.0,80.0,2026-02-03,Mumbai
Penne Alfredo,Pasta,209.0,32,6688.0,80.0,2026-02-04,Mumbai
Penne Alfredo,Pasta,189.0,35,6615.0,80.0,2026-02-05,Mumbai
Penne Alfredo,Pasta,169.0,60,10140.0,80.0,2026-02-06,Mumbai
Penne Alfredo,Pasta,199.0,46,9154.0,80.0,2026-02-07,Mumbai
Penne Alfredo,Pasta,219.0,61,13359.0,80.0,2026-02-08,Mumbai
Penne Alfredo,Pasta,179.0,30,5370.0,80.0,2026-02-09,Mumbai
Penne Alfredo,Pasta,189.0,43,8127.0,80.0,2026-02-10,Mumbai
Penne Alfredo,Pasta,199.0,42,8358.0,80.0,2026-02-11,Mumbai
Penne Alfredo,Pasta,199.0,39,7761.0,80.0,2026-02-12,Mumbai
Penne Alfredo,Pasta,179.0,42,7518.0,80.0,2026-02-13,Mumbai
Penne Alfredo,Pasta,179.0,62,11098.0,80.0,2026-02-14,Mumbai
Penne Alfredo,Pasta,209.0,46,9614.0,80.0,2026-02-15,Mumbai
Penne Alfredo,Pasta,219.0,30,6570.0,80.0,2026-02-16,Mumbai
Penne Alfredo,Pasta,189.0,39,7371.0,80.0,2026-02-17,Mumbai
Penne Alfredo,Pasta,189.0,50,9450.0,80.0,2026-02-18,Mumbai
Penne Alfredo,Pasta,219.0,29,6351.0,80.0,2026-02-19,Mumbai
Penne Alfredo,Pasta,189.0,41,7749.0,80.0,2026-02-20,Mumbai
Penne Alfredo,Pasta,199.0,40,7960.0,80.0,2026-02-21,Mumbai
Penne Alfredo,Pasta,199.0,62,12338.0,80.0,2026-02-22,Mumbai
Penne Alfredo,Pasta,179.0,45,8055.0,80.0,2026-02-23,Mumbai
Penne Alfredo,Pasta,209.0,32,6688.0,80.0,2026-02-24,Mumbai
Penne Alfredo,Pasta,209.0,34,7106.0,80.0,2026-02-25,Mumbai
Penne Alfredo,Pasta,199.0,39,7761.0,80.0,2026-02-26,Mumbai
Penne Alfredo,Pasta,219.0,28,6132.0,80.0,2026-02-27,Mumbai
Penne Alfredo,Pasta,219.0,39,8541.0,80.0,2026-02-28,Mumbai
Penne Alfredo,Pasta,219.0,46,10074.0,80.0,2026-03-01,Mumbai
Penne Alfredo,Pasta,199.0,28,5572.0,80.0,2026-03-02,Mumbai
Penne Alfredo,Pasta,189.0,46,8694.0,80.0,2026-03-03,Mumbai
Penne Alfredo,Pasta,189.0,36,6804.0,80.0,2026-03-04,Mumbai
Penne Alfredo,Pasta,189.0,39,7371.0,80.0,2026-03-05,Mumbai
Penne Alfredo,Pasta,179.0,43,7697.0,80.0,2026-03-06,Mumbai
Penne Alfredo,Pasta,179.0,47,8413.0,80.0,2026-03-07,Mumbai
Penne Alfredo,Pasta,179.0,63,11277.0,80.0,2026-03-08,Mumbai
Penne Alfredo,Pasta,209.0,40,8360.0,80.0,2026-03-09,Mumbai
Penne Alfredo,Pasta,209.0,40,8360.0,80.0,2026-03-10,Mumbai
Penne Alfredo,Pasta,239.0,38,9082.0,80.0,2026-03-11,Mumbai
Penne Alfredo,Pasta,229.0,27,6183.0,80.0,2026-03-12,Mumbai
Penne Alfredo,Pasta,209.0,47,9823.0,80.0,2026-03-13,Mumbai
Penne Alfredo,Pasta,229.0,47,10763.0,80.0,2026-03-14,Mumbai
Penne Alfredo,Pasta,209.0,50,10450.0,80.0,2026-03-15,Mumbai
Penne Alfredo,Pasta,229.0,27,6183.0,80.0,2026-03-16,Mumbai
Penne Alfredo,Pasta,229.0,29,6641.0,80.0,2026-03-17,Mumbai
Penne Alfredo,Pasta,239.0,31,7409.0,80.0,2026-03-18,Mumbai
Penne Alfredo,Pasta,219.0,29,6351.0,80.0,2026-03-19,Mumbai
Penne Alfredo,Pasta,229.0,31,7099.0,80.0,2026-03-20,Mumbai
Penne Alfredo,Pasta,229.0,42,9618.0,80.0,2026-03-21,Mumbai
Penne Alfredo,Pasta,219.0,48,10512.0,80.0,2026-03-22,Mumbai
Penne Alfredo,Pasta,219.0,30,6570.0,80.0,2026-03-23,Mumbai
Penne Alfredo,Pasta,199.0,27,5373.0,80.0,2026-03-24,Mumbai
Penne Alfredo,Pasta,209.0,31,6479.0,80.0,2026-03-25,Mumbai
Penne Alfredo,Pasta,209.0,35,7315.0,80.0,2026-03-26,Mumbai
Penne Alfredo,Pasta,239.0,30,7170.0,80.0,2026-03-27,Mumbai
Penne Alfredo,Pasta,209.0,61,12749.0,80.0,2026-03-28,Mumbai
Penne Alfredo,Pasta,219.0,48,10512.0,80.0,2026-03-29,Mumbai
Penne Alfredo,Pasta,229.0,23,5267.0,80.0,2026-03-30,Mumbai
Penne Alfredo,Pasta,219.0,42,9198.0,80.0,2026-03-31,Mumbai
Penne Alfredo,Pasta,229.0,27,6183.0,80.0,2026-04-01,Mumbai
Penne Alfredo,Pasta,209.0,28,5852.0,80.0,2026-04-02,Mumbai
Penne Alfredo,Pasta,199.0,38,7562.0,80.0,2026-04-03,Mumbai
Penne Alfredo,Pasta,209.0,44,9196.0,80.0,2026-04-04,Mumbai
Penne Alfredo,Pasta,239.0,39,9321.0,80.0,2026-04-05,Mumbai
Penne Alfredo,Pasta,199.0,38,7562.0,80.0,2026-04-06,Mumbai
Penne Alfredo,Pasta,229.0,42,9618.0,80.0,2026-04-07,Mumbai
Penne Alfredo,Pasta,209.0,30,6270.0,80.0,2026-04-08,Mumbai
Penne Alfredo,Pasta,249.0,28,6972.0,80.0,2026-04-09,Mumbai
Penne Alfredo,Pasta,249.0,30,7470.0,80.0,2026-04-10,Mumbai
Penne Alfredo,Pasta,259.0,32,8288.0,80.0,2026-04-11,Mumbai
Penne Alfredo,Pasta,259.0,48,12432.0,80.0,2026-04-12,Mumbai
Penne Alfredo,Pasta,239.0,27,6453.0,80.0,2026-04-13,Mumbai
Penne Alfredo,Pasta,229.0,35,8015.0,80.0,2026-04-14,Mumbai
Penne Alfredo,Pasta,259.0,34,8806.0,80.0,2026-04-15,Mumbai
Penne Alfredo,Pasta,249.0,25,6225.0,80.0,2026-04-16,Mumbai
Penne Alfredo,Pasta,219.0,39,8541.0,80.0,2026-04-17,Mumbai
Penne Alfredo,Pasta,249.0,43,10707.0,80.0,2026-04-18,Mumbai
Penne Alfredo,Pasta,259.0,43,11137.0,80.0,2026-04-19,Mumbai
Penne Alfredo,Pasta,259.0,25,6475.0,80.0,2026-04-20,Mumbai
Penne Alfredo,Pasta,259.0,40,10360.0,80.0,2026-04-21,Mumbai
Penne Alfredo,Pasta,249.0,29,7221.0,80.0,2026-04-22,Mumbai
Penne Alfredo,Pasta,229.0,37,8473.0,80.0,2026-04-23,Mumbai
Penne Alfredo,Pasta,229.0,30,6870.0,80.0,2026-04-24,Mumbai
Penne Alfredo,Pasta,239.0,34,8126.0,80.0,2026-04-25,Mumbai
Penne Alfredo,Pasta,249.0,39,9711.0,80.0,2026-04-26,Mumbai
Penne Alfredo,Pasta,219.0,32,7008.0,80.0,2026-04-27,Mumbai
Penne Alfredo,Pasta,249.0,40,9960.0,80.0,2026-04-28,Mumbai
Penne Alfredo,Pasta,219.0,38,8322.0,80.0,2026-04-29,Mumbai
Penne Alfredo,Pasta,259.0,24,6216.0,80.0,2026-04-30,Mumbai
Penne Alfredo,Pasta,249.0,43,10707.0,80.0,2026-05-01,Mumbai
Penne Alfredo,Pasta,219.0,61,13359.0,80.0,2026-05-02,Mumbai
Penne Alfredo,Pasta,219.0,66,14454.0,80.0,2026-05-03,Mumbai
Penne Alfredo,Pasta,229.0,39,8931.0,80.0,2026-05-04,Mumbai
Penne Alfredo,Pasta,259.0,33,8547.0,80.0,2026-05-05,Mumbai
Penne Alfredo,Pasta,239.0,41,9799.0,80.0,2026-05-06,Mumbai
Penne Alfredo,Pasta,229.0,42,9618.0,80.0,2026-05-07,Mumbai
Penne Alfredo,Pasta,229.0,43,9847.0,80.0,2026-05-08,Mumbai
Penne Alfredo,Pasta,179.0,76,13604.0,80.0,2026-05-09,Mumbai
Penne Alfredo,Pasta,169.0,83,14027.0,80.0,2026-05-10,Mumbai
Penne Alfredo,Pasta,149.0,65,9685.0,80.0,2026-05-11,Mumbai
Penne Alfredo,Pasta,179.0,71,12709.0,80.0,2026-05-12,Mumbai
Penne Alfredo,Pasta,179.0,51,9129.0,80.0,2026-05-13,Mumbai
Penne Alfredo,Pasta,179.0,65,11635.0,80.0,2026-05-14,Mumbai
Penne Alfredo,Pasta,179.0,69,12351.0,80.0,2026-05-15,Mumbai
Penne Alfredo,Pasta,179.0,69,12351.0,80.0,2026-05-16,Mumbai
Penne Alfredo,Pasta,149.0,96,14304.0,80.0,2026-05-17,Mumbai
Penne Alfredo,Pasta,169.0,66,11154.0,80.0,2026-05-18,Mumbai
Penne Alfredo,Pasta,179.0,59,10561.0,80.0,2026-05-19,Mumbai
Penne Alfredo,Pasta,159.0,67,10653.0,80.0,2026-05-20,Mumbai
Penne Alfredo,Pasta,169.0,56,9464.0,80.0,2026-05-21,Mumbai
Penne Alfredo,Pasta,179.0,56,10024.0,80.0,2026-05-22,Mumbai
Penne Alfredo,Pasta,189.0,84,15876.0,80.0,2026-05-23,Mumbai
Penne Alfredo,Pasta,189.0,85,16065.0,80.0,2026-05-24,Mumbai
Penne Alfredo,Pasta,159.0,77,12243.0,80.0,2026-05-25,Mumbai
Penne Alfredo,Pasta,149.0,73,10877.0,80.0,2026-05-26,Mumbai
Penne Alfredo,Pasta,149.0,88,13112.0,80.0,2026-05-27,Mumbai
Penne Alfredo,Pasta,159.0,74,11766.0,80.0,2026-05-28,Mumbai
Penne Alfredo,Pasta,179.0,51,9129.0,80.0,2026-05-29,Mumbai
Penne Alfredo,Pasta,189.0,72,13608.0,80.0,2026-05-30,Mumbai
Penne Alfredo,Pasta,189.0,84,15876.0,80.0,2026-05-31,Mumbai
Penne Alfredo,Pasta,169.0,75,12675.0,80.0,2026-06-01,Mumbai
Penne Alfredo,Pasta,189.0,46,8694.0,80.0,2026-06-02,Mumbai
Penne Alfredo,Pasta,169.0,58,9802.0,80.0,2026-06-03,Mumbai
Penne Alfredo,Pasta,169.0,54,9126.0,80.0,2026-06-04,Mumbai
Penne Alfredo,Pasta,169.0,67,11323.0,80.0,2026-06-05,Mumbai
