datasets/sample_data/sales_sample.csv
Product Name,Category,Price,Units Sold,Revenue,Cost,Date,Region
Penne Alfredo,Pasta,159.0,48,7632.0,80.0,2025-12-10,Delhi
Penne Alfredo,Pasta,159.0,51,8109.0,80.0,2025-12-11,Delhi
Penne Alfredo,Pasta,179.0,52,9308.0,80.0,2025-12-12,Delhi
Penne Alfredo,Pasta,159.0,90,14310.0,80.0,2025-12-13,Delhi
Penne Alfredo,Pasta,189.0,81,15309.0,80.0,2025-12-14,Delhi
Penne Alfredo,Pasta,159.0,62,9858.0,80.0,2025-12-15,Delhi
Penne Alfredo,Pasta,149.0,65,9685.0,80.0,2025-12-16,Delhi
Penne Alfredo,Pasta,189.0,33,6237.0,80.0,2025-12-17,Delhi
Penne Alfredo,Pasta,179.0,54,9666.0,80.0,2025-12-18,Delhi
Penne Alfredo,Pasta,159.0,55,8745.0,80.0,2025-12-19,Delhi
Penne Alfredo,Pasta,159.0,97,15423.0,80.0,2025-12-20,Delhi
Penne Alfredo,Pasta,169.0,57,9633.0,80.0,2025-12-21,Delhi
Penne Alfredo,Pasta,189.0,45,8505.0,80.0,2025-12-22,Delhi
Penne Alfredo,Pasta,149.0,80,11920.0,80.0,2025-12-23,Delhi
Penne Alfredo,Pasta,149.0,58,8642.0,80.0,2025-12-24,Delhi
Penne Alfredo,Pasta,179.0,48,8592.0,80.0,2025-12-25,Delhi
Penne Alfredo,Pasta,179.0,61,10919.0,80.0,2025-12-26,Delhi
Penne Alfredo,Pasta,149.0,80,11920.0,80.0,2025-12-27,Delhi
Penne Alfredo,Pasta,149.0,75,11175.0,80.0,2025-12-28,Delhi
Penne Alfredo,Pasta,189.0,48,9072.0,80.0,2025-12-29,Delhi
Penne Alfredo,Pasta,189.0,54,10206.0,80.0,2025-12-30,Delhi
Penne Alfredo,Pasta,149.0,47,7003.0,80.0,2025-12-31,Delhi
Penne Alfredo,Pasta,189.0,45,8505.0,80.0,2026-01-01,Delhi
Penne Alfredo,Pasta,159.0,35,5565.0,80.0,2026-01-02,Delhi
Penne Alfredo,Pasta,179.0,54,9666.0,80.0,2026-01-03,Delhi
Penne Alfredo,Pasta,149.0,48,7152.0,80.0,2026-01-04,Delhi
Penne Alfredo,Pasta,189.0,29,5481.0,80.0,2026-01-05,Delhi
Penne Alfredo,Pasta,159.0,49,7791.0,80.0,2026-01-06,Delhi
Penne Alfredo,Pasta,179.0,37,6623.0,80.0,2026-01-07,Delhi
Penne Alfredo,Pasta,159.0,43,6837.0,80.0,2026-01-08,Delhi
Penne Alfredo,Pasta,199.0,38,7562.0,80.0,2026-01-09,Delhi
Penne Alfredo,Pasta,189.0,44,8316.0,80.0,2026-01-10,Delhi
Penne Alfredo,Pasta,169.0,71,11999.0,80.0,2026-01-11,Delhi
Penne Alfredo,Pasta,189.0,39,7371.0,80.0,2026-01-12,Delhi
Penne Alfredo,Pasta,209.0,35,7315.0,80.0,2026-01-13,Delhi
Penne Alfredo,Pasta,209.0,38,7942.0,80.0,2026-01-14,Delhi
Penne Alfredo,Pasta,199.0,39,7761.0,80.0,2026-01-15,Delhi
Penne Alfredo,Pasta,189.0,37,6993.0,80.0,2026-01-16,Delhi
Penne Alfredo,Pasta,169.0,62,10478.0,80.0,2026-01-17,Delhi
Penne Alfredo,Pasta,169.0,78,13182.0,80.0,2026-01-18,Delhi
Penne Alfredo,Pasta,199.0,36,7164.0,80.0,2026-01-19,Delhi
Penne Alfredo,Pasta,209.0,41,8569.0,80.0,2026-01-20,Delhi
Penne Alfredo,Pasta,189.0,41,7749.0,80.0,2026-01-21,Delhi
Penne Alfredo,Pasta,209.0,39,8151.0,80.0,2026-01-22,Delhi
Penne Alfredo,Pasta,179.0,36,6444.0,80.0,2026-01-23,Delhi
Penne Alfredo,Pasta,199.0,45,8955.0,80.0,2026-01-24,Delhi
Penne Alfredo,Pasta,179.0,56,10024.0,80.0,2026-01-25,Delhi
Penne Alfredo,Pasta,169.0,51,8619.0,80.0,2026-01-26,Delhi
Penne Alfredo,Pasta,179.0,45,8055.0,80.0,2026-01-27,Delhi
Penne Alfredo,Pasta,199.0,32,6368.0,80.0,2026-01-28,Delhi
Penne Alfredo,Pasta,169.0,46,7774.0,80.0,2026-01-29,Delhi
Penne Alfredo,Pasta,169.0,41,6929.0,80.0,2026-01-30,Delhi
Penne Alfredo,Pasta,199.0,51,10149.0,80.0,2026-01-31,Delhi
Penne Alfredo,Pasta,169.0,60,10140.0,80.0,2026-02-01,Delhi
Penne Alfredo,Pasta,189.0,44,8316.0,80.0,2026-02-02,Delhi
Penne Alfredo,Pasta,199.0,31,6169.0,80.0,2026-02-03,Delhi
Penne Alfredo,Pasta,199.0,37,7363.0,80.0,2026-02-04,Delhi
Penne Alfredo,Pasta,189.0,31,5859.0,80.0,2026-02-05,Delhi
Penne Alfredo,Pasta,169.0,49,8281.0,80.0,2026-02-06,Delhi
Penne Alfredo,Pasta,189.0,49,9261.0,80.0,2026-02-07,Delhi
Penne Alfredo,Pasta,209.0,39,8151.0,80.0,2026-02-08,Delhi
Penne Alfredo,Pasta,199.0,42,8358.0,80.0,2026-02-09,Delhi
Penne Alfredo,Pasta,199.0,43,8557.0,80.0,2026-02-10,Delhi
Penne Alfredo,Pasta,189.0,33,6237.0,80.0,2026-02-11,Delhi
Penne Alfredo,Pasta,189.0,39,7371.0,80.0,2026-02-12,Delhi
Penne Alfredo,Pasta,179.0,44,7876.0,80.0,2026-02-13,Delhi
Penne Alfredo,Pasta,179.0,46,8234.0,80.0,2026-02-14,Delhi
Penne Alfredo,Pasta,219.0,49,10731.0,80.0,2026-02-15,Delhi
Penne Alfredo,Pasta,199.0,46,9154.0,80.0,2026-02-16,Delhi
Penne Alfredo,Pasta,209.0,23,4807.0,80.0,2026-02-17,Delhi
Penne Alfredo,Pasta,189.0,41,7749.0,80.0,2026-02-18,Delhi
Penne Alfredo,Pasta,219.0,32,7008.0,80.0,2026-02-19,Delhi
Penne Alfredo,Pasta,179.0,36,6444.0,80.0,2026-02-20,Delhi
Penne Alfredo,Pasta,209.0,40,8360.0,80.0,2026-02-21,Delhi
Penne Alfredo,Pasta,219.0,38,8322.0,80.0,2026-02-22,Delhi
Penne Alfredo,Pasta,199.0,32,6368.0,80.0,2026-02-23,Delhi
Penne Alfredo,Pasta,209.0,34,7106.0,80.0,2026-02-24,Delhi
Penne Alfredo,Pasta,199.0,27,5373.0,80.0,2026-02-25,Delhi
Penne Alfredo,Pasta,199.0,28,5572.0,80.0,2026-02-26,Delhi
Penne Alfredo,Pasta,209.0,31,6479.0,80.0,2026-02-27,Delhi
Penne Alfredo,Pasta,219.0,49,10731.0,80.0,2026-02-28,Delhi
Penne Alfredo,Pasta,189.0,43,8127.0,80.0,2026-03-01,Delhi
Penne Alfredo,Pasta,219.0,28,6132.0,80.0,2026-03-02,Delhi
Penne Alfredo,Pasta,219.0,31,6789.0,80.0,2026-03-03,Delhi
Penne Alfredo,Pasta,209.0,36,7524.0,80.0,2026-03-04,Delhi
Penne Alfredo,Pasta,189.0,42,7938.0,80.0,2026-03-05,Delhi
Penne Alfredo,Pasta,179.0,40,7160.0,80.0,2026-03-06,Delhi
Penne Alfredo,Pasta,189.0,39,7371.0,80.0,2026-03-07,Delhi
Penne Alfredo,Pasta,209.0,54,11286.0,80.0,2026-03-08,Delhi
Penne Alfredo,Pasta,199.0,30,5970.0,80.0,2026-03-09,Delhi
Penne Alfredo,Pasta,229.0,35,8015.0,80.0,2026-03-10,Delhi
Penne Alfredo,Pasta,219.0,33,7227.0,80.0,2026-03-11,Delhi
Penne Alfredo,Pasta,219.0,41,8979.0,80.0,2026-03-12,Delhi
Penne Alfredo,Pasta,219.0,39,8541.0,80.0,2026-03-13,Delhi
Penne Alfredo,Pasta,209.0,49,10241.0,80.0,2026-03-14,Delhi
Penne Alfredo,Pasta,229.0,42,9618.0,80.0,2026-03-15,Delhi
Penne Alfredo,Pasta,219.0,25,5475.0,80.0,2026-03-16,Delhi
Penne Alfredo,Pasta,219.0,28,6132.0,80.0,2026-03-17,Delhi
Penne Alfredo,Pasta,239.0,27,6453.0,80.0,2026-03-18,Delhi
Penne Alfredo,Pasta,199.0,43,8557.0,80.0,2026-03-19,Delhi
Penne Alfredo,Pasta,199.0,42,8358.0,80.0,2026-03-20,Delhi
Penne Alfredo,Pasta,229.0,45,10305.0,80.0,2026-03-21,Delhi
Penne Alfredo,Pasta,229.0,48,10992.0,80.0,2026-03-22,Delhi
Penne Alfredo,Pasta,209.0,38,7942.0,80.0,2026-03-23,Delhi
Penne Alfredo,Pasta,219.0,27,5913.0,80.0,2026-03-24,Delhi
Penne Alfredo,Pasta,219.0,34,7446.0,80.0,2026-03-25,Delhi
Penne Alfredo,Pasta,209.0,28,5852.0,80.0,2026-03-26,Delhi
Penne Alfredo,Pasta,199.0,41,8159.0,80.0,2026-03-27,Delhi
Penne Alfredo,Pasta,219.0,47,10293.0,80.0,2026-03-28,Delhi
Penne Alfredo,Pasta,219.0,47,10293.0,80.0,2026-03-29,Delhi
Penne Alfredo,Pasta,209.0,40,8360.0,80.0,2026-03-30,Delhi
Penne Alfredo,Pasta,219.0,38,8322.0,80.0,2026-03-31,Delhi
Penne Alfredo,Pasta,209.0,32,6688.0,80.0,2026-04-01,Delhi
Penne Alfredo,Pasta,219.0,30,6570.0,80.0,2026-04-02,Delhi
Penne Alfredo,Pasta,219.0,36,7884.0,80.0,2026-04-03,Delhi
Penne Alfredo,Pasta,209.0,41,8569.0,80.0,2026-04-04,Delhi
Penne Alfredo,Pasta,239.0,37,8843.0,80.0,2026-04-05,Delhi
Penne Alfredo,Pasta,239.0,24,5736.0,80.0,2026-04-06,Delhi
Penne Alfredo,Pasta,219.0,26,5694.0,80.0,2026-04-07,Delhi
Penne Alfredo,Pasta,219.0,40,8760.0,80.0,2026-04-08,Delhi
Penne Alfredo,Pasta,259.0,21,5439.0,80.0,2026-04-09,Delhi
Penne Alfredo,Pasta,219.0,37,8103.0,80.0,2026-04-10,Delhi
Penne Alfredo,Pasta,229.0,36,8244.0,80.0,2026-04-11,Delhi
Penne Alfredo,Pasta,239.0,57,13623.0,80.0,2026-04-12,Delhi
Penne Alfredo,Pasta,229.0,38,8702.0,80.0,2026-04-13,Delhi
Penne Alfredo,Pasta,239.0,27,6453.0,80.0,2026-04-14,Delhi
Penne Alfredo,Pasta,229.0,33,7557.0,80.0,2026-04-15,Delhi
Penne Alfredo,Pasta,239.0,30,7170.0,80.0,2026-04-16,Delhi
Penne Alfredo,Pasta,219.0,35,7665.0,80.0,2026-04-17,Delhi
Penne Alfredo,Pasta,219.0,54,11826.0,80.0,2026-04-18,Delhi
Penne Alfredo,Pasta,239.0,47,11233.0,80.0,2026-04-19,Delhi
Penne Alfredo,Pasta,239.0,32,7648.0,80.0,2026-04-20,Delhi
Penne Alfredo,Pasta,249.0,28,6972.0,80.0,2026-04-21,Delhi
Penne Alfredo,Pasta,239.0,30,7170.0,80.0,2026-04-22,Delhi
Penne Alfredo,Pasta,259.0,32,8288.0,80.0,2026-04-23,Delhi
Penne Alfredo,Pasta,219.0,34,7446.0,80.0,2026-04-24,Delhi
Penne Alfredo,Pasta,229.0,43,9847.0,80.0,2026-04-25,Delhi
Penne Alfredo,Pasta,239.0,43,10277.0,80.0,2026-04-26,Delhi
Penne Alfredo,Pasta,229.0,31,7099.0,80.0,2026-04-27,Delhi
Penne Alfredo,Pasta,239.0,28,6692.0,80.0,2026-04-28,Delhi
Penne Alfredo,Pasta,259.0,22,5698.0,80.0,2026-04-29,Delhi
Penne Alfredo,Pasta,219.0,35,7665.0,80.0,2026-04-30,Delhi
Penne Alfredo,Pasta,239.0,40,9560.0,80.0,2026-05-01,Delhi
Penne Alfredo,Pasta,249.0,47,11703.0,80.0,2026-05-02,Delhi
Penne Alfredo,Pasta,219.0,59,12921.0,80.0,2026-05-03,Delhi
Penne Alfredo,Pasta,259.0,28,7252.0,80.0,2026-05-04,Delhi
Penne Alfredo,Pasta,239.0,45,10755.0,80.0,2026-05-05,Delhi
Penne Alfredo,Pasta,239.0,40,9560.0,80.0,2026-05-06,Delhi
Penne Alfredo,Pasta,219.0,45,9855.0,80.0,2026-05-07,Delhi
Penne Alfredo,Pasta,219.0,49,10731.0,80.0,2026-05-08,Delhi
Penne Alfredo,Pasta,179.0,71,12709.0,80.0,2026-05-09,Delhi
Penne Alfredo,Pasta,159.0,96,15264.0,80.0,2026-05-10,Delhi
Penne Alfredo,Pasta,159.0,73,11607.0,80.0,2026-05-11,Delhi
Penne Alfredo,Pasta,189.0,66,12474.0,80.0,2026-05-12,Delhi
Penne Alfredo,Pasta,159.0,67,10653.0,80.0,2026-05-13,Delhi
Penne Alfredo,Pasta,189.0,54,10206.0,80.0,2026-05-14,Delhi
Penne Alfredo,Pasta,149.0,81,12069.0,80.0,2026-05-15,Delhi
Penne Alfredo,Pasta,149.0,73,10877.0,80.0,2026-05-16,Delhi
Penne Alfredo,Pasta,189.0,97,18333.0,80.0,2026-05-17,Delhi
Penne Alfredo,Pasta,179.0,54,9666.0,80.0,2026-05-18,Delhi
Penne Alfredo,Pasta,189.0,54,10206.0,80.0,2026-05-19,Delhi
Penne Alfredo,Pasta,149.0,85,12665.0,80.0,2026-05-20,Delhi
Penne Alfredo,Pasta,149.0,65,9685.0,80.0,2026-05-21,Delhi
Penne Alfredo,Pasta,169.0,38,6422.0,80.0,2026-05-22,Delhi
Penne Alfredo,Pasta,169.0,62,10478.0,80.0,2026-05-23,Delhi
Penne Alfredo,Pasta,159.0,64,10176.0,80.0,2026-05-24,Delhi
Penne Alfredo,Pasta,149.0,62,9238.0,80.0,2026-05-25,Delhi
Penne Alfredo,Pasta,189.0,50,9450.0,80.0,2026-05-26,Delhi
Penne Alfredo,Pasta,189.0,56,10584.0,80.0,2026-05-27,Delhi
Penne Alfredo,Pasta,179.0,50,8950.0,80.0,2026-05-28,Delhi
Penne Alfredo,Pasta,179.0,50,8950.0,80.0,2026-05-29,Delhi
Penne Alfredo,Pasta,159.0,105,16695.0,80.0,2026-05-30,Delhi
Penne Alfredo,Pasta,169.0,85,14365.0,80.0,2026-05-31,Delhi
Penne Alfredo,Pasta,149.0,80,11920.0,80.0,2026-06-01,Delhi
Penne Alfredo,Pasta,149.0,60,8940.0,80.0,2026-06-02,Delhi
Penne Alfredo,Pasta,149.0,69,10281.0,80.0,2026-06-03,Delhi
Penne Alfredo,Pasta,149.0,67,9983.0,80.0,2026-06-04,Delhi
Penne Alfredo,Pasta,189.0,65,12285.0,80.0,2026-06-05,Delhi
