datasets/sample_data/sales_sample.csv
Product Name,Category,Price,Units Sold,Revenue,Cost,Date,Region
Penne Alfredo,Pasta,169.0,59,9971.0,80.0,2025-12-10,Hyderabad
Penne Alfredo,Pasta,169.0,55,9295.0,80.0,2025-12-11,Hyderabad
Penne Alfredo,Pasta,189.0,59,11151.0,80.0,2025-12-12,Hyderabad
Penne Alfredo,Pasta,189.0,47,8883.0,80.0,2025-12-13,Hyderabad
Penne Alfredo,Pasta,179.0,68,12172.0,80.0,2025-12-14,Hyderabad
Penne Alfredo,Pasta,189.0,44,8316.0,80.0,2025-12-15,Hyderabad
Penne Alfredo,Pasta,189.0,37,6993.0,80.0,2025-12-16,Hyderabad
Penne Alfredo,Pasta,159.0,56,8904.0,80.0,2025-12-17,Hyderabad
Penne Alfredo,Pasta,189.0,41,7749.0,80.0,2025-12-18,Hyderabad
Penne Alfredo,Pasta,169.0,56,9464.0,80.0,2025-12-19,Hyderabad
Penne Alfredo,Pasta,159.0,90,14310.0,80.0,2025-12-20,Hyderabad
Penne Alfredo,Pasta,169.0,63,10647.0,80.0,2025-12-21,Hyderabad
Penne Alfredo,Pasta,169.0,58,9802.0,80.0,2025-12-22,Hyderabad
Penne Alfredo,Pasta,169.0,42,7098.0,80.0,2025-12-23,Hyderabad
Penne Alfredo,Pasta,179.0,57,10203.0,80.0,2025-12-24,Hyderabad
Penne Alfredo,Pasta,159.0,65,10335.0,80.0,2025-12-25,Hyderabad
Penne Alfredo,Pasta,159.0,63,10017.0,80.0,2025-12-26,Hyderabad
Penne Alfredo,Pasta,149.0,49,7301.0,80.0,2025-12-27,Hyderabad
Penne Alfredo,Pasta,189.0,62,11718.0,80.0,2025-12-28,Hyderabad
Penne Alfredo,Pasta,189.0,44,8316.0,80.0,2025-12-29,Hyderabad
Penne Alfredo,Pasta,169.0,46,7774.0,80.0,2025-12-30,Hyderabad
Penne Alfredo,Pasta,189.0,50,9450.0,80.0,2025-12-31,Hyderabad
Penne Alfredo,Pasta,179.0,49,8771.0,80.0,2026-01-01,Hyderabad
Penne Alfredo,Pasta,169.0,52,8788.0,80.0,2026-01-02,Hyderabad
Penne Alfredo,Pasta,169.0,67,11323.0,80.0,2026-01-03,Hyderabad
Penne Alfredo,Pasta,179.0,61,10919.0,80.0,2026-01-04,Hyderabad
Penne Alfredo,Pasta,179.0,41,7339.0,80.0,2026-01-05,Hyderabad
Penne Alfredo,Pasta,179.0,45,8055.0,80.0,2026-01-06,Hyderabad
Penne Alfredo,Pasta,159.0,53,8427.0,80.0,2026-01-07,Hyderabad
Penne Alfredo,Pasta,159.0,56,8904.0,80.0,2026-01-08,Hyderabad
Penne Alfredo,Pasta,199.0,36,7164.0,80.0,2026-01-09,Hyderabad
Penne Alfredo,Pasta,189.0,43,8127.0,80.0,2026-01-10,Hyderabad
Penne Alfredo,Pasta,179.0,49,8771.0,80.0,2026-01-11,Hyderabad
Penne Alfredo,Pasta,169.0,47,7943.0,80.0,2026-01-12,Hyderabad
Penne Alfredo,Pasta,169.0,38,6422.0,80.0,2026-01-13,Hyderabad
Penne Alfredo,Pasta,189.0,38,7182.0,80.0,2026-01-14,Hyderabad
Penne Alfredo,Pasta,179.0,49,8771.0,80.0,2026-01-15,Hyderabad
Penne Alfredo,Pasta,189.0,38,7182.0,80.0,2026-01-16,Hyderabad
Penne Alfredo,Pasta,179.0,63,11277.0,80.0,2026-01-17,Hyderabad
Penne Alfredo,Pasta,189.0,59,11151.0,80.0,2026-01-18,Hyderabad
Penne Alfredo,Pasta,169.0,38,6422.0,80.0,2026-01-19,Hyderabad
Penne Alfredo,Pasta,179.0,34,6086.0,80.0,2026-01-20,Hyderabad
Penne Alfredo,Pasta,199.0,30,5970.0,80.0,2026-01-21,Hyderabad
Penne Alfredo,Pasta,209.0,29,6061.0,80.0,2026-01-22,Hyderabad
Penne Alfredo,Pasta,209.0,32,6688.0,80.0,2026-01-23,Hyderabad
Penne Alfredo,Pasta,189.0,53,10017.0,80.0,2026-01-24,Hyderabad
Penne Alfredo,Pasta,189.0,60,11340.0,80.0,2026-01-25,Hyderabad
Penne Alfredo,Pasta,189.0,35,6615.0,80.0,2026-01-26,Hyderabad
Penne Alfredo,Pasta,169.0,44,7436.0,80.0,2026-01-27,Hyderabad
Penne Alfredo,Pasta,169.0,51,8619.0,80.0,2026-01-28,Hyderabad
Penne Alfredo,Pasta,199.0,33,6567.0,80.0,2026-01-29,Hyderabad
Penne Alfredo,Pasta,179.0,34,6086.0,80.0,2026-01-30,Hyderabad
Penne Alfredo,Pasta,179.0,42,7518.0,80.0,2026-01-31,Hyderabad
Penne Alfredo,Pasta,189.0,58,10962.0,80.0,2026-02-01,Hyderabad
Penne Alfredo,Pasta,179.0,36,6444.0,80.0,2026-02-02,Hyderabad
Penne Alfredo,Pasta,189.0,43,8127.0,80.0,2026-02-03,Hyderabad
Penne Alfredo,Pasta,179.0,46,8234.0,80.0,2026-02-04,Hyderabad
Penne Alfredo,Pasta,199.0,33,6567.0,80.0,2026-02-05,Hyderabad
Penne Alfredo,Pasta,179.0,41,7339.0,80.0,2026-02-06,Hyderabad
Penne Alfredo,Pasta,209.0,54,11286.0,80.0,2026-02-07,Hyderabad
Penne Alfredo,Pasta,199.0,54,10746.0,80.0,2026-02-08,Hyderabad
Penne Alfredo,Pasta,179.0,37,6623.0,80.0,2026-02-09,Hyderabad
Penne Alfredo,Pasta,199.0,27,5373.0,80.0,2026-02-10,Hyderabad
Penne Alfredo,Pasta,209.0,32,6688.0,80.0,2026-02-11,Hyderabad
Penne Alfredo,Pasta,179.0,41,7339.0,80.0,2026-02-12,Hyderabad
Penne Alfredo,Pasta,219.0,38,8322.0,80.0,2026-02-13,Hyderabad
Penne Alfredo,Pasta,209.0,51,10659.0,80.0,2026-02-14,Hyderabad
Penne Alfredo,Pasta,209.0,52,10868.0,80.0,2026-02-15,Hyderabad
Penne Alfredo,Pasta,219.0,42,9198.0,80.0,2026-02-16,Hyderabad
Penne Alfredo,Pasta,179.0,40,7160.0,80.0,2026-02-17,Hyderabad
Penne Alfredo,Pasta,179.0,36,6444.0,80.0,2026-02-18,Hyderabad
Penne Alfredo,Pasta,209.0,41,8569.0,80.0,2026-02-19,Hyderabad
Penne Alfredo,Pasta,189.0,47,8883.0,80.0,2026-02-20,Hyderabad
Penne Alfredo,Pasta,179.0,61,10919.0,80.0,2026-02-21,Hyderabad
Penne Alfredo,Pasta,219.0,52,11388.0,80.0,2026-02-22,Hyderabad
Penne Alfredo,Pasta,209.0,45,9405.0,80.0,2026-02-23,Hyderabad
Penne Alfredo,Pasta,219.0,32,7008.0,80.0,2026-02-24,Hyderabad
Penne Alfredo,Pasta,209.0,34,7106.0,80.0,2026-02-25,Hyderabad
Penne Alfredo,Pasta,209.0,42,8778.0,80.0,2026-02-26,Hyderabad
Penne Alfredo,Pasta,219.0,34,7446.0,80.0,2026-02-27,Hyderabad
Penne Alfredo,Pasta,189.0,58,10962.0,80.0,2026-02-28,Hyderabad
Penne Alfredo,Pasta,199.0,63,12537.0,80.0,2026-03-01,Hyderabad
Penne Alfredo,Pasta,209.0,34,7106.0,80.0,2026-03-02,Hyderabad
Penne Alfredo,Pasta,189.0,37,6993.0,80.0,2026-03-03,Hyderabad
Penne Alfredo,Pasta,219.0,27,5913.0,80.0,2026-03-04,Hyderabad
Penne Alfredo,Pasta,189.0,34,6426.0,80.0,2026-03-05,Hyderabad
Penne Alfredo,Pasta,209.0,35,7315.0,80.0,2026-03-06,Hyderabad
Penne Alfredo,Pasta,209.0,44,9196.0,80.0,2026-03-07,Hyderabad
Penne Alfredo,Pasta,189.0,59,11151.0,80.0,2026-03-08,Hyderabad
Penne Alfredo,Pasta,209.0,36,7524.0,80.0,2026-03-09,Hyderabad
Penne Alfredo,Pasta,239.0,26,6214.0,80.0,2026-03-10,Hyderabad
Penne Alfredo,Pasta,229.0,26,5954.0,80.0,2026-03-11,Hyderabad
Penne Alfredo,Pasta,239.0,29,6931.0,80.0,2026-03-12,Hyderabad
Penne Alfredo,Pasta,209.0,36,7524.0,80.0,2026-03-13,Hyderabad
Penne Alfredo,Pasta,239.0,32,7648.0,80.0,2026-03-14,Hyderabad
Penne Alfredo,Pasta,199.0,30,5970.0,80.0,2026-03-15,Hyderabad
Penne Alfredo,Pasta,199.0,36,7164.0,80.0,2026-03-16,Hyderabad
Penne Alfredo,Pasta,199.0,36,7164.0,80.0,2026-03-17,Hyderabad
Penne Alfredo,Pasta,209.0,24,5016.0,80.0,2026-03-18,Hyderabad
Penne Alfredo,Pasta,229.0,33,7557.0,80.0,2026-03-19,Hyderabad
Penne Alfredo,Pasta,199.0,40,7960.0,80.0,2026-03-20,Hyderabad
Penne Alfredo,Pasta,219.0,52,11388.0,80.0,2026-03-21,Hyderabad
Penne Alfredo,Pasta,199.0,50,9950.0,80.0,2026-03-22,Hyderabad
Penne Alfredo,Pasta,229.0,33,7557.0,80.0,2026-03-23,Hyderabad
Penne Alfredo,Pasta,199.0,26,5174.0,80.0,2026-03-24,Hyderabad
Penne Alfredo,Pasta,239.0,25,5975.0,80.0,2026-03-25,Hyderabad
Penne Alfredo,Pasta,209.0,33,6897.0,80.0,2026-03-26,Hyderabad
Penne Alfredo,Pasta,219.0,23,5037.0,80.0,2026-03-27,Hyderabad
Penne Alfredo,Pasta,229.0,40,9160.0,80.0,2026-03-28,Hyderabad
Penne Alfredo,Pasta,229.0,54,12366.0,80.0,2026-03-29,Hyderabad
Penne Alfredo,Pasta,209.0,25,5225.0,80.0,2026-03-30,Hyderabad
Penne Alfredo,Pasta,219.0,38,8322.0,80.0,2026-03-31,Hyderabad
Penne Alfredo,Pasta,219.0,35,7665.0,80.0,2026-04-01,Hyderabad
Penne Alfredo,Pasta,229.0,39,8931.0,80.0,2026-04-02,Hyderabad
Penne Alfredo,Pasta,239.0,35,8365.0,80.0,2026-04-03,Hyderabad
Penne Alfredo,Pasta,209.0,47,9823.0,80.0,2026-04-04,Hyderabad
Penne Alfredo,Pasta,209.0,50,10450.0,80.0,2026-04-05,Hyderabad
Penne Alfredo,Pasta,199.0,39,7761.0,80.0,2026-04-06,Hyderabad
Penne Alfredo,Pasta,229.0,38,8702.0,80.0,2026-04-07,Hyderabad
Penne Alfredo,Pasta,239.0,31,7409.0,80.0,2026-04-08,Hyderabad
Penne Alfredo,Pasta,249.0,31,7719.0,80.0,2026-04-09,Hyderabad
Penne Alfredo,Pasta,219.0,37,8103.0,80.0,2026-04-10,Hyderabad
Penne Alfredo,Pasta,249.0,41,10209.0,80.0,2026-04-11,Hyderabad
Penne Alfredo,Pasta,259.0,46,11914.0,80.0,2026-04-12,Hyderabad
Penne Alfredo,Pasta,219.0,23,5037.0,80.0,2026-04-13,Hyderabad
Penne Alfredo,Pasta,249.0,33,8217.0,80.0,2026-04-14,Hyderabad
Penne Alfredo,Pasta,229.0,30,6870.0,80.0,2026-04-15,Hyderabad
Penne Alfredo,Pasta,259.0,27,6993.0,80.0,2026-04-16,Hyderabad
Penne Alfredo,Pasta,219.0,33,7227.0,80.0,2026-04-17,Hyderabad
Penne Alfredo,Pasta,249.0,44,10956.0,80.0,2026-04-18,Hyderabad
Penne Alfredo,Pasta,229.0,48,10992.0,80.0,2026-04-19,Hyderabad
Penne Alfredo,Pasta,239.0,36,8604.0,80.0,2026-04-20,Hyderabad
Penne Alfredo,Pasta,259.0,31,8029.0,80.0,2026-04-21,Hyderabad
Penne Alfredo,Pasta,219.0,30,6570.0,80.0,2026-04-22,Hyderabad
Penne Alfredo,Pasta,249.0,30,7470.0,80.0,2026-04-23,Hyderabad
Penne Alfredo,Pasta,229.0,28,6412.0,80.0,2026-04-24,Hyderabad
Penne Alfredo,Pasta,239.0,48,11472.0,80.0,2026-04-25,Hyderabad
Penne Alfredo,Pasta,219.0,43,9417.0,80.0,2026-04-26,Hyderabad
Penne Alfredo,Pasta,249.0,22,5478.0,80.0,2026-04-27,Hyderabad
Penne Alfredo,Pasta,259.0,35,9065.0,80.0,2026-04-28,Hyderabad
Penne Alfredo,Pasta,259.0,29,7511.0,80.0,2026-04-29,Hyderabad
Penne Alfredo,Pasta,239.0,29,6931.0,80.0,2026-04-30,Hyderabad
Penne Alfredo,Pasta,259.0,35,9065.0,80.0,2026-05-01,Hyderabad
Penne Alfredo,Pasta,259.0,47,12173.0,80.0,2026-05-02,Hyderabad
Penne Alfredo,Pasta,229.0,56,12824.0,80.0,2026-05-03,Hyderabad
Penne Alfredo,Pasta,249.0,33,8217.0,80.0,2026-05-04,Hyderabad
Penne Alfredo,Pasta,239.0,49,11711.0,80.0,2026-05-05,Hyderabad
Penne Alfredo,Pasta,239.0,37,8843.0,80.0,2026-05-06,Hyderabad
Penne Alfredo,Pasta,249.0,38,9462.0,80.0,2026-05-07,Hyderabad
Penne Alfredo,Pasta,249.0,27,6723.0,80.0,2026-05-08,Hyderabad
Penne Alfredo,Pasta,159.0,96,15264.0,80.0,2026-05-09,Hyderabad
Penne Alfredo,Pasta,179.0,100,17900.0,80.0,2026-05-10,Hyderabad
Penne Alfredo,Pasta,179.0,48,8592.0,80.0,2026-05-11,Hyderabad
Penne Alfredo,Pasta,159.0,77,12243.0,80.0,2026-05-12,Hyderabad
Penne Alfredo,Pasta,189.0,42,7938.0,80.0,2026-05-13,Hyderabad
Penne Alfredo,Pasta,159.0,60,9540.0,80.0,2026-05-14,Hyderabad
Penne Alfredo,Pasta,179.0,55,9845.0,80.0,2026-05-15,Hyderabad
Penne Alfredo,Pasta,159.0,104,16536.0,80.0,2026-05-16,Hyderabad
Penne Alfredo,Pasta,159.0,84,13356.0,80.0,2026-05-17,Hyderabad
Penne Alfredo,Pasta,159.0,60,9540.0,80.0,2026-05-18,Hyderabad
Penne Alfredo,Pasta,189.0,51,9639.0,80.0,2026-05-19,Hyderabad
Penne Alfredo,Pasta,169.0,59,9971.0,80.0,2026-05-20,Hyderabad
Penne Alfredo,Pasta,169.0,55,9295.0,80.0,2026-05-21,Hyderabad
Penne Alfredo,Pasta,169.0,60,10140.0,80.0,2026-05-22,Hyderabad
Penne Alfredo,Pasta,149.0,113,16837.0,80.0,2026-05-23,Hyderabad
Penne Alfredo,Pasta,179.0,88,15752.0,80.0,2026-05-24,Hyderabad
Penne Alfredo,Pasta,169.0,61,10309.0,80.0,2026-05-25,Hyderabad
Penne Alfredo,Pasta,179.0,57,10203.0,80.0,2026-05-26,Hyderabad
Penne Alfredo,Pasta,159.0,78,12402.0,80.0,2026-05-27,Hyderabad
Penne Alfredo,Pasta,189.0,58,10962.0,80.0,2026-05-28,Hyderabad
Penne Alfredo,Pasta,179.0,64,11456.0,80.0,2026-05-29,Hyderabad
Penne Alfredo,Pasta,179.0,89,15931.0,80.0,2026-05-30,Hyderabad
Penne Alfredo,Pasta,169.0,70,11830.0,80.0,2026-05-31,Hyderabad
Penne Alfredo,Pasta,169.0,60,10140.0,80.0,2026-06-01,Hyderabad
Penne Alfredo,Pasta,159.0,63,10017.0,80.0,2026-06-02,Hyderabad
Penne Alfredo,Pasta,159.0,65,10335.0,80.0,2026-06-03,Hyderabad
Penne Alfredo,Pasta,189.0,52,9828.0,80.0,2026-06-04,Hyderabad
Penne Alfredo,Pasta,169.0,61,10309.0,80.0,2026-06-05,Hyderabad
