datasets/sample_data/sales_sample.csv
Product Name,Category,Price,Units Sold,Revenue,Cost,Date,Region
Penne Alfredo,Pasta,149.0,50,7450.0,80.0,2025-12-10,Pune
Penne Alfredo,Pasta,149.0,75,11175.0,80.0,2025-12-11,Pune
Penne Alfredo,Pasta,179.0,50,8950.0,80.0,2025-12-12,Pune
Penne Alfredo,Pasta,149.0,84,12516.0,80.0,2025-12-13,Pune
Penne Alfredo,Pasta,159.0,115,18285.0,80.0,2025-12-14,Pune
Penne Alfredo,Pasta,189.0,51,9639.0,80.0,2025-12-15,Pune
Penne Alfredo,Pasta,149.0,70,10430.0,80.0,2025-12-16,Pune
Penne Alfredo,Pasta,149.0,67,9983.0,80.0,2025-12-17,Pune
Penne Alfredo,Pasta,189.0,61,11529.0,80.0,2025-12-18,Pune
Penne Alfredo,Pasta,189.0,41,7749.0,80.0,2025-12-19,Pune
Penne Alfredo,Pasta,149.0,77,11473.0,80.0,2025-12-20,Pune
Penne Alfredo,Pasta,189.0,47,8883.0,80.0,2025-12-21,Pune
Penne Alfredo,Pasta,149.0,69,10281.0,80.0,2025-12-22,Pune
Penne Alfredo,Pasta,189.0,50,9450.0,80.0,2025-12-23,Pune
Penne Alfredo,Pasta,159.0,52,8268.0,80.0,2025-12-24,Pune
Penne Alfredo,Pasta,159.0,38,6042.0,80.0,2025-12-25,Pune
Penne Alfredo,Pasta,179.0,49,8771.0,80.0,2025-12-26,Pune
Penne Alfredo,Pasta,159.0,76,12084.0,80.0,2025-12-27,Pune
Penne Alfredo,Pasta,149.0,96,14304.0,80.0,2025-12-28,Pune
Penne Alfredo,Pasta,179.0,50,8950.0,80.0,2025-12-29,Pune
Penne Alfredo,Pasta,179.0,70,12530.0,80.0,2025-12-30,Pune
Penne Alfredo,Pasta,159.0,60,9540.0,80.0,2025-12-31,Pune
Penne Alfredo,Pasta,189.0,34,6426.0,80.0,2026-01-01,Pune
Penne Alfredo,Pasta,169.0,54,9126.0,80.0,2026-01-02,Pune
Penne Alfredo,Pasta,189.0,44,8316.0,80.0,2026-01-03,Pune
Penne Alfredo,Pasta,149.0,66,9834.0,80.0,2026-01-04,Pune
Penne Alfredo,Pasta,149.0,45,6705.0,80.0,2026-01-05,Pune
Penne Alfredo,Pasta,189.0,41,7749.0,80.0,2026-01-06,Pune
Penne Alfredo,Pasta,149.0,49,7301.0,80.0,2026-01-07,Pune
Penne Alfredo,Pasta,189.0,42,7938.0,80.0,2026-01-08,Pune
Penne Alfredo,Pasta,169.0,45,7605.0,80.0,2026-01-09,Pune
Penne Alfredo,Pasta,199.0,32,6368.0,80.0,2026-01-10,Pune
Penne Alfredo,Pasta,199.0,49,9751.0,80.0,2026-01-11,Pune
Penne Alfredo,Pasta,189.0,40,7560.0,80.0,2026-01-12,Pune
Penne Alfredo,Pasta,189.0,37,6993.0,80.0,2026-01-13,Pune
Penne Alfredo,Pasta,199.0,35,6965.0,80.0,2026-01-14,Pune
Penne Alfredo,Pasta,199.0,42,8358.0,80.0,2026-01-15,Pune
Penne Alfredo,Pasta,169.0,37,6253.0,80.0,2026-01-16,Pune
Penne Alfredo,Pasta,169.0,64,10816.0,80.0,2026-01-17,Pune
Penne Alfredo,Pasta,209.0,54,11286.0,80.0,2026-01-18,Pune
Penne Alfredo,Pasta,189.0,42,7938.0,80.0,2026-01-19,Pune
Penne Alfredo,Pasta,189.0,37,6993.0,80.0,2026-01-20,Pune
Penne Alfredo,Pasta,199.0,37,7363.0,80.0,2026-01-21,Pune
Penne Alfredo,Pasta,209.0,34,7106.0,80.0,2026-01-22,Pune
Penne Alfredo,Pasta,169.0,51,8619.0,80.0,2026-01-23,Pune
Penne Alfredo,Pasta,179.0,52,9308.0,80.0,2026-01-24,Pune
Penne Alfredo,Pasta,199.0,48,9552.0,80.0,2026-01-25,Pune
Penne Alfredo,Pasta,179.0,46,8234.0,80.0,2026-01-26,Pune
Penne Alfredo,Pasta,209.0,26,5434.0,80.0,2026-01-27,Pune
Penne Alfredo,Pasta,189.0,38,7182.0,80.0,2026-01-28,Pune
Penne Alfredo,Pasta,209.0,36,7524.0,80.0,2026-01-29,Pune
Penne Alfredo,Pasta,189.0,37,6993.0,80.0,2026-01-30,Pune
Penne Alfredo,Pasta,169.0,48,8112.0,80.0,2026-01-31,Pune
Penne Alfredo,Pasta,199.0,49,9751.0,80.0,2026-02-01,Pune
Penne Alfredo,Pasta,209.0,36,7524.0,80.0,2026-02-02,Pune
Penne Alfredo,Pasta,199.0,35,6965.0,80.0,2026-02-03,Pune
Penne Alfredo,Pasta,179.0,36,6444.0,80.0,2026-02-04,Pune
Penne Alfredo,Pasta,189.0,38,7182.0,80.0,2026-02-05,Pune
Penne Alfredo,Pasta,189.0,37,6993.0,80.0,2026-02-06,Pune
Penne Alfredo,Pasta,209.0,49,10241.0,80.0,2026-02-07,Pune
Penne Alfredo,Pasta,189.0,50,9450.0,80.0,2026-02-08,Pune
Penne Alfredo,Pasta,199.0,41,8159.0,80.0,2026-02-09,Pune
Penne Alfredo,Pasta,199.0,38,7562.0,80.0,2026-02-10,Pune
Penne Alfredo,Pasta,199.0,38,7562.0,80.0,2026-02-11,Pune
Penne Alfredo,Pasta,179.0,37,6623.0,80.0,2026-02-12,Pune
Penne Alfredo,Pasta,219.0,40,8760.0,80.0,2026-02-13,Pune
Penne Alfredo,Pasta,199.0,60,11940.0,80.0,2026-02-14,Pune
Penne Alfredo,Pasta,189.0,54,10206.0,80.0,2026-02-15,Pune
Penne Alfredo,Pasta,219.0,29,6351.0,80.0,2026-02-16,Pune
Penne Alfredo,Pasta,219.0,28,6132.0,80.0,2026-02-17,Pune
Penne Alfredo,Pasta,209.0,37,7733.0,80.0,2026-02-18,Pune
Penne Alfredo,Pasta,199.0,34,6766.0,80.0,2026-02-19,Pune
Penne Alfredo,Pasta,219.0,36,7884.0,80.0,2026-02-20,Pune
Penne Alfredo,Pasta,199.0,42,8358.0,80.0,2026-02-21,Pune
Penne Alfredo,Pasta,179.0,72,12888.0,80.0,2026-02-22,Pune
Penne Alfredo,Pasta,209.0,32,6688.0,80.0,2026-02-23,Pune
Penne Alfredo,Pasta,219.0,29,6351.0,80.0,2026-02-24,Pune
Penne Alfredo,Pasta,199.0,32,6368.0,80.0,2026-02-25,Pune
Penne Alfredo,Pasta,219.0,27,5913.0,80.0,2026-02-26,Pune
Penne Alfredo,Pasta,219.0,32,7008.0,80.0,2026-02-27,Pune
Penne Alfredo,Pasta,199.0,63,12537.0,80.0,2026-02-28,Pune
Penne Alfredo,Pasta,219.0,53,11607.0,80.0,2026-03-01,Pune
Penne Alfredo,Pasta,219.0,33,7227.0,80.0,2026-03-02,Pune
Penne Alfredo,Pasta,209.0,41,8569.0,80.0,2026-03-03,Pune
Penne Alfredo,Pasta,209.0,33,6897.0,80.0,2026-03-04,Pune
Penne Alfredo,Pasta,179.0,50,8950.0,80.0,2026-03-05,Pune
Penne Alfredo,Pasta,219.0,33,7227.0,80.0,2026-03-06,Pune
Penne Alfredo,Pasta,209.0,48,10032.0,80.0,2026-03-07,Pune
Penne Alfredo,Pasta,209.0,60,12540.0,80.0,2026-03-08,Pune
Penne Alfredo,Pasta,199.0,42,8358.0,80.0,2026-03-09,Pune
Penne Alfredo,Pasta,229.0,38,8702.0,80.0,2026-03-10,Pune
Penne Alfredo,Pasta,239.0,32,7648.0,80.0,2026-03-11,Pune
Penne Alfredo,Pasta,199.0,46,9154.0,80.0,2026-03-12,Pune
Penne Alfredo,Pasta,229.0,36,8244.0,80.0,2026-03-13,Pune
Penne Alfredo,Pasta,209.0,43,8987.0,80.0,2026-03-14,Pune
Penne Alfredo,Pasta,239.0,57,13623.0,80.0,2026-03-15,Pune
Penne Alfredo,Pasta,199.0,36,7164.0,80.0,2026-03-16,Pune
Penne Alfredo,Pasta,239.0,39,9321.0,80.0,2026-03-17,Pune
Penne Alfredo,Pasta,219.0,39,8541.0,80.0,2026-03-18,Pune
Penne Alfredo,Pasta,239.0,29,6931.0,80.0,2026-03-19,Pune
Penne Alfredo,Pasta,199.0,39,7761.0,80.0,2026-03-20,Pune
Penne Alfredo,Pasta,209.0,54,11286.0,80.0,2026-03-21,Pune
Penne Alfredo,Pasta,219.0,58,12702.0,80.0,2026-03-22,Pune
Penne Alfredo,Pasta,209.0,36,7524.0,80.0,2026-03-23,Pune
Penne Alfredo,Pasta,229.0,31,7099.0,80.0,2026-03-24,Pune
Penne Alfredo,Pasta,199.0,28,5572.0,80.0,2026-03-25,Pune
Penne Alfredo,Pasta,199.0,41,8159.0,80.0,2026-03-26,Pune
Penne Alfredo,Pasta,239.0,30,7170.0,80.0,2026-03-27,Pune
Penne Alfredo,Pasta,219.0,34,7446.0,80.0,2026-03-28,Pune
Penne Alfredo,Pasta,239.0,45,10755.0,80.0,2026-03-29,Pune
Penne Alfredo,Pasta,239.0,31,7409.0,80.0,2026-03-30,Pune
Penne Alfredo,Pasta,219.0,27,5913.0,80.0,2026-03-31,Pune
Penne Alfredo,Pasta,239.0,32,7648.0,80.0,2026-04-01,Pune
Penne Alfredo,Pasta,239.0,35,8365.0,80.0,2026-04-02,Pune
Penne Alfredo,Pasta,209.0,36,7524.0,80.0,2026-04-03,Pune
Penne Alfredo,Pasta,199.0,55,10945.0,80.0,2026-04-04,Pune
Penne Alfredo,Pasta,229.0,43,9847.0,80.0,2026-04-05,Pune
Penne Alfredo,Pasta,199.0,51,10149.0,80.0,2026-04-06,Pune
Penne Alfredo,Pasta,229.0,37,8473.0,80.0,2026-04-07,Pune
Penne Alfredo,Pasta,239.0,29,6931.0,80.0,2026-04-08,Pune
Penne Alfredo,Pasta,219.0,38,8322.0,80.0,2026-04-09,Pune
Penne Alfredo,Pasta,229.0,36,8244.0,80.0,2026-04-10,Pune
Penne Alfredo,Pasta,219.0,40,8760.0,80.0,2026-04-11,Pune
Penne Alfredo,Pasta,229.0,55,12595.0,80.0,2026-04-12,Pune
Penne Alfredo,Pasta,239.0,25,5975.0,80.0,2026-04-13,Pune
Penne Alfredo,Pasta,229.0,29,6641.0,80.0,2026-04-14,Pune
Penne Alfredo,Pasta,259.0,27,6993.0,80.0,2026-04-15,Pune
Penne Alfredo,Pasta,239.0,33,7887.0,80.0,2026-04-16,Pune
Penne Alfredo,Pasta,229.0,39,8931.0,80.0,2026-04-17,Pune
Penne Alfredo,Pasta,229.0,45,10305.0,80.0,2026-04-18,Pune
Penne Alfredo,Pasta,219.0,49,10731.0,80.0,2026-04-19,Pune
Penne Alfredo,Pasta,249.0,28,6972.0,80.0,2026-04-20,Pune
Penne Alfredo,Pasta,229.0,30,6870.0,80.0,2026-04-21,Pune
Penne Alfredo,Pasta,229.0,33,7557.0,80.0,2026-04-22,Pune
Penne Alfredo,Pasta,239.0,30,7170.0,80.0,2026-04-23,Pune
Penne Alfredo,Pasta,259.0,28,7252.0,80.0,2026-04-24,Pune
Penne Alfredo,Pasta,249.0,27,6723.0,80.0,2026-04-25,Pune
Penne Alfredo,Pasta,259.0,48,12432.0,80.0,2026-04-26,Pune
Penne Alfredo,Pasta,259.0,27,6993.0,80.0,2026-04-27,Pune
Penne Alfredo,Pasta,259.0,30,7770.0,80.0,2026-04-28,Pune
Penne Alfredo,Pasta,259.0,29,7511.0,80.0,2026-04-29,Pune
Penne Alfredo,Pasta,229.0,46,10534.0,80.0,2026-04-30,Pune
Penne Alfredo,Pasta,259.0,35,9065.0,80.0,2026-05-01,Pune
Penne Alfredo,Pasta,219.0,62,13578.0,80.0,2026-05-02,Pune
Penne Alfredo,Pasta,249.0,45,11205.0,80.0,2026-05-03,Pune
Penne Alfredo,Pasta,249.0,31,7719.0,80.0,2026-05-04,Pune
Penne Alfredo,Pasta,219.0,47,10293.0,80.0,2026-05-05,Pune
Penne Alfredo,Pasta,239.0,41,9799.0,80.0,2026-05-06,Pune
Penne Alfredo,Pasta,239.0,34,8126.0,80.0,2026-05-07,Pune
Penne Alfredo,Pasta,239.0,42,10038.0,80.0,2026-05-08,Pune
Penne Alfredo,Pasta,169.0,73,12337.0,80.0,2026-05-09,Pune
Penne Alfredo,Pasta,149.0,107,15943.0,80.0,2026-05-10,Pune
Penne Alfredo,Pasta,149.0,44,6556.0,80.0,2026-05-11,Pune
Penne Alfredo,Pasta,169.0,59,9971.0,80.0,2026-05-12,Pune
Penne Alfredo,Pasta,159.0,65,10335.0,80.0,2026-05-13,Pune
Penne Alfredo,Pasta,189.0,33,6237.0,80.0,2026-05-14,Pune
Penne Alfredo,Pasta,149.0,72,10728.0,80.0,2026-05-15,Pune
Penne Alfredo,Pasta,159.0,81,12879.0,80.0,2026-05-16,Pune
Penne Alfredo,Pasta,169.0,80,13520.0,80.0,2026-05-17,Pune
Penne Alfredo,Pasta,179.0,64,11456.0,80.0,2026-05-18,Pune
Penne Alfredo,Pasta,189.0,52,9828.0,80.0,2026-05-19,Pune
Penne Alfredo,Pasta,179.0,56,10024.0,80.0,2026-05-20,Pune
Penne Alfredo,Pasta,149.0,64,9536.0,80.0,2026-05-21,Pune
Penne Alfredo,Pasta,149.0,82,12218.0,80.0,2026-05-22,Pune
Penne Alfredo,Pasta,169.0,109,18421.0,80.0,2026-05-23,Pune
Penne Alfredo,Pasta,159.0,86,13674.0,80.0,2026-05-24,Pune
Penne Alfredo,Pasta,149.0,76,11324.0,80.0,2026-05-25,Pune
Penne Alfredo,Pasta,169.0,75,12675.0,80.0,2026-05-26,Pune
Penne Alfredo,Pasta,179.0,58,10382.0,80.0,2026-05-27,Pune
Penne Alfredo,Pasta,179.0,54,9666.0,80.0,2026-05-28,Pune
Penne Alfredo,Pasta,179.0,61,10919.0,80.0,2026-05-29,Pune
Penne Alfredo,Pasta,189.0,60,11340.0,80.0,2026-05-30,Pune
Penne Alfredo,Pasta,189.0,82,15498.0,80.0,2026-05-31,Pune
Penne Alfredo,Pasta,169.0,65,10985.0,80.0,2026-06-01,Pune
Penne Alfredo,Pasta,189.0,49,9261.0,80.0,2026-06-02,Pune
Penne Alfredo,Pasta,149.0,73,10877.0,80.0,2026-06-03,Pune
Penne Alfredo,Pasta,169.0,60,10140.0,80.0,2026-06-04,Pune
Penne Alfredo,Pasta,189.0,57,10773.0,80.0,2026-06-05,Pune
